# 2026-08-25T14:52:29.452983+00:00  port=/dev/ttyUSB0  sdk=/home/mukund/.local/lib/python3.10/site-packages/roarm_sdk  start_xyz=[224.79 174.88 127.12]
ts=15.732 leg=F idx=0 cmd=[0.6611 -0.1749 2.1200 -0.1074 -0.0031 0.0261] meas=[0.6611 -0.1749 2.1200 -0.1074 -0.0031 0.0261] xyz=224.79,174.88,127.12
ts=15.802 leg=F idx=1 cmd=[0.6503 -0.1582 2.1045 -0.1086 -0.0031 0.0261] meas=[0.6611 -0.1749 2.1200 -0.1074 -0.0031 0.0261] xyz=224.79,174.88,127.12
ts=15.874 leg=F idx=2 cmd=[0.6393 -0.1420 2.0889 -0.1093 -0.0031 0.0261] meas=[0.6611 -0.1657 2.1292 -0.1074 -0.0031 0.0261] xyz=224.87,174.94,121.78
ts=15.947 leg=F idx=3 cmd=[0.6281 -0.1261 2.0733 -0.1095 -0.0031 0.0261] meas=[0.6611 -0.1396 2.1292 -0.1074 -0.0031 0.0261] xyz=227.30,176.83,114.31
ts=16.016 leg=F idx=4 cmd=[0.6168 -0.1107 2.0577 -0.1093 -0.0031 0.0261] meas=[0.6611 -0.1227 2.1261 -0.1074 -0.0031 0.0261] xyz=229.10,178.23,110.32
ts=16.090 leg=F idx=5 cmd=[0.6054 -0.0956 2.0420 -0.1087 -0.0031 0.0261] meas=[0.6550 -0.1074 2.1108 -0.1074 -0.0031 0.0261] xyz=233.09,179.05,110.28
ts=16.161 leg=F idx=6 cmd=[0.5938 -0.0810 2.0264 -0.1077 -0.0031 0.0261] meas=[0.6443 -0.0905 2.0954 -0.1074 -0.0031 0.0261] xyz=238.07,178.84,109.72
ts=16.232 leg=F idx=7 cmd=[0.5822 -0.0667 2.0108 -0.1064 -0.0031 0.0261] meas=[0.6320 -0.0782 2.0801 -0.1074 -0.0031 0.0261] xyz=242.92,177.86,110.49
ts=16.303 leg=F idx=8 cmd=[0.5704 -0.0529 1.9953 -0.1048 -0.0031 0.0261] meas=[0.6228 -0.0629 2.0647 -0.1074 -0.0031 0.0261] xyz=247.52,177.75,110.29
ts=16.374 leg=F idx=9 cmd=[0.5585 -0.0394 1.9799 -0.1029 -0.0031 0.0261] meas=[0.6121 -0.0460 2.0509 -0.1074 -0.0031 0.0261] xyz=252.38,177.17,109.11
ts=16.446 leg=F idx=10 cmd=[0.5465 -0.0263 1.9647 -0.1007 -0.0031 0.0261] meas=[0.5998 -0.0322 2.0341 -0.1074 -0.0031 0.0261] xyz=257.57,176.13,109.71
ts=16.517 leg=F idx=11 cmd=[0.5345 -0.0135 1.9496 -0.0983 -0.0031 0.0261] meas=[0.5860 -0.0184 2.0187 -0.1074 -0.0031 0.0261] xyz=262.87,174.48,109.83
ts=16.589 leg=F idx=12 cmd=[0.5223 -0.0012 1.9346 -0.0957 -0.0031 0.0261] meas=[0.5737 -0.0046 2.0018 -0.1058 -0.0031 0.0261] xyz=267.98,173.17,110.10
ts=16.661 leg=F idx=13 cmd=[0.5101 0.0108 1.9199 -0.0930 -0.0031 0.0261] meas=[0.5599 0.0077 1.9865 -0.0997 -0.0031 0.0261] xyz=272.79,170.99,109.64
ts=16.732 leg=F idx=14 cmd=[0.4977 0.0224 1.9053 -0.0900 -0.0031 0.0261] meas=[0.5476 0.0199 1.9712 -0.0997 -0.0031 0.0261] xyz=277.68,169.34,110.12
ts=16.803 leg=F idx=15 cmd=[0.4854 0.0337 1.8910 -0.0870 -0.0031 0.0261] meas=[0.5369 0.0307 1.9574 -0.0966 -0.0031 0.0261] xyz=281.81,167.74,110.14
ts=16.875 leg=F idx=16 cmd=[0.4729 0.0445 1.8770 -0.0839 -0.0031 0.0261] meas=[0.5231 0.0430 1.9436 -0.0966 -0.0031 0.0261] xyz=286.77,165.37,110.11
ts=16.946 leg=F idx=17 cmd=[0.4604 0.0551 1.8633 -0.0806 -0.0031 0.0261] meas=[0.5108 0.0537 1.9297 -0.0890 -0.0031 0.0261] xyz=290.87,163.01,109.35
ts=17.017 leg=F idx=18 cmd=[0.4478 0.0652 1.8498 -0.0773 -0.0031 0.0261] meas=[0.4970 0.0644 1.9175 -0.0874 -0.0031 0.0261] xyz=295.38,160.22,109.08
ts=17.088 leg=F idx=19 cmd=[0.4351 0.0750 1.8367 -0.0740 -0.0031 0.0261] meas=[0.4847 0.0767 1.9052 -0.0844 -0.0031 0.0261] xyz=299.68,157.83,108.02
ts=17.159 leg=F idx=20 cmd=[0.4224 0.0844 1.8239 -0.0706 -0.0031 0.0261] meas=[0.4725 0.0874 1.8899 -0.0782 -0.0031 0.0261] xyz=303.97,155.35,107.86
ts=17.230 leg=F idx=21 cmd=[0.4097 0.0935 1.8115 -0.0672 -0.0031 0.0261] meas=[0.4602 0.0966 1.8761 -0.0782 -0.0031 0.0261] xyz=308.29,152.82,108.72
ts=17.301 leg=F idx=22 cmd=[0.3969 0.1021 1.7994 -0.0639 -0.0031 0.0261] meas=[0.4449 0.1058 1.8623 -0.0721 -0.0031 0.0261] xyz=312.67,149.06,108.60
ts=17.372 leg=F idx=23 cmd=[0.3840 0.1104 1.7878 -0.0605 -0.0031 0.0261] meas=[0.4326 0.1166 1.8484 -0.0690 -0.0031 0.0261] xyz=316.90,146.33,108.40
ts=17.443 leg=F idx=24 cmd=[0.3711 0.1184 1.7766 -0.0572 -0.0031 0.0261] meas=[0.4218 0.1258 1.8362 -0.0660 -0.0031 0.0261] xyz=320.55,143.86,108.27
ts=17.514 leg=F idx=25 cmd=[0.3582 0.1259 1.7658 -0.0540 -0.0031 0.0261] meas=[0.4080 0.1335 1.8239 -0.0598 -0.0031 0.0261] xyz=324.26,140.18,108.18
ts=17.584 leg=F idx=26 cmd=[0.3452 0.1331 1.7554 -0.0508 -0.0031 0.0261] meas=[0.3958 0.1396 1.8132 -0.0598 -0.0031 0.0261] xyz=327.78,136.95,109.15
ts=17.657 leg=F idx=27 cmd=[0.3322 0.1399 1.7455 -0.0478 -0.0031 0.0261] meas=[0.3835 0.1473 1.8040 -0.0568 -0.0031 0.0261] xyz=331.06,133.57,108.62
ts=17.728 leg=F idx=28 cmd=[0.3191 0.1464 1.7361 -0.0448 -0.0031 0.0261] meas=[0.3697 0.1519 1.7948 -0.0522 -0.0031 0.0261] xyz=334.08,129.46,108.94
ts=17.799 leg=F idx=29 cmd=[0.3061 0.1524 1.7272 -0.0419 -0.0031 0.0261] meas=[0.3590 0.1595 1.7856 -0.0506 -0.0031 0.0261] xyz=337.18,126.51,108.64
ts=17.870 leg=F idx=30 cmd=[0.2930 0.1581 1.7188 -0.0392 -0.0031 0.0261] meas=[0.3451 0.1672 1.7748 -0.0476 -0.0031 0.0261] xyz=340.69,122.49,108.53
ts=17.942 leg=F idx=31 cmd=[0.2798 0.1634 1.7110 -0.0366 -0.0031 0.0261] meas=[0.3344 0.1703 1.7717 -0.0445 -0.0031 0.0261] xyz=342.45,118.99,107.83
ts=18.014 leg=F idx=32 cmd=[0.2667 0.1683 1.7036 -0.0342 -0.0031 0.0261] meas=[0.3206 0.1703 1.7641 -0.0430 -0.0031 0.0261] xyz=344.84,114.51,109.84
ts=18.085 leg=F idx=33 cmd=[0.2535 0.1728 1.6969 -0.0319 -0.0031 0.0261] meas=[0.3053 0.1779 1.7518 -0.0414 -0.0031 0.0261] xyz=348.64,109.86,110.41
ts=18.156 leg=F idx=34 cmd=[0.2403 0.1769 1.6906 -0.0298 -0.0031 0.0261] meas=[0.2930 0.1887 1.7411 -0.0399 -0.0031 0.0261] xyz=352.20,106.25,109.38
ts=18.225 leg=F idx=35 cmd=[0.2271 0.1806 1.6850 -0.0279 -0.0031 0.0261] meas=[0.2792 0.1948 1.7411 -0.0337 -0.0031 0.0261] xyz=353.87,101.44,106.15
ts=18.297 leg=F idx=36 cmd=[0.2139 0.1839 1.6799 -0.0261 -0.0031 0.0261] meas=[0.2638 0.1963 1.7349 -0.0322 -0.0031 0.0261] xyz=356.15,96.21,107.14
ts=18.370 leg=F idx=37 cmd=[0.2006 0.1869 1.6754 -0.0246 -0.0031 0.0261] meas=[0.2516 0.1963 1.7273 -0.0322 -0.0031 0.0261] xyz=358.18,92.06,109.40
ts=18.442 leg=F idx=38 cmd=[0.1873 0.1894 1.6716 -0.0232 -0.0031 0.0261] meas=[0.2378 0.1979 1.7211 -0.0322 -0.0031 0.0261] xyz=360.28,87.31,110.64
ts=18.513 leg=F idx=39 cmd=[0.1741 0.1915 1.6683 -0.0221 -0.0031 0.0261] meas=[0.2240 0.1979 1.7196 -0.0322 -0.0031 0.0261] xyz=361.62,82.37,111.09
ts=18.584 leg=F idx=40 cmd=[0.1608 0.1933 1.6656 -0.0212 -0.0031 0.0261] meas=[0.2102 0.2010 1.7135 -0.0261 -0.0031 0.0261] xyz=363.35,77.50,110.78
ts=18.655 leg=F idx=41 cmd=[0.1475 0.1946 1.6636 -0.0204 -0.0031 0.0261] meas=[0.1963 0.2071 1.7089 -0.0261 -0.0031 0.0261] xyz=365.57,72.72,109.86
ts=18.726 leg=F idx=42 cmd=[0.1342 0.1955 1.6621 -0.0199 -0.0031 0.0261] meas=[0.1825 0.2102 1.7073 -0.0261 -0.0031 0.0261] xyz=367.04,67.76,109.16
ts=18.798 leg=F idx=43 cmd=[0.1209 0.1960 1.6613 -0.0196 -0.0031 0.0261] meas=[0.1703 0.2132 1.7058 -0.0261 -0.0031 0.0261] xyz=368.35,63.33,108.47
ts=18.869 leg=F idx=44 cmd=[0.1076 0.1962 1.6611 -0.0196 -0.0031 0.0261] meas=[0.1565 0.2132 1.7058 -0.0261 -0.0031 0.0261] xyz=369.19,58.24,108.47
ts=18.940 leg=F idx=45 cmd=[0.0943 0.1959 1.6616 -0.0197 -0.0031 0.0261] meas=[0.1427 0.2132 1.7058 -0.0261 -0.0031 0.0261] xyz=369.96,53.14,108.47
ts=19.011 leg=F idx=46 cmd=[0.0810 0.1952 1.6626 -0.0201 -0.0031 0.0261] meas=[0.1304 0.2132 1.7058 -0.0261 -0.0031 0.0261] xyz=370.59,48.60,108.47
ts=19.082 leg=F idx=47 cmd=[0.0678 0.1941 1.6643 -0.0207 -0.0031 0.0261] meas=[0.1166 0.2132 1.7058 -0.0261 -0.0031 0.0261] xyz=371.22,43.48,108.47
ts=19.153 leg=F idx=48 cmd=[0.0545 0.1926 1.6666 -0.0215 -0.0031 0.0261] meas=[0.1012 0.2132 1.7058 -0.0261 -0.0031 0.0261] xyz=371.84,37.78,108.47
ts=19.224 leg=F idx=49 cmd=[0.0412 0.1907 1.6695 -0.0225 -0.0031 0.0261] meas=[0.0890 0.2132 1.7058 -0.0261 -0.0031 0.0261] xyz=372.28,33.21,108.47
ts=19.295 leg=F idx=50 cmd=[0.0279 0.1885 1.6730 -0.0237 -0.0031 0.0261] meas=[0.0752 0.2132 1.7058 -0.0261 -0.0031 0.0261] xyz=372.70,28.07,108.47
ts=19.364 leg=F idx=51 cmd=[0.0147 0.1858 1.6771 -0.0252 -0.0031 0.0261] meas=[0.0629 0.2132 1.7058 -0.0261 -0.0031 0.0261] xyz=373.02,23.49,108.47
ts=19.435 leg=F idx=52 cmd=[0.0014 0.1827 1.6818 -0.0268 -0.0031 0.0261] meas=[0.0491 0.2132 1.7058 -0.0261 -0.0031 0.0261] xyz=373.31,18.34,108.47
ts=19.508 leg=F idx=53 cmd=[-0.0118 0.1792 1.6871 -0.0286 -0.0031 0.0261] meas=[0.0353 0.2132 1.7058 -0.0261 -0.0031 0.0261] xyz=373.53,13.18,108.47
ts=19.579 leg=F idx=54 cmd=[-0.0250 0.1753 1.6930 -0.0306 -0.0031 0.0261] meas=[0.0215 0.2132 1.7058 -0.0261 -0.0031 0.0261] xyz=373.67,8.03,108.47
ts=19.650 leg=F idx=55 cmd=[-0.0382 0.1711 1.6994 -0.0328 -0.0031 0.0261] meas=[0.0092 0.2132 1.7058 -0.0261 -0.0031 0.0261] xyz=373.74,3.44,108.47
ts=19.719 leg=F idx=56 cmd=[-0.0514 0.1664 1.7064 -0.0351 -0.0031 0.0261] meas=[-0.0031 0.2132 1.7058 -0.0261 -0.0031 0.0261] xyz=373.76,-1.15,108.47
ts=19.793 leg=F idx=57 cmd=[-0.0645 0.1614 1.7140 -0.0376 -0.0031 0.0261] meas=[-0.0153 0.2132 1.7104 -0.0261 -0.0031 0.0261] xyz=373.17,-5.72,107.12
ts=19.865 leg=F idx=58 cmd=[-0.0776 0.1559 1.7221 -0.0403 -0.0031 0.0261] meas=[-0.0307 0.2132 1.7165 -0.0261 -0.0031 0.0261] xyz=372.31,-11.43,105.32
ts=19.937 leg=F idx=59 cmd=[-0.0907 0.1501 1.7306 -0.0430 -0.0031 0.0261] meas=[-0.0445 0.2132 1.7196 -0.0261 -0.0031 0.0261] xyz=371.75,-16.55,104.42
ts=20.008 leg=F idx=60 cmd=[-0.1038 0.1439 1.7397 -0.0459 -0.0031 0.0261] meas=[-0.0583 0.2117 1.7303 -0.0276 -0.0031 0.0261] xyz=370.13,-21.60,102.09
ts=20.079 leg=F idx=61 cmd=[-0.1168 0.1373 1.7493 -0.0490 -0.0031 0.0261] meas=[-0.0706 0.2117 1.7411 -0.0307 -0.0031 0.0261] xyz=368.72,-26.06,99.45
ts=20.148 leg=F idx=62 cmd=[-0.1298 0.1304 1.7594 -0.0521 -0.0031 0.0261] meas=[-0.0828 0.2117 1.7487 -0.0353 -0.0031 0.0261] xyz=367.74,-30.53,97.94
ts=20.221 leg=F idx=63 cmd=[-0.1428 0.1230 1.7699 -0.0553 -0.0031 0.0261] meas=[-0.0951 0.2086 1.7595 -0.0353 -0.0031 0.0261] xyz=365.67,-34.88,95.96
ts=20.293 leg=F idx=64 cmd=[-0.1557 0.1153 1.7809 -0.0585 -0.0031 0.0261] meas=[-0.1089 0.2086 1.7687 -0.0368 -0.0031 0.0261] xyz=364.07,-39.81,93.55
ts=20.364 leg=F idx=65 cmd=[-0.1686 0.1073 1.7923 -0.0618 -0.0031 0.0261] meas=[-0.1227 0.2010 1.7794 -0.0430 -0.0031 0.0261] xyz=361.82,-44.63,94.21
ts=20.435 leg=F idx=66 cmd=[-0.1814 0.0988 1.8041 -0.0652 -0.0031 0.0261] meas=[-0.1365 0.1917 1.7902 -0.0460 -0.0031 0.0261] xyz=359.13,-49.34,94.94
ts=20.506 leg=F idx=67 cmd=[-0.1942 0.0900 1.8163 -0.0686 -0.0031 0.0261] meas=[-0.1503 0.1825 1.8024 -0.0491 -0.0031 0.0261] xyz=356.17,-53.95,95.21
ts=20.577 leg=F idx=68 cmd=[-0.2069 0.0808 1.8288 -0.0719 -0.0031 0.0261] meas=[-0.1611 0.1749 1.8132 -0.0552 -0.0031 0.0261] xyz=353.89,-57.50,95.83
ts=20.648 leg=F idx=69 cmd=[-0.2196 0.0712 1.8418 -0.0753 -0.0031 0.0261] meas=[-0.1733 0.1687 1.8254 -0.0583 -0.0031 0.0261] xyz=351.20,-61.49,94.98
ts=20.719 leg=F idx=70 cmd=[-0.2322 0.0613 1.8550 -0.0786 -0.0031 0.0261] meas=[-0.1871 0.1580 1.8408 -0.0614 -0.0031 0.0261] xyz=347.52,-65.81,94.86
ts=20.790 leg=F idx=71 cmd=[-0.2448 0.0510 1.8686 -0.0819 -0.0031 0.0261] meas=[-0.1994 0.1473 1.8546 -0.0660 -0.0031 0.0261] xyz=344.21,-69.57,95.40
ts=20.861 leg=F idx=72 cmd=[-0.2573 0.0404 1.8824 -0.0851 -0.0031 0.0261] meas=[-0.2132 0.1350 1.8669 -0.0660 -0.0031 0.0261] xyz=340.45,-73.71,96.18
ts=20.932 leg=F idx=73 cmd=[-0.2697 0.0293 1.8966 -0.0882 -0.0031 0.0261] meas=[-0.2270 0.1243 1.8776 -0.0675 -0.0031 0.0261] xyz=337.10,-77.87,97.06
ts=21.003 leg=F idx=74 cmd=[-0.2821 0.0179 1.9110 -0.0912 -0.0031 0.0261] meas=[-0.2408 0.1120 1.8914 -0.0721 -0.0031 0.0261] xyz=333.36,-81.87,98.05
ts=21.074 leg=F idx=75 cmd=[-0.2944 0.0062 1.9256 -0.0941 -0.0031 0.0261] meas=[-0.2516 0.0997 1.9083 -0.0767 -0.0031 0.0261] xyz=329.43,-84.67,98.12
ts=21.145 leg=F idx=76 cmd=[-0.3066 -0.0059 1.9404 -0.0968 -0.0031 0.0261] meas=[-0.2638 0.0905 1.9221 -0.0813 -0.0031 0.0261] xyz=326.02,-88.07,98.00
ts=21.216 leg=F idx=77 cmd=[-0.3187 -0.0185 1.9554 -0.0993 -0.0031 0.0261] meas=[-0.2761 0.0767 1.9374 -0.0828 -0.0031 0.0261] xyz=321.72,-91.16,98.48
ts=21.288 leg=F idx=78 cmd=[-0.3308 -0.0313 1.9706 -0.1016 -0.0031 0.0261] meas=[-0.2884 0.0629 1.9528 -0.0828 -0.0031 0.0261] xyz=317.28,-94.12,98.69
ts=21.359 leg=F idx=79 cmd=[-0.3427 -0.0446 1.9859 -0.1036 -0.0031 0.0261] meas=[-0.2991 0.0522 1.9681 -0.0844 -0.0031 0.0261] xyz=313.35,-96.63,98.08
ts=21.430 leg=F idx=80 cmd=[-0.3545 -0.0582 2.0014 -0.1054 -0.0031 0.0261] meas=[-0.3114 0.0399 1.9834 -0.0859 -0.0031 0.0261] xyz=309.10,-99.49,97.94
ts=21.501 leg=F idx=81 cmd=[-0.3663 -0.0722 2.0169 -0.1069 -0.0031 0.0261] meas=[-0.3237 0.0245 1.9972 -0.0920 -0.0031 0.0261] xyz=305.06,-102.34,99.91
ts=21.573 leg=F idx=82 cmd=[-0.3779 -0.0866 2.0325 -0.1081 -0.0031 0.0261] meas=[-0.3344 0.0107 2.0141 -0.0951 -0.0031 0.0261] xyz=300.68,-104.47,99.98
ts=21.644 leg=F idx=83 cmd=[-0.3894 -0.1014 2.0481 -0.1090 -0.0031 0.0261] meas=[-0.3467 -0.0046 2.0279 -0.0951 -0.0031 0.0261] xyz=296.15,-106.99,100.89
ts=21.716 leg=F idx=84 cmd=[-0.4008 -0.1166 2.0638 -0.1094 -0.0031 0.0261] meas=[-0.3574 -0.0199 2.0433 -0.0951 -0.0031 0.0261] xyz=291.58,-108.89,101.31
ts=21.787 leg=F idx=85 cmd=[-0.4120 -0.1322 2.0794 -0.1095 -0.0031 0.0261] meas=[-0.3712 -0.0353 2.0632 -0.0966 -0.0031 0.0261] xyz=286.17,-111.40,100.59
ts=21.858 leg=F idx=86 cmd=[-0.4231 -0.1482 2.0950 -0.1091 -0.0031 0.0261] meas=[-0.3835 -0.0506 2.0755 -0.0997 -0.0031 0.0261] xyz=281.99,-113.78,102.25
ts=21.930 leg=F idx=87 cmd=[-0.4341 -0.1646 2.1105 -0.1082 -0.0031 0.0261] meas=[-0.3958 -0.0675 2.0908 -0.0997 -0.0031 0.0261] xyz=277.06,-115.76,102.96
ts=22.002 leg=F idx=88 cmd=[-0.4449 -0.1815 2.1260 -0.1068 -0.0031 0.0261] meas=[-0.4065 -0.0844 2.1062 -0.0997 -0.0031 0.0261] xyz=272.30,-117.22,103.60
ts=22.072 leg=F idx=89 cmd=[-0.4555 -0.1987 2.1413 -0.1048 -0.0031 0.0261] meas=[-0.4172 -0.0997 2.1230 -0.0997 -0.0031 0.0261] xyz=267.49,-118.57,103.29
ts=22.143 leg=F idx=90 cmd=[-0.4660 -0.2164 2.1564 -0.1023 -0.0031 0.0261] meas=[-0.4280 -0.1166 2.1384 -0.0997 -0.0031 0.0261] xyz=262.72,-119.85,103.80
ts=22.215 leg=F idx=91 cmd=[-0.4762 -0.2346 2.1713 -0.0991 -0.0031 0.0261] meas=[-0.4372 -0.1350 2.1522 -0.0997 -0.0031 0.0261] xyz=258.19,-120.66,105.12
ts=22.286 leg=F idx=92 cmd=[-0.4863 -0.2531 2.1861 -0.0952 -0.0031 0.0261] meas=[-0.4479 -0.1534 2.1660 -0.0997 -0.0031 0.0261] xyz=253.47,-121.79,106.36
ts=22.357 leg=F idx=93 cmd=[-0.4962 -0.2722 2.2005 -0.0906 -0.0031 0.0261] meas=[-0.4587 -0.1718 2.1844 -0.0997 -0.0031 0.0261] xyz=248.21,-122.56,106.20
ts=22.428 leg=F idx=94 cmd=[-0.5058 -0.2916 2.2147 -0.0853 -0.0031 0.0261] meas=[-0.4694 -0.1917 2.1967 -0.0966 -0.0031 0.0261] xyz=243.35,-123.43,107.66
ts=22.499 leg=F idx=95 cmd=[-0.5152 -0.3116 2.2285 -0.0792 -0.0031 0.0261] meas=[-0.4801 -0.2117 2.2105 -0.0920 -0.0031 0.0261] xyz=238.22,-124.06,108.35
ts=22.570 leg=F idx=96 cmd=[-0.5243 -0.3320 2.2419 -0.0722 -0.0031 0.0261] meas=[-0.4909 -0.2316 2.2243 -0.0859 -0.0031 0.0261] xyz=233.02,-124.55,108.70
ts=22.641 leg=F idx=97 cmd=[-0.5332 -0.3529 2.2550 -0.0644 -0.0031 0.0261] meas=[-0.5001 -0.2531 2.2427 -0.0798 -0.0031 0.0261] xyz=227.37,-124.23,108.03
ts=22.712 leg=F idx=98 cmd=[-0.5417 -0.3743 2.2676 -0.0556 -0.0031 0.0261] meas=[-0.5108 -0.2715 2.2534 -0.0721 -0.0031 0.0261] xyz=222.61,-124.76,108.45
ts=22.784 leg=F idx=99 cmd=[-0.5500 -0.3961 2.2797 -0.0459 -0.0031 0.0261] meas=[-0.5185 -0.2945 2.2642 -0.0629 -0.0031 0.0261] xyz=217.73,-124.22,109.70
ts=22.856 leg=F idx=100 cmd=[-0.5579 -0.4184 2.2913 -0.0351 -0.0031 0.0261] meas=[-0.5277 -0.3175 2.2780 -0.0537 -0.0031 0.0261] xyz=212.35,-123.76,109.95
ts=22.927 leg=F idx=101 cmd=[-0.5654 -0.4412 2.3023 -0.0233 -0.0031 0.0261] meas=[-0.5354 -0.3405 2.2918 -0.0430 -0.0031 0.0261] xyz=207.10,-122.84,109.83
ts=22.999 leg=F idx=102 cmd=[-0.5726 -0.4645 2.3127 -0.0105 -0.0031 0.0261] meas=[-0.5430 -0.3620 2.3010 -0.0353 -0.0031 0.0261] xyz=202.70,-122.34,111.06
ts=23.071 leg=F idx=103 cmd=[-0.5793 -0.4882 2.3224 0.0035 -0.0031 0.0261] meas=[-0.5492 -0.3866 2.3102 -0.0230 -0.0031 0.0261] xyz=197.95,-121.14,112.18
ts=23.141 leg=F idx=104 cmd=[-0.5856 -0.5123 2.3315 0.0185 -0.0031 0.0261] meas=[-0.5538 -0.4111 2.3224 -0.0092 -0.0031 0.0261] xyz=193.02,-119.34,112.03
ts=23.212 leg=F idx=105 cmd=[-0.5914 -0.5369 2.3399 0.0348 -0.0031 0.0261] meas=[-0.5614 -0.4341 2.3332 0.0061 -0.0031 0.0261] xyz=187.96,-118.22,111.61
ts=23.283 leg=F idx=106 cmd=[-0.5967 -0.5619 2.3475 0.0522 -0.0031 0.0261] meas=[-0.5691 -0.4587 2.3424 0.0199 -0.0031 0.0261] xyz=183.04,-117.10,112.11
ts=25.697 leg=R idx=0 cmd=[-0.5967 -0.5619 2.3475 0.0522 -0.0031 0.0261] meas=[-0.5752 -0.5062 2.3516 0.0491 -0.0031 0.0261] xyz=175.27,-113.64,114.91
ts=25.768 leg=R idx=1 cmd=[-0.5914 -0.5369 2.3399 0.0348 -0.0031 0.0261] meas=[-0.5752 -0.5062 2.3516 0.0491 -0.0031 0.0261] xyz=175.27,-113.64,114.91
ts=25.839 leg=R idx=2 cmd=[-0.5856 -0.5123 2.3315 0.0185 -0.0031 0.0261] meas=[-0.5752 -0.5062 2.3516 0.0491 -0.0031 0.0261] xyz=175.27,-113.64,114.91
ts=25.911 leg=R idx=3 cmd=[-0.5793 -0.4882 2.3224 0.0035 -0.0031 0.0261] meas=[-0.5752 -0.5047 2.3516 0.0383 -0.0031 0.0261] xyz=176.02,-114.13,116.29
ts=25.982 leg=R idx=4 cmd=[-0.5726 -0.4645 2.3127 -0.0105 -0.0031 0.0261] meas=[-0.5752 -0.4909 2.3516 0.0245 -0.0031 0.0261] xyz=178.13,-115.50,115.57
ts=26.053 leg=R idx=5 cmd=[-0.5654 -0.4412 2.3023 -0.0233 -0.0031 0.0261] meas=[-0.5752 -0.4694 2.3516 0.0107 -0.0031 0.0261] xyz=180.97,-117.34,113.17
ts=26.125 leg=R idx=6 cmd=[-0.5579 -0.4184 2.2913 -0.0351 -0.0031 0.0261] meas=[-0.5752 -0.4479 2.3501 -0.0031 -0.0031 0.0261] xyz=183.92,-119.25,111.14
ts=26.196 leg=R idx=7 cmd=[-0.5500 -0.3961 2.2797 -0.0459 -0.0031 0.0261] meas=[-0.5722 -0.4264 2.3455 -0.0153 -0.0031 0.0261] xyz=187.44,-120.72,109.68
ts=26.268 leg=R idx=8 cmd=[-0.5417 -0.3743 2.2676 -0.0556 -0.0031 0.0261] meas=[-0.5676 -0.4034 2.3332 -0.0276 -0.0031 0.0261] xyz=192.07,-122.45,110.04
ts=26.339 leg=R idx=9 cmd=[-0.5332 -0.3529 2.2550 -0.0644 -0.0031 0.0261] meas=[-0.5599 -0.3804 2.3209 -0.0383 -0.0031 0.0261] xyz=197.02,-123.50,110.03
ts=26.411 leg=R idx=10 cmd=[-0.5243 -0.3320 2.2419 -0.0722 -0.0031 0.0261] meas=[-0.5522 -0.3590 2.3071 -0.0476 -0.0031 0.0261] xyz=201.94,-124.43,110.48
ts=26.484 leg=R idx=11 cmd=[-0.5152 -0.3116 2.2285 -0.0792 -0.0031 0.0261] meas=[-0.5461 -0.3359 2.2918 -0.0552 -0.0031 0.0261] xyz=206.93,-125.76,110.65
ts=26.554 leg=R idx=12 cmd=[-0.5058 -0.2916 2.2147 -0.0853 -0.0031 0.0261] meas=[-0.5384 -0.3145 2.2810 -0.0629 -0.0031 0.0261] xyz=211.51,-126.34,109.75
ts=26.626 leg=R idx=13 cmd=[-0.4962 -0.2722 2.2005 -0.0906 -0.0031 0.0261] meas=[-0.5277 -0.2945 2.2672 -0.0721 -0.0031 0.0261] xyz=216.79,-126.35,110.26
ts=26.697 leg=R idx=14 cmd=[-0.4863 -0.2531 2.1861 -0.0952 -0.0031 0.0261] meas=[-0.5200 -0.2746 2.2534 -0.0752 -0.0031 0.0261] xyz=221.35,-126.74,109.71
ts=26.768 leg=R idx=15 cmd=[-0.4762 -0.2346 2.1713 -0.0991 -0.0031 0.0261] meas=[-0.5093 -0.2562 2.2396 -0.0798 -0.0031 0.0261] xyz=226.26,-126.35,109.71
ts=26.839 leg=R idx=16 cmd=[-0.4660 -0.2164 2.1564 -0.1023 -0.0031 0.0261] meas=[-0.5001 -0.2378 2.2243 -0.0828 -0.0031 0.0261] xyz=231.09,-126.27,109.84
ts=26.910 leg=R idx=17 cmd=[-0.4555 -0.1987 2.1413 -0.1048 -0.0031 0.0261] meas=[-0.4893 -0.2178 2.2105 -0.0859 -0.0031 0.0261] xyz=236.10,-125.74,109.03
ts=26.981 leg=R idx=18 cmd=[-0.4449 -0.1815 2.1260 -0.1068 -0.0031 0.0261] meas=[-0.4801 -0.1994 2.1967 -0.0905 -0.0031 0.0261] xyz=240.89,-125.45,108.79
ts=27.052 leg=R idx=19 cmd=[-0.4341 -0.1646 2.1105 -0.1082 -0.0031 0.0261] meas=[-0.4709 -0.1810 2.1813 -0.0936 -0.0031 0.0261] xyz=245.78,-125.14,108.66
ts=27.123 leg=R idx=20 cmd=[-0.4231 -0.1482 2.0950 -0.1091 -0.0031 0.0261] meas=[-0.4587 -0.1611 2.1660 -0.0936 -0.0031 0.0261] xyz=251.02,-123.95,107.55
ts=27.195 leg=R idx=21 cmd=[-0.4120 -0.1322 2.0794 -0.1095 -0.0031 0.0261] meas=[-0.4479 -0.1457 2.1491 -0.0936 -0.0031 0.0261] xyz=255.82,-122.92,108.09
ts=27.266 leg=R idx=22 cmd=[-0.4008 -0.1166 2.0638 -0.1094 -0.0031 0.0261] meas=[-0.4372 -0.1304 2.1338 -0.0951 -0.0031 0.0261] xyz=260.54,-121.76,108.38
ts=27.338 leg=R idx=23 cmd=[-0.3894 -0.1014 2.0481 -0.1090 -0.0031 0.0261] meas=[-0.4264 -0.1135 2.1169 -0.0951 -0.0031 0.0261] xyz=265.50,-120.62,108.36
ts=27.410 leg=R idx=24 cmd=[-0.3779 -0.0866 2.0325 -0.1081 -0.0031 0.0261] meas=[-0.4157 -0.0982 2.1016 -0.0951 -0.0031 0.0261] xyz=270.13,-119.24,108.29
ts=27.481 leg=R idx=25 cmd=[-0.3663 -0.0722 2.0169 -0.1069 -0.0031 0.0261] meas=[-0.4034 -0.0828 2.0877 -0.0951 -0.0031 0.0261] xyz=274.75,-117.28,107.72
ts=27.552 leg=R idx=26 cmd=[-0.3545 -0.0582 2.0014 -0.1054 -0.0031 0.0261] meas=[-0.3927 -0.0675 2.0724 -0.0951 -0.0031 0.0261] xyz=279.38,-115.72,107.53
ts=27.623 leg=R idx=27 cmd=[-0.3427 -0.0446 1.9859 -0.1036 -0.0031 0.0261] meas=[-0.3820 -0.0537 2.0586 -0.0951 -0.0031 0.0261] xyz=283.65,-113.94,107.31
ts=27.694 leg=R idx=28 cmd=[-0.3308 -0.0313 1.9706 -0.1016 -0.0031 0.0261] meas=[-0.3697 -0.0383 2.0417 -0.0951 -0.0031 0.0261] xyz=288.62,-111.84,107.46
ts=27.765 leg=R idx=29 cmd=[-0.3187 -0.0185 1.9554 -0.0993 -0.0031 0.0261] meas=[-0.3574 -0.0245 2.0264 -0.0951 -0.0031 0.0261] xyz=293.23,-109.51,107.60
ts=27.837 leg=R idx=30 cmd=[-0.3066 -0.0059 1.9404 -0.0968 -0.0031 0.0261] meas=[-0.3451 -0.0123 2.0110 -0.0951 -0.0031 0.0261] xyz=297.67,-107.02,108.17
ts=27.908 leg=R idx=31 cmd=[-0.2944 0.0062 1.9256 -0.0941 -0.0031 0.0261] meas=[-0.3329 0.0000 1.9957 -0.0936 -0.0031 0.0261] xyz=301.98,-104.41,108.46
ts=27.978 leg=R idx=32 cmd=[-0.2821 0.0179 1.9110 -0.0912 -0.0031 0.0261] meas=[-0.3191 0.0123 1.9788 -0.0936 -0.0031 0.0261] xyz=306.71,-101.32,109.41
ts=28.050 leg=R idx=33 cmd=[-0.2697 0.0293 1.8966 -0.0882 -0.0031 0.0261] meas=[-0.3083 0.0245 1.9635 -0.0936 -0.0031 0.0261] xyz=310.91,-99.02,109.88
ts=28.122 leg=R idx=34 cmd=[-0.2573 0.0404 1.8824 -0.0851 -0.0031 0.0261] meas=[-0.2961 0.0368 1.9512 -0.0936 -0.0031 0.0261] xyz=314.87,-96.04,109.42
ts=28.194 leg=R idx=35 cmd=[-0.2448 0.0510 1.8686 -0.0819 -0.0031 0.0261] meas=[-0.2838 0.0476 1.9359 -0.0890 -0.0031 0.0261] xyz=318.71,-92.95,109.60
ts=28.266 leg=R idx=36 cmd=[-0.2322 0.0613 1.8550 -0.0786 -0.0031 0.0261] meas=[-0.2715 0.0583 1.9221 -0.0874 -0.0031 0.0261] xyz=322.53,-89.79,109.80
ts=28.337 leg=R idx=37 cmd=[-0.2196 0.0712 1.8418 -0.0753 -0.0031 0.0261] meas=[-0.2608 0.0706 1.9098 -0.0859 -0.0031 0.0261] xyz=326.15,-87.03,109.00
ts=28.408 leg=R idx=38 cmd=[-0.2069 0.0808 1.8288 -0.0719 -0.0031 0.0261] meas=[-0.2485 0.0813 1.8975 -0.0798 -0.0031 0.0261] xyz=329.41,-83.59,107.96
ts=28.479 leg=R idx=39 cmd=[-0.1942 0.0900 1.8163 -0.0686 -0.0031 0.0261] meas=[-0.2362 0.0920 1.8837 -0.0782 -0.0031 0.0261] xyz=333.12,-80.19,108.07
ts=28.550 leg=R idx=40 cmd=[-0.1814 0.0988 1.8041 -0.0652 -0.0031 0.0261] meas=[-0.2255 0.0966 1.8699 -0.0767 -0.0031 0.0261] xyz=336.02,-77.08,110.27
ts=28.621 leg=R idx=41 cmd=[-0.1686 0.1073 1.7923 -0.0618 -0.0031 0.0261] meas=[-0.2132 0.1089 1.8561 -0.0690 -0.0031 0.0261] xyz=339.40,-73.49,108.84
ts=28.692 leg=R idx=42 cmd=[-0.1557 0.1153 1.7809 -0.0585 -0.0031 0.0261] meas=[-0.1994 0.1181 1.8438 -0.0690 -0.0031 0.0261] xyz=342.85,-69.29,109.21
ts=28.763 leg=R idx=43 cmd=[-0.1428 0.1230 1.7699 -0.0553 -0.0031 0.0261] meas=[-0.1856 0.1258 1.8316 -0.0644 -0.0031 0.0261] xyz=345.76,-64.93,109.38
ts=28.835 leg=R idx=44 cmd=[-0.1298 0.1304 1.7594 -0.0521 -0.0031 0.0261] meas=[-0.1733 0.1350 1.8193 -0.0629 -0.0031 0.0261] xyz=348.89,-61.09,109.47
ts=28.907 leg=R idx=45 cmd=[-0.1168 0.1373 1.7493 -0.0490 -0.0031 0.0261] meas=[-0.1580 0.1427 1.8086 -0.0568 -0.0031 0.0261] xyz=351.49,-56.00,108.92
ts=28.978 leg=R idx=46 cmd=[-0.1038 0.1439 1.7397 -0.0459 -0.0031 0.0261] meas=[-0.1457 0.1519 1.8009 -0.0522 -0.0031 0.0261] xyz=353.75,-51.92,107.15
ts=29.049 leg=R idx=47 cmd=[-0.0907 0.1501 1.7306 -0.0430 -0.0031 0.0261] meas=[-0.1335 0.1580 1.7902 -0.0506 -0.0031 0.0261] xyz=356.21,-47.82,107.85
ts=29.120 leg=R idx=48 cmd=[-0.0776 0.1559 1.7221 -0.0403 -0.0031 0.0261] meas=[-0.1212 0.1611 1.7810 -0.0476 -0.0031 0.0261] xyz=358.00,-43.60,108.95
ts=29.192 leg=R idx=49 cmd=[-0.0645 0.1614 1.7140 -0.0376 -0.0031 0.0261] meas=[-0.1089 0.1641 1.7733 -0.0430 -0.0031 0.0261] xyz=359.44,-39.30,109.36
ts=29.263 leg=R idx=50 cmd=[-0.0514 0.1664 1.7064 -0.0351 -0.0031 0.0261] meas=[-0.0966 0.1718 1.7656 -0.0414 -0.0031 0.0261] xyz=361.54,-35.05,108.59
ts=29.334 leg=R idx=51 cmd=[-0.0382 0.1711 1.6994 -0.0328 -0.0031 0.0261] meas=[-0.0828 0.1795 1.7579 -0.0414 -0.0031 0.0261] xyz=363.73,-30.20,108.04
ts=29.406 leg=R idx=52 cmd=[-0.0250 0.1753 1.6930 -0.0306 -0.0031 0.0261] meas=[-0.0675 0.1856 1.7487 -0.0399 -0.0031 0.0261] xyz=365.80,-24.73,108.26
ts=29.477 leg=R idx=53 cmd=[-0.0118 0.1792 1.6871 -0.0286 -0.0031 0.0261] meas=[-0.0552 0.1887 1.7411 -0.0353 -0.0031 0.0261] xyz=367.01,-20.29,108.65
ts=29.548 leg=R idx=54 cmd=[0.0014 0.1827 1.6818 -0.0268 -0.0031 0.0261] meas=[-0.0430 0.1902 1.7380 -0.0353 -0.0031 0.0261] xyz=367.76,-15.81,108.99
ts=29.619 leg=R idx=55 cmd=[0.0147 0.1858 1.6771 -0.0252 -0.0031 0.0261] meas=[-0.0307 0.1963 1.7288 -0.0307 -0.0031 0.0261] xyz=369.37,-11.34,108.70
ts=29.691 leg=R idx=56 cmd=[0.0279 0.1885 1.6730 -0.0237 -0.0031 0.0261] meas=[-0.0153 0.1979 1.7257 -0.0291 -0.0031 0.0261] xyz=369.92,-5.67,108.79
ts=29.763 leg=R idx=57 cmd=[0.0412 0.1907 1.6695 -0.0225 -0.0031 0.0261] meas=[-0.0015 0.2025 1.7211 -0.0276 -0.0031 0.0261] xyz=370.90,-0.57,108.20
ts=29.835 leg=R idx=58 cmd=[0.0545 0.1926 1.6666 -0.0215 -0.0031 0.0261] meas=[0.0107 0.2040 1.7150 -0.0261 -0.0031 0.0261] xyz=371.66,3.99,109.19
ts=29.905 leg=R idx=59 cmd=[0.0678 0.1941 1.6643 -0.0207 -0.0031 0.0261] meas=[0.0230 0.2056 1.7135 -0.0261 -0.0031 0.0261] xyz=371.93,8.56,109.07
ts=29.978 leg=R idx=60 cmd=[0.0810 0.1952 1.6626 -0.0201 -0.0031 0.0261] meas=[0.0368 0.2071 1.7073 -0.0261 -0.0031 0.0261] xyz=372.66,13.73,110.31
ts=30.049 leg=R idx=61 cmd=[0.0943 0.1959 1.6616 -0.0197 -0.0031 0.0261] meas=[0.0491 0.2071 1.7073 -0.0261 -0.0031 0.0261] xyz=372.46,18.30,110.31
ts=30.120 leg=R idx=62 cmd=[0.1076 0.1962 1.6611 -0.0196 -0.0031 0.0261] meas=[0.0614 0.2086 1.7043 -0.0261 -0.0031 0.0261] xyz=372.73,22.90,110.64
ts=30.191 leg=R idx=63 cmd=[0.1209 0.1960 1.6613 -0.0196 -0.0031 0.0261] meas=[0.0736 0.2132 1.7043 -0.0261 -0.0031 0.0261] xyz=372.92,27.51,108.92
ts=30.262 leg=R idx=64 cmd=[0.1342 0.1955 1.6621 -0.0199 -0.0031 0.0261] meas=[0.0874 0.2132 1.7043 -0.0261 -0.0031 0.0261] xyz=372.51,32.65,108.92
ts=30.333 leg=R idx=65 cmd=[0.1475 0.1946 1.6636 -0.0204 -0.0031 0.0261] meas=[0.1012 0.2132 1.7043 -0.0261 -0.0031 0.0261] xyz=372.02,37.79,108.92
ts=30.404 leg=R idx=66 cmd=[0.1608 0.1933 1.6656 -0.0212 -0.0031 0.0261] meas=[0.1135 0.2132 1.7043 -0.0261 -0.0031 0.0261] xyz=371.53,42.36,108.92
ts=30.476 leg=R idx=67 cmd=[0.1741 0.1915 1.6683 -0.0221 -0.0031 0.0261] meas=[0.1258 0.2132 1.7043 -0.0261 -0.0031 0.0261] xyz=370.98,46.91,108.92
ts=30.545 leg=R idx=68 cmd=[0.1873 0.1894 1.6716 -0.0232 -0.0031 0.0261] meas=[0.1396 0.2132 1.7043 -0.0261 -0.0031 0.0261] xyz=370.30,52.03,108.92
ts=30.618 leg=R idx=69 cmd=[0.2006 0.1869 1.6754 -0.0246 -0.0031 0.0261] meas=[0.1519 0.2132 1.7043 -0.0261 -0.0031 0.0261] xyz=369.63,56.57,108.92
ts=30.689 leg=R idx=70 cmd=[0.2139 0.1839 1.6799 -0.0261 -0.0031 0.0261] meas=[0.1657 0.2132 1.7043 -0.0261 -0.0031 0.0261] xyz=368.82,61.67,108.92
ts=30.761 leg=R idx=71 cmd=[0.2271 0.1806 1.6850 -0.0279 -0.0031 0.0261] meas=[0.1795 0.2132 1.7043 -0.0261 -0.0031 0.0261] xyz=367.93,66.75,108.92
ts=30.833 leg=R idx=72 cmd=[0.2403 0.1769 1.6906 -0.0298 -0.0031 0.0261] meas=[0.1917 0.2132 1.7043 -0.0261 -0.0031 0.0261] xyz=367.08,71.26,108.92
ts=30.904 leg=R idx=73 cmd=[0.2535 0.1728 1.6969 -0.0319 -0.0031 0.0261] meas=[0.2025 0.2132 1.7043 -0.0261 -0.0031 0.0261] xyz=366.30,75.20,108.92
ts=30.973 leg=R idx=74 cmd=[0.2667 0.1683 1.7036 -0.0342 -0.0031 0.0261] meas=[0.2163 0.2132 1.7043 -0.0261 -0.0031 0.0261] xyz=365.22,80.25,108.92
ts=31.046 leg=R idx=75 cmd=[0.2798 0.1634 1.7110 -0.0366 -0.0031 0.0261] meas=[0.2301 0.2132 1.7089 -0.0261 -0.0031 0.0261] xyz=363.56,85.16,107.57
ts=31.117 leg=R idx=76 cmd=[0.2930 0.1581 1.7188 -0.0392 -0.0031 0.0261] meas=[0.2439 0.2132 1.7135 -0.0261 -0.0031 0.0261] xyz=361.82,90.04,106.22
ts=31.188 leg=R idx=77 cmd=[0.3061 0.1524 1.7272 -0.0419 -0.0031 0.0261] meas=[0.2577 0.2132 1.7211 -0.0261 -0.0031 0.0261] xyz=359.65,94.79,103.97
ts=31.257 leg=R idx=78 cmd=[0.3191 0.1464 1.7361 -0.0448 -0.0031 0.0261] meas=[0.2715 0.2132 1.7303 -0.0261 -0.0031 0.0261] xyz=357.22,99.45,101.28
ts=31.330 leg=R idx=79 cmd=[0.3322 0.1399 1.7455 -0.0478 -0.0031 0.0261] meas=[0.2838 0.2117 1.7365 -0.0291 -0.0031 0.0261] xyz=355.30,103.63,100.54
ts=31.402 leg=R idx=80 cmd=[0.3452 0.1331 1.7554 -0.0508 -0.0031 0.0261] meas=[0.2976 0.2117 1.7457 -0.0322 -0.0031 0.0261] xyz=352.94,108.25,98.35
ts=31.474 leg=R idx=81 cmd=[0.3582 0.1259 1.7658 -0.0540 -0.0031 0.0261] meas=[0.3099 0.2102 1.7549 -0.0368 -0.0031 0.0261] xyz=350.65,112.27,96.97
ts=31.546 leg=R idx=82 cmd=[0.3711 0.1184 1.7766 -0.0572 -0.0031 0.0261] meas=[0.3237 0.2086 1.7671 -0.0399 -0.0031 0.0261] xyz=347.63,116.62,94.46
ts=31.617 leg=R idx=83 cmd=[0.3840 0.1104 1.7878 -0.0605 -0.0031 0.0261] meas=[0.3375 0.2040 1.7763 -0.0445 -0.0031 0.0261] xyz=344.76,120.98,94.21
ts=31.688 leg=R idx=84 cmd=[0.3969 0.1021 1.7994 -0.0639 -0.0031 0.0261] meas=[0.3513 0.1948 1.7856 -0.0460 -0.0031 0.0261] xyz=341.21,125.05,95.15
ts=31.759 leg=R idx=85 cmd=[0.4097 0.0935 1.8115 -0.0672 -0.0031 0.0261] meas=[0.3636 0.1856 1.7948 -0.0460 -0.0031 0.0261] xyz=337.69,128.48,95.84
ts=31.830 leg=R idx=86 cmd=[0.4224 0.0844 1.8239 -0.0706 -0.0031 0.0261] meas=[0.3758 0.1779 1.8101 -0.0522 -0.0031 0.0261] xyz=333.95,131.77,95.14
ts=31.901 leg=R idx=87 cmd=[0.4351 0.0750 1.8367 -0.0740 -0.0031 0.0261] meas=[0.3881 0.1718 1.8239 -0.0568 -0.0031 0.0261] xyz=330.38,135.07,94.08
ts=31.972 leg=R idx=88 cmd=[0.4478 0.0652 1.8498 -0.0773 -0.0031 0.0261] meas=[0.3988 0.1626 1.8346 -0.0583 -0.0031 0.0261] xyz=326.89,137.76,94.52
ts=32.043 leg=R idx=89 cmd=[0.4604 0.0551 1.8633 -0.0806 -0.0031 0.0261] meas=[0.4126 0.1503 1.8469 -0.0583 -0.0031 0.0261] xyz=322.38,141.13,95.33
ts=32.114 leg=R idx=90 cmd=[0.4729 0.0445 1.8770 -0.0839 -0.0031 0.0261] meas=[0.4234 0.1396 1.8592 -0.0675 -0.0031 0.0261] xyz=319.03,143.76,97.01
ts=32.185 leg=R idx=91 cmd=[0.4854 0.0337 1.8910 -0.0870 -0.0031 0.0261] meas=[0.4357 0.1304 1.8730 -0.0721 -0.0031 0.0261] xyz=315.06,146.66,96.97
ts=32.256 leg=R idx=92 cmd=[0.4977 0.0224 1.9053 -0.0900 -0.0031 0.0261] meas=[0.4479 0.1181 1.8868 -0.0721 -0.0031 0.0261] xyz=310.50,149.19,97.26
ts=32.327 leg=R idx=93 cmd=[0.5101 0.0108 1.9199 -0.0930 -0.0031 0.0261] meas=[0.4602 0.1058 1.9021 -0.0752 -0.0031 0.0261] xyz=305.92,151.64,97.55
ts=32.399 leg=R idx=94 cmd=[0.5223 -0.0012 1.9346 -0.0957 -0.0031 0.0261] meas=[0.4709 0.0951 1.9175 -0.0798 -0.0031 0.0261] xyz=301.80,153.66,97.52
ts=32.469 leg=R idx=95 cmd=[0.5345 -0.0135 1.9496 -0.0983 -0.0031 0.0261] meas=[0.4847 0.0828 1.9313 -0.0813 -0.0031 0.0261] xyz=297.03,156.43,97.95
ts=32.538 leg=R idx=96 cmd=[0.5465 -0.0263 1.9647 -0.1007 -0.0031 0.0261] meas=[0.4985 0.0706 1.9436 -0.0828 -0.0031 0.0261] xyz=292.42,159.20,98.77
ts=32.611 leg=R idx=97 cmd=[0.5585 -0.0394 1.9799 -0.1029 -0.0031 0.0261] meas=[0.5093 0.0552 1.9604 -0.0828 -0.0031 0.0261] xyz=287.38,160.48,99.02
ts=32.682 leg=R idx=98 cmd=[0.5704 -0.0529 1.9953 -0.1048 -0.0031 0.0261] meas=[0.5231 0.0445 1.9773 -0.0905 -0.0031 0.0261] xyz=282.71,163.03,98.91
ts=32.754 leg=R idx=99 cmd=[0.5822 -0.0667 2.0108 -0.1064 -0.0031 0.0261] meas=[0.5338 0.0307 1.9926 -0.0905 -0.0031 0.0261] xyz=277.97,164.30,99.01
ts=32.825 leg=R idx=100 cmd=[0.5938 -0.0810 2.0264 -0.1077 -0.0031 0.0261] meas=[0.5446 0.0169 2.0034 -0.0920 -0.0031 0.0261] xyz=273.85,165.86,100.62
ts=32.897 leg=R idx=101 cmd=[0.6054 -0.0956 2.0420 -0.1087 -0.0031 0.0261] meas=[0.5584 0.0015 2.0218 -0.0920 -0.0031 0.0261] xyz=268.11,167.48,100.23
ts=32.967 leg=R idx=102 cmd=[0.6168 -0.1107 2.0577 -0.1093 -0.0031 0.0261] meas=[0.5691 -0.0138 2.0387 -0.0951 -0.0031 0.0261] xyz=263.24,168.40,100.71
ts=33.039 leg=R idx=103 cmd=[0.6281 -0.1261 2.0733 -0.1095 -0.0031 0.0261] meas=[0.5814 -0.0291 2.0571 -0.0951 -0.0031 0.0261] xyz=257.76,169.39,100.22
ts=33.110 leg=R idx=104 cmd=[0.6393 -0.1420 2.0889 -0.1093 -0.0031 0.0261] meas=[0.5921 -0.0445 2.0678 -0.0951 -0.0031 0.0261] xyz=253.42,170.46,101.86
ts=33.181 leg=R idx=105 cmd=[0.6503 -0.1582 2.1045 -0.1086 -0.0031 0.0261] meas=[0.6029 -0.0598 2.0847 -0.0951 -0.0031 0.0261] xyz=248.40,170.98,101.69
ts=33.252 leg=R idx=106 cmd=[0.6611 -0.1749 2.1200 -0.1074 -0.0031 0.0261] meas=[0.6136 -0.0782 2.1016 -0.0997 -0.0031 0.0261] xyz=243.40,171.42,103.10
