# 2026-08-25T14:16:51.043544+00:00  port=/dev/ttyUSB0  sdk=/home/mukund/.local/lib/python3.10/site-packages/roarm_sdk  start_xyz=[211.81 185.56 172.83]
ts=38.132 leg=F idx=0 cmd=[0.7194 -0.2454 2.0463 -0.1273 -0.0031 0.0261] meas=[0.7194 -0.2454 2.0463 -0.1273 -0.0031 0.0261] xyz=211.81,185.56,172.83
ts=38.203 leg=F idx=1 cmd=[0.7166 -0.2484 2.0487 -0.1267 -0.0031 0.0261] meas=[0.7194 -0.2408 2.0494 -0.1273 -0.0031 0.0261] xyz=212.26,185.95,170.58
ts=38.274 leg=F idx=2 cmd=[0.7138 -0.2513 2.0510 -0.1261 -0.0031 0.0261] meas=[0.7194 -0.2378 2.0555 -0.1258 -0.0031 0.0261] xyz=212.29,185.98,167.56
ts=38.347 leg=F idx=3 cmd=[0.7108 -0.2542 2.0533 -0.1255 -0.0031 0.0261] meas=[0.7194 -0.2378 2.0571 -0.1258 -0.0031 0.0261] xyz=212.21,185.91,167.08
ts=38.419 leg=F idx=4 cmd=[0.7079 -0.2570 2.0555 -0.1249 -0.0031 0.0261] meas=[0.7194 -0.2378 2.0586 -0.1258 -0.0031 0.0261] xyz=212.13,185.84,166.61
ts=38.488 leg=F idx=5 cmd=[0.7049 -0.2598 2.0576 -0.1243 -0.0031 0.0261] meas=[0.7194 -0.2378 2.0617 -0.1258 -0.0031 0.0261] xyz=211.97,185.70,165.66
ts=38.561 leg=F idx=6 cmd=[0.7018 -0.2624 2.0597 -0.1236 -0.0031 0.0261] meas=[0.7194 -0.2378 2.0617 -0.1258 -0.0031 0.0261] xyz=211.97,185.70,165.66
ts=38.632 leg=F idx=7 cmd=[0.6988 -0.2651 2.0617 -0.1230 -0.0031 0.0261] meas=[0.7194 -0.2378 2.0663 -0.1258 -0.0031 0.0261] xyz=211.72,185.48,164.25
ts=38.701 leg=F idx=8 cmd=[0.6956 -0.2677 2.0637 -0.1224 -0.0031 0.0261] meas=[0.7194 -0.2378 2.0678 -0.1258 -0.0031 0.0261] xyz=211.63,185.41,163.77
ts=38.774 leg=F idx=9 cmd=[0.6925 -0.2702 2.0656 -0.1218 -0.0031 0.0261] meas=[0.7194 -0.2378 2.0678 -0.1258 -0.0031 0.0261] xyz=211.63,185.41,163.77
ts=38.845 leg=F idx=10 cmd=[0.6893 -0.2727 2.0674 -0.1212 -0.0031 0.0261] meas=[0.7194 -0.2378 2.0724 -0.1258 -0.0031 0.0261] xyz=211.38,185.18,162.36
ts=38.917 leg=F idx=11 cmd=[0.6860 -0.2751 2.0692 -0.1206 -0.0031 0.0261] meas=[0.7194 -0.2378 2.0739 -0.1258 -0.0031 0.0261] xyz=211.29,185.11,161.88
ts=38.988 leg=F idx=12 cmd=[0.6827 -0.2774 2.0710 -0.1200 -0.0031 0.0261] meas=[0.7194 -0.2378 2.0739 -0.1258 -0.0031 0.0261] xyz=211.29,185.11,161.88
ts=39.058 leg=F idx=13 cmd=[0.6794 -0.2797 2.0727 -0.1194 -0.0031 0.0261] meas=[0.7194 -0.2378 2.0755 -0.1258 -0.0031 0.0261] xyz=211.20,185.03,161.41
ts=39.129 leg=F idx=14 cmd=[0.6761 -0.2819 2.0743 -0.1189 -0.0031 0.0261] meas=[0.7194 -0.2378 2.0770 -0.1258 -0.0031 0.0261] xyz=211.11,184.95,160.94
ts=39.200 leg=F idx=15 cmd=[0.6727 -0.2840 2.0759 -0.1183 -0.0031 0.0261] meas=[0.7179 -0.2378 2.0770 -0.1258 -0.0031 0.0261] xyz=211.40,184.63,160.94
ts=39.272 leg=F idx=16 cmd=[0.6692 -0.2861 2.0774 -0.1177 -0.0031 0.0261] meas=[0.7179 -0.2378 2.0801 -0.1227 -0.0031 0.0261] xyz=211.13,184.39,159.48
ts=39.343 leg=F idx=17 cmd=[0.6658 -0.2881 2.0789 -0.1172 -0.0031 0.0261] meas=[0.7133 -0.2378 2.0831 -0.1227 -0.0031 0.0261] xyz=211.80,183.26,158.54
ts=39.413 leg=F idx=18 cmd=[0.6623 -0.2901 2.0803 -0.1166 -0.0031 0.0261] meas=[0.7087 -0.2393 2.0831 -0.1227 -0.0031 0.0261] xyz=212.45,182.13,158.97
ts=39.484 leg=F idx=19 cmd=[0.6588 -0.2919 2.0816 -0.1161 -0.0031 0.0261] meas=[0.7041 -0.2393 2.0831 -0.1227 -0.0031 0.0261] xyz=213.29,181.15,158.97
ts=39.555 leg=F idx=20 cmd=[0.6552 -0.2937 2.0829 -0.1156 -0.0031 0.0261] meas=[0.7010 -0.2393 2.0862 -0.1227 -0.0031 0.0261] xyz=213.66,180.34,158.03
ts=39.627 leg=F idx=21 cmd=[0.6516 -0.2955 2.0842 -0.1151 -0.0031 0.0261] meas=[0.6980 -0.2393 2.0862 -0.1197 -0.0031 0.0261] xyz=214.12,179.60,157.52
ts=39.697 leg=F idx=22 cmd=[0.6480 -0.2971 2.0854 -0.1146 -0.0031 0.0261] meas=[0.6949 -0.2393 2.0893 -0.1181 -0.0031 0.0261] xyz=214.43,178.75,156.32
ts=39.769 leg=F idx=23 cmd=[0.6443 -0.2987 2.0865 -0.1142 -0.0031 0.0261] meas=[0.6903 -0.2393 2.0893 -0.1181 -0.0031 0.0261] xyz=215.25,177.76,156.32
ts=39.841 leg=F idx=24 cmd=[0.6407 -0.3003 2.0876 -0.1137 -0.0031 0.0261] meas=[0.6826 -0.2393 2.0923 -0.1181 -0.0031 0.0261] xyz=216.41,175.95,155.38
ts=39.912 leg=F idx=25 cmd=[0.6370 -0.3017 2.0886 -0.1133 -0.0031 0.0261] meas=[0.6796 -0.2424 2.0923 -0.1166 -0.0031 0.0261] xyz=216.53,174.94,155.98
ts=39.982 leg=F idx=26 cmd=[0.6332 -0.3031 2.0896 -0.1129 -0.0031 0.0261] meas=[0.6750 -0.2424 2.0939 -0.1166 -0.0031 0.0261] xyz=217.24,173.86,155.51
ts=40.053 leg=F idx=27 cmd=[0.6295 -0.3044 2.0905 -0.1125 -0.0031 0.0261] meas=[0.6703 -0.2424 2.0939 -0.1166 -0.0031 0.0261] xyz=218.03,172.86,155.51
ts=40.124 leg=F idx=28 cmd=[0.6257 -0.3056 2.0913 -0.1121 -0.0031 0.0261] meas=[0.6673 -0.2439 2.0939 -0.1166 -0.0031 0.0261] xyz=218.38,172.05,155.94
ts=40.195 leg=F idx=29 cmd=[0.6219 -0.3068 2.0921 -0.1118 -0.0031 0.0261] meas=[0.6642 -0.2454 2.0954 -0.1166 -0.0031 0.0261] xyz=218.62,171.15,155.89
ts=40.267 leg=F idx=30 cmd=[0.6181 -0.3078 2.0929 -0.1115 -0.0031 0.0261] meas=[0.6627 -0.2485 2.0954 -0.1166 -0.0031 0.0261] xyz=218.50,170.52,156.75
ts=40.337 leg=F idx=31 cmd=[0.6143 -0.3088 2.0936 -0.1112 -0.0031 0.0261] meas=[0.6550 -0.2485 2.0954 -0.1166 -0.0031 0.0261] xyz=219.80,168.84,156.75
ts=40.408 leg=F idx=32 cmd=[0.6105 -0.3098 2.0942 -0.1109 -0.0031 0.0261] meas=[0.6504 -0.2500 2.0985 -0.1166 -0.0031 0.0261] xyz=220.19,167.53,156.23
ts=40.480 leg=F idx=33 cmd=[0.6066 -0.3106 2.0948 -0.1106 -0.0031 0.0261] meas=[0.6458 -0.2500 2.1016 -0.1166 -0.0031 0.0261] xyz=220.76,166.37,155.29
ts=40.550 leg=F idx=34 cmd=[0.6027 -0.3114 2.0953 -0.1104 -0.0031 0.0261] meas=[0.6397 -0.2500 2.1016 -0.1166 -0.0031 0.0261] xyz=221.78,165.01,155.29
ts=40.621 leg=F idx=35 cmd=[0.5988 -0.3121 2.0958 -0.1102 -0.0031 0.0261] meas=[0.6366 -0.2516 2.1016 -0.1166 -0.0031 0.0261] xyz=222.09,164.19,155.72
ts=40.693 leg=F idx=36 cmd=[0.5949 -0.3127 2.0962 -0.1100 -0.0031 0.0261] meas=[0.6351 -0.2531 2.1016 -0.1166 -0.0031 0.0261] xyz=222.15,163.70,156.14
ts=40.765 leg=F idx=37 cmd=[0.5910 -0.3132 2.0966 -0.1098 -0.0031 0.0261] meas=[0.6274 -0.2562 2.1016 -0.1166 -0.0031 0.0261] xyz=223.01,161.71,156.98
ts=40.835 leg=F idx=38 cmd=[0.5871 -0.3137 2.0969 -0.1097 -0.0031 0.0261] meas=[0.6274 -0.2562 2.1016 -0.1166 -0.0031 0.0261] xyz=223.01,161.71,156.98
ts=40.906 leg=F idx=39 cmd=[0.5832 -0.3141 2.0972 -0.1095 -0.0031 0.0261] meas=[0.6259 -0.2562 2.1016 -0.1166 -0.0031 0.0261] xyz=223.26,161.37,156.98
ts=40.977 leg=F idx=40 cmd=[0.5793 -0.3144 2.0974 -0.1094 -0.0031 0.0261] meas=[0.6197 -0.2562 2.1016 -0.1135 -0.0031 0.0261] xyz=224.14,159.92,156.47
ts=41.049 leg=F idx=41 cmd=[0.5753 -0.3146 2.0975 -0.1094 -0.0031 0.0261] meas=[0.6182 -0.2577 2.1016 -0.1135 -0.0031 0.0261] xyz=224.19,159.44,156.89
ts=41.119 leg=F idx=42 cmd=[0.5714 -0.3147 2.0976 -0.1093 -0.0031 0.0261] meas=[0.6182 -0.2577 2.1016 -0.1120 -0.0031 0.0261] xyz=224.14,159.40,156.64
ts=41.190 leg=F idx=43 cmd=[0.5675 -0.3148 2.0977 -0.1093 -0.0031 0.0261] meas=[0.6090 -0.2577 2.1016 -0.1104 -0.0031 0.0261] xyz=225.54,157.30,156.38
ts=41.262 leg=F idx=44 cmd=[0.5635 -0.3148 2.0977 -0.1093 -0.0031 0.0261] meas=[0.6013 -0.2577 2.1016 -0.1104 -0.0031 0.0261] xyz=226.74,155.56,156.38
ts=41.332 leg=F idx=45 cmd=[0.5596 -0.3147 2.0976 -0.1093 -0.0031 0.0261] meas=[0.5983 -0.2577 2.1016 -0.1104 -0.0031 0.0261] xyz=227.22,154.87,156.38
ts=41.403 leg=F idx=46 cmd=[0.5556 -0.3145 2.0975 -0.1094 -0.0031 0.0261] meas=[0.5952 -0.2577 2.1016 -0.1104 -0.0031 0.0261] xyz=227.69,154.17,156.38
ts=41.475 leg=F idx=47 cmd=[0.5517 -0.3142 2.0973 -0.1095 -0.0031 0.0261] meas=[0.5921 -0.2577 2.1016 -0.1104 -0.0031 0.0261] xyz=228.17,153.47,156.38
ts=41.546 leg=F idx=48 cmd=[0.5478 -0.3139 2.0971 -0.1096 -0.0031 0.0261] meas=[0.5875 -0.2577 2.1016 -0.1104 -0.0031 0.0261] xyz=228.87,152.42,156.38
ts=41.614 leg=F idx=49 cmd=[0.5439 -0.3135 2.0968 -0.1097 -0.0031 0.0261] meas=[0.5829 -0.2577 2.1016 -0.1104 -0.0031 0.0261] xyz=229.57,151.36,156.38
ts=41.687 leg=F idx=50 cmd=[0.5400 -0.3130 2.0964 -0.1099 -0.0031 0.0261] meas=[0.5783 -0.2577 2.1016 -0.1104 -0.0031 0.0261] xyz=230.26,150.31,156.38
ts=41.758 leg=F idx=51 cmd=[0.5361 -0.3124 2.0960 -0.1101 -0.0031 0.0261] meas=[0.5752 -0.2577 2.1016 -0.1104 -0.0031 0.0261] xyz=230.72,149.60,156.38
ts=41.829 leg=F idx=52 cmd=[0.5322 -0.3118 2.0956 -0.1103 -0.0031 0.0261] meas=[0.5691 -0.2577 2.1016 -0.1104 -0.0031 0.0261] xyz=231.64,148.18,156.38
ts=41.900 leg=F idx=53 cmd=[0.5283 -0.3110 2.0951 -0.1105 -0.0031 0.0261] meas=[0.5645 -0.2577 2.1016 -0.1104 -0.0031 0.0261] xyz=232.32,147.11,156.38
ts=41.969 leg=F idx=54 cmd=[0.5244 -0.3102 2.0945 -0.1107 -0.0031 0.0261] meas=[0.5599 -0.2577 2.1016 -0.1104 -0.0031 0.0261] xyz=232.99,146.04,156.38
ts=42.043 leg=F idx=55 cmd=[0.5206 -0.3094 2.0939 -0.1110 -0.0031 0.0261] meas=[0.5568 -0.2577 2.1016 -0.1104 -0.0031 0.0261] xyz=233.44,145.33,156.38
ts=42.115 leg=F idx=56 cmd=[0.5167 -0.3084 2.0933 -0.1113 -0.0031 0.0261] meas=[0.5553 -0.2577 2.1016 -0.1104 -0.0031 0.0261] xyz=233.66,144.97,156.38
ts=42.185 leg=F idx=57 cmd=[0.5129 -0.3074 2.0926 -0.1116 -0.0031 0.0261] meas=[0.5507 -0.2577 2.1016 -0.1104 -0.0031 0.0261] xyz=234.33,143.89,156.38
ts=42.257 leg=F idx=58 cmd=[0.5091 -0.3063 2.0918 -0.1120 -0.0031 0.0261] meas=[0.5461 -0.2577 2.1016 -0.1104 -0.0031 0.0261] xyz=234.99,142.81,156.38
ts=42.327 leg=F idx=59 cmd=[0.5053 -0.3051 2.0910 -0.1123 -0.0031 0.0261] meas=[0.5415 -0.2577 2.1016 -0.1104 -0.0031 0.0261] xyz=235.64,141.73,156.38
ts=42.399 leg=F idx=60 cmd=[0.5016 -0.3038 2.0901 -0.1127 -0.0031 0.0261] meas=[0.5384 -0.2577 2.1016 -0.1104 -0.0031 0.0261] xyz=236.07,141.01,156.38
ts=42.470 leg=F idx=61 cmd=[0.4978 -0.3025 2.0891 -0.1131 -0.0031 0.0261] meas=[0.5323 -0.2577 2.1016 -0.1104 -0.0031 0.0261] xyz=236.93,139.55,156.38
ts=42.541 leg=F idx=62 cmd=[0.4941 -0.3011 2.0881 -0.1135 -0.0031 0.0261] meas=[0.5292 -0.2577 2.1016 -0.1104 -0.0031 0.0261] xyz=237.36,138.83,156.38
ts=42.611 leg=F idx=63 cmd=[0.4904 -0.2996 2.0871 -0.1139 -0.0031 0.0261] meas=[0.5246 -0.2577 2.1016 -0.1104 -0.0031 0.0261] xyz=238.00,137.73,156.38
ts=42.682 leg=F idx=64 cmd=[0.4868 -0.2980 2.0860 -0.1144 -0.0031 0.0261] meas=[0.5231 -0.2577 2.1016 -0.1104 -0.0031 0.0261] xyz=238.21,137.37,156.38
ts=42.753 leg=F idx=65 cmd=[0.4831 -0.2964 2.0848 -0.1149 -0.0031 0.0261] meas=[0.5200 -0.2577 2.1016 -0.1104 -0.0031 0.0261] xyz=238.63,136.64,156.38
ts=42.824 leg=F idx=66 cmd=[0.4795 -0.2947 2.0836 -0.1153 -0.0031 0.0261] meas=[0.5154 -0.2577 2.1016 -0.1104 -0.0031 0.0261] xyz=239.26,135.54,156.38
ts=42.896 leg=F idx=67 cmd=[0.4760 -0.2929 2.0823 -0.1158 -0.0031 0.0261] meas=[0.5108 -0.2577 2.1016 -0.1104 -0.0031 0.0261] xyz=239.88,134.43,156.38
ts=42.967 leg=F idx=68 cmd=[0.4724 -0.2911 2.0810 -0.1164 -0.0031 0.0261] meas=[0.5093 -0.2577 2.1016 -0.1104 -0.0031 0.0261] xyz=240.08,134.07,156.38
ts=43.038 leg=F idx=69 cmd=[0.4689 -0.2892 2.0796 -0.1169 -0.0031 0.0261] meas=[0.5047 -0.2577 2.1016 -0.1104 -0.0031 0.0261] xyz=240.70,132.96,156.38
ts=43.108 leg=F idx=70 cmd=[0.4654 -0.2872 2.0782 -0.1174 -0.0031 0.0261] meas=[0.4985 -0.2577 2.1016 -0.1104 -0.0031 0.0261] xyz=241.51,131.48,156.38
ts=43.180 leg=F idx=71 cmd=[0.4620 -0.2852 2.0767 -0.1180 -0.0031 0.0261] meas=[0.4955 -0.2577 2.1016 -0.1104 -0.0031 0.0261] xyz=241.91,130.74,156.38
ts=43.251 leg=F idx=72 cmd=[0.4586 -0.2830 2.0752 -0.1185 -0.0031 0.0261] meas=[0.4924 -0.2577 2.1016 -0.1104 -0.0031 0.0261] xyz=242.31,130.00,156.38
ts=43.322 leg=F idx=73 cmd=[0.4552 -0.2809 2.0736 -0.1191 -0.0031 0.0261] meas=[0.4893 -0.2577 2.1016 -0.1104 -0.0031 0.0261] xyz=242.71,129.25,156.38
ts=43.394 leg=F idx=74 cmd=[0.4518 -0.2786 2.0719 -0.1197 -0.0031 0.0261] meas=[0.4847 -0.2577 2.1016 -0.1104 -0.0031 0.0261] xyz=243.30,128.13,156.38
ts=43.465 leg=F idx=75 cmd=[0.4485 -0.2763 2.0702 -0.1203 -0.0031 0.0261] meas=[0.4832 -0.2577 2.1016 -0.1104 -0.0031 0.0261] xyz=243.50,127.76,156.38
ts=43.535 leg=F idx=76 cmd=[0.4453 -0.2740 2.0684 -0.1209 -0.0031 0.0261] meas=[0.4801 -0.2577 2.1016 -0.1104 -0.0031 0.0261] xyz=243.89,127.01,156.38
ts=43.607 leg=F idx=77 cmd=[0.4420 -0.2715 2.0666 -0.1215 -0.0031 0.0261] meas=[0.4755 -0.2577 2.1016 -0.1104 -0.0031 0.0261] xyz=244.47,125.89,156.38
ts=43.678 leg=F idx=78 cmd=[0.4389 -0.2690 2.0647 -0.1221 -0.0031 0.0261] meas=[0.4740 -0.2577 2.1016 -0.1104 -0.0031 0.0261] xyz=244.66,125.51,156.38
ts=43.749 leg=F idx=79 cmd=[0.4357 -0.2665 2.0628 -0.1227 -0.0031 0.0261] meas=[0.4725 -0.2562 2.1016 -0.1104 -0.0031 0.0261] xyz=245.07,125.25,155.96
ts=43.821 leg=F idx=80 cmd=[0.4326 -0.2639 2.0608 -0.1233 -0.0031 0.0261] meas=[0.4648 -0.2562 2.1016 -0.1104 -0.0031 0.0261] xyz=246.02,123.36,155.96
ts=43.891 leg=F idx=81 cmd=[0.4295 -0.2612 2.0587 -0.1239 -0.0031 0.0261] meas=[0.4602 -0.2546 2.1016 -0.1104 -0.0031 0.0261] xyz=246.80,122.34,155.54
ts=43.963 leg=F idx=82 cmd=[0.4265 -0.2585 2.0566 -0.1245 -0.0031 0.0261] meas=[0.4571 -0.2546 2.1016 -0.1104 -0.0031 0.0261] xyz=247.17,121.58,155.54
ts=44.033 leg=F idx=83 cmd=[0.4235 -0.2557 2.0544 -0.1252 -0.0031 0.0261] meas=[0.4556 -0.2531 2.1016 -0.1104 -0.0031 0.0261] xyz=247.57,121.30,155.11
ts=44.104 leg=F idx=84 cmd=[0.4206 -0.2529 2.0522 -0.1258 -0.0031 0.0261] meas=[0.4541 -0.2531 2.1016 -0.1104 -0.0031 0.0261] xyz=247.76,120.92,155.11
ts=44.175 leg=F idx=85 cmd=[0.4177 -0.2500 2.0500 -0.1264 -0.0031 0.0261] meas=[0.4495 -0.2470 2.1016 -0.1104 -0.0031 0.0261] xyz=249.17,120.19,153.42
ts=44.247 leg=F idx=86 cmd=[0.4149 -0.2470 2.0476 -0.1270 -0.0031 0.0261] meas=[0.4479 -0.2454 2.1016 -0.1120 -0.0031 0.0261] xyz=249.62,119.94,153.25
ts=44.317 leg=F idx=87 cmd=[0.4121 -0.2441 2.0452 -0.1276 -0.0031 0.0261] meas=[0.4479 -0.2424 2.1000 -0.1120 -0.0031 0.0261] xyz=250.16,120.20,152.87
ts=44.388 leg=F idx=88 cmd=[0.4093 -0.2410 2.0428 -0.1282 -0.0031 0.0261] meas=[0.4449 -0.2378 2.0954 -0.1120 -0.0031 0.0261] xyz=251.51,119.90,152.99
ts=44.460 leg=F idx=89 cmd=[0.4066 -0.2379 2.0403 -0.1288 -0.0031 0.0261] meas=[0.4418 -0.2362 2.0908 -0.1120 -0.0031 0.0261] xyz=252.44,119.40,153.97
ts=44.531 leg=F idx=90 cmd=[0.4040 -0.2348 2.0377 -0.1294 -0.0031 0.0261] meas=[0.4357 -0.2316 2.0908 -0.1120 -0.0031 0.0261] xyz=253.81,118.14,152.68
ts=44.603 leg=F idx=91 cmd=[0.4013 -0.2316 2.0351 -0.1300 -0.0031 0.0261] meas=[0.4326 -0.2286 2.0908 -0.1120 -0.0031 0.0261] xyz=254.60,117.56,151.82
ts=44.673 leg=F idx=92 cmd=[0.3988 -0.2283 2.0325 -0.1305 -0.0031 0.0261] meas=[0.4310 -0.2255 2.0908 -0.1120 -0.0031 0.0261] xyz=255.20,117.36,150.96
ts=44.745 leg=F idx=93 cmd=[0.3963 -0.2251 2.0297 -0.1311 -0.0031 0.0261] meas=[0.4295 -0.2224 2.0877 -0.1120 -0.0031 0.0261] xyz=256.04,117.27,151.03
ts=44.816 leg=F idx=94 cmd=[0.3938 -0.2217 2.0270 -0.1316 -0.0031 0.0261] meas=[0.4264 -0.2194 2.0770 -0.1120 -0.0031 0.0261] xyz=257.66,117.06,153.44
ts=44.887 leg=F idx=95 cmd=[0.3914 -0.2184 2.0241 -0.1322 -0.0031 0.0261] meas=[0.4218 -0.2178 2.0724 -0.1150 -0.0031 0.0261] xyz=258.88,116.18,154.93
ts=44.959 leg=F idx=96 cmd=[0.3890 -0.2150 2.0212 -0.1327 -0.0031 0.0261] meas=[0.4203 -0.2117 2.0724 -0.1181 -0.0031 0.0261] xyz=260.04,116.22,153.69
ts=45.030 leg=F idx=97 cmd=[0.3867 -0.2115 2.0183 -0.1332 -0.0031 0.0261] meas=[0.4203 -0.2086 2.0724 -0.1181 -0.0031 0.0261] xyz=260.47,116.42,152.82
ts=45.100 leg=F idx=98 cmd=[0.3844 -0.2080 2.0153 -0.1337 -0.0031 0.0261] meas=[0.4172 -0.2040 2.0724 -0.1181 -0.0031 0.0261] xyz=261.47,115.90,151.50
ts=45.172 leg=F idx=99 cmd=[0.3822 -0.2045 2.0122 -0.1342 -0.0031 0.0261] meas=[0.4142 -0.2025 2.0724 -0.1181 -0.0031 0.0261] xyz=262.03,115.19,151.06
ts=45.243 leg=F idx=100 cmd=[0.3800 -0.2009 2.0091 -0.1347 -0.0031 0.0261] meas=[0.4142 -0.1979 2.0693 -0.1181 -0.0031 0.0261] xyz=262.91,115.58,150.68
ts=47.657 leg=R idx=0 cmd=[0.3800 -0.2009 2.0091 -0.1347 -0.0031 0.0261] meas=[0.4080 -0.1917 2.0540 -0.1181 -0.0031 0.0261] xyz=265.69,114.86,153.58
ts=47.728 leg=R idx=1 cmd=[0.3822 -0.2045 2.0122 -0.1342 -0.0031 0.0261] meas=[0.4080 -0.1917 2.0540 -0.1181 -0.0031 0.0261] xyz=265.69,114.86,153.58
ts=47.799 leg=R idx=2 cmd=[0.3844 -0.2080 2.0153 -0.1337 -0.0031 0.0261] meas=[0.4080 -0.1917 2.0540 -0.1181 -0.0031 0.0261] xyz=265.69,114.86,153.58
ts=47.870 leg=R idx=3 cmd=[0.3867 -0.2115 2.0183 -0.1332 -0.0031 0.0261] meas=[0.4080 -0.1917 2.0540 -0.1181 -0.0031 0.0261] xyz=265.69,114.86,153.58
ts=47.941 leg=R idx=4 cmd=[0.3890 -0.2150 2.0212 -0.1327 -0.0031 0.0261] meas=[0.4080 -0.1917 2.0540 -0.1181 -0.0031 0.0261] xyz=265.69,114.86,153.58
ts=48.012 leg=R idx=5 cmd=[0.3914 -0.2184 2.0241 -0.1322 -0.0031 0.0261] meas=[0.4080 -0.1917 2.0540 -0.1181 -0.0031 0.0261] xyz=265.69,114.86,153.58
ts=48.081 leg=R idx=6 cmd=[0.3938 -0.2217 2.0270 -0.1316 -0.0031 0.0261] meas=[0.4080 -0.1917 2.0540 -0.1181 -0.0031 0.0261] xyz=265.69,114.86,153.58
ts=48.153 leg=R idx=7 cmd=[0.3963 -0.2251 2.0297 -0.1311 -0.0031 0.0261] meas=[0.4080 -0.1917 2.0540 -0.1181 -0.0031 0.0261] xyz=265.69,114.86,153.58
ts=48.224 leg=R idx=8 cmd=[0.3988 -0.2283 2.0325 -0.1305 -0.0031 0.0261] meas=[0.4080 -0.1917 2.0540 -0.1181 -0.0031 0.0261] xyz=265.69,114.86,153.58
ts=48.297 leg=R idx=9 cmd=[0.4013 -0.2316 2.0351 -0.1300 -0.0031 0.0261] meas=[0.4080 -0.1917 2.0540 -0.1181 -0.0031 0.0261] xyz=265.69,114.86,153.58
ts=48.368 leg=R idx=10 cmd=[0.4040 -0.2348 2.0377 -0.1294 -0.0031 0.0261] meas=[0.4080 -0.1917 2.0540 -0.1181 -0.0031 0.0261] xyz=265.69,114.86,153.58
ts=48.440 leg=R idx=11 cmd=[0.4066 -0.2379 2.0403 -0.1288 -0.0031 0.0261] meas=[0.4080 -0.1917 2.0540 -0.1181 -0.0031 0.0261] xyz=265.69,114.86,153.58
ts=48.511 leg=R idx=12 cmd=[0.4093 -0.2410 2.0428 -0.1282 -0.0031 0.0261] meas=[0.4080 -0.1917 2.0540 -0.1181 -0.0031 0.0261] xyz=265.69,114.86,153.58
ts=48.582 leg=R idx=13 cmd=[0.4121 -0.2441 2.0452 -0.1276 -0.0031 0.0261] meas=[0.4080 -0.1933 2.0540 -0.1181 -0.0031 0.0261] xyz=265.47,114.76,154.03
ts=48.653 leg=R idx=14 cmd=[0.4149 -0.2470 2.0476 -0.1270 -0.0031 0.0261] meas=[0.4080 -0.1933 2.0540 -0.1181 -0.0031 0.0261] xyz=265.47,114.76,154.03
ts=48.724 leg=R idx=15 cmd=[0.4177 -0.2500 2.0500 -0.1264 -0.0031 0.0261] meas=[0.4080 -0.1933 2.0540 -0.1181 -0.0031 0.0261] xyz=265.47,114.76,154.03
ts=48.795 leg=R idx=16 cmd=[0.4206 -0.2529 2.0522 -0.1258 -0.0031 0.0261] meas=[0.4080 -0.1933 2.0540 -0.1181 -0.0031 0.0261] xyz=265.47,114.76,154.03
ts=48.867 leg=R idx=17 cmd=[0.4235 -0.2557 2.0544 -0.1252 -0.0031 0.0261] meas=[0.4080 -0.1948 2.0571 -0.1181 -0.0031 0.0261] xyz=265.02,114.57,153.54
ts=48.936 leg=R idx=18 cmd=[0.4265 -0.2585 2.0566 -0.1245 -0.0031 0.0261] meas=[0.4080 -0.1948 2.0586 -0.1181 -0.0031 0.0261] xyz=264.90,114.52,153.07
ts=49.009 leg=R idx=19 cmd=[0.4295 -0.2612 2.0587 -0.1239 -0.0031 0.0261] meas=[0.4080 -0.1963 2.0632 -0.1181 -0.0031 0.0261] xyz=264.32,114.27,152.11
ts=49.079 leg=R idx=20 cmd=[0.4326 -0.2639 2.0608 -0.1233 -0.0031 0.0261] meas=[0.4080 -0.2025 2.0647 -0.1181 -0.0031 0.0261] xyz=263.34,113.84,153.40
ts=49.150 leg=R idx=21 cmd=[0.4357 -0.2665 2.0628 -0.1227 -0.0031 0.0261] meas=[0.4080 -0.2040 2.0647 -0.1181 -0.0031 0.0261] xyz=263.12,113.75,153.84
ts=49.222 leg=R idx=22 cmd=[0.4389 -0.2690 2.0647 -0.1221 -0.0031 0.0261] meas=[0.4080 -0.2040 2.0693 -0.1181 -0.0031 0.0261] xyz=262.77,113.59,152.44
ts=49.295 leg=R idx=23 cmd=[0.4420 -0.2715 2.0666 -0.1215 -0.0031 0.0261] meas=[0.4126 -0.2040 2.0709 -0.1181 -0.0031 0.0261] xyz=262.12,114.75,151.97
ts=49.366 leg=R idx=24 cmd=[0.4453 -0.2740 2.0684 -0.1209 -0.0031 0.0261] meas=[0.4157 -0.2071 2.0709 -0.1181 -0.0031 0.0261] xyz=261.34,115.36,152.85
ts=49.435 leg=R idx=25 cmd=[0.4485 -0.2763 2.0702 -0.1203 -0.0031 0.0261] meas=[0.4188 -0.2132 2.0724 -0.1181 -0.0031 0.0261] xyz=260.00,115.73,154.13
ts=49.508 leg=R idx=26 cmd=[0.4518 -0.2786 2.0719 -0.1197 -0.0031 0.0261] meas=[0.4188 -0.2178 2.0739 -0.1181 -0.0031 0.0261] xyz=259.24,115.39,154.97
ts=49.579 leg=R idx=27 cmd=[0.4552 -0.2809 2.0736 -0.1191 -0.0031 0.0261] meas=[0.4188 -0.2194 2.0770 -0.1181 -0.0031 0.0261] xyz=258.79,115.19,154.47
ts=49.650 leg=R idx=28 cmd=[0.4586 -0.2830 2.0752 -0.1185 -0.0031 0.0261] meas=[0.4249 -0.2209 2.0801 -0.1181 -0.0031 0.0261] xyz=257.63,116.57,153.96
ts=49.722 leg=R idx=29 cmd=[0.4620 -0.2852 2.0767 -0.1180 -0.0031 0.0261] meas=[0.4295 -0.2224 2.0801 -0.1181 -0.0031 0.0261] xyz=256.87,117.66,154.40
ts=49.792 leg=R idx=30 cmd=[0.4654 -0.2872 2.0782 -0.1174 -0.0031 0.0261] meas=[0.4326 -0.2224 2.0816 -0.1166 -0.0031 0.0261] xyz=256.34,118.36,153.67
ts=49.863 leg=R idx=31 cmd=[0.4689 -0.2892 2.0796 -0.1169 -0.0031 0.0261] meas=[0.4372 -0.2240 2.0831 -0.1166 -0.0031 0.0261] xyz=255.46,119.39,153.64
ts=49.932 leg=R idx=32 cmd=[0.4724 -0.2911 2.0810 -0.1164 -0.0031 0.0261] meas=[0.4403 -0.2301 2.0831 -0.1166 -0.0031 0.0261] xyz=254.23,119.77,155.36
ts=50.005 leg=R idx=33 cmd=[0.4760 -0.2929 2.0823 -0.1158 -0.0031 0.0261] meas=[0.4433 -0.2301 2.0847 -0.1166 -0.0031 0.0261] xyz=253.75,120.49,154.90
ts=50.075 leg=R idx=34 cmd=[0.4795 -0.2947 2.0836 -0.1153 -0.0031 0.0261] meas=[0.4449 -0.2301 2.0862 -0.1166 -0.0031 0.0261] xyz=253.45,120.83,154.43
ts=50.146 leg=R idx=35 cmd=[0.4831 -0.2964 2.0848 -0.1149 -0.0031 0.0261] meas=[0.4510 -0.2316 2.0862 -0.1166 -0.0031 0.0261] xyz=252.49,122.28,154.86
ts=50.219 leg=R idx=36 cmd=[0.4868 -0.2980 2.0860 -0.1144 -0.0031 0.0261] meas=[0.4541 -0.2316 2.0893 -0.1166 -0.0031 0.0261] xyz=251.89,122.94,153.92
ts=50.290 leg=R idx=37 cmd=[0.4904 -0.2996 2.0871 -0.1139 -0.0031 0.0261] meas=[0.4541 -0.2347 2.0923 -0.1166 -0.0031 0.0261] xyz=251.23,122.62,153.84
ts=50.361 leg=R idx=38 cmd=[0.4941 -0.3011 2.0881 -0.1135 -0.0031 0.0261] meas=[0.4541 -0.2393 2.0923 -0.1166 -0.0031 0.0261] xyz=250.59,122.31,155.13
ts=50.432 leg=R idx=39 cmd=[0.4978 -0.3025 2.0891 -0.1131 -0.0031 0.0261] meas=[0.4617 -0.2393 2.0923 -0.1166 -0.0031 0.0261] xyz=249.65,124.23,155.13
ts=50.503 leg=R idx=40 cmd=[0.5016 -0.3038 2.0901 -0.1127 -0.0031 0.0261] meas=[0.4663 -0.2393 2.0939 -0.1166 -0.0031 0.0261] xyz=248.96,125.32,154.66
ts=50.574 leg=R idx=41 cmd=[0.5053 -0.3051 2.0910 -0.1123 -0.0031 0.0261] meas=[0.4725 -0.2393 2.0939 -0.1166 -0.0031 0.0261] xyz=248.19,126.84,154.66
ts=50.645 leg=R idx=42 cmd=[0.5091 -0.3063 2.0918 -0.1120 -0.0031 0.0261] meas=[0.4725 -0.2408 2.0954 -0.1166 -0.0031 0.0261] xyz=247.86,126.68,154.62
ts=50.716 leg=R idx=43 cmd=[0.5129 -0.3074 2.0926 -0.1116 -0.0031 0.0261] meas=[0.4786 -0.2470 2.0954 -0.1166 -0.0031 0.0261] xyz=246.23,127.76,156.32
ts=50.787 leg=R idx=44 cmd=[0.5167 -0.3084 2.0933 -0.1113 -0.0031 0.0261] meas=[0.4817 -0.2470 2.0954 -0.1166 -0.0031 0.0261] xyz=245.84,128.51,156.32
ts=50.859 leg=R idx=45 cmd=[0.5206 -0.3094 2.0939 -0.1110 -0.0031 0.0261] meas=[0.4863 -0.2470 2.1000 -0.1166 -0.0031 0.0261] xyz=244.92,129.46,154.91
ts=50.930 leg=R idx=46 cmd=[0.5244 -0.3102 2.0945 -0.1107 -0.0031 0.0261] meas=[0.4909 -0.2500 2.1016 -0.1166 -0.0031 0.0261] xyz=243.79,130.31,155.29
ts=51.002 leg=R idx=47 cmd=[0.5283 -0.3110 2.0951 -0.1105 -0.0031 0.0261] meas=[0.4924 -0.2500 2.1016 -0.1166 -0.0031 0.0261] xyz=243.59,130.68,155.29
ts=51.073 leg=R idx=48 cmd=[0.5322 -0.3118 2.0956 -0.1103 -0.0031 0.0261] meas=[0.4970 -0.2500 2.1016 -0.1166 -0.0031 0.0261] xyz=242.98,131.80,155.29
ts=51.145 leg=R idx=49 cmd=[0.5361 -0.3124 2.0960 -0.1101 -0.0031 0.0261] meas=[0.4985 -0.2500 2.1016 -0.1166 -0.0031 0.0261] xyz=242.78,132.17,155.29
ts=51.216 leg=R idx=50 cmd=[0.5400 -0.3130 2.0964 -0.1099 -0.0031 0.0261] meas=[0.5031 -0.2500 2.1016 -0.1166 -0.0031 0.0261] xyz=242.17,133.29,155.29
ts=51.287 leg=R idx=51 cmd=[0.5439 -0.3135 2.0968 -0.1097 -0.0031 0.0261] meas=[0.5093 -0.2500 2.1016 -0.1166 -0.0031 0.0261] xyz=241.35,134.77,155.29
ts=51.357 leg=R idx=52 cmd=[0.5478 -0.3139 2.0971 -0.1096 -0.0031 0.0261] meas=[0.5123 -0.2500 2.1016 -0.1166 -0.0031 0.0261] xyz=240.93,135.51,155.29
ts=51.429 leg=R idx=53 cmd=[0.5517 -0.3142 2.0973 -0.1095 -0.0031 0.0261] meas=[0.5154 -0.2500 2.1016 -0.1166 -0.0031 0.0261] xyz=240.52,136.25,155.29
ts=51.500 leg=R idx=54 cmd=[0.5556 -0.3145 2.0975 -0.1094 -0.0031 0.0261] meas=[0.5185 -0.2500 2.1016 -0.1135 -0.0031 0.0261] xyz=239.99,136.92,154.78
ts=51.571 leg=R idx=55 cmd=[0.5596 -0.3147 2.0976 -0.1093 -0.0031 0.0261] meas=[0.5246 -0.2516 2.1016 -0.1135 -0.0031 0.0261] xyz=238.94,138.28,155.20
ts=51.642 leg=R idx=56 cmd=[0.5635 -0.3148 2.0977 -0.1093 -0.0031 0.0261] meas=[0.5277 -0.2562 2.1016 -0.1135 -0.0031 0.0261] xyz=237.89,138.65,156.47
ts=51.713 leg=R idx=57 cmd=[0.5675 -0.3148 2.0977 -0.1093 -0.0031 0.0261] meas=[0.5323 -0.2562 2.1016 -0.1135 -0.0031 0.0261] xyz=237.25,139.74,156.47
ts=51.784 leg=R idx=58 cmd=[0.5714 -0.3147 2.0976 -0.1093 -0.0031 0.0261] meas=[0.5354 -0.2562 2.1016 -0.1135 -0.0031 0.0261] xyz=236.82,140.47,156.47
ts=51.856 leg=R idx=59 cmd=[0.5753 -0.3146 2.0975 -0.1094 -0.0031 0.0261] meas=[0.5384 -0.2577 2.1016 -0.1135 -0.0031 0.0261] xyz=236.18,141.07,156.89
ts=51.927 leg=R idx=60 cmd=[0.5793 -0.3144 2.0974 -0.1094 -0.0031 0.0261] meas=[0.5430 -0.2577 2.1016 -0.1135 -0.0031 0.0261] xyz=235.53,142.16,156.89
ts=51.998 leg=R idx=61 cmd=[0.5832 -0.3141 2.0972 -0.1095 -0.0031 0.0261] meas=[0.5461 -0.2577 2.1016 -0.1135 -0.0031 0.0261] xyz=235.09,142.88,156.89
ts=52.069 leg=R idx=62 cmd=[0.5871 -0.3137 2.0969 -0.1097 -0.0031 0.0261] meas=[0.5507 -0.2577 2.1016 -0.1135 -0.0031 0.0261] xyz=234.43,143.96,156.89
ts=52.139 leg=R idx=63 cmd=[0.5910 -0.3132 2.0966 -0.1098 -0.0031 0.0261] meas=[0.5553 -0.2577 2.1016 -0.1135 -0.0031 0.0261] xyz=233.77,145.03,156.89
ts=52.208 leg=R idx=64 cmd=[0.5949 -0.3127 2.0962 -0.1100 -0.0031 0.0261] meas=[0.5584 -0.2577 2.1016 -0.1135 -0.0031 0.0261] xyz=233.32,145.75,156.89
ts=52.281 leg=R idx=65 cmd=[0.5988 -0.3121 2.0958 -0.1102 -0.0031 0.0261] meas=[0.5630 -0.2577 2.1016 -0.1135 -0.0031 0.0261] xyz=232.65,146.82,156.89
ts=52.351 leg=R idx=66 cmd=[0.6027 -0.3114 2.0953 -0.1104 -0.0031 0.0261] meas=[0.5660 -0.2577 2.1016 -0.1135 -0.0031 0.0261] xyz=232.20,147.54,156.89
ts=52.421 leg=R idx=67 cmd=[0.6066 -0.3106 2.0948 -0.1106 -0.0031 0.0261] meas=[0.5691 -0.2577 2.1016 -0.1135 -0.0031 0.0261] xyz=231.74,148.25,156.89
ts=52.495 leg=R idx=68 cmd=[0.6105 -0.3098 2.0942 -0.1109 -0.0031 0.0261] meas=[0.5722 -0.2577 2.1016 -0.1135 -0.0031 0.0261] xyz=231.29,148.96,156.89
ts=52.566 leg=R idx=69 cmd=[0.6143 -0.3088 2.0936 -0.1112 -0.0031 0.0261] meas=[0.5783 -0.2577 2.1016 -0.1135 -0.0031 0.0261] xyz=230.37,150.37,156.89
ts=52.634 leg=R idx=70 cmd=[0.6181 -0.3078 2.0929 -0.1115 -0.0031 0.0261] meas=[0.5814 -0.2577 2.1016 -0.1135 -0.0031 0.0261] xyz=229.91,151.08,156.89
ts=52.713 leg=R idx=71 cmd=[0.6219 -0.3068 2.0921 -0.1118 -0.0031 0.0261] meas=[0.5860 -0.2577 2.1016 -0.1135 -0.0031 0.0261] xyz=229.21,152.14,156.89
ts=52.790 leg=R idx=72 cmd=[0.6257 -0.3056 2.0913 -0.1121 -0.0031 0.0261] meas=[0.5890 -0.2577 2.1016 -0.1135 -0.0031 0.0261] xyz=228.74,152.84,156.89
ts=52.867 leg=R idx=73 cmd=[0.6295 -0.3044 2.0905 -0.1125 -0.0031 0.0261] meas=[0.5921 -0.2577 2.1016 -0.1135 -0.0031 0.0261] xyz=228.27,153.54,156.89
ts=52.944 leg=R idx=74 cmd=[0.6332 -0.3031 2.0896 -0.1129 -0.0031 0.0261] meas=[0.5983 -0.2577 2.1016 -0.1135 -0.0031 0.0261] xyz=227.32,154.94,156.89
ts=53.020 leg=R idx=75 cmd=[0.6370 -0.3017 2.0886 -0.1133 -0.0031 0.0261] meas=[0.5983 -0.2577 2.1016 -0.1135 -0.0031 0.0261] xyz=227.32,154.94,156.89
ts=53.097 leg=R idx=76 cmd=[0.6407 -0.3003 2.0876 -0.1137 -0.0031 0.0261] meas=[0.6013 -0.2577 2.1016 -0.1135 -0.0031 0.0261] xyz=226.85,155.64,156.89
ts=53.175 leg=R idx=77 cmd=[0.6443 -0.2987 2.0865 -0.1142 -0.0031 0.0261] meas=[0.6075 -0.2577 2.1016 -0.1135 -0.0031 0.0261] xyz=225.89,157.02,156.89
ts=53.251 leg=R idx=78 cmd=[0.6480 -0.2971 2.0854 -0.1146 -0.0031 0.0261] meas=[0.6105 -0.2577 2.1016 -0.1135 -0.0031 0.0261] xyz=225.41,157.72,156.89
ts=53.329 leg=R idx=79 cmd=[0.6516 -0.2955 2.0842 -0.1151 -0.0031 0.0261] meas=[0.6151 -0.2577 2.1016 -0.1135 -0.0031 0.0261] xyz=224.68,158.75,156.89
ts=53.405 leg=R idx=80 cmd=[0.6552 -0.2937 2.0829 -0.1156 -0.0031 0.0261] meas=[0.6197 -0.2577 2.1016 -0.1135 -0.0031 0.0261] xyz=223.94,159.78,156.89
ts=53.483 leg=R idx=81 cmd=[0.6588 -0.2919 2.0816 -0.1161 -0.0031 0.0261] meas=[0.6228 -0.2577 2.1016 -0.1135 -0.0031 0.0261] xyz=223.45,160.47,156.89
ts=53.559 leg=R idx=82 cmd=[0.6623 -0.2901 2.0803 -0.1166 -0.0031 0.0261] meas=[0.6259 -0.2577 2.1016 -0.1135 -0.0031 0.0261] xyz=222.96,161.16,156.89
ts=53.639 leg=R idx=83 cmd=[0.6658 -0.2881 2.0789 -0.1172 -0.0031 0.0261] meas=[0.6289 -0.2577 2.1016 -0.1135 -0.0031 0.0261] xyz=222.46,161.84,156.89
ts=53.716 leg=R idx=84 cmd=[0.6692 -0.2861 2.0774 -0.1177 -0.0031 0.0261] meas=[0.6335 -0.2577 2.1016 -0.1135 -0.0031 0.0261] xyz=221.72,162.86,156.89
ts=53.794 leg=R idx=85 cmd=[0.6727 -0.2840 2.0759 -0.1183 -0.0031 0.0261] meas=[0.6351 -0.2577 2.1016 -0.1135 -0.0031 0.0261] xyz=221.47,163.20,156.89
ts=53.871 leg=R idx=86 cmd=[0.6761 -0.2819 2.0743 -0.1189 -0.0031 0.0261] meas=[0.6351 -0.2577 2.1016 -0.1135 -0.0031 0.0261] xyz=221.47,163.20,156.89
ts=53.948 leg=R idx=87 cmd=[0.6794 -0.2797 2.0727 -0.1194 -0.0031 0.0261] meas=[0.6397 -0.2577 2.1016 -0.1135 -0.0031 0.0261] xyz=220.71,164.22,156.89
ts=54.025 leg=R idx=88 cmd=[0.6827 -0.2774 2.0710 -0.1200 -0.0031 0.0261] meas=[0.6427 -0.2577 2.1016 -0.1135 -0.0031 0.0261] xyz=220.21,164.89,156.89
ts=54.100 leg=R idx=89 cmd=[0.6860 -0.2751 2.0692 -0.1206 -0.0031 0.0261] meas=[0.6458 -0.2577 2.1016 -0.1135 -0.0031 0.0261] xyz=219.70,165.57,156.89
ts=54.179 leg=R idx=90 cmd=[0.6893 -0.2727 2.0674 -0.1212 -0.0031 0.0261] meas=[0.6504 -0.2577 2.1016 -0.1135 -0.0031 0.0261] xyz=218.94,166.58,156.89
ts=54.256 leg=R idx=91 cmd=[0.6925 -0.2702 2.0656 -0.1218 -0.0031 0.0261] meas=[0.6535 -0.2577 2.1016 -0.1135 -0.0031 0.0261] xyz=218.43,167.25,156.89
ts=54.333 leg=R idx=92 cmd=[0.6956 -0.2677 2.0637 -0.1224 -0.0031 0.0261] meas=[0.6565 -0.2562 2.1016 -0.1135 -0.0031 0.0261] xyz=218.10,168.07,156.47
ts=54.410 leg=R idx=93 cmd=[0.6988 -0.2651 2.0617 -0.1230 -0.0031 0.0261] meas=[0.6611 -0.2562 2.1016 -0.1135 -0.0031 0.0261] xyz=217.33,169.07,156.47
ts=54.487 leg=R idx=94 cmd=[0.7018 -0.2624 2.0597 -0.1236 -0.0031 0.0261] meas=[0.6642 -0.2562 2.1016 -0.1135 -0.0031 0.0261] xyz=216.81,169.73,156.47
ts=54.563 leg=R idx=95 cmd=[0.7049 -0.2598 2.0576 -0.1243 -0.0031 0.0261] meas=[0.6688 -0.2546 2.1016 -0.1135 -0.0031 0.0261] xyz=216.21,170.88,156.05
ts=54.640 leg=R idx=96 cmd=[0.7079 -0.2570 2.0555 -0.1249 -0.0031 0.0261] meas=[0.6703 -0.2531 2.1016 -0.1135 -0.0031 0.0261] xyz=216.14,171.36,155.63
ts=54.715 leg=R idx=97 cmd=[0.7108 -0.2542 2.0533 -0.1255 -0.0031 0.0261] meas=[0.6703 -0.2531 2.1016 -0.1135 -0.0031 0.0261] xyz=216.14,171.36,155.63
ts=54.792 leg=R idx=98 cmd=[0.7138 -0.2513 2.0510 -0.1261 -0.0031 0.0261] meas=[0.6734 -0.2500 2.1016 -0.1135 -0.0031 0.0261] xyz=215.98,172.32,154.78
ts=54.871 leg=R idx=99 cmd=[0.7166 -0.2484 2.0487 -0.1267 -0.0031 0.0261] meas=[0.6765 -0.2454 2.1016 -0.1135 -0.0031 0.0261] xyz=216.01,173.42,153.51
ts=54.948 leg=R idx=100 cmd=[0.7194 -0.2454 2.0463 -0.1273 -0.0031 0.0261] meas=[0.6811 -0.2439 2.1016 -0.1150 -0.0031 0.0261] xyz=215.44,174.61,153.34
