# 2026-08-25T18:04:08.539256+00:00  port=COM21  sdk=C:\Users\Mukund\AppData\Local\Programs\Python\Python312\Lib\site-packages\roarm_sdk  ik=C:\Users\Mukund\Documents\Ro-Arm\roarm_sdk\waveshare_ik.py  speed=1000 acc=50 rate=20Hz  home_xyz=[358.67 2.75 183.63]  constX=358.67  wp20=[-0.0228 0.1415 1.9308 -0.3865 -0.0031 0.0261]
t=0.000 phase=stream idx=0 cmd=[0.0077 0.0690 1.6214 -0.0046 -0.0031 0.0261] meas=[0.0077 0.0690 1.6214 -0.0046 -0.0031 0.0261] xyz=358.67,2.75,183.63 moved=0.000 track_wp20=21.883
t=0.000 phase=stream idx=1 cmd=[0.0076 0.0706 1.6395 -0.0242 -0.0031 0.0261] meas=[0.0077 0.0690 1.6214 -0.0046 -0.0031 0.0261] xyz=358.67,2.75,183.63 moved=0.000 track_wp20=21.883
t=0.046 phase=stream idx=2 cmd=[0.0074 0.0724 1.6572 -0.0438 -0.0031 0.0261] meas=[0.0077 0.0690 1.6214 -0.0046 -0.0031 0.0261] xyz=358.67,2.75,183.63 moved=0.000 track_wp20=21.883
t=0.109 phase=stream idx=3 cmd=[0.0070 0.0744 1.6747 -0.0633 -0.0031 0.0261] meas=[0.0077 0.0690 1.6214 -0.0046 -0.0031 0.0261] xyz=358.67,2.75,183.63 moved=0.000 track_wp20=21.883
t=0.140 phase=stream idx=4 cmd=[0.0064 0.0766 1.6920 -0.0828 -0.0031 0.0261] meas=[0.0077 0.0690 1.6214 -0.0046 -0.0031 0.0261] xyz=358.67,2.75,183.63 moved=0.000 track_wp20=21.883
t=0.203 phase=stream idx=5 cmd=[0.0057 0.0791 1.7090 -0.1022 -0.0031 0.0261] meas=[0.0077 0.0690 1.6214 -0.0046 -0.0031 0.0261] xyz=358.67,2.75,183.63 moved=0.000 track_wp20=21.883
t=0.250 phase=stream idx=6 cmd=[0.0049 0.0818 1.7257 -0.1216 -0.0031 0.0261] meas=[0.0077 0.0690 1.6214 -0.0046 -0.0031 0.0261] xyz=358.67,2.75,183.63 moved=0.000 track_wp20=21.883
t=0.312 phase=stream idx=7 cmd=[0.0039 0.0847 1.7421 -0.1410 -0.0031 0.0261] meas=[0.0077 0.0690 1.6214 -0.0046 -0.0031 0.0261] xyz=358.67,2.75,183.63 moved=0.000 track_wp20=21.883
t=0.343 phase=stream idx=8 cmd=[0.0027 0.0879 1.7583 -0.1603 -0.0031 0.0261] meas=[0.0077 0.0690 1.6214 -0.0046 -0.0031 0.0261] xyz=358.67,2.75,183.63 moved=0.000 track_wp20=21.883
t=0.406 phase=stream idx=9 cmd=[0.0014 0.0912 1.7742 -0.1796 -0.0031 0.0261] meas=[0.0077 0.0690 1.6214 -0.0046 -0.0031 0.0261] xyz=358.67,2.75,183.63 moved=0.000 track_wp20=21.883
t=0.453 phase=stream idx=10 cmd=[-0.0000 0.0948 1.7898 -0.1988 -0.0031 0.0261] meas=[0.0077 0.0690 1.6214 -0.0046 -0.0031 0.0261] xyz=358.67,2.75,183.63 moved=0.000 track_wp20=21.883
t=0.500 phase=stream idx=11 cmd=[-0.0016 0.0985 1.8052 -0.2179 -0.0031 0.0261] meas=[0.0077 0.0690 1.6214 -0.0046 -0.0031 0.0261] xyz=358.67,2.75,183.63 moved=0.000 track_wp20=21.883
t=0.546 phase=stream idx=12 cmd=[-0.0034 0.1025 1.8203 -0.2370 -0.0031 0.0261] meas=[0.0077 0.0690 1.6214 -0.0046 -0.0031 0.0261] xyz=358.67,2.75,183.63 moved=0.000 track_wp20=21.883
t=0.609 phase=stream idx=13 cmd=[-0.0053 0.1067 1.8351 -0.2560 -0.0031 0.0261] meas=[0.0077 0.0690 1.6214 -0.0046 -0.0031 0.0261] xyz=358.67,2.75,183.63 moved=0.000 track_wp20=21.883
t=0.640 phase=stream idx=14 cmd=[-0.0073 0.1111 1.8496 -0.2749 -0.0031 0.0261] meas=[0.0077 0.0690 1.6214 -0.0046 -0.0031 0.0261] xyz=358.67,2.75,183.63 moved=0.000 track_wp20=21.883
t=0.703 phase=stream idx=15 cmd=[-0.0096 0.1157 1.8639 -0.2938 -0.0031 0.0261] meas=[0.0077 0.0690 1.6214 -0.0046 -0.0031 0.0261] xyz=358.67,2.75,183.63 moved=0.000 track_wp20=21.883
t=0.750 phase=stream idx=16 cmd=[-0.0119 0.1205 1.8779 -0.3125 -0.0031 0.0261] meas=[0.0077 0.0690 1.6214 -0.0046 -0.0031 0.0261] xyz=358.67,2.75,183.63 moved=0.000 track_wp20=21.883
t=0.812 phase=stream idx=17 cmd=[-0.0144 0.1255 1.8915 -0.3312 -0.0031 0.0261] meas=[0.0077 0.0690 1.6214 -0.0046 -0.0031 0.0261] xyz=358.67,2.75,183.63 moved=0.000 track_wp20=21.883
t=0.843 phase=stream idx=18 cmd=[-0.0171 0.1307 1.9049 -0.3497 -0.0031 0.0261] meas=[0.0077 0.0782 1.6414 -0.0215 -0.0031 0.0261] xyz=359.84,2.76,176.95 moved=1.143 track_wp20=20.916
t=0.906 phase=stream idx=19 cmd=[-0.0198 0.1360 1.9180 -0.3682 -0.0031 0.0261] meas=[0.0077 0.0966 1.6843 -0.0522 -0.0031 0.0261] xyz=361.39,2.77,162.15 moved=3.604 track_wp20=19.158
t=0.953 phase=stream idx=20 cmd=[-0.0228 0.1415 1.9308 -0.3865 -0.0031 0.0261] meas=[0.0077 0.1043 1.7288 -0.0966 -0.0031 0.0261] xyz=361.09,2.77,153.13 moved=6.152 track_wp20=16.609
t=1.000 phase=repeat idx=20 cmd=[-0.0228 0.1415 1.9308 -0.3865 -0.0031 0.0261] meas=[0.0077 0.1043 1.7717 -0.1442 -0.0031 0.0261] xyz=359.55,2.76,147.94 moved=8.613 track_wp20=13.885
t=1.000 phase=repeat idx=20 cmd=[-0.0228 0.1415 1.9308 -0.3865 -0.0031 0.0261] meas=[0.0077 0.1058 1.7932 -0.1733 -0.0031 0.0261] xyz=359.12,2.75,145.72 moved=9.844 track_wp20=12.215
t=1.093 phase=repeat idx=20 cmd=[-0.0228 0.1415 1.9308 -0.3865 -0.0031 0.0261] meas=[0.0077 0.1212 1.8239 -0.2148 -0.0031 0.0261] xyz=360.20,2.76,137.84 moved=12.041 track_wp20=9.842
t=1.109 phase=repeat idx=20 cmd=[-0.0228 0.1415 1.9308 -0.3865 -0.0031 0.0261] meas=[0.0077 0.1319 1.8623 -0.2577 -0.0031 0.0261] xyz=359.67,2.76,129.64 moved=14.502 track_wp20=7.381
t=1.140 phase=repeat idx=20 cmd=[-0.0228 0.1415 1.9308 -0.3865 -0.0031 0.0261] meas=[0.0077 0.1381 1.8899 -0.2991 -0.0031 0.0261] xyz=359.33,2.76,126.13 moved=16.875 track_wp20=5.008
t=1.203 phase=repeat idx=20 cmd=[-0.0228 0.1415 1.9308 -0.3865 -0.0031 0.0261] meas=[0.0077 0.1488 1.9113 -0.3267 -0.0031 0.0261] xyz=359.49,2.76,120.54 moved=18.457 track_wp20=3.426
t=1.250 phase=repeat idx=20 cmd=[-0.0228 0.1415 1.9308 -0.3865 -0.0031 0.0261] meas=[0.0077 0.1595 1.9343 -0.3651 -0.0031 0.0261] xyz=359.78,2.76,116.34 moved=20.654 track_wp20=1.745
t=1.312 phase=repeat idx=20 cmd=[-0.0228 0.1415 1.9308 -0.3865 -0.0031 0.0261] meas=[0.0061 0.1611 1.9359 -0.3712 -0.0031 0.0261] xyz=360.03,2.21,116.36 moved=21.006 track_wp20=1.657
t=1.343 phase=repeat idx=20 cmd=[-0.0228 0.1415 1.9308 -0.3865 -0.0031 0.0261] meas=[0.0031 0.1611 1.9359 -0.3712 -0.0031 0.0261] xyz=360.04,1.10,116.36 moved=21.006 track_wp20=1.481
t=1.406 phase=repeat idx=20 cmd=[-0.0228 0.1415 1.9308 -0.3865 -0.0031 0.0261] meas=[0.0031 0.1611 1.9359 -0.3712 -0.0031 0.0261] xyz=360.04,1.10,116.36 moved=21.006 track_wp20=1.481
t=1.453 phase=repeat idx=20 cmd=[-0.0228 0.1415 1.9308 -0.3865 -0.0031 0.0261] meas=[0.0031 0.1611 1.9359 -0.3712 -0.0031 0.0261] xyz=360.04,1.10,116.36 moved=21.006 track_wp20=1.481
t=1.500 phase=repeat idx=20 cmd=[-0.0228 0.1415 1.9308 -0.3865 -0.0031 0.0261] meas=[0.0031 0.1611 1.9359 -0.3712 -0.0031 0.0261] xyz=360.04,1.10,116.36 moved=21.006 track_wp20=1.481
t=1.546 phase=repeat idx=20 cmd=[-0.0228 0.1415 1.9308 -0.3865 -0.0031 0.0261] meas=[0.0031 0.1611 1.9359 -0.3712 -0.0031 0.0261] xyz=360.04,1.10,116.36 moved=21.006 track_wp20=1.481
t=1.609 phase=repeat idx=20 cmd=[-0.0228 0.1415 1.9308 -0.3865 -0.0031 0.0261] meas=[0.0031 0.1611 1.9359 -0.3712 -0.0031 0.0261] xyz=360.04,1.10,116.36 moved=21.006 track_wp20=1.481
t=1.656 phase=repeat idx=20 cmd=[-0.0228 0.1415 1.9308 -0.3865 -0.0031 0.0261] meas=[0.0031 0.1611 1.9359 -0.3712 -0.0031 0.0261] xyz=360.04,1.10,116.36 moved=21.006 track_wp20=1.481
t=1.703 phase=repeat idx=20 cmd=[-0.0228 0.1415 1.9308 -0.3865 -0.0031 0.0261] meas=[0.0031 0.1611 1.9359 -0.3712 -0.0031 0.0261] xyz=360.04,1.10,116.36 moved=21.006 track_wp20=1.481
t=1.750 phase=repeat idx=20 cmd=[-0.0228 0.1415 1.9308 -0.3865 -0.0031 0.0261] meas=[0.0031 0.1611 1.9359 -0.3712 -0.0031 0.0261] xyz=360.04,1.10,116.36 moved=21.006 track_wp20=1.481
t=1.812 phase=repeat idx=20 cmd=[-0.0228 0.1415 1.9308 -0.3865 -0.0031 0.0261] meas=[0.0031 0.1611 1.9359 -0.3712 -0.0031 0.0261] xyz=360.04,1.10,116.36 moved=21.006 track_wp20=1.481
t=1.843 phase=repeat idx=20 cmd=[-0.0228 0.1415 1.9308 -0.3865 -0.0031 0.0261] meas=[0.0031 0.1611 1.9359 -0.3712 -0.0031 0.0261] xyz=360.04,1.10,116.36 moved=21.006 track_wp20=1.481
t=1.906 phase=repeat idx=20 cmd=[-0.0228 0.1415 1.9308 -0.3865 -0.0031 0.0261] meas=[0.0031 0.1611 1.9359 -0.3712 -0.0031 0.0261] xyz=360.04,1.10,116.36 moved=21.006 track_wp20=1.481
t=1.953 phase=repeat idx=20 cmd=[-0.0228 0.1415 1.9308 -0.3865 -0.0031 0.0261] meas=[0.0031 0.1611 1.9359 -0.3712 -0.0031 0.0261] xyz=360.04,1.10,116.36 moved=21.006 track_wp20=1.481
t=2.000 phase=repeat idx=20 cmd=[-0.0228 0.1415 1.9308 -0.3865 -0.0031 0.0261] meas=[0.0031 0.1611 1.9359 -0.3712 -0.0031 0.0261] xyz=360.04,1.10,116.36 moved=21.006 track_wp20=1.481
t=2.046 phase=repeat idx=20 cmd=[-0.0228 0.1415 1.9308 -0.3865 -0.0031 0.0261] meas=[0.0031 0.1611 1.9359 -0.3712 -0.0031 0.0261] xyz=360.04,1.10,116.36 moved=21.006 track_wp20=1.481
t=2.109 phase=repeat idx=20 cmd=[-0.0228 0.1415 1.9308 -0.3865 -0.0031 0.0261] meas=[0.0031 0.1611 1.9359 -0.3712 -0.0031 0.0261] xyz=360.04,1.10,116.36 moved=21.006 track_wp20=1.481
t=2.156 phase=repeat idx=20 cmd=[-0.0228 0.1415 1.9308 -0.3865 -0.0031 0.0261] meas=[0.0031 0.1611 1.9359 -0.3712 -0.0031 0.0261] xyz=360.04,1.10,116.36 moved=21.006 track_wp20=1.481
t=2.203 phase=repeat idx=20 cmd=[-0.0228 0.1415 1.9308 -0.3865 -0.0031 0.0261] meas=[0.0031 0.1611 1.9359 -0.3712 -0.0031 0.0261] xyz=360.04,1.10,116.36 moved=21.006 track_wp20=1.481
t=2.250 phase=repeat idx=20 cmd=[-0.0228 0.1415 1.9308 -0.3865 -0.0031 0.0261] meas=[0.0031 0.1611 1.9359 -0.3712 -0.0031 0.0261] xyz=360.04,1.10,116.36 moved=21.006 track_wp20=1.481
t=2.296 phase=repeat idx=20 cmd=[-0.0228 0.1415 1.9308 -0.3865 -0.0031 0.0261] meas=[0.0031 0.1611 1.9359 -0.3712 -0.0031 0.0261] xyz=360.04,1.10,116.36 moved=21.006 track_wp20=1.481
t=2.359 phase=repeat idx=20 cmd=[-0.0228 0.1415 1.9308 -0.3865 -0.0031 0.0261] meas=[0.0031 0.1611 1.9359 -0.3712 -0.0031 0.0261] xyz=360.04,1.10,116.36 moved=21.006 track_wp20=1.481
t=2.406 phase=repeat idx=20 cmd=[-0.0228 0.1415 1.9308 -0.3865 -0.0031 0.0261] meas=[0.0031 0.1611 1.9359 -0.3712 -0.0031 0.0261] xyz=360.04,1.10,116.36 moved=21.006 track_wp20=1.481
t=2.453 phase=repeat idx=20 cmd=[-0.0228 0.1415 1.9308 -0.3865 -0.0031 0.0261] meas=[0.0031 0.1611 1.9359 -0.3712 -0.0031 0.0261] xyz=360.04,1.10,116.36 moved=21.006 track_wp20=1.481
t=2.500 phase=repeat idx=20 cmd=[-0.0228 0.1415 1.9308 -0.3865 -0.0031 0.0261] meas=[0.0031 0.1611 1.9359 -0.3712 -0.0031 0.0261] xyz=360.04,1.10,116.36 moved=21.006 track_wp20=1.481
t=2.546 phase=repeat idx=20 cmd=[-0.0228 0.1415 1.9308 -0.3865 -0.0031 0.0261] meas=[0.0031 0.1611 1.9359 -0.3712 -0.0031 0.0261] xyz=360.04,1.10,116.36 moved=21.006 track_wp20=1.481
t=2.609 phase=repeat idx=20 cmd=[-0.0228 0.1415 1.9308 -0.3865 -0.0031 0.0261] meas=[0.0031 0.1611 1.9359 -0.3712 -0.0031 0.0261] xyz=360.04,1.10,116.36 moved=21.006 track_wp20=1.481
t=2.656 phase=repeat idx=20 cmd=[-0.0228 0.1415 1.9308 -0.3865 -0.0031 0.0261] meas=[0.0031 0.1611 1.9359 -0.3712 -0.0031 0.0261] xyz=360.04,1.10,116.36 moved=21.006 track_wp20=1.481
t=2.703 phase=repeat idx=20 cmd=[-0.0228 0.1415 1.9308 -0.3865 -0.0031 0.0261] meas=[0.0031 0.1611 1.9359 -0.3712 -0.0031 0.0261] xyz=360.04,1.10,116.36 moved=21.006 track_wp20=1.481
t=2.750 phase=repeat idx=20 cmd=[-0.0228 0.1415 1.9308 -0.3865 -0.0031 0.0261] meas=[0.0031 0.1611 1.9359 -0.3712 -0.0031 0.0261] xyz=360.04,1.10,116.36 moved=21.006 track_wp20=1.481
t=2.812 phase=repeat idx=20 cmd=[-0.0228 0.1415 1.9308 -0.3865 -0.0031 0.0261] meas=[0.0031 0.1611 1.9359 -0.3712 -0.0031 0.0261] xyz=360.04,1.10,116.36 moved=21.006 track_wp20=1.481
t=2.843 phase=repeat idx=20 cmd=[-0.0228 0.1415 1.9308 -0.3865 -0.0031 0.0261] meas=[0.0031 0.1611 1.9359 -0.3712 -0.0031 0.0261] xyz=360.04,1.10,116.36 moved=21.006 track_wp20=1.481
t=2.906 phase=repeat idx=20 cmd=[-0.0228 0.1415 1.9308 -0.3865 -0.0031 0.0261] meas=[0.0031 0.1611 1.9359 -0.3712 -0.0031 0.0261] xyz=360.04,1.10,116.36 moved=21.006 track_wp20=1.481
t=2.953 phase=repeat idx=20 cmd=[-0.0228 0.1415 1.9308 -0.3865 -0.0031 0.0261] meas=[0.0031 0.1611 1.9359 -0.3712 -0.0031 0.0261] xyz=360.04,1.10,116.36 moved=21.006 track_wp20=1.481
t=3.000 phase=repeat idx=20 cmd=[-0.0228 0.1415 1.9308 -0.3865 -0.0031 0.0261] meas=[0.0031 0.1611 1.9359 -0.3712 -0.0031 0.0261] xyz=360.04,1.10,116.36 moved=21.006 track_wp20=1.481
t=3.046 phase=repeat idx=20 cmd=[-0.0228 0.1415 1.9308 -0.3865 -0.0031 0.0261] meas=[0.0031 0.1611 1.9359 -0.3712 -0.0031 0.0261] xyz=360.04,1.10,116.36 moved=21.006 track_wp20=1.481
t=3.109 phase=repeat idx=20 cmd=[-0.0228 0.1415 1.9308 -0.3865 -0.0031 0.0261] meas=[0.0031 0.1611 1.9359 -0.3712 -0.0031 0.0261] xyz=360.04,1.10,116.36 moved=21.006 track_wp20=1.481
t=3.156 phase=repeat idx=20 cmd=[-0.0228 0.1415 1.9308 -0.3865 -0.0031 0.0261] meas=[0.0031 0.1611 1.9359 -0.3712 -0.0031 0.0261] xyz=360.04,1.10,116.36 moved=21.006 track_wp20=1.481
t=3.187 phase=repeat idx=20 cmd=[-0.0228 0.1415 1.9308 -0.3865 -0.0031 0.0261] meas=[0.0031 0.1611 1.9359 -0.3712 -0.0031 0.0261] xyz=360.04,1.10,116.36 moved=21.006 track_wp20=1.481
t=3.250 phase=repeat idx=20 cmd=[-0.0228 0.1415 1.9308 -0.3865 -0.0031 0.0261] meas=[0.0031 0.1611 1.9359 -0.3712 -0.0031 0.0261] xyz=360.04,1.10,116.36 moved=21.006 track_wp20=1.481
t=3.312 phase=repeat idx=20 cmd=[-0.0228 0.1415 1.9308 -0.3865 -0.0031 0.0261] meas=[0.0031 0.1611 1.9359 -0.3712 -0.0031 0.0261] xyz=360.04,1.10,116.36 moved=21.006 track_wp20=1.481
t=3.359 phase=repeat idx=20 cmd=[-0.0228 0.1415 1.9308 -0.3865 -0.0031 0.0261] meas=[0.0031 0.1611 1.9359 -0.3712 -0.0031 0.0261] xyz=360.04,1.10,116.36 moved=21.006 track_wp20=1.481
t=3.406 phase=repeat idx=20 cmd=[-0.0228 0.1415 1.9308 -0.3865 -0.0031 0.0261] meas=[0.0031 0.1611 1.9359 -0.3712 -0.0031 0.0261] xyz=360.04,1.10,116.36 moved=21.006 track_wp20=1.481
t=3.453 phase=repeat idx=20 cmd=[-0.0228 0.1415 1.9308 -0.3865 -0.0031 0.0261] meas=[0.0031 0.1611 1.9359 -0.3712 -0.0031 0.0261] xyz=360.04,1.10,116.36 moved=21.006 track_wp20=1.481
t=3.500 phase=repeat idx=20 cmd=[-0.0228 0.1415 1.9308 -0.3865 -0.0031 0.0261] meas=[0.0031 0.1611 1.9359 -0.3712 -0.0031 0.0261] xyz=360.04,1.10,116.36 moved=21.006 track_wp20=1.481
t=3.546 phase=repeat idx=20 cmd=[-0.0228 0.1415 1.9308 -0.3865 -0.0031 0.0261] meas=[0.0031 0.1611 1.9359 -0.3712 -0.0031 0.0261] xyz=360.04,1.10,116.36 moved=21.006 track_wp20=1.481
t=3.609 phase=repeat idx=20 cmd=[-0.0228 0.1415 1.9308 -0.3865 -0.0031 0.0261] meas=[0.0031 0.1611 1.9359 -0.3712 -0.0031 0.0261] xyz=360.04,1.10,116.36 moved=21.006 track_wp20=1.481
t=3.656 phase=repeat idx=20 cmd=[-0.0228 0.1415 1.9308 -0.3865 -0.0031 0.0261] meas=[0.0031 0.1611 1.9359 -0.3712 -0.0031 0.0261] xyz=360.04,1.10,116.36 moved=21.006 track_wp20=1.481
t=3.703 phase=repeat idx=20 cmd=[-0.0228 0.1415 1.9308 -0.3865 -0.0031 0.0261] meas=[0.0031 0.1611 1.9359 -0.3712 -0.0031 0.0261] xyz=360.04,1.10,116.36 moved=21.006 track_wp20=1.481
t=3.750 phase=repeat idx=20 cmd=[-0.0228 0.1415 1.9308 -0.3865 -0.0031 0.0261] meas=[0.0031 0.1611 1.9359 -0.3712 -0.0031 0.0261] xyz=360.04,1.10,116.36 moved=21.006 track_wp20=1.481
t=3.812 phase=repeat idx=20 cmd=[-0.0228 0.1415 1.9308 -0.3865 -0.0031 0.0261] meas=[0.0031 0.1611 1.9359 -0.3712 -0.0031 0.0261] xyz=360.04,1.10,116.36 moved=21.006 track_wp20=1.481
t=3.843 phase=repeat idx=20 cmd=[-0.0228 0.1415 1.9308 -0.3865 -0.0031 0.0261] meas=[0.0031 0.1611 1.9359 -0.3712 -0.0031 0.0261] xyz=360.04,1.10,116.36 moved=21.006 track_wp20=1.481
t=3.906 phase=repeat idx=20 cmd=[-0.0228 0.1415 1.9308 -0.3865 -0.0031 0.0261] meas=[0.0031 0.1611 1.9359 -0.3712 -0.0031 0.0261] xyz=360.04,1.10,116.36 moved=21.006 track_wp20=1.481
t=3.953 phase=stop idx=None cmd=[-----] meas=[0.0031 0.1611 1.9359 -0.3712 -0.0031 0.0261] xyz=360.04,1.10,116.36 moved=21.006 track_wp20=1.481
t=3.984 phase=stop idx=None cmd=[-----] meas=[0.0031 0.1611 1.9359 -0.3712 -0.0031 0.0261] xyz=360.04,1.10,116.36 moved=21.006 track_wp20=1.481
t=4.015 phase=stop idx=None cmd=[-----] meas=[0.0031 0.1611 1.9359 -0.3712 -0.0031 0.0261] xyz=360.04,1.10,116.36 moved=21.006 track_wp20=1.481
t=4.062 phase=stop idx=None cmd=[-----] meas=[0.0031 0.1611 1.9359 -0.3712 -0.0031 0.0261] xyz=360.04,1.10,116.36 moved=21.006 track_wp20=1.481
t=4.109 phase=stop idx=None cmd=[-----] meas=[0.0031 0.1611 1.9359 -0.3712 -0.0031 0.0261] xyz=360.04,1.10,116.36 moved=21.006 track_wp20=1.481
t=4.156 phase=stop idx=None cmd=[-----] meas=[0.0031 0.1611 1.9359 -0.3712 -0.0031 0.0261] xyz=360.04,1.10,116.36 moved=21.006 track_wp20=1.481
t=4.203 phase=stop idx=None cmd=[-----] meas=[0.0031 0.1611 1.9359 -0.3712 -0.0031 0.0261] xyz=360.04,1.10,116.36 moved=21.006 track_wp20=1.481
t=4.250 phase=stop idx=None cmd=[-----] meas=[0.0031 0.1611 1.9359 -0.3712 -0.0031 0.0261] xyz=360.04,1.10,116.36 moved=21.006 track_wp20=1.481
t=4.312 phase=stop idx=None cmd=[-----] meas=[0.0031 0.1611 1.9359 -0.3712 -0.0031 0.0261] xyz=360.04,1.10,116.36 moved=21.006 track_wp20=1.481
t=4.343 phase=stop idx=None cmd=[-----] meas=[0.0031 0.1611 1.9359 -0.3712 -0.0031 0.0261] xyz=360.04,1.10,116.36 moved=21.006 track_wp20=1.481
t=4.406 phase=stop idx=None cmd=[-----] meas=[0.0031 0.1611 1.9359 -0.3712 -0.0031 0.0261] xyz=360.04,1.10,116.36 moved=21.006 track_wp20=1.481
t=4.453 phase=stop idx=None cmd=[-----] meas=[0.0031 0.1611 1.9359 -0.3712 -0.0031 0.0261] xyz=360.04,1.10,116.36 moved=21.006 track_wp20=1.481
t=4.515 phase=stop idx=None cmd=[-----] meas=[0.0031 0.1611 1.9359 -0.3712 -0.0031 0.0261] xyz=360.04,1.10,116.36 moved=21.006 track_wp20=1.481
t=4.546 phase=stop idx=None cmd=[-----] meas=[0.0031 0.1611 1.9359 -0.3712 -0.0031 0.0261] xyz=360.04,1.10,116.36 moved=21.006 track_wp20=1.481
t=4.609 phase=stop idx=None cmd=[-----] meas=[0.0031 0.1611 1.9359 -0.3712 -0.0031 0.0261] xyz=360.04,1.10,116.36 moved=21.006 track_wp20=1.481
t=4.656 phase=stop idx=None cmd=[-----] meas=[0.0031 0.1611 1.9359 -0.3712 -0.0031 0.0261] xyz=360.04,1.10,116.36 moved=21.006 track_wp20=1.481
t=4.703 phase=stop idx=None cmd=[-----] meas=[0.0031 0.1611 1.9359 -0.3712 -0.0031 0.0261] xyz=360.04,1.10,116.36 moved=21.006 track_wp20=1.481
t=4.750 phase=stop idx=None cmd=[-----] meas=[0.0031 0.1611 1.9359 -0.3712 -0.0031 0.0261] xyz=360.04,1.10,116.36 moved=21.006 track_wp20=1.481
t=4.796 phase=stop idx=None cmd=[-----] meas=[0.0031 0.1611 1.9359 -0.3712 -0.0031 0.0261] xyz=360.04,1.10,116.36 moved=21.006 track_wp20=1.481
t=4.859 phase=stop idx=None cmd=[-----] meas=[0.0031 0.1611 1.9359 -0.3712 -0.0031 0.0261] xyz=360.04,1.10,116.36 moved=21.006 track_wp20=1.481
t=4.906 phase=stop idx=None cmd=[-----] meas=[0.0031 0.1611 1.9359 -0.3712 -0.0031 0.0261] xyz=360.04,1.10,116.36 moved=21.006 track_wp20=1.481
t=4.953 phase=stop idx=None cmd=[-----] meas=[0.0031 0.1611 1.9359 -0.3712 -0.0031 0.0261] xyz=360.04,1.10,116.36 moved=21.006 track_wp20=1.481
t=5.015 phase=stop idx=None cmd=[-----] meas=[0.0031 0.1611 1.9359 -0.3712 -0.0031 0.0261] xyz=360.04,1.10,116.36 moved=21.006 track_wp20=1.481
t=5.046 phase=stop idx=None cmd=[-----] meas=[0.0031 0.1611 1.9359 -0.3712 -0.0031 0.0261] xyz=360.04,1.10,116.36 moved=21.006 track_wp20=1.481
t=5.109 phase=stop idx=None cmd=[-----] meas=[0.0031 0.1611 1.9359 -0.3712 -0.0031 0.0261] xyz=360.04,1.10,116.36 moved=21.006 track_wp20=1.481
t=5.156 phase=stop idx=None cmd=[-----] meas=[0.0031 0.1611 1.9359 -0.3712 -0.0031 0.0261] xyz=360.04,1.10,116.36 moved=21.006 track_wp20=1.481
t=5.203 phase=stop idx=None cmd=[-----] meas=[0.0031 0.1611 1.9359 -0.3712 -0.0031 0.0261] xyz=360.04,1.10,116.36 moved=21.006 track_wp20=1.481
t=5.250 phase=stop idx=None cmd=[-----] meas=[0.0031 0.1611 1.9359 -0.3712 -0.0031 0.0261] xyz=360.04,1.10,116.36 moved=21.006 track_wp20=1.481
t=5.296 phase=stop idx=None cmd=[-----] meas=[0.0031 0.1611 1.9359 -0.3712 -0.0031 0.0261] xyz=360.04,1.10,116.36 moved=21.006 track_wp20=1.481
t=5.359 phase=stop idx=None cmd=[-----] meas=[0.0031 0.1611 1.9359 -0.3712 -0.0031 0.0261] xyz=360.04,1.10,116.36 moved=21.006 track_wp20=1.481
t=5.406 phase=stop idx=None cmd=[-----] meas=[0.0031 0.1611 1.9359 -0.3712 -0.0031 0.0261] xyz=360.04,1.10,116.36 moved=21.006 track_wp20=1.481
t=5.453 phase=stop idx=None cmd=[-----] meas=[0.0031 0.1611 1.9359 -0.3712 -0.0031 0.0261] xyz=360.04,1.10,116.36 moved=21.006 track_wp20=1.481
t=5.500 phase=stop idx=None cmd=[-----] meas=[0.0031 0.1611 1.9359 -0.3712 -0.0031 0.0261] xyz=360.04,1.10,116.36 moved=21.006 track_wp20=1.481
t=5.562 phase=stop idx=None cmd=[-----] meas=[0.0031 0.1611 1.9359 -0.3712 -0.0031 0.0261] xyz=360.04,1.10,116.36 moved=21.006 track_wp20=1.481
t=5.593 phase=stop idx=None cmd=[-----] meas=[0.0031 0.1611 1.9359 -0.3712 -0.0031 0.0261] xyz=360.04,1.10,116.36 moved=21.006 track_wp20=1.481
t=5.656 phase=stop idx=None cmd=[-----] meas=[0.0031 0.1611 1.9359 -0.3712 -0.0031 0.0261] xyz=360.04,1.10,116.36 moved=21.006 track_wp20=1.481
t=5.703 phase=stop idx=None cmd=[-----] meas=[0.0031 0.1611 1.9359 -0.3712 -0.0031 0.0261] xyz=360.04,1.10,116.36 moved=21.006 track_wp20=1.481
t=5.765 phase=stop idx=None cmd=[-----] meas=[0.0031 0.1611 1.9359 -0.3712 -0.0031 0.0261] xyz=360.04,1.10,116.36 moved=21.006 track_wp20=1.481
t=5.796 phase=stop idx=None cmd=[-----] meas=[0.0031 0.1611 1.9359 -0.3712 -0.0031 0.0261] xyz=360.04,1.10,116.36 moved=21.006 track_wp20=1.481
t=5.859 phase=stop idx=None cmd=[-----] meas=[0.0031 0.1611 1.9359 -0.3712 -0.0031 0.0261] xyz=360.04,1.10,116.36 moved=21.006 track_wp20=1.481
