# 2026-08-25T16:58:29.257515+00:00  port=COM21  sdk=C:\Users\Mukund\AppData\Local\Programs\Python\Python312\Lib\site-packages\roarm_sdk  ik=C:\Users\Mukund\Documents\Ro-Arm\roarm_sdk\waveshare_ik.py  serial={"port": "COM21", "baudrate": 115200, "timeout": 0.1, "rtscts": false, "dsrdtr": false, "xonxoff": false, "rts": false, "dtr": true, "is_open": true}  home_xyz=[358.38 8.25 184.66]  constX=358.38
ts=24783.093 cmd_ts=0.000 fb_ts=0.000 leg=F idx=0 cmd=[0.0230 0.0675 1.6199 -0.0046 -0.0031 0.0261] meas=[0.0230 0.0675 1.6199 -0.0046 -0.0031 0.0261] xyz=358.38,8.25,184.66 track=0.0000
ts=24783.093 cmd_ts=0.000 fb_ts=0.000 leg=F idx=1 cmd=[0.0229 0.0690 1.6380 -0.0242 -0.0031 0.0261] meas=[0.0230 0.0675 1.6199 -0.0046 -0.0031 0.0261] xyz=358.38,8.25,184.66 track=0.0196
ts=24783.140 cmd_ts=0.047 fb_ts=0.047 leg=F idx=2 cmd=[0.0227 0.0708 1.6558 -0.0438 -0.0031 0.0261] meas=[0.0230 0.0675 1.6199 -0.0046 -0.0031 0.0261] xyz=358.38,8.25,184.66 track=0.0392
ts=24783.203 cmd_ts=0.110 fb_ts=0.110 leg=F idx=3 cmd=[0.0223 0.0727 1.6734 -0.0633 -0.0031 0.0261] meas=[0.0230 0.0675 1.6199 -0.0046 -0.0031 0.0261] xyz=358.38,8.25,184.66 track=0.0587
ts=24783.234 cmd_ts=0.141 fb_ts=0.141 leg=F idx=4 cmd=[0.0218 0.0749 1.6907 -0.0828 -0.0031 0.0261] meas=[0.0230 0.0675 1.6199 -0.0046 -0.0031 0.0261] xyz=358.38,8.25,184.66 track=0.0782
ts=24783.296 cmd_ts=0.203 fb_ts=0.203 leg=F idx=5 cmd=[0.0211 0.0774 1.7077 -0.1023 -0.0031 0.0261] meas=[0.0230 0.0675 1.6199 -0.0046 -0.0031 0.0261] xyz=358.38,8.25,184.66 track=0.0977
ts=24783.343 cmd_ts=0.250 fb_ts=0.250 leg=F idx=6 cmd=[0.0202 0.0800 1.7245 -0.1217 -0.0031 0.0261] meas=[0.0230 0.0675 1.6199 -0.0046 -0.0031 0.0261] xyz=358.38,8.25,184.66 track=0.1171
ts=24783.406 cmd_ts=0.313 fb_ts=0.313 leg=F idx=7 cmd=[0.0192 0.0829 1.7410 -0.1411 -0.0031 0.0261] meas=[0.0230 0.0675 1.6199 -0.0046 -0.0031 0.0261] xyz=358.38,8.25,184.66 track=0.1365
ts=24783.437 cmd_ts=0.344 fb_ts=0.344 leg=F idx=8 cmd=[0.0181 0.0859 1.7572 -0.1604 -0.0031 0.0261] meas=[0.0230 0.0675 1.6199 -0.0046 -0.0031 0.0261] xyz=358.38,8.25,184.66 track=0.1558
ts=24783.500 cmd_ts=0.407 fb_ts=0.407 leg=F idx=9 cmd=[0.0168 0.0892 1.7732 -0.1797 -0.0031 0.0261] meas=[0.0230 0.0675 1.6199 -0.0046 -0.0031 0.0261] xyz=358.38,8.25,184.66 track=0.1751
ts=24783.531 cmd_ts=0.438 fb_ts=0.438 leg=F idx=10 cmd=[0.0153 0.0927 1.7890 -0.1989 -0.0031 0.0261] meas=[0.0230 0.0675 1.6199 -0.0046 -0.0031 0.0261] xyz=358.38,8.25,184.66 track=0.1943
ts=24783.593 cmd_ts=0.500 fb_ts=0.500 leg=F idx=11 cmd=[0.0137 0.0964 1.8044 -0.2181 -0.0031 0.0261] meas=[0.0230 0.0675 1.6199 -0.0046 -0.0031 0.0261] xyz=358.38,8.25,184.66 track=0.2134
ts=24783.656 cmd_ts=0.563 fb_ts=0.563 leg=F idx=12 cmd=[0.0120 0.1003 1.8196 -0.2371 -0.0031 0.0261] meas=[0.0230 0.0675 1.6199 -0.0046 -0.0031 0.0261] xyz=358.38,8.25,184.66 track=0.2325
ts=24783.687 cmd_ts=0.594 fb_ts=0.594 leg=F idx=13 cmd=[0.0100 0.1045 1.8345 -0.2562 -0.0031 0.0261] meas=[0.0230 0.0675 1.6199 -0.0046 -0.0031 0.0261] xyz=358.38,8.25,184.66 track=0.2516
ts=24783.750 cmd_ts=0.657 fb_ts=0.657 leg=F idx=14 cmd=[0.0080 0.1088 1.8491 -0.2751 -0.0031 0.0261] meas=[0.0230 0.0675 1.6199 -0.0046 -0.0031 0.0261] xyz=358.38,8.25,184.66 track=0.2705
ts=24783.796 cmd_ts=0.703 fb_ts=0.703 leg=F idx=15 cmd=[0.0058 0.1133 1.8635 -0.2940 -0.0031 0.0261] meas=[0.0230 0.0675 1.6199 -0.0046 -0.0031 0.0261] xyz=358.38,8.25,184.66 track=0.2894
ts=24783.843 cmd_ts=0.750 fb_ts=0.750 leg=F idx=16 cmd=[0.0034 0.1180 1.8776 -0.3128 -0.0031 0.0261] meas=[0.0230 0.0675 1.6199 -0.0046 -0.0031 0.0261] xyz=358.38,8.25,184.66 track=0.3082
ts=24783.890 cmd_ts=0.797 fb_ts=0.797 leg=F idx=17 cmd=[0.0009 0.1229 1.8914 -0.3315 -0.0031 0.0261] meas=[0.0230 0.0675 1.6199 -0.0046 -0.0031 0.0261] xyz=358.38,8.25,184.66 track=0.3269
ts=24783.937 cmd_ts=0.844 fb_ts=0.844 leg=F idx=18 cmd=[-0.0017 0.1280 1.9049 -0.3501 -0.0031 0.0261] meas=[0.0230 0.0675 1.6199 -0.0046 -0.0031 0.0261] xyz=358.38,8.25,184.66 track=0.3455
ts=24784.000 cmd_ts=0.907 fb_ts=0.907 leg=F idx=19 cmd=[-0.0045 0.1333 1.9181 -0.3686 -0.0031 0.0261] meas=[0.0230 0.0675 1.6199 -0.0046 -0.0031 0.0261] xyz=358.38,8.25,184.66 track=0.3640
ts=24784.046 cmd_ts=0.953 fb_ts=0.953 leg=F idx=20 cmd=[-0.0075 0.1387 1.9311 -0.3870 -0.0031 0.0261] meas=[0.0230 0.0675 1.6199 -0.0046 -0.0031 0.0261] xyz=358.38,8.25,184.66 track=0.3824
ts=24784.093 cmd_ts=1.000 fb_ts=1.000 leg=F idx=21 cmd=[-0.0105 0.1443 1.9437 -0.4052 -0.0031 0.0261] meas=[0.0230 0.0675 1.6199 -0.0046 -0.0031 0.0261] xyz=358.38,8.25,184.66 track=0.4006
