# 2026-08-25T21:34:47.417295+00:00  tag=run16  port=COM21  sdk=C:\Users\Mukund\AppData\Local\Programs\Python\Python312\Lib\site-packages\roarm_sdk  ik=C:\Users\Mukund\Documents\Ro-Arm\roarm_sdk\waveshare_ik.py  home_xyz=[359.80 1.66 181.43]  constX=359.80  envelope=3.0deg sweep_max=10.0s move_tol=0.5deg progress_tol=0.1deg progress_stable=2 resume_tol=3.36deg
# attempt 1: M=[0.0046 0.0752 1.6214 -0.0046 -0.0031 0.0261]  i_target=2  max_disp=2.241 deg  per_joint=[0.02 0.20 2.04 2.24 0.00] deg
t=0.000 att=1 phase=pump idx=0 cmd=[0.0046 0.0752 1.6214 -0.0046 -0.0031 0.0261] meas=[0.0046 0.0752 1.6214 -0.0046 -0.0031 0.0261] moved=0.000 dist_tgt=2.241
t=0.000 att=1 phase=pump idx=1 cmd=[0.0046 0.0753 1.6225 -0.0057 -0.0031 0.0261] meas=[0.0046 0.0752 1.6214 -0.0046 -0.0031 0.0261] moved=0.000 dist_tgt=2.241
t=0.109 att=1 phase=pump idx=2 cmd=[0.0046 0.0754 1.6235 -0.0068 -0.0031 0.0261] meas=[0.0046 0.0752 1.6214 -0.0046 -0.0031 0.0261] moved=0.000 dist_tgt=2.241
t=0.109 att=1 phase=pump idx=3 cmd=[0.0046 0.0754 1.6245 -0.0080 -0.0031 0.0261] meas=[0.0046 0.0752 1.6214 -0.0046 -0.0031 0.0261] moved=0.000 dist_tgt=2.241
t=0.141 att=1 phase=pump idx=4 cmd=[0.0046 0.0755 1.6255 -0.0091 -0.0031 0.0261] meas=[0.0046 0.0752 1.6214 -0.0046 -0.0031 0.0261] moved=0.000 dist_tgt=2.241
t=0.203 att=1 phase=pump idx=5 cmd=[0.0046 0.0756 1.6266 -0.0102 -0.0031 0.0261] meas=[0.0046 0.0752 1.6214 -0.0046 -0.0031 0.0261] moved=0.000 dist_tgt=2.241
t=0.250 att=1 phase=pump idx=6 cmd=[0.0046 0.0757 1.6276 -0.0113 -0.0031 0.0261] meas=[0.0046 0.0752 1.6214 -0.0046 -0.0031 0.0261] moved=0.000 dist_tgt=2.241
t=0.297 att=1 phase=pump idx=7 cmd=[0.0046 0.0758 1.6286 -0.0124 -0.0031 0.0261] meas=[0.0046 0.0752 1.6214 -0.0046 -0.0031 0.0261] moved=0.000 dist_tgt=2.241
t=0.359 att=1 phase=pump idx=8 cmd=[0.0046 0.0759 1.6296 -0.0136 -0.0031 0.0261] meas=[0.0046 0.0752 1.6214 -0.0046 -0.0031 0.0261] moved=0.000 dist_tgt=2.241
t=0.406 att=1 phase=pump idx=9 cmd=[0.0046 0.0760 1.6307 -0.0147 -0.0031 0.0261] meas=[0.0046 0.0752 1.6214 -0.0046 -0.0031 0.0261] moved=0.000 dist_tgt=2.241
t=0.453 att=1 phase=pump idx=10 cmd=[0.0046 0.0761 1.6317 -0.0158 -0.0031 0.0261] meas=[0.0046 0.0752 1.6214 -0.0046 -0.0031 0.0261] moved=0.000 dist_tgt=2.241
t=0.500 att=1 phase=pump idx=11 cmd=[0.0046 0.0762 1.6327 -0.0169 -0.0031 0.0261] meas=[0.0046 0.0752 1.6214 -0.0046 -0.0031 0.0261] moved=0.000 dist_tgt=2.241
t=0.547 att=1 phase=pump idx=12 cmd=[0.0045 0.0763 1.6337 -0.0180 -0.0031 0.0261] meas=[0.0046 0.0752 1.6214 -0.0046 -0.0031 0.0261] moved=0.000 dist_tgt=2.241
t=0.594 att=1 phase=pump idx=13 cmd=[0.0045 0.0764 1.6347 -0.0191 -0.0031 0.0261] meas=[0.0046 0.0752 1.6214 -0.0046 -0.0031 0.0261] moved=0.000 dist_tgt=2.241
t=0.656 att=1 phase=pump idx=14 cmd=[0.0045 0.0765 1.6358 -0.0203 -0.0031 0.0261] meas=[0.0046 0.0752 1.6214 -0.0046 -0.0031 0.0261] moved=0.000 dist_tgt=2.241
t=0.703 att=1 phase=pump idx=15 cmd=[0.0045 0.0766 1.6368 -0.0214 -0.0031 0.0261] meas=[0.0046 0.0752 1.6214 -0.0046 -0.0031 0.0261] moved=0.000 dist_tgt=2.241
t=0.750 att=1 phase=pump idx=16 cmd=[0.0045 0.0767 1.6378 -0.0225 -0.0031 0.0261] meas=[0.0046 0.0752 1.6214 -0.0046 -0.0031 0.0261] moved=0.000 dist_tgt=2.241
t=0.797 att=1 phase=pump idx=17 cmd=[0.0045 0.0768 1.6388 -0.0236 -0.0031 0.0261] meas=[0.0046 0.0752 1.6214 -0.0046 -0.0031 0.0261] moved=0.000 dist_tgt=2.241
t=0.859 att=1 phase=pump idx=18 cmd=[0.0045 0.0769 1.6399 -0.0247 -0.0031 0.0261] meas=[0.0046 0.0752 1.6214 -0.0046 -0.0031 0.0261] moved=0.000 dist_tgt=2.241
t=0.891 att=1 phase=pump idx=19 cmd=[0.0045 0.0770 1.6409 -0.0259 -0.0031 0.0261] meas=[0.0046 0.0752 1.6230 -0.0046 -0.0031 0.0261] moved=0.088 dist_tgt=2.241
t=0.953 att=1 phase=pump idx=20 cmd=[0.0045 0.0771 1.6419 -0.0270 -0.0031 0.0261] meas=[0.0046 0.0920 1.6322 -0.0046 -0.0031 0.0261] moved=0.967 dist_tgt=2.241
t=1.000 att=1 phase=pump idx=21 cmd=[0.0045 0.0772 1.6429 -0.0281 -0.0031 0.0261] meas=[0.0046 0.0982 1.6337 -0.0046 -0.0031 0.0261] moved=1.318 dist_tgt=2.241
t=1.047 att=1 phase=pump idx=22 cmd=[0.0045 0.0773 1.6439 -0.0292 -0.0031 0.0261] meas=[0.0046 0.0966 1.6322 -0.0046 -0.0031 0.0261] moved=1.230 dist_tgt=2.241
t=1.109 att=1 phase=pump idx=23 cmd=[0.0045 0.0774 1.6449 -0.0303 -0.0031 0.0261] meas=[0.0046 0.1012 1.6368 -0.0046 -0.0031 0.0261] moved=1.494 dist_tgt=2.241
t=1.156 att=1 phase=pump idx=24 cmd=[0.0044 0.0775 1.6459 -0.0314 -0.0031 0.0261] meas=[0.0046 0.0997 1.6368 -0.0061 -0.0031 0.0261] moved=1.406 dist_tgt=2.153
t=1.187 att=1 phase=pump idx=25 cmd=[0.0044 0.0776 1.6469 -0.0326 -0.0031 0.0261] meas=[0.0046 0.1028 1.6429 -0.0061 -0.0031 0.0261] moved=1.582 dist_tgt=2.153
t=1.266 att=1 phase=pump idx=26 cmd=[0.0044 0.0777 1.6479 -0.0337 -0.0031 0.0261] meas=[0.0046 0.1028 1.6414 -0.0077 -0.0031 0.0261] moved=1.582 dist_tgt=2.065
t=1.297 att=1 phase=pump idx=27 cmd=[0.0044 0.0778 1.6490 -0.0348 -0.0031 0.0261] meas=[0.0046 0.1028 1.6444 -0.0077 -0.0031 0.0261] moved=1.582 dist_tgt=2.065
t=1.344 att=1 phase=pump idx=28 cmd=[0.0044 0.0779 1.6500 -0.0359 -0.0031 0.0261] meas=[0.0046 0.1028 1.6444 -0.0092 -0.0031 0.0261] moved=1.582 dist_tgt=1.977
t=1.406 att=1 phase=pump idx=29 cmd=[0.0044 0.0780 1.6510 -0.0370 -0.0031 0.0261] meas=[0.0046 0.1028 1.6490 -0.0107 -0.0031 0.0261] moved=1.582 dist_tgt=1.889
t=1.453 att=1 phase=pump idx=30 cmd=[0.0044 0.0781 1.6520 -0.0381 -0.0031 0.0261] meas=[0.0046 0.1028 1.6490 -0.0169 -0.0031 0.0261] moved=1.582 dist_tgt=1.538
t=1.500 att=1 phase=pump idx=31 cmd=[0.0043 0.0782 1.6530 -0.0392 -0.0031 0.0261] meas=[0.0046 0.1028 1.6521 -0.0169 -0.0031 0.0261] moved=1.758 dist_tgt=1.538
t=1.547 att=1 phase=pump idx=32 cmd=[0.0043 0.0783 1.6540 -0.0404 -0.0031 0.0261] meas=[0.0046 0.1028 1.6536 -0.0169 -0.0031 0.0261] moved=1.846 dist_tgt=1.538
t=1.609 att=1 phase=pump idx=33 cmd=[0.0043 0.0784 1.6550 -0.0415 -0.0031 0.0261] meas=[0.0046 0.1028 1.6582 -0.0199 -0.0031 0.0261] moved=2.109 dist_tgt=1.382
t=1.656 att=1 phase=pump idx=34 cmd=[0.0043 0.0786 1.6560 -0.0426 -0.0031 0.0261] meas=[0.0046 0.1028 1.6598 -0.0245 -0.0031 0.0261] moved=2.197 dist_tgt=1.382
t=1.703 att=1 phase=pump idx=35 cmd=[0.0043 0.0787 1.6570 -0.0437 -0.0031 0.0261] meas=[0.0046 0.1028 1.6598 -0.0261 -0.0031 0.0261] moved=2.197 dist_tgt=1.382
# attempt 1: NO commit after pump (arm command-deaf); retrying from newly measured state
# attempt 2: M=[0.0046 0.1028 1.6598 -0.0261 -0.0031 0.0261]  i_target=3  max_disp=2.128 deg  per_joint=[0.04 1.26 0.84 2.13 0.00] deg
t=0.000 att=2 phase=pump idx=0 cmd=[0.0046 0.0752 1.6214 -0.0046 -0.0031 0.0261] meas=[0.0046 0.1028 1.6598 -0.0261 -0.0031 0.0261] moved=0.000 dist_tgt=2.128
t=0.000 att=2 phase=pump idx=1 cmd=[0.0046 0.0753 1.6230 -0.0063 -0.0031 0.0261] meas=[0.0046 0.1028 1.6598 -0.0261 -0.0031 0.0261] moved=0.000 dist_tgt=2.128
t=0.047 att=2 phase=pump idx=2 cmd=[0.0046 0.0754 1.6245 -0.0080 -0.0031 0.0261] meas=[0.0046 0.1028 1.6598 -0.0261 -0.0031 0.0261] moved=0.000 dist_tgt=2.128
t=0.094 att=2 phase=pump idx=3 cmd=[0.0046 0.0756 1.6260 -0.0096 -0.0031 0.0261] meas=[0.0046 0.1028 1.6598 -0.0261 -0.0031 0.0261] moved=0.000 dist_tgt=2.128
t=0.157 att=2 phase=pump idx=4 cmd=[0.0046 0.0757 1.6276 -0.0113 -0.0031 0.0261] meas=[0.0046 0.1028 1.6598 -0.0245 -0.0031 0.0261] moved=0.088 dist_tgt=2.215
t=0.204 att=2 phase=pump idx=5 cmd=[0.0046 0.0759 1.6291 -0.0130 -0.0031 0.0261] meas=[0.0046 0.1028 1.6598 -0.0169 -0.0031 0.0261] moved=0.527 dist_tgt=2.655
t=0.250 att=2 phase=pump idx=6 cmd=[0.0046 0.0760 1.6307 -0.0147 -0.0031 0.0261] meas=[0.0046 0.1028 1.6598 -0.0138 -0.0031 0.0261] moved=0.703 dist_tgt=2.831
t=0.297 att=2 phase=pump idx=7 cmd=[0.0046 0.0761 1.6322 -0.0164 -0.0031 0.0261] meas=[0.0046 0.1028 1.6598 -0.0138 -0.0031 0.0261] moved=0.703 dist_tgt=2.831
t=0.360 att=2 phase=pump idx=8 cmd=[0.0045 0.0763 1.6337 -0.0180 -0.0031 0.0261] meas=[0.0046 0.1028 1.6598 -0.0138 -0.0031 0.0261] moved=0.703 dist_tgt=2.831
t=0.407 att=2 phase=pump idx=9 cmd=[0.0045 0.0764 1.6353 -0.0197 -0.0031 0.0261] meas=[0.0046 0.1028 1.6598 -0.0138 -0.0031 0.0261] moved=0.703 dist_tgt=2.831
t=0.454 att=2 phase=pump idx=10 cmd=[0.0045 0.0766 1.6368 -0.0214 -0.0031 0.0261] meas=[0.0046 0.1028 1.6598 -0.0138 -0.0031 0.0261] moved=0.703 dist_tgt=2.831
t=0.500 att=2 phase=pump idx=11 cmd=[0.0045 0.0767 1.6383 -0.0231 -0.0031 0.0261] meas=[0.0046 0.1028 1.6598 -0.0138 -0.0031 0.0261] moved=0.703 dist_tgt=2.831
t=0.563 att=2 phase=pump idx=12 cmd=[0.0045 0.0769 1.6399 -0.0247 -0.0031 0.0261] meas=[0.0046 0.1028 1.6598 -0.0138 -0.0031 0.0261] moved=0.703 dist_tgt=2.831
t=0.594 att=2 phase=pump idx=13 cmd=[0.0045 0.0770 1.6414 -0.0264 -0.0031 0.0261] meas=[0.0046 0.1028 1.6598 -0.0138 -0.0031 0.0261] moved=0.703 dist_tgt=2.831
t=0.657 att=2 phase=pump idx=14 cmd=[0.0045 0.0772 1.6429 -0.0281 -0.0031 0.0261] meas=[0.0046 0.1028 1.6598 -0.0138 -0.0031 0.0261] moved=0.703 dist_tgt=2.831
t=0.704 att=2 phase=pump idx=15 cmd=[0.0045 0.0773 1.6444 -0.0298 -0.0031 0.0261] meas=[0.0046 0.1028 1.6598 -0.0138 -0.0031 0.0261] moved=0.703 dist_tgt=2.831
t=0.750 att=2 phase=pump idx=16 cmd=[0.0044 0.0775 1.6459 -0.0314 -0.0031 0.0261] meas=[0.0046 0.1028 1.6598 -0.0138 -0.0031 0.0261] moved=0.703 dist_tgt=2.831
t=0.797 att=2 phase=pump idx=17 cmd=[0.0044 0.0777 1.6474 -0.0331 -0.0031 0.0261] meas=[0.0046 0.1028 1.6598 -0.0138 -0.0031 0.0261] moved=0.703 dist_tgt=2.831
t=0.860 att=2 phase=pump idx=18 cmd=[0.0044 0.0778 1.6490 -0.0348 -0.0031 0.0261] meas=[0.0046 0.1028 1.6598 -0.0138 -0.0031 0.0261] moved=0.703 dist_tgt=2.831
t=0.891 att=2 phase=pump idx=19 cmd=[0.0044 0.0780 1.6505 -0.0365 -0.0031 0.0261] meas=[0.0046 0.1028 1.6598 -0.0138 -0.0031 0.0261] moved=0.703 dist_tgt=2.831
t=0.954 att=2 phase=pump idx=20 cmd=[0.0044 0.0781 1.6520 -0.0381 -0.0031 0.0261] meas=[0.0046 0.1028 1.6598 -0.0169 -0.0031 0.0261] moved=0.527 dist_tgt=2.655
t=1.000 att=2 phase=pump idx=21 cmd=[0.0043 0.0783 1.6535 -0.0398 -0.0031 0.0261] meas=[0.0046 0.1028 1.6598 -0.0199 -0.0031 0.0261] moved=0.352 dist_tgt=2.479
t=1.047 att=2 phase=pump idx=22 cmd=[0.0043 0.0784 1.6550 -0.0415 -0.0031 0.0261] meas=[0.0046 0.1028 1.6598 -0.0199 -0.0031 0.0261] moved=0.352 dist_tgt=2.479
t=1.110 att=2 phase=pump idx=23 cmd=[0.0043 0.0786 1.6565 -0.0432 -0.0031 0.0261] meas=[0.0046 0.1028 1.6598 -0.0215 -0.0031 0.0261] moved=0.264 dist_tgt=2.391
t=1.157 att=2 phase=pump idx=24 cmd=[0.0043 0.0788 1.6580 -0.0448 -0.0031 0.0261] meas=[0.0046 0.1028 1.6598 -0.0245 -0.0031 0.0261] moved=0.088 dist_tgt=2.215
t=1.204 att=2 phase=pump idx=25 cmd=[0.0042 0.0790 1.6595 -0.0465 -0.0031 0.0261] meas=[0.0046 0.1028 1.6598 -0.0261 -0.0031 0.0261] moved=0.000 dist_tgt=2.128
t=1.250 att=2 phase=pump idx=26 cmd=[0.0042 0.0791 1.6610 -0.0482 -0.0031 0.0261] meas=[0.0046 0.1028 1.6598 -0.0261 -0.0031 0.0261] moved=0.000 dist_tgt=2.128
t=1.297 att=2 phase=pump idx=27 cmd=[0.0042 0.0793 1.6625 -0.0498 -0.0031 0.0261] meas=[0.0046 0.1028 1.6628 -0.0261 -0.0031 0.0261] moved=0.176 dist_tgt=2.128
t=1.344 att=2 phase=pump idx=28 cmd=[0.0041 0.0795 1.6640 -0.0515 -0.0031 0.0261] meas=[0.0046 0.1028 1.6628 -0.0276 -0.0031 0.0261] moved=0.176 dist_tgt=2.040
t=1.407 att=2 phase=pump idx=29 cmd=[0.0041 0.0797 1.6655 -0.0532 -0.0031 0.0261] meas=[0.0046 0.1028 1.6659 -0.0337 -0.0031 0.0261] moved=0.439 dist_tgt=1.688
t=1.454 att=2 phase=pump idx=30 cmd=[0.0041 0.0799 1.6670 -0.0549 -0.0031 0.0261] meas=[0.0046 0.1028 1.6674 -0.0353 -0.0031 0.0261] moved=0.527 dist_tgt=1.600
t=1.500 att=2 phase=pump idx=31 cmd=[0.0040 0.0800 1.6685 -0.0565 -0.0031 0.0261] meas=[0.0046 0.1028 1.6674 -0.0353 -0.0031 0.0261] moved=0.527 dist_tgt=1.600
t=1.563 att=2 phase=pump idx=32 cmd=[0.0040 0.0802 1.6700 -0.0582 -0.0031 0.0261] meas=[0.0046 0.1028 1.6705 -0.0353 -0.0031 0.0261] moved=0.615 dist_tgt=1.600
t=1.594 att=2 phase=pump idx=33 cmd=[0.0040 0.0804 1.6715 -0.0599 -0.0031 0.0261] meas=[0.0046 0.1028 1.6720 -0.0353 -0.0031 0.0261] moved=0.703 dist_tgt=1.600
t=1.657 att=2 phase=pump idx=34 cmd=[0.0039 0.0806 1.6729 -0.0615 -0.0031 0.0261] meas=[0.0046 0.1028 1.6720 -0.0368 -0.0031 0.0261] moved=0.703 dist_tgt=1.512
t=1.704 att=2 phase=pump idx=35 cmd=[0.0039 0.0808 1.6744 -0.0632 -0.0031 0.0261] meas=[0.0046 0.1028 1.6751 -0.0445 -0.0031 0.0261] moved=1.055 dist_tgt=1.262
# attempt 2: NO commit after pump (arm command-deaf); retrying from newly measured state
# attempt 3: M=[0.0046 0.1028 1.6812 -0.0460 -0.0031 0.0261]  i_target=4  max_disp=2.100 deg  per_joint=[0.07 1.13 0.59 2.10 0.00] deg
t=0.000 att=3 phase=pump idx=0 cmd=[0.0046 0.0752 1.6214 -0.0046 -0.0031 0.0261] meas=[0.0046 0.1028 1.6812 -0.0460 -0.0031 0.0261] moved=0.000 dist_tgt=2.100
t=0.000 att=3 phase=pump idx=1 cmd=[0.0046 0.0754 1.6235 -0.0068 -0.0031 0.0261] meas=[0.0046 0.1028 1.6812 -0.0460 -0.0031 0.0261] moved=0.000 dist_tgt=2.100
t=0.063 att=3 phase=pump idx=2 cmd=[0.0046 0.0755 1.6255 -0.0091 -0.0031 0.0261] meas=[0.0046 0.1028 1.6812 -0.0460 -0.0031 0.0261] moved=0.000 dist_tgt=2.100
t=0.141 att=3 phase=pump idx=3 cmd=[0.0046 0.0757 1.6276 -0.0113 -0.0031 0.0261] meas=[0.0046 0.1028 1.6812 -0.0460 -0.0031 0.0261] moved=0.000 dist_tgt=2.100
t=0.172 att=3 phase=pump idx=4 cmd=[0.0046 0.0759 1.6296 -0.0136 -0.0031 0.0261] meas=[0.0046 0.1028 1.6812 -0.0430 -0.0031 0.0261] moved=0.176 dist_tgt=2.276
t=0.203 att=3 phase=pump idx=5 cmd=[0.0046 0.0761 1.6317 -0.0158 -0.0031 0.0261] meas=[0.0046 0.1028 1.6797 -0.0337 -0.0031 0.0261] moved=0.703 dist_tgt=2.803
t=0.250 att=3 phase=pump idx=6 cmd=[0.0045 0.0763 1.6337 -0.0180 -0.0031 0.0261] meas=[0.0046 0.1028 1.6736 -0.0215 -0.0031 0.0261] moved=1.406 dist_tgt=3.506
t=0.313 att=3 phase=pump idx=7 cmd=[0.0045 0.0765 1.6358 -0.0203 -0.0031 0.0261] meas=[0.0046 0.1028 1.6705 -0.0184 -0.0031 0.0261] moved=1.582 dist_tgt=3.682
t=0.360 att=3 phase=pump idx=8 cmd=[0.0045 0.0767 1.6378 -0.0225 -0.0031 0.0261] meas=[0.0046 0.1028 1.6705 -0.0184 -0.0031 0.0261] moved=1.582 dist_tgt=3.682
t=0.391 att=3 phase=pump idx=9 cmd=[0.0045 0.0769 1.6399 -0.0247 -0.0031 0.0261] meas=[0.0046 0.1028 1.6705 -0.0184 -0.0031 0.0261] moved=1.582 dist_tgt=3.682
t=0.453 att=3 phase=pump idx=10 cmd=[0.0045 0.0771 1.6419 -0.0270 -0.0031 0.0261] meas=[0.0046 0.1028 1.6705 -0.0184 -0.0031 0.0261] moved=1.582 dist_tgt=3.682
t=0.500 att=3 phase=pump idx=11 cmd=[0.0045 0.0773 1.6439 -0.0292 -0.0031 0.0261] meas=[0.0046 0.1028 1.6705 -0.0184 -0.0031 0.0261] moved=1.582 dist_tgt=3.682
t=0.563 att=3 phase=pump idx=12 cmd=[0.0044 0.0775 1.6459 -0.0314 -0.0031 0.0261] meas=[0.0046 0.1028 1.6705 -0.0184 -0.0031 0.0261] moved=1.582 dist_tgt=3.682
t=0.594 att=3 phase=pump idx=13 cmd=[0.0044 0.0777 1.6479 -0.0337 -0.0031 0.0261] meas=[0.0046 0.1028 1.6705 -0.0184 -0.0031 0.0261] moved=1.582 dist_tgt=3.682
t=0.657 att=3 phase=pump idx=14 cmd=[0.0044 0.0779 1.6500 -0.0359 -0.0031 0.0261] meas=[0.0046 0.1028 1.6705 -0.0184 -0.0031 0.0261] moved=1.582 dist_tgt=3.682
t=0.703 att=3 phase=pump idx=15 cmd=[0.0044 0.0781 1.6520 -0.0381 -0.0031 0.0261] meas=[0.0046 0.1028 1.6705 -0.0184 -0.0031 0.0261] moved=1.582 dist_tgt=3.682
t=0.750 att=3 phase=pump idx=16 cmd=[0.0043 0.0783 1.6540 -0.0404 -0.0031 0.0261] meas=[0.0046 0.1028 1.6705 -0.0184 -0.0031 0.0261] moved=1.582 dist_tgt=3.682
t=0.797 att=3 phase=pump idx=17 cmd=[0.0043 0.0786 1.6560 -0.0426 -0.0031 0.0261] meas=[0.0046 0.1028 1.6705 -0.0184 -0.0031 0.0261] moved=1.582 dist_tgt=3.682
t=0.860 att=3 phase=pump idx=18 cmd=[0.0043 0.0788 1.6580 -0.0448 -0.0031 0.0261] meas=[0.0046 0.1028 1.6705 -0.0184 -0.0031 0.0261] moved=1.582 dist_tgt=3.682
t=0.907 att=3 phase=pump idx=19 cmd=[0.0042 0.0790 1.6600 -0.0471 -0.0031 0.0261] meas=[0.0046 0.1028 1.6705 -0.0245 -0.0031 0.0261] moved=1.230 dist_tgt=3.330
t=0.953 att=3 phase=pump idx=20 cmd=[0.0042 0.0793 1.6620 -0.0493 -0.0031 0.0261] meas=[0.0046 0.1028 1.6705 -0.0261 -0.0031 0.0261] moved=1.143 dist_tgt=3.243
t=1.000 att=3 phase=pump idx=21 cmd=[0.0041 0.0795 1.6640 -0.0515 -0.0031 0.0261] meas=[0.0046 0.1028 1.6705 -0.0291 -0.0031 0.0261] moved=0.967 dist_tgt=3.067
t=1.063 att=3 phase=pump idx=22 cmd=[0.0041 0.0797 1.6660 -0.0537 -0.0031 0.0261] meas=[0.0046 0.1028 1.6705 -0.0291 -0.0031 0.0261] moved=0.967 dist_tgt=3.067
t=1.094 att=3 phase=pump idx=23 cmd=[0.0041 0.0800 1.6680 -0.0560 -0.0031 0.0261] meas=[0.0046 0.1028 1.6705 -0.0307 -0.0031 0.0261] moved=0.879 dist_tgt=2.979
t=1.157 att=3 phase=pump idx=24 cmd=[0.0040 0.0802 1.6700 -0.0582 -0.0031 0.0261] meas=[0.0046 0.1028 1.6705 -0.0353 -0.0031 0.0261] moved=0.615 dist_tgt=2.715
t=1.203 att=3 phase=pump idx=25 cmd=[0.0040 0.0805 1.6720 -0.0604 -0.0031 0.0261] meas=[0.0046 0.1028 1.6705 -0.0383 -0.0031 0.0261] moved=0.615 dist_tgt=2.539
# attempt 3 COMMITTED in phase=pump at t=1.203 s meas=[0.0046 0.1028 1.6705 -0.0383 -0.0031 0.0261]  t102_continuous=True
===== CONTINUOUS FORWARD: direct transition to wp=2 compat_err=1.382deg (NO align hold, NO T102 gap) =====
adv t=0.000 leg=F idx=2 cmd=[0.0043 0.0787 1.6570 -0.0437 -0.0031 0.0261] meas=[0.0046 0.1028 1.6720 -0.0383 -0.0031 0.0261] xyz=362.69,1.67,161.40 track=0.0241
adv t=0.063 leg=F idx=3 cmd=[0.0039 0.0808 1.6744 -0.0632 -0.0031 0.0261] meas=[0.0046 0.1028 1.6720 -0.0383 -0.0031 0.0261] xyz=362.69,1.67,161.40 track=0.0249
adv t=0.110 leg=F idx=4 cmd=[0.0034 0.0831 1.6916 -0.0827 -0.0031 0.0261] meas=[0.0046 0.1028 1.6797 -0.0445 -0.0031 0.0261] xyz=362.40,1.67,160.06 track=0.0382
adv t=0.141 leg=F idx=5 cmd=[0.0027 0.0856 1.7085 -0.1021 -0.0031 0.0261] meas=[0.0046 0.1028 1.6797 -0.0445 -0.0031 0.0261] xyz=362.40,1.67,160.06 track=0.0576
adv t=0.203 leg=F idx=6 cmd=[0.0018 0.0884 1.7251 -0.1215 -0.0031 0.0261] meas=[0.0046 0.1028 1.6797 -0.0445 -0.0031 0.0261] xyz=362.40,1.67,160.06 track=0.0770
adv t=0.250 leg=F idx=7 cmd=[0.0008 0.0914 1.7414 -0.1408 -0.0031 0.0261] meas=[0.0046 0.1028 1.6904 -0.0552 -0.0031 0.0261] xyz=362.06,1.67,158.55 track=0.0856
adv t=0.297 leg=F idx=8 cmd=[-0.0003 0.0946 1.7575 -0.1601 -0.0031 0.0261] meas=[0.0046 0.1028 1.7043 -0.0690 -0.0031 0.0261] xyz=361.61,1.66,156.61 track=0.0910
adv t=0.360 leg=F idx=9 cmd=[-0.0016 0.0980 1.7733 -0.1793 -0.0031 0.0261] meas=[0.0046 0.1043 1.7135 -0.0813 -0.0031 0.0261] xyz=361.66,1.66,155.27 track=0.0980
adv t=0.407 leg=F idx=10 cmd=[-0.0031 0.1016 1.7888 -0.1985 -0.0031 0.0261] meas=[0.0046 0.1120 1.7380 -0.1074 -0.0031 0.0261] xyz=361.97,1.67,149.33 track=0.0911
adv t=0.438 leg=F idx=11 cmd=[-0.0047 0.1055 1.8041 -0.2176 -0.0031 0.0261] meas=[0.0046 0.1120 1.7441 -0.1197 -0.0031 0.0261] xyz=361.98,1.67,149.50 track=0.0979
adv t=0.500 leg=F idx=12 cmd=[-0.0064 0.1095 1.8191 -0.2366 -0.0031 0.0261] meas=[0.0046 0.1150 1.7549 -0.1335 -0.0031 0.0261] xyz=362.12,1.67,147.42 track=0.1032
adv t=0.563 leg=F idx=13 cmd=[-0.0083 0.1138 1.8338 -0.2556 -0.0031 0.0261] meas=[0.0046 0.1150 1.7856 -0.1641 -0.0031 0.0261] xyz=360.75,1.66,143.20 track=0.0914
adv t=0.594 leg=F idx=14 cmd=[-0.0104 0.1183 1.8482 -0.2745 -0.0031 0.0261] meas=[0.0046 0.1227 1.7994 -0.1810 -0.0031 0.0261] xyz=361.29,1.66,139.07 track=0.0935
adv t=0.657 leg=F idx=15 cmd=[-0.0126 0.1229 1.8623 -0.2933 -0.0031 0.0261] meas=[0.0046 0.1243 1.8070 -0.1933 -0.0031 0.0261] xyz=361.32,1.66,138.24 track=0.1000
adv t=0.703 leg=F idx=16 cmd=[-0.0149 0.1278 1.8762 -0.3120 -0.0031 0.0261] meas=[0.0046 0.1304 1.8316 -0.2240 -0.0031 0.0261] xyz=361.11,1.66,133.75 track=0.0880
adv t=0.750 leg=F idx=17 cmd=[-0.0174 0.1329 1.8897 -0.3306 -0.0031 0.0261] meas=[0.0046 0.1335 1.8454 -0.2408 -0.0031 0.0261] xyz=360.87,1.66,131.32 track=0.0898
adv t=0.797 leg=F idx=18 cmd=[-0.0200 0.1381 1.9030 -0.3491 -0.0031 0.0261] meas=[0.0046 0.1350 1.8546 -0.2516 -0.0031 0.0261] xyz=360.60,1.66,129.80 track=0.0975
adv t=0.844 leg=F idx=19 cmd=[-0.0228 0.1435 1.9160 -0.3675 -0.0031 0.0261] meas=[0.0046 0.1442 1.8745 -0.2807 -0.0031 0.0261] xyz=360.95,1.66,125.40 track=0.0868
adv t=0.907 leg=F idx=20 cmd=[-0.0257 0.1491 1.9287 -0.3858 -0.0031 0.0261] meas=[0.0046 0.1488 1.8883 -0.2961 -0.0031 0.0261] xyz=360.70,1.66,122.21 track=0.0897
adv t=0.953 leg=F idx=21 cmd=[-0.0288 0.1549 1.9411 -0.4040 -0.0031 0.0261] meas=[0.0046 0.1519 1.8975 -0.3206 -0.0031 0.0261] xyz=361.11,1.66,122.48 track=0.0834
adv t=1.000 leg=F idx=22 cmd=[-0.0320 0.1608 1.9531 -0.4220 -0.0031 0.0261] meas=[0.0046 0.1549 1.9144 -0.3359 -0.0031 0.0261] xyz=360.27,1.66,118.97 track=0.0860
adv t=1.063 leg=F idx=23 cmd=[-0.0354 0.1669 1.9649 -0.4399 -0.0031 0.0261] meas=[0.0031 0.1595 1.9190 -0.3467 -0.0031 0.0261] xyz=360.75,1.11,117.75 track=0.0932
adv t=1.110 leg=F idx=24 cmd=[-0.0389 0.1732 1.9764 -0.4576 -0.0031 0.0261] meas=[-0.0015 0.1687 1.9420 -0.3743 -0.0031 0.0261] xyz=360.34,-0.55,112.32 track=0.0833
adv t=1.141 leg=F idx=25 cmd=[-0.0425 0.1796 1.9875 -0.4751 -0.0031 0.0261] meas=[-0.0031 0.1749 1.9528 -0.3896 -0.0031 0.0261] xyz=360.40,-1.11,109.56 track=0.0855
adv t=1.203 leg=F idx=26 cmd=[-0.0462 0.1861 1.9984 -0.4925 -0.0031 0.0261] meas=[-0.0061 0.1795 1.9589 -0.3988 -0.0031 0.0261] xyz=360.55,-2.21,107.66 track=0.0937
adv t=1.250 leg=F idx=27 cmd=[-0.0501 0.1928 2.0089 -0.5097 -0.0031 0.0261] meas=[-0.0123 0.1871 1.9773 -0.4280 -0.0031 0.0261] xyz=360.34,-4.42,104.46 track=0.0817
adv t=1.297 leg=F idx=28 cmd=[-0.0541 0.1996 2.0191 -0.5267 -0.0031 0.0261] meas=[-0.0184 0.1933 1.9865 -0.4433 -0.0031 0.0261] xyz=360.45,-6.64,102.18 track=0.0834
adv t=1.360 leg=F idx=29 cmd=[-0.0583 0.2066 2.0290 -0.5436 -0.0031 0.0261] meas=[-0.0230 0.2025 1.9988 -0.4663 -0.0031 0.0261] xyz=360.76,-8.30,99.21 track=0.0772
adv t=1.407 leg=F idx=30 cmd=[-0.0626 0.2136 2.0385 -0.5602 -0.0031 0.0261] meas=[-0.0261 0.2071 2.0110 -0.4786 -0.0031 0.0261] xyz=360.12,-9.39,96.13 track=0.0815
adv t=1.453 leg=F idx=31 cmd=[-0.0670 0.2208 2.0478 -0.5765 -0.0031 0.0261] meas=[-0.0261 0.2102 2.0126 -0.4893 -0.0031 0.0261] xyz=360.67,-9.41,96.38 track=0.0872
adv t=1.500 leg=F idx=32 cmd=[-0.0715 0.2280 2.0566 -0.5927 -0.0031 0.0261] meas=[-0.0307 0.2148 2.0187 -0.5016 -0.0031 0.0261] xyz=360.77,-11.07,95.05 track=0.0911
adv t=1.547 leg=F idx=33 cmd=[-0.0762 0.2353 2.0652 -0.6086 -0.0031 0.0261] meas=[-0.0353 0.2270 2.0402 -0.5292 -0.0031 0.0261] xyz=360.15,-12.71,89.23 track=0.0793
adv t=1.610 leg=F idx=34 cmd=[-0.0809 0.2428 2.0734 -0.6242 -0.0031 0.0261] meas=[-0.0399 0.2347 2.0494 -0.5446 -0.0031 0.0261] xyz=360.16,-14.37,86.48 track=0.0796
adv t=1.657 leg=F idx=35 cmd=[-0.0858 0.2503 2.0813 -0.6396 -0.0031 0.0261] meas=[-0.0476 0.2439 2.0601 -0.5676 -0.0031 0.0261] xyz=360.31,-17.15,84.05 track=0.0720
adv t=1.703 leg=F idx=36 cmd=[-0.0908 0.2578 2.0888 -0.6546 -0.0031 0.0261] meas=[-0.0506 0.2500 2.0663 -0.5798 -0.0031 0.0261] xyz=360.43,-18.26,82.20 track=0.0748
adv t=1.750 leg=F idx=37 cmd=[-0.0959 0.2654 2.0960 -0.6694 -0.0031 0.0261] meas=[-0.0522 0.2531 2.0678 -0.5890 -0.0031 0.0261] xyz=360.82,-18.84,82.22 track=0.0804
adv t=1.813 leg=F idx=38 cmd=[-0.1012 0.2731 2.1028 -0.6839 -0.0031 0.0261] meas=[-0.0598 0.2669 2.0847 -0.6136 -0.0031 0.0261] xyz=360.39,-21.59,76.75 track=0.0703
adv t=1.844 leg=F idx=39 cmd=[-0.1065 0.2808 2.1093 -0.6981 -0.0031 0.0261] meas=[-0.0629 0.2746 2.0893 -0.6259 -0.0031 0.0261] xyz=360.75,-22.72,74.79 track=0.0722
adv t=1.907 leg=F idx=40 cmd=[-0.1119 0.2885 2.1155 -0.7120 -0.0031 0.0261] meas=[-0.0675 0.2777 2.0954 -0.6351 -0.0031 0.0261] xyz=360.37,-24.36,73.58 track=0.0769
adv t=1.953 leg=F idx=41 cmd=[-0.1175 0.2962 2.1213 -0.7255 -0.0031 0.0261] meas=[-0.0752 0.2899 2.1062 -0.6581 -0.0031 0.0261] xyz=360.44,-27.14,70.13 track=0.0674
adv t=2.000 leg=F idx=42 cmd=[-0.1231 0.3039 2.1267 -0.7386 -0.0031 0.0261] meas=[-0.0813 0.2961 2.1092 -0.6703 -0.0031 0.0261] xyz=360.75,-29.39,69.15 track=0.0683
adv t=2.047 leg=F idx=43 cmd=[-0.1289 0.3116 2.1318 -0.7514 -0.0031 0.0261] meas=[-0.0859 0.2991 2.1138 -0.6780 -0.0031 0.0261] xyz=360.46,-31.04,68.11 track=0.0734
adv t=2.110 leg=F idx=44 cmd=[-0.1347 0.3194 2.1365 -0.7639 -0.0031 0.0261] meas=[-0.0936 0.3099 2.1230 -0.7026 -0.0031 0.0261] xyz=360.56,-33.84,65.91 track=0.0613
adv t=2.141 leg=F idx=45 cmd=[-0.1406 0.3270 2.1409 -0.7759 -0.0031 0.0261] meas=[-0.0982 0.3160 2.1292 -0.7133 -0.0031 0.0261] xyz=360.31,-35.49,63.88 track=0.0626
adv t=2.203 leg=F idx=46 cmd=[-0.1466 0.3347 2.1449 -0.7876 -0.0031 0.0261] meas=[-0.1028 0.3221 2.1307 -0.7210 -0.0031 0.0261] xyz=360.61,-37.19,62.55 track=0.0666
adv t=2.250 leg=F idx=47 cmd=[-0.1527 0.3423 2.1485 -0.7988 -0.0031 0.0261] meas=[-0.1089 0.3329 2.1384 -0.7424 -0.0031 0.0261] xyz=360.73,-39.44,60.26 track=0.0564
adv t=2.297 leg=F idx=48 cmd=[-0.1589 0.3498 2.1518 -0.8097 -0.0031 0.0261] meas=[-0.1166 0.3405 2.1430 -0.7532 -0.0031 0.0261] xyz=360.60,-42.23,58.10 track=0.0565
adv t=2.360 leg=F idx=49 cmd=[-0.1651 0.3573 2.1548 -0.8201 -0.0031 0.0261] meas=[-0.1258 0.3513 2.1491 -0.7670 -0.0031 0.0261] xyz=360.41,-45.57,54.94 track=0.0531
adv t=2.407 leg=F idx=50 cmd=[-0.1715 0.3648 2.1573 -0.8301 -0.0031 0.0261] meas=[-0.1304 0.3559 2.1491 -0.7777 -0.0031 0.0261] xyz=360.88,-47.32,55.07 track=0.0524
adv t=2.438 leg=F idx=51 cmd=[-0.1779 0.3721 2.1596 -0.8397 -0.0031 0.0261] meas=[-0.1335 0.3605 2.1491 -0.7823 -0.0031 0.0261] xyz=361.16,-48.49,54.16 track=0.0574
adv t=2.500 leg=F idx=52 cmd=[-0.1843 0.3794 2.1615 -0.8488 -0.0031 0.0261] meas=[-0.1381 0.3666 2.1537 -0.7915 -0.0031 0.0261] xyz=360.91,-50.15,52.31 track=0.0573
adv t=2.563 leg=F idx=53 cmd=[-0.1909 0.3865 2.1630 -0.8575 -0.0031 0.0261] meas=[-0.1457 0.3820 2.1583 -0.8099 -0.0031 0.0261] xyz=361.30,-53.03,48.64 track=0.0476
adv t=2.641 leg=F idx=54 cmd=[-0.1975 0.3936 2.1641 -0.8657 -0.0031 0.0261] meas=[-0.1503 0.3896 2.1583 -0.8191 -0.0031 0.0261] xyz=361.78,-54.80,47.38 track=0.0471
adv t=2.657 leg=F idx=55 cmd=[-0.2041 0.4005 2.1650 -0.8735 -0.0031 0.0261] meas=[-0.1595 0.3958 2.1614 -0.8299 -0.0031 0.0261] xyz=361.49,-58.16,46.17 track=0.0446
adv t=2.703 leg=F idx=56 cmd=[-0.2108 0.4073 2.1654 -0.8808 -0.0031 0.0261] meas=[-0.1626 0.3988 2.1629 -0.8345 -0.0031 0.0261] xyz=361.39,-59.29,45.44 track=0.0482
adv t=2.750 leg=F idx=57 cmd=[-0.2176 0.4140 2.1656 -0.8876 -0.0031 0.0261] meas=[-0.1672 0.4050 2.1660 -0.8422 -0.0031 0.0261] xyz=361.20,-60.96,43.72 track=0.0504
adv t=2.797 leg=F idx=58 cmd=[-0.2244 0.4206 2.1654 -0.8940 -0.0031 0.0261] meas=[-0.1779 0.4203 2.1660 -0.8560 -0.0031 0.0261] xyz=361.71,-65.05,40.40 track=0.0464
adv t=2.860 leg=F idx=59 cmd=[-0.2312 0.4270 2.1648 -0.8998 -0.0031 0.0261] meas=[-0.1841 0.4264 2.1660 -0.8621 -0.0031 0.0261] xyz=361.79,-67.36,39.17 track=0.0472
adv t=2.922 leg=F idx=60 cmd=[-0.2381 0.4333 2.1639 -0.9052 -0.0031 0.0261] meas=[-0.1933 0.4295 2.1660 -0.8728 -0.0031 0.0261] xyz=361.70,-70.79,39.84 track=0.0448
adv t=2.953 leg=F idx=61 cmd=[-0.2450 0.4394 2.1627 -0.9101 -0.0031 0.0261] meas=[-0.1963 0.4357 2.1660 -0.8774 -0.0031 0.0261] xyz=361.89,-71.98,38.35 track=0.0487
adv t=3.000 leg=F idx=62 cmd=[-0.2520 0.4454 2.1611 -0.9145 -0.0031 0.0261] meas=[-0.2010 0.4403 2.1660 -0.8820 -0.0031 0.0261] xyz=361.91,-73.72,37.42 track=0.0510
adv t=3.047 leg=F idx=63 cmd=[-0.2590 0.4512 2.1592 -0.9184 -0.0031 0.0261] meas=[-0.2071 0.4449 2.1660 -0.8866 -0.0031 0.0261] xyz=361.79,-76.01,36.49 track=0.0519
adv t=3.110 leg=F idx=64 cmd=[-0.2660 0.4569 2.1570 -0.9219 -0.0031 0.0261] meas=[-0.2178 0.4556 2.1660 -0.8943 -0.0031 0.0261] xyz=361.62,-80.04,33.80 track=0.0482
adv t=3.141 leg=F idx=65 cmd=[-0.2730 0.4624 2.1544 -0.9248 -0.0031 0.0261] meas=[-0.2240 0.4617 2.1660 -0.8989 -0.0031 0.0261] xyz=361.50,-82.34,32.30 track=0.0491
adv t=3.203 leg=F idx=66 cmd=[-0.2801 0.4677 2.1516 -0.9273 -0.0031 0.0261] meas=[-0.2301 0.4633 2.1660 -0.9004 -0.0031 0.0261] xyz=361.10,-84.59,31.99 track=0.0500
adv t=3.250 leg=F idx=67 cmd=[-0.2871 0.4729 2.1484 -0.9293 -0.0031 0.0261] meas=[-0.2393 0.4740 2.1660 -0.9066 -0.0031 0.0261] xyz=360.87,-88.04,29.03 track=0.0478
adv t=3.297 leg=F idx=68 cmd=[-0.2942 0.4779 2.1449 -0.9308 -0.0031 0.0261] meas=[-0.2470 0.4786 2.1660 -0.9097 -0.0031 0.0261] xyz=360.43,-90.87,27.83 track=0.0472
adv t=3.360 leg=F idx=69 cmd=[-0.3013 0.4827 2.1411 -0.9318 -0.0031 0.0261] meas=[-0.2562 0.4832 2.1660 -0.9097 -0.0031 0.0261] xyz=359.70,-94.22,26.12 track=0.0451
adv t=3.407 leg=F idx=70 cmd=[-0.3084 0.4873 2.1370 -0.9324 -0.0031 0.0261] meas=[-0.2608 0.4893 2.1660 -0.9112 -0.0031 0.0261] xyz=359.48,-95.93,24.09 track=0.0476
adv t=3.438 leg=F idx=71 cmd=[-0.3154 0.4918 2.1326 -0.9324 -0.0031 0.0261] meas=[-0.2654 0.4924 2.1660 -0.9143 -0.0031 0.0261] xyz=359.23,-97.63,23.46 track=0.0501
adv t=3.500 leg=F idx=72 cmd=[-0.3225 0.4961 2.1279 -0.9320 -0.0031 0.0261] meas=[-0.2715 0.4970 2.1660 -0.9173 -0.0031 0.0261] xyz=358.85,-99.90,22.26 track=0.0510
adv t=3.563 leg=F idx=73 cmd=[-0.3296 0.5002 2.1229 -0.9311 -0.0031 0.0261] meas=[-0.2823 0.5062 2.1660 -0.9173 -0.0031 0.0261] xyz=357.94,-103.80,18.83 track=0.0473
adv t=3.610 leg=F idx=74 cmd=[-0.3366 0.5042 2.1176 -0.9298 -0.0031 0.0261] meas=[-0.2930 0.5154 2.1660 -0.9173 -0.0031 0.0261] xyz=356.96,-107.68,15.40 track=0.0484
adv t=3.657 leg=F idx=75 cmd=[-0.3437 0.5079 2.1121 -0.9280 -0.0031 0.0261] meas=[-0.2976 0.5170 2.1644 -0.9173 -0.0031 0.0261] xyz=356.74,-109.41,15.18 track=0.0524
adv t=3.703 leg=F idx=76 cmd=[-0.3507 0.5115 2.1062 -0.9258 -0.0031 0.0261] meas=[-0.3022 0.5170 2.1629 -0.9173 -0.0031 0.0261] xyz=356.49,-111.13,15.53 track=0.0567
adv t=3.750 leg=F idx=77 cmd=[-0.3577 0.5150 2.1001 -0.9231 -0.0031 0.0261] meas=[-0.3053 0.5170 2.1629 -0.9173 -0.0031 0.0261] xyz=356.15,-112.23,15.53 track=0.0628
adv t=3.797 leg=F idx=78 cmd=[-0.3647 0.5182 2.0937 -0.9199 -0.0031 0.0261] meas=[-0.3160 0.5262 2.1491 -0.9173 -0.0031 0.0261] xyz=357.35,-116.84,15.27 track=0.0554
adv t=3.860 leg=F idx=79 cmd=[-0.3716 0.5213 2.0870 -0.9164 -0.0031 0.0261] meas=[-0.3237 0.5308 2.1430 -0.9173 -0.0031 0.0261] xyz=357.52,-119.94,14.96 track=0.0559
adv t=3.907 leg=F idx=80 cmd=[-0.3786 0.5243 2.0801 -0.9124 -0.0031 0.0261] meas=[-0.3344 0.5338 2.1353 -0.9173 -0.0031 0.0261] xyz=357.52,-124.22,15.57 track=0.0552
adv t=3.953 leg=F idx=81 cmd=[-0.3855 0.5270 2.0729 -0.9080 -0.0031 0.0261] meas=[-0.3390 0.5338 2.1307 -0.9173 -0.0031 0.0261] xyz=357.69,-126.13,16.64 track=0.0578
adv t=4.000 leg=F idx=82 cmd=[-0.3923 0.5296 2.0655 -0.9031 -0.0031 0.0261] meas=[-0.3421 0.5338 2.1261 -0.9173 -0.0031 0.0261] xyz=358.04,-127.49,17.72 track=0.0606
adv t=4.063 leg=F idx=83 cmd=[-0.3991 0.5321 2.0578 -0.8979 -0.0031 0.0261] meas=[-0.3497 0.5400 2.1154 -0.9173 -0.0031 0.0261] xyz=358.88,-130.90,17.89 track=0.0576
adv t=4.094 leg=F idx=84 cmd=[-0.4059 0.5344 2.0498 -0.8922 -0.0031 0.0261] meas=[-0.3543 0.5461 2.1092 -0.9173 -0.0031 0.0261] xyz=359.35,-132.95,16.99 track=0.0594
adv t=4.157 leg=F idx=85 cmd=[-0.4126 0.5365 2.0416 -0.8862 -0.0031 0.0261] meas=[-0.3590 0.5507 2.1062 -0.9127 -0.0031 0.0261] xyz=359.11,-134.74,15.17 track=0.0645
adv t=4.203 leg=F idx=86 cmd=[-0.4193 0.5385 2.0332 -0.8798 -0.0031 0.0261] meas=[-0.3697 0.5538 2.0954 -0.9020 -0.0031 0.0261] xyz=358.96,-139.10,14.72 track=0.0622
adv t=4.250 leg=F idx=87 cmd=[-0.4259 0.5404 2.0245 -0.8730 -0.0031 0.0261] meas=[-0.3774 0.5538 2.0893 -0.8974 -0.0031 0.0261] xyz=358.67,-142.16,15.40 track=0.0647
adv t=4.297 leg=F idx=88 cmd=[-0.4325 0.5421 2.0156 -0.8658 -0.0031 0.0261] meas=[-0.3820 0.5538 2.0847 -0.8974 -0.0031 0.0261] xyz=358.74,-144.10,16.49 track=0.0690
adv t=4.360 leg=F idx=89 cmd=[-0.4390 0.5437 2.0065 -0.8582 -0.0031 0.0261] meas=[-0.3942 0.5553 2.0709 -0.8866 -0.0031 0.0261] xyz=358.69,-149.22,17.38 track=0.0644
adv t=4.407 leg=F idx=90 cmd=[-0.4455 0.5452 1.9971 -0.8503 -0.0031 0.0261] meas=[-0.3988 0.5599 2.0632 -0.8805 -0.0031 0.0261] xyz=359.02,-151.30,16.39 track=0.0661
adv t=4.438 leg=F idx=91 cmd=[-0.4519 0.5465 1.9875 -0.8421 -0.0031 0.0261] meas=[-0.4034 0.5614 2.0601 -0.8790 -0.0031 0.0261] xyz=358.76,-153.14,16.27 track=0.0726
adv t=4.500 leg=F idx=92 cmd=[-0.4583 0.5478 1.9777 -0.8335 -0.0031 0.0261] meas=[-0.4142 0.5630 2.0463 -0.8636 -0.0031 0.0261] xyz=358.64,-157.66,16.41 track=0.0686
adv t=4.563 leg=F idx=93 cmd=[-0.4645 0.5489 1.9677 -0.8246 -0.0031 0.0261] meas=[-0.4203 0.5676 2.0387 -0.8575 -0.0031 0.0261] xyz=358.66,-160.30,15.43 track=0.0710
adv t=4.610 leg=F idx=94 cmd=[-0.4708 0.5498 1.9574 -0.8153 -0.0031 0.0261] meas=[-0.4280 0.5706 2.0264 -0.8483 -0.0031 0.0261] xyz=358.97,-163.76,15.64 track=0.0689
adv t=4.657 leg=F idx=95 cmd=[-0.4769 0.5507 1.9470 -0.8057 -0.0031 0.0261] meas=[-0.4326 0.5706 2.0187 -0.8422 -0.0031 0.0261] xyz=359.13,-165.83,16.47 track=0.0717
adv t=4.703 leg=F idx=96 cmd=[-0.4830 0.5515 1.9363 -0.7958 -0.0031 0.0261] meas=[-0.4341 0.5706 2.0141 -0.8360 -0.0031 0.0261] xyz=359.33,-166.59,16.57 track=0.0778
adv t=4.750 leg=F idx=97 cmd=[-0.4890 0.5522 1.9254 -0.7856 -0.0031 0.0261] meas=[-0.4387 0.5706 2.0064 -0.8299 -0.0031 0.0261] xyz=359.47,-168.67,17.41 track=0.0810
adv t=4.797 leg=F idx=98 cmd=[-0.4949 0.5528 1.9143 -0.7751 -0.0031 0.0261] meas=[-0.4479 0.5706 1.9880 -0.8130 -0.0031 0.0261] xyz=359.98,-172.97,19.11 track=0.0737
adv t=4.860 leg=F idx=99 cmd=[-0.5008 0.5533 1.9030 -0.7643 -0.0031 0.0261] meas=[-0.4541 0.5706 1.9788 -0.8053 -0.0031 0.0261] xyz=359.96,-175.69,20.11 track=0.0758
adv t=4.907 leg=F idx=100 cmd=[-0.5066 0.5537 1.8915 -0.7532 -0.0031 0.0261] meas=[-0.4663 0.5706 1.9650 -0.7931 -0.0031 0.0261] xyz=359.31,-180.86,21.49 track=0.0735
# resume_index=2 resume_err=1.382 deg (gate=3.36 deg)

===== REVERSE LEG (known-good run_leg_tracked, 100 .. 0) =====
ts=41375.484 cmd_ts=0.000 fb_ts=0.000 leg=R idx=0 cmd=[-0.5066 0.5537 1.8915 -0.7532 -0.0031 0.0261] meas=[-0.4847 0.5722 1.9297 -0.7593 -0.0031 0.0261] xyz=359.67,-189.42,24.10 track=0.0382
ts=41375.484 cmd_ts=0.000 fb_ts=0.047 leg=R idx=1 cmd=[-0.5008 0.5533 1.9030 -0.7643 -0.0031 0.0261] meas=[-0.4847 0.5722 1.9297 -0.7593 -0.0031 0.0261] xyz=359.67,-189.42,24.10 track=0.0267
ts=41375.531 cmd_ts=0.047 fb_ts=0.047 leg=R idx=2 cmd=[-0.4949 0.5528 1.9143 -0.7751 -0.0031 0.0261] meas=[-0.4847 0.5722 1.9297 -0.7593 -0.0031 0.0261] xyz=359.67,-189.42,24.10 track=0.0194
ts=41375.593 cmd_ts=0.109 fb_ts=0.109 leg=R idx=3 cmd=[-0.4890 0.5522 1.9254 -0.7856 -0.0031 0.0261] meas=[-0.4847 0.5722 1.9297 -0.7593 -0.0031 0.0261] xyz=359.67,-189.42,24.10 track=0.0263
ts=41375.625 cmd_ts=0.141 fb_ts=0.141 leg=R idx=4 cmd=[-0.4830 0.5515 1.9363 -0.7958 -0.0031 0.0261] meas=[-0.4847 0.5722 1.9297 -0.7593 -0.0031 0.0261] xyz=359.67,-189.42,24.10 track=0.0365
ts=41375.687 cmd_ts=0.203 fb_ts=0.203 leg=R idx=5 cmd=[-0.4769 0.5507 1.9470 -0.8057 -0.0031 0.0261] meas=[-0.4847 0.5722 1.9297 -0.7593 -0.0031 0.0261] xyz=359.67,-189.42,24.10 track=0.0464
ts=41375.734 cmd_ts=0.250 fb_ts=0.250 leg=R idx=6 cmd=[-0.4708 0.5498 1.9574 -0.8153 -0.0031 0.0261] meas=[-0.4847 0.5722 1.9297 -0.7593 -0.0031 0.0261] xyz=359.67,-189.42,24.10 track=0.0560
ts=41375.796 cmd_ts=0.312 fb_ts=0.312 leg=R idx=7 cmd=[-0.4645 0.5489 1.9677 -0.8246 -0.0031 0.0261] meas=[-0.4847 0.5722 1.9297 -0.7593 -0.0031 0.0261] xyz=359.67,-189.42,24.10 track=0.0652
ts=41375.828 cmd_ts=0.344 fb_ts=0.344 leg=R idx=8 cmd=[-0.4583 0.5478 1.9777 -0.8335 -0.0031 0.0261] meas=[-0.4847 0.5722 1.9297 -0.7593 -0.0031 0.0261] xyz=359.67,-189.42,24.10 track=0.0742
ts=41375.890 cmd_ts=0.406 fb_ts=0.406 leg=R idx=9 cmd=[-0.4519 0.5465 1.9875 -0.8421 -0.0031 0.0261] meas=[-0.4847 0.5722 1.9297 -0.7593 -0.0031 0.0261] xyz=359.67,-189.42,24.10 track=0.0828
ts=41375.937 cmd_ts=0.453 fb_ts=0.453 leg=R idx=10 cmd=[-0.4455 0.5452 1.9971 -0.8503 -0.0031 0.0261] meas=[-0.4847 0.5722 1.9297 -0.7593 -0.0031 0.0261] xyz=359.67,-189.42,24.10 track=0.0910
ts=41375.984 cmd_ts=0.500 fb_ts=0.500 leg=R idx=11 cmd=[-0.4390 0.5437 2.0065 -0.8582 -0.0031 0.0261] meas=[-0.4847 0.5722 1.9297 -0.7593 -0.0031 0.0261] xyz=359.67,-189.42,24.10 track=0.0989
ts=41376.031 cmd_ts=0.547 fb_ts=0.547 leg=R idx=12 cmd=[-0.4325 0.5421 2.0156 -0.8658 -0.0031 0.0261] meas=[-0.4847 0.5722 1.9297 -0.7593 -0.0031 0.0261] xyz=359.67,-189.42,24.10 track=0.1065
ts=41376.078 cmd_ts=0.594 fb_ts=0.609 leg=R idx=13 cmd=[-0.4259 0.5404 2.0245 -0.8730 -0.0031 0.0261] meas=[-0.4847 0.5722 1.9297 -0.7593 -0.0031 0.0261] xyz=359.67,-189.42,24.10 track=0.1137
ts=41376.125 cmd_ts=0.641 fb_ts=0.641 leg=R idx=14 cmd=[-0.4193 0.5385 2.0332 -0.8798 -0.0031 0.0261] meas=[-0.4847 0.5722 1.9297 -0.7593 -0.0031 0.0261] xyz=359.67,-189.42,24.10 track=0.1205
ts=41376.187 cmd_ts=0.703 fb_ts=0.703 leg=R idx=15 cmd=[-0.4126 0.5365 2.0416 -0.8862 -0.0031 0.0261] meas=[-0.4847 0.5722 1.9297 -0.7593 -0.0031 0.0261] xyz=359.67,-189.42,24.10 track=0.1269
ts=41376.234 cmd_ts=0.750 fb_ts=0.750 leg=R idx=16 cmd=[-0.4059 0.5344 2.0498 -0.8922 -0.0031 0.0261] meas=[-0.4847 0.5722 1.9297 -0.7609 -0.0031 0.0261] xyz=359.73,-189.45,24.35 track=0.1314
ts=41376.281 cmd_ts=0.797 fb_ts=0.797 leg=R idx=17 cmd=[-0.3991 0.5321 2.0578 -0.8979 -0.0031 0.0261] meas=[-0.4847 0.5722 1.9497 -0.7869 -0.0031 0.0261] xyz=357.90,-188.49,23.68 track=0.1110
ts=41376.343 cmd_ts=0.859 fb_ts=0.859 leg=R idx=18 cmd=[-0.3923 0.5296 2.0655 -0.9031 -0.0031 0.0261] meas=[-0.4771 0.5722 1.9773 -0.8130 -0.0031 0.0261] xyz=356.36,-184.20,21.15 track=0.0901
ts=41376.375 cmd_ts=0.891 fb_ts=0.891 leg=R idx=19 cmd=[-0.3855 0.5270 2.0729 -0.9080 -0.0031 0.0261] meas=[-0.4709 0.5722 1.9880 -0.8253 -0.0031 0.0261] xyz=356.39,-181.45,20.55 track=0.0855
ts=41376.437 cmd_ts=0.953 fb_ts=0.953 leg=R idx=20 cmd=[-0.3786 0.5243 2.0801 -0.9124 -0.0031 0.0261] meas=[-0.4556 0.5722 2.0080 -0.8422 -0.0031 0.0261] xyz=356.84,-174.84,18.48 track=0.0770
ts=41376.484 cmd_ts=1.000 fb_ts=1.000 leg=R idx=21 cmd=[-0.3716 0.5213 2.0870 -0.9164 -0.0031 0.0261] meas=[-0.4403 0.5722 2.0310 -0.8636 -0.0031 0.0261] xyz=356.86,-168.11,16.48 track=0.0686
ts=41376.546 cmd_ts=1.062 fb_ts=1.062 leg=R idx=22 cmd=[-0.3647 0.5182 2.0937 -0.9199 -0.0031 0.0261] meas=[-0.4295 0.5722 2.0417 -0.8728 -0.0031 0.0261] xyz=357.37,-163.69,15.44 track=0.0648
ts=41376.578 cmd_ts=1.094 fb_ts=1.094 leg=R idx=23 cmd=[-0.3577 0.5150 2.1001 -0.9231 -0.0031 0.0261] meas=[-0.4157 0.5722 2.0571 -0.8836 -0.0031 0.0261] xyz=357.66,-157.88,13.57 track=0.0580
ts=41376.640 cmd_ts=1.156 fb_ts=1.156 leg=R idx=24 cmd=[-0.3507 0.5115 2.1062 -0.9258 -0.0031 0.0261] meas=[-0.4019 0.5722 2.0739 -0.8912 -0.0031 0.0261] xyz=357.46,-151.94,10.86 track=0.0606
ts=41376.687 cmd_ts=1.203 fb_ts=1.203 leg=R idx=25 cmd=[-0.3437 0.5079 2.1121 -0.9280 -0.0031 0.0261] meas=[-0.3896 0.5722 2.0877 -0.9004 -0.0031 0.0261] xyz=357.48,-146.79,9.16 track=0.0642
ts=41376.734 cmd_ts=1.250 fb_ts=1.250 leg=R idx=26 cmd=[-0.3366 0.5042 2.1176 -0.9298 -0.0031 0.0261] meas=[-0.3835 0.5722 2.0939 -0.9050 -0.0031 0.0261] xyz=357.58,-144.27,8.50 track=0.0680
ts=41376.781 cmd_ts=1.297 fb_ts=1.297 leg=R idx=27 cmd=[-0.3296 0.5002 2.1229 -0.9311 -0.0031 0.0261] meas=[-0.3743 0.5722 2.1046 -0.9097 -0.0031 0.0261] xyz=357.34,-140.37,6.78 track=0.0720
ts=41376.843 cmd_ts=1.359 fb_ts=1.359 leg=R idx=28 cmd=[-0.3225 0.4961 2.1279 -0.9320 -0.0031 0.0261] meas=[-0.3666 0.5706 2.1123 -0.9097 -0.0031 0.0261] xyz=357.13,-137.13,5.60 track=0.0745
ts=41376.875 cmd_ts=1.391 fb_ts=1.406 leg=R idx=29 cmd=[-0.3154 0.4918 2.1326 -0.9324 -0.0031 0.0261] meas=[-0.3528 0.5706 2.1184 -0.9158 -0.0031 0.0261] xyz=358.24,-131.91,5.21 track=0.0788
ts=41376.937 cmd_ts=1.453 fb_ts=1.453 leg=R idx=30 cmd=[-0.3084 0.4873 2.1370 -0.9324 -0.0031 0.0261] meas=[-0.3482 0.5706 2.1246 -0.9173 -0.0031 0.0261] xyz=357.88,-129.91,4.07 track=0.0833
ts=41376.984 cmd_ts=1.500 fb_ts=1.500 leg=R idx=31 cmd=[-0.3013 0.4827 2.1411 -0.9318 -0.0031 0.0261] meas=[-0.3451 0.5706 2.1246 -0.9173 -0.0031 0.0261] xyz=358.28,-128.82,4.07 track=0.0880
ts=41377.046 cmd_ts=1.562 fb_ts=1.562 leg=R idx=32 cmd=[-0.2942 0.4779 2.1449 -0.9308 -0.0031 0.0261] meas=[-0.3359 0.5691 2.1338 -0.9173 -0.0031 0.0261] xyz=357.88,-124.97,2.56 track=0.0912
ts=41377.078 cmd_ts=1.594 fb_ts=1.594 leg=R idx=33 cmd=[-0.2871 0.4729 2.1484 -0.9293 -0.0031 0.0261] meas=[-0.3298 0.5691 2.1353 -0.9173 -0.0031 0.0261] xyz=358.38,-122.68,2.21 track=0.0962
ts=41377.140 cmd_ts=1.656 fb_ts=1.656 leg=R idx=34 cmd=[-0.2801 0.4677 2.1516 -0.9273 -0.0031 0.0261] meas=[-0.3237 0.5691 2.1399 -0.9173 -0.0031 0.0261] xyz=358.34,-120.21,1.18 track=0.1014
ts=41377.187 cmd_ts=1.703 fb_ts=1.703 leg=R idx=35 cmd=[-0.2730 0.4624 2.1544 -0.9248 -0.0031 0.0261] meas=[-0.3145 0.5676 2.1460 -0.9173 -0.0031 0.0261] xyz=358.36,-116.56,0.38 track=0.1052
ts=41377.234 cmd_ts=1.750 fb_ts=1.750 leg=R idx=36 cmd=[-0.2660 0.4569 2.1570 -0.9219 -0.0031 0.0261] meas=[-0.3083 0.5645 2.1476 -0.9173 -0.0031 0.0261] xyz=358.80,-114.27,1.19 track=0.1076
ts=41377.281 cmd_ts=1.797 fb_ts=1.797 leg=R idx=37 cmd=[-0.2590 0.4512 2.1592 -0.9184 -0.0031 0.0261] meas=[-0.3053 0.5630 2.1491 -0.9173 -0.0031 0.0261] xyz=358.88,-113.09,1.42 track=0.1117
ts=41377.343 cmd_ts=1.859 fb_ts=1.859 leg=R idx=38 cmd=[-0.2520 0.4454 2.1611 -0.9145 -0.0031 0.0261] meas=[-0.2945 0.5522 2.1552 -0.9173 -0.0031 0.0261] xyz=358.97,-108.89,4.07 track=0.1068
ts=41377.375 cmd_ts=1.891 fb_ts=1.891 leg=R idx=39 cmd=[-0.2450 0.4394 2.1627 -0.9101 -0.0031 0.0261] meas=[-0.2884 0.5492 2.1552 -0.9173 -0.0031 0.0261] xyz=359.62,-106.68,5.23 track=0.1097
ts=41377.437 cmd_ts=1.953 fb_ts=1.953 leg=R idx=40 cmd=[-0.2381 0.4333 2.1639 -0.9052 -0.0031 0.0261] meas=[-0.2838 0.5476 2.1568 -0.9173 -0.0031 0.0261] xyz=359.83,-104.95,5.45 track=0.1143
ts=41377.484 cmd_ts=2.000 fb_ts=2.000 leg=R idx=41 cmd=[-0.2312 0.4270 2.1648 -0.8998 -0.0031 0.0261] meas=[-0.2730 0.5400 2.1644 -0.9173 -0.0031 0.0261] xyz=359.56,-100.69,6.59 track=0.1130
ts=41377.546 cmd_ts=2.062 fb_ts=2.062 leg=R idx=42 cmd=[-0.2244 0.4206 2.1654 -0.8940 -0.0031 0.0261] meas=[-0.2669 0.5369 2.1644 -0.9173 -0.0031 0.0261] xyz=360.15,-98.48,7.74 track=0.1163
ts=41377.578 cmd_ts=2.094 fb_ts=2.109 leg=R idx=43 cmd=[-0.2176 0.4140 2.1656 -0.8876 -0.0031 0.0261] meas=[-0.2577 0.5262 2.1644 -0.9097 -0.0031 0.0261] xyz=360.58,-95.04,10.48 track=0.1121
ts=41377.640 cmd_ts=2.156 fb_ts=2.156 leg=R idx=44 cmd=[-0.2108 0.4073 2.1654 -0.8808 -0.0031 0.0261] meas=[-0.2531 0.5216 2.1644 -0.9050 -0.0031 0.0261] xyz=360.74,-93.31,11.43 track=0.1142
ts=41377.687 cmd_ts=2.203 fb_ts=2.203 leg=R idx=45 cmd=[-0.2041 0.4005 2.1650 -0.8735 -0.0031 0.0261] meas=[-0.2500 0.5185 2.1644 -0.9050 -0.0031 0.0261] xyz=360.99,-92.19,12.58 track=0.1180
ts=41377.734 cmd_ts=2.250 fb_ts=2.250 leg=R idx=46 cmd=[-0.1975 0.3936 2.1641 -0.8657 -0.0031 0.0261] meas=[-0.2439 0.5108 2.1660 -0.9020 -0.0031 0.0261] xyz=361.04,-89.85,14.57 track=0.1173
ts=41377.781 cmd_ts=2.297 fb_ts=2.297 leg=R idx=47 cmd=[-0.1909 0.3865 2.1630 -0.8575 -0.0031 0.0261] meas=[-0.2347 0.5016 2.1660 -0.8882 -0.0031 0.0261] xyz=361.06,-86.33,15.71 track=0.1151
ts=41377.843 cmd_ts=2.359 fb_ts=2.359 leg=R idx=48 cmd=[-0.1843 0.3794 2.1615 -0.8488 -0.0031 0.0261] meas=[-0.2286 0.4955 2.1660 -0.8805 -0.0031 0.0261] xyz=361.12,-84.01,16.72 track=0.1161
ts=41377.875 cmd_ts=2.391 fb_ts=2.406 leg=R idx=49 cmd=[-0.1779 0.3721 2.1596 -0.8397 -0.0031 0.0261] meas=[-0.2178 0.4863 2.1660 -0.8713 -0.0031 0.0261] xyz=361.40,-79.99,18.61 track=0.1142
ts=41377.937 cmd_ts=2.453 fb_ts=2.453 leg=R idx=50 cmd=[-0.1715 0.3648 2.1573 -0.8301 -0.0031 0.0261] meas=[-0.2132 0.4801 2.1660 -0.8652 -0.0031 0.0261] xyz=361.36,-78.24,19.87 track=0.1154
ts=41377.984 cmd_ts=2.500 fb_ts=2.500 leg=R idx=51 cmd=[-0.1651 0.3573 2.1548 -0.8201 -0.0031 0.0261] meas=[-0.2086 0.4755 2.1660 -0.8636 -0.0031 0.0261] xyz=361.55,-76.54,21.32 track=0.1182
ts=41378.031 cmd_ts=2.547 fb_ts=2.562 leg=R idx=52 cmd=[-0.1589 0.3498 2.1518 -0.8097 -0.0031 0.0261] meas=[-0.1979 0.4663 2.1660 -0.8483 -0.0031 0.0261] xyz=361.41,-72.47,22.18 track=0.1165
ts=41378.078 cmd_ts=2.594 fb_ts=2.594 leg=R idx=53 cmd=[-0.1527 0.3423 2.1485 -0.7988 -0.0031 0.0261] meas=[-0.1933 0.4617 2.1660 -0.8391 -0.0031 0.0261] xyz=361.19,-70.69,22.36 track=0.1194
ts=41378.140 cmd_ts=2.656 fb_ts=2.656 leg=R idx=54 cmd=[-0.1466 0.3347 2.1449 -0.7876 -0.0031 0.0261] meas=[-0.1887 0.4571 2.1660 -0.8345 -0.0031 0.0261] xyz=361.18,-68.97,23.30 track=0.1224
ts=41378.187 cmd_ts=2.703 fb_ts=2.703 leg=R idx=55 cmd=[-0.1406 0.3270 2.1409 -0.7759 -0.0031 0.0261] meas=[-0.1795 0.4449 2.1660 -0.8191 -0.0031 0.0261] xyz=360.74,-65.45,25.28 track=0.1178
ts=41378.234 cmd_ts=2.750 fb_ts=2.750 leg=R idx=56 cmd=[-0.1347 0.3194 2.1365 -0.7639 -0.0031 0.0261] meas=[-0.1749 0.4372 2.1660 -0.8099 -0.0031 0.0261] xyz=360.38,-63.67,26.57 track=0.1178
ts=41378.281 cmd_ts=2.797 fb_ts=2.797 leg=R idx=57 cmd=[-0.1289 0.3116 2.1318 -0.7514 -0.0031 0.0261] meas=[-0.1703 0.4310 2.1660 -0.8053 -0.0031 0.0261] xyz=360.27,-61.94,28.06 track=0.1194
ts=41378.343 cmd_ts=2.859 fb_ts=2.859 leg=R idx=58 cmd=[-0.1231 0.3039 2.1267 -0.7386 -0.0031 0.0261] meas=[-0.1626 0.4218 2.1660 -0.7869 -0.0031 0.0261] xyz=359.54,-58.98,28.40 track=0.1179
ts=41378.390 cmd_ts=2.906 fb_ts=2.906 leg=R idx=59 cmd=[-0.1175 0.2962 2.1213 -0.7255 -0.0031 0.0261] meas=[-0.1565 0.4142 2.1660 -0.7762 -0.0031 0.0261] xyz=359.12,-56.65,29.43 track=0.1180
ts=41378.421 cmd_ts=2.937 fb_ts=2.937 leg=R idx=60 cmd=[-0.1119 0.2885 2.1155 -0.7120 -0.0031 0.0261] meas=[-0.1534 0.4080 2.1660 -0.7701 -0.0031 0.0261] xyz=358.78,-55.47,30.65 track=0.1196
ts=41378.484 cmd_ts=3.000 fb_ts=3.000 leg=R idx=61 cmd=[-0.1065 0.2808 2.1093 -0.6981 -0.0031 0.0261] meas=[-0.1442 0.3942 2.1629 -0.7501 -0.0031 0.0261] xyz=358.32,-52.03,33.14 track=0.1135
ts=41378.546 cmd_ts=3.062 fb_ts=3.062 leg=R idx=62 cmd=[-0.1012 0.2731 2.1028 -0.6839 -0.0031 0.0261] meas=[-0.1411 0.3896 2.1629 -0.7409 -0.0031 0.0261] xyz=357.84,-50.84,33.30 track=0.1166
ts=41378.578 cmd_ts=3.094 fb_ts=3.109 leg=R idx=63 cmd=[-0.0959 0.2654 2.0960 -0.6694 -0.0031 0.0261] meas=[-0.1335 0.3804 2.1568 -0.7240 -0.0031 0.0261] xyz=358.05,-48.07,35.36 track=0.1150
ts=41378.640 cmd_ts=3.156 fb_ts=3.156 leg=R idx=64 cmd=[-0.0908 0.2578 2.0888 -0.6546 -0.0031 0.0261] meas=[-0.1289 0.3758 2.1506 -0.7133 -0.0031 0.0261] xyz=358.58,-46.46,36.78 track=0.1180
ts=41378.687 cmd_ts=3.203 fb_ts=3.203 leg=R idx=65 cmd=[-0.0858 0.2503 2.0813 -0.6396 -0.0031 0.0261] meas=[-0.1258 0.3697 2.1460 -0.7056 -0.0031 0.0261] xyz=358.86,-45.38,38.89 track=0.1194
ts=41378.734 cmd_ts=3.250 fb_ts=3.250 leg=R idx=66 cmd=[-0.0809 0.2428 2.0734 -0.6242 -0.0031 0.0261] meas=[-0.1212 0.3620 2.1399 -0.6949 -0.0031 0.0261] xyz=359.22,-43.75,41.43 track=0.1193
ts=41378.781 cmd_ts=3.297 fb_ts=3.297 leg=R idx=67 cmd=[-0.0762 0.2353 2.0652 -0.6086 -0.0031 0.0261] meas=[-0.1135 0.3528 2.1292 -0.6703 -0.0031 0.0261] xyz=359.65,-41.00,43.45 track=0.1175
ts=41378.828 cmd_ts=3.344 fb_ts=3.344 leg=R idx=68 cmd=[-0.0715 0.2280 2.0566 -0.5927 -0.0031 0.0261] meas=[-0.1089 0.3436 2.1230 -0.6581 -0.0031 0.0261] xyz=359.79,-39.34,46.32 track=0.1156
ts=41378.890 cmd_ts=3.406 fb_ts=3.406 leg=R idx=69 cmd=[-0.0670 0.2208 2.0478 -0.5765 -0.0031 0.0261] meas=[-0.1012 0.3344 2.1138 -0.6381 -0.0031 0.0261] xyz=360.09,-36.58,48.74 track=0.1137
ts=41378.937 cmd_ts=3.453 fb_ts=3.453 leg=R idx=70 cmd=[-0.0626 0.2136 2.0385 -0.5602 -0.0031 0.0261] meas=[-0.0997 0.3283 2.1077 -0.6274 -0.0031 0.0261] xyz=360.27,-36.04,50.78 track=0.1147
ts=41378.984 cmd_ts=3.500 fb_ts=3.500 leg=R idx=71 cmd=[-0.0583 0.2066 2.0290 -0.5436 -0.0031 0.0261] meas=[-0.0951 0.3237 2.1046 -0.6182 -0.0031 0.0261] xyz=360.21,-34.36,51.73 track=0.1171
ts=41379.031 cmd_ts=3.547 fb_ts=3.547 leg=R idx=72 cmd=[-0.0541 0.1996 2.0191 -0.5267 -0.0031 0.0261] meas=[-0.0905 0.3145 2.0939 -0.5952 -0.0031 0.0261] xyz=360.37,-32.70,54.08 track=0.1148
ts=41379.093 cmd_ts=3.609 fb_ts=3.609 leg=R idx=73 cmd=[-0.0501 0.1928 2.0089 -0.5097 -0.0031 0.0261] meas=[-0.0859 0.3083 2.0862 -0.5814 -0.0031 0.0261] xyz=360.66,-31.06,56.04 track=0.1155
ts=41379.140 cmd_ts=3.656 fb_ts=3.672 leg=R idx=74 cmd=[-0.0462 0.1861 1.9984 -0.4925 -0.0031 0.0261] meas=[-0.0798 0.2961 2.0739 -0.5599 -0.0031 0.0261] xyz=360.92,-28.85,60.20 track=0.1099
ts=41379.187 cmd_ts=3.703 fb_ts=3.703 leg=R idx=75 cmd=[-0.0425 0.1796 1.9875 -0.4751 -0.0031 0.0261] meas=[-0.0782 0.2899 2.0663 -0.5476 -0.0031 0.0261] xyz=361.13,-28.31,62.45 track=0.1103
ts=41379.234 cmd_ts=3.750 fb_ts=3.750 leg=R idx=76 cmd=[-0.0389 0.1732 1.9764 -0.4576 -0.0031 0.0261] meas=[-0.0767 0.2853 2.0617 -0.5369 -0.0031 0.0261] xyz=361.02,-27.74,63.59 track=0.1122
ts=41379.281 cmd_ts=3.797 fb_ts=3.797 leg=R idx=77 cmd=[-0.0354 0.1669 1.9649 -0.4399 -0.0031 0.0261] meas=[-0.0721 0.2807 2.0555 -0.5231 -0.0031 0.0261] xyz=361.05,-26.08,64.64 track=0.1138
ts=41379.343 cmd_ts=3.859 fb_ts=3.859 leg=R idx=78 cmd=[-0.0320 0.1608 1.9531 -0.4220 -0.0031 0.0261] meas=[-0.0675 0.2700 2.0371 -0.4955 -0.0031 0.0261] xyz=361.76,-24.45,68.97 track=0.1092
ts=41379.375 cmd_ts=3.891 fb_ts=3.891 leg=R idx=79 cmd=[-0.0288 0.1549 1.9411 -0.4040 -0.0031 0.0261] meas=[-0.0644 0.2638 2.0264 -0.4801 -0.0031 0.0261] xyz=362.19,-23.37,71.60 track=0.1090
ts=41379.437 cmd_ts=3.953 fb_ts=3.953 leg=R idx=80 cmd=[-0.0257 0.1491 1.9287 -0.3858 -0.0031 0.0261] meas=[-0.0598 0.2577 2.0203 -0.4679 -0.0031 0.0261] xyz=362.09,-21.69,73.49 track=0.1086
ts=41379.484 cmd_ts=4.000 fb_ts=4.000 leg=R idx=81 cmd=[-0.0228 0.1435 1.9160 -0.3675 -0.0031 0.0261] meas=[-0.0522 0.2500 2.0034 -0.4418 -0.0031 0.0261] xyz=362.74,-18.94,76.64 track=0.1065
ts=41379.546 cmd_ts=4.062 fb_ts=4.062 leg=R idx=82 cmd=[-0.0200 0.1381 1.9030 -0.3491 -0.0031 0.0261] meas=[-0.0522 0.2454 1.9926 -0.4280 -0.0031 0.0261] xyz=363.18,-18.96,79.03 track=0.1073
ts=41379.578 cmd_ts=4.094 fb_ts=4.109 leg=R idx=83 cmd=[-0.0174 0.1329 1.8897 -0.3306 -0.0031 0.0261] meas=[-0.0506 0.2378 1.9773 -0.4034 -0.0031 0.0261] xyz=363.44,-18.41,82.07 track=0.1049
ts=41379.640 cmd_ts=4.156 fb_ts=4.156 leg=R idx=84 cmd=[-0.0149 0.1278 1.8762 -0.3120 -0.0031 0.0261] meas=[-0.0476 0.2347 1.9681 -0.3896 -0.0031 0.0261] xyz=363.79,-17.31,83.50 track=0.1069
ts=41379.687 cmd_ts=4.203 fb_ts=4.203 leg=R idx=85 cmd=[-0.0126 0.1229 1.8623 -0.2933 -0.0031 0.0261] meas=[-0.0460 0.2332 1.9604 -0.3789 -0.0031 0.0261] xyz=364.17,-16.77,84.46 track=0.1102
ts=41379.734 cmd_ts=4.250 fb_ts=4.250 leg=R idx=86 cmd=[-0.0104 0.1183 1.8482 -0.2745 -0.0031 0.0261] meas=[-0.0414 0.2255 1.9528 -0.3651 -0.0031 0.0261] xyz=363.89,-15.08,87.15 track=0.1072
ts=41379.781 cmd_ts=4.297 fb_ts=4.297 leg=R idx=87 cmd=[-0.0083 0.1138 1.8338 -0.2556 -0.0031 0.0261] meas=[-0.0399 0.2163 1.9328 -0.3359 -0.0031 0.0261] xyz=364.20,-14.53,91.39 track=0.1025
ts=41379.828 cmd_ts=4.344 fb_ts=4.344 leg=R idx=88 cmd=[-0.0064 0.1095 1.8191 -0.2366 -0.0031 0.0261] meas=[-0.0353 0.2117 1.9205 -0.3191 -0.0031 0.0261] xyz=364.54,-12.87,93.81 track=0.1021
ts=41379.890 cmd_ts=4.406 fb_ts=4.406 leg=R idx=89 cmd=[-0.0047 0.1055 1.8041 -0.2176 -0.0031 0.0261] meas=[-0.0337 0.2056 1.9037 -0.2930 -0.0031 0.0261] xyz=364.74,-12.31,96.63 track=0.1001
ts=41379.937 cmd_ts=4.453 fb_ts=4.453 leg=R idx=90 cmd=[-0.0031 0.1016 1.7888 -0.1985 -0.0031 0.0261] meas=[-0.0322 0.2040 1.8929 -0.2792 -0.0031 0.0261] xyz=365.23,-11.77,98.02 track=0.1041
ts=41379.984 cmd_ts=4.500 fb_ts=4.500 leg=R idx=91 cmd=[-0.0016 0.0980 1.7733 -0.1793 -0.0031 0.0261] meas=[-0.0307 0.2025 1.8837 -0.2684 -0.0031 0.0261] xyz=365.67,-11.22,99.49 track=0.1104
ts=41380.031 cmd_ts=4.547 fb_ts=4.547 leg=R idx=92 cmd=[-0.0003 0.0946 1.7575 -0.1601 -0.0031 0.0261] meas=[-0.0261 0.1948 1.8638 -0.2408 -0.0031 0.0261] xyz=365.90,-9.54,103.57 track=0.1063
ts=41380.093 cmd_ts=4.609 fb_ts=4.609 leg=R idx=93 cmd=[0.0008 0.0914 1.7414 -0.1408 -0.0031 0.0261] meas=[-0.0245 0.1917 1.8500 -0.2240 -0.0031 0.0261] xyz=366.35,-8.99,105.96 track=0.1086
ts=41380.125 cmd_ts=4.641 fb_ts=4.672 leg=R idx=94 cmd=[0.0018 0.0884 1.7251 -0.1215 -0.0031 0.0261] meas=[-0.0230 0.1825 1.8285 -0.1979 -0.0031 0.0261] xyz=366.47,-8.43,111.37 track=0.1034
ts=41380.171 cmd_ts=4.687 fb_ts=4.703 leg=R idx=95 cmd=[0.0027 0.0856 1.7085 -0.1021 -0.0031 0.0261] meas=[-0.0215 0.1825 1.8178 -0.1825 -0.0031 0.0261] xyz=366.89,-7.88,112.03 track=0.1093
ts=41380.234 cmd_ts=4.750 fb_ts=4.750 leg=R idx=96 cmd=[0.0034 0.0831 1.6916 -0.0827 -0.0031 0.0261] meas=[-0.0199 0.1810 1.8070 -0.1718 -0.0031 0.0261] xyz=367.36,-7.33,114.00 track=0.1155
ts=41380.281 cmd_ts=4.797 fb_ts=4.797 leg=R idx=97 cmd=[0.0039 0.0808 1.6744 -0.0632 -0.0031 0.0261] meas=[-0.0199 0.1779 1.7978 -0.1580 -0.0031 0.0261] xyz=367.29,-7.33,115.60 track=0.1234
ts=41380.343 cmd_ts=4.859 fb_ts=4.859 leg=R idx=98 cmd=[0.0043 0.0787 1.6570 -0.0437 -0.0031 0.0261] meas=[-0.0184 0.1749 1.7733 -0.1273 -0.0031 0.0261] xyz=367.95,-6.77,119.01 track=0.1163
ts=41380.375 cmd_ts=4.891 fb_ts=4.891 leg=R idx=99 cmd=[0.0045 0.0768 1.6394 -0.0242 -0.0031 0.0261] meas=[-0.0184 0.1749 1.7579 -0.1104 -0.0031 0.0261] xyz=368.67,-6.79,120.82 track=0.1186
ts=41380.437 cmd_ts=4.953 fb_ts=4.953 leg=R idx=100 cmd=[0.0046 0.0752 1.6214 -0.0046 -0.0031 0.0261] meas=[-0.0184 0.1733 1.7472 -0.0966 -0.0031 0.0261] xyz=368.85,-6.79,122.34 track=0.1258
