# 2026-08-25T21:31:53.647209+00:00  tag=run15  port=COM21  sdk=C:\Users\Mukund\AppData\Local\Programs\Python\Python312\Lib\site-packages\roarm_sdk  ik=C:\Users\Mukund\Documents\Ro-Arm\roarm_sdk\waveshare_ik.py  home_xyz=[359.99 2.21 180.40]  constX=359.99  envelope=3.0deg sweep_max=10.0s move_tol=0.5deg progress_tol=0.1deg progress_stable=2 resume_tol=3.36deg
# attempt 1: M=[0.0061 0.0767 1.6230 -0.0046 -0.0031 0.0261]  i_target=2  max_disp=2.240 deg  per_joint=[0.02 0.20 2.04 2.24 0.00] deg
t=0.000 att=1 phase=pump idx=0 cmd=[0.0061 0.0767 1.6230 -0.0046 -0.0031 0.0261] meas=[0.0061 0.0767 1.6230 -0.0046 -0.0031 0.0261] moved=0.000 dist_tgt=2.240
t=0.000 att=1 phase=pump idx=1 cmd=[0.0061 0.0768 1.6240 -0.0057 -0.0031 0.0261] meas=[0.0061 0.0767 1.6230 -0.0046 -0.0031 0.0261] moved=0.000 dist_tgt=2.240
t=0.094 att=1 phase=pump idx=2 cmd=[0.0061 0.0769 1.6250 -0.0068 -0.0031 0.0261] meas=[0.0061 0.0767 1.6230 -0.0046 -0.0031 0.0261] moved=0.000 dist_tgt=2.240
t=0.110 att=1 phase=pump idx=3 cmd=[0.0061 0.0770 1.6260 -0.0080 -0.0031 0.0261] meas=[0.0061 0.0767 1.6230 -0.0046 -0.0031 0.0261] moved=0.000 dist_tgt=2.240
t=0.141 att=1 phase=pump idx=4 cmd=[0.0061 0.0771 1.6270 -0.0091 -0.0031 0.0261] meas=[0.0061 0.0767 1.6230 -0.0046 -0.0031 0.0261] moved=0.000 dist_tgt=2.240
t=0.203 att=1 phase=pump idx=5 cmd=[0.0061 0.0772 1.6281 -0.0102 -0.0031 0.0261] meas=[0.0061 0.0767 1.6230 -0.0046 -0.0031 0.0261] moved=0.000 dist_tgt=2.240
t=0.250 att=1 phase=pump idx=6 cmd=[0.0061 0.0773 1.6291 -0.0113 -0.0031 0.0261] meas=[0.0061 0.0767 1.6230 -0.0046 -0.0031 0.0261] moved=0.000 dist_tgt=2.240
t=0.313 att=1 phase=pump idx=7 cmd=[0.0061 0.0774 1.6301 -0.0124 -0.0031 0.0261] meas=[0.0061 0.0767 1.6230 -0.0046 -0.0031 0.0261] moved=0.000 dist_tgt=2.240
t=0.344 att=1 phase=pump idx=8 cmd=[0.0061 0.0775 1.6311 -0.0136 -0.0031 0.0261] meas=[0.0061 0.0767 1.6230 -0.0046 -0.0031 0.0261] moved=0.000 dist_tgt=2.240
t=0.407 att=1 phase=pump idx=9 cmd=[0.0061 0.0776 1.6322 -0.0147 -0.0031 0.0261] meas=[0.0061 0.0767 1.6230 -0.0046 -0.0031 0.0261] moved=0.000 dist_tgt=2.240
t=0.438 att=1 phase=pump idx=10 cmd=[0.0061 0.0777 1.6332 -0.0158 -0.0031 0.0261] meas=[0.0061 0.0767 1.6230 -0.0046 -0.0031 0.0261] moved=0.000 dist_tgt=2.240
t=0.500 att=1 phase=pump idx=11 cmd=[0.0061 0.0777 1.6342 -0.0169 -0.0031 0.0261] meas=[0.0061 0.0767 1.6230 -0.0046 -0.0031 0.0261] moved=0.000 dist_tgt=2.240
t=0.563 att=1 phase=pump idx=12 cmd=[0.0061 0.0778 1.6352 -0.0180 -0.0031 0.0261] meas=[0.0061 0.0767 1.6230 -0.0046 -0.0031 0.0261] moved=0.000 dist_tgt=2.240
t=0.594 att=1 phase=pump idx=13 cmd=[0.0061 0.0779 1.6363 -0.0191 -0.0031 0.0261] meas=[0.0061 0.0767 1.6230 -0.0046 -0.0031 0.0261] moved=0.000 dist_tgt=2.240
t=0.657 att=1 phase=pump idx=14 cmd=[0.0061 0.0780 1.6373 -0.0203 -0.0031 0.0261] meas=[0.0061 0.0767 1.6230 -0.0046 -0.0031 0.0261] moved=0.000 dist_tgt=2.240
t=0.703 att=1 phase=pump idx=15 cmd=[0.0061 0.0781 1.6383 -0.0214 -0.0031 0.0261] meas=[0.0061 0.0767 1.6230 -0.0046 -0.0031 0.0261] moved=0.000 dist_tgt=2.240
t=0.750 att=1 phase=pump idx=16 cmd=[0.0061 0.0782 1.6393 -0.0225 -0.0031 0.0261] meas=[0.0061 0.0767 1.6230 -0.0046 -0.0031 0.0261] moved=0.000 dist_tgt=2.240
t=0.797 att=1 phase=pump idx=17 cmd=[0.0061 0.0783 1.6403 -0.0236 -0.0031 0.0261] meas=[0.0061 0.0767 1.6230 -0.0046 -0.0031 0.0261] moved=0.000 dist_tgt=2.240
t=0.844 att=1 phase=pump idx=18 cmd=[0.0061 0.0784 1.6414 -0.0247 -0.0031 0.0261] meas=[0.0061 0.0767 1.6230 -0.0046 -0.0031 0.0261] moved=0.000 dist_tgt=2.240
t=0.907 att=1 phase=pump idx=19 cmd=[0.0060 0.0785 1.6424 -0.0258 -0.0031 0.0261] meas=[0.0061 0.0813 1.6306 -0.0046 -0.0031 0.0261] moved=0.439 dist_tgt=2.240
t=0.953 att=1 phase=pump idx=20 cmd=[0.0060 0.0786 1.6434 -0.0270 -0.0031 0.0261] meas=[0.0061 0.0982 1.6337 -0.0046 -0.0031 0.0261] moved=1.230 dist_tgt=2.240
t=1.000 att=1 phase=pump idx=21 cmd=[0.0060 0.0787 1.6444 -0.0281 -0.0031 0.0261] meas=[0.0061 0.1043 1.6352 -0.0046 -0.0031 0.0261] moved=1.582 dist_tgt=2.240
t=1.047 att=1 phase=pump idx=22 cmd=[0.0060 0.0789 1.6454 -0.0292 -0.0031 0.0261] meas=[0.0061 0.1043 1.6352 -0.0046 -0.0031 0.0261] moved=1.582 dist_tgt=2.240
t=1.110 att=1 phase=pump idx=23 cmd=[0.0060 0.0790 1.6464 -0.0303 -0.0031 0.0261] meas=[0.0061 0.1043 1.6368 -0.0046 -0.0031 0.0261] moved=1.582 dist_tgt=2.240
t=1.141 att=1 phase=pump idx=24 cmd=[0.0060 0.0791 1.6474 -0.0314 -0.0031 0.0261] meas=[0.0061 0.1043 1.6414 -0.0046 -0.0031 0.0261] moved=1.582 dist_tgt=2.240
t=1.203 att=1 phase=pump idx=25 cmd=[0.0060 0.0792 1.6484 -0.0325 -0.0031 0.0261] meas=[0.0061 0.1043 1.6444 -0.0046 -0.0031 0.0261] moved=1.582 dist_tgt=2.240
t=1.250 att=1 phase=pump idx=26 cmd=[0.0059 0.0793 1.6494 -0.0337 -0.0031 0.0261] meas=[0.0061 0.1043 1.6444 -0.0077 -0.0031 0.0261] moved=1.582 dist_tgt=2.064
t=1.297 att=1 phase=pump idx=27 cmd=[0.0059 0.0794 1.6504 -0.0348 -0.0031 0.0261] meas=[0.0061 0.1043 1.6444 -0.0077 -0.0031 0.0261] moved=1.582 dist_tgt=2.064
t=1.360 att=1 phase=pump idx=28 cmd=[0.0059 0.0795 1.6514 -0.0359 -0.0031 0.0261] meas=[0.0061 0.1043 1.6475 -0.0092 -0.0031 0.0261] moved=1.582 dist_tgt=1.976
t=1.391 att=1 phase=pump idx=29 cmd=[0.0059 0.0796 1.6524 -0.0370 -0.0031 0.0261] meas=[0.0061 0.1043 1.6521 -0.0107 -0.0031 0.0261] moved=1.670 dist_tgt=1.888
t=1.453 att=1 phase=pump idx=30 cmd=[0.0059 0.0797 1.6534 -0.0381 -0.0031 0.0261] meas=[0.0061 0.1043 1.6521 -0.0169 -0.0031 0.0261] moved=1.670 dist_tgt=1.537
t=1.500 att=1 phase=pump idx=31 cmd=[0.0059 0.0798 1.6544 -0.0392 -0.0031 0.0261] meas=[0.0061 0.1043 1.6536 -0.0169 -0.0031 0.0261] moved=1.758 dist_tgt=1.537
t=1.563 att=1 phase=pump idx=32 cmd=[0.0059 0.0799 1.6555 -0.0403 -0.0031 0.0261] meas=[0.0061 0.1043 1.6552 -0.0199 -0.0031 0.0261] moved=1.846 dist_tgt=1.378
t=1.594 att=1 phase=pump idx=33 cmd=[0.0059 0.0801 1.6565 -0.0415 -0.0031 0.0261] meas=[0.0061 0.1043 1.6552 -0.0199 -0.0031 0.0261] moved=1.846 dist_tgt=1.378
t=1.657 att=1 phase=pump idx=34 cmd=[0.0058 0.0802 1.6575 -0.0426 -0.0031 0.0261] meas=[0.0061 0.1043 1.6613 -0.0199 -0.0031 0.0261] moved=2.197 dist_tgt=1.378
t=1.703 att=1 phase=pump idx=35 cmd=[0.0058 0.0803 1.6585 -0.0437 -0.0031 0.0261] meas=[0.0061 0.1043 1.6628 -0.0261 -0.0031 0.0261] moved=2.285 dist_tgt=1.378
# attempt 1: NO commit after pump (arm command-deaf); retrying from newly measured state
# attempt 2: M=[0.0061 0.1043 1.6628 -0.0261 -0.0031 0.0261]  i_target=3  max_disp=2.126 deg  per_joint=[0.04 1.26 0.75 2.13 0.00] deg
t=0.000 att=2 phase=pump idx=0 cmd=[0.0061 0.0767 1.6230 -0.0046 -0.0031 0.0261] meas=[0.0061 0.1043 1.6628 -0.0261 -0.0031 0.0261] moved=0.000 dist_tgt=2.126
t=0.000 att=2 phase=pump idx=1 cmd=[0.0061 0.0768 1.6245 -0.0063 -0.0031 0.0261] meas=[0.0061 0.1043 1.6628 -0.0261 -0.0031 0.0261] moved=0.000 dist_tgt=2.126
t=0.047 att=2 phase=pump idx=2 cmd=[0.0061 0.0770 1.6260 -0.0080 -0.0031 0.0261] meas=[0.0061 0.1043 1.6628 -0.0261 -0.0031 0.0261] moved=0.000 dist_tgt=2.126
t=0.110 att=2 phase=pump idx=3 cmd=[0.0061 0.0771 1.6276 -0.0096 -0.0031 0.0261] meas=[0.0061 0.1043 1.6628 -0.0261 -0.0031 0.0261] moved=0.000 dist_tgt=2.126
t=0.156 att=2 phase=pump idx=4 cmd=[0.0061 0.0773 1.6291 -0.0113 -0.0031 0.0261] meas=[0.0061 0.1043 1.6628 -0.0245 -0.0031 0.0261] moved=0.088 dist_tgt=2.214
t=0.203 att=2 phase=pump idx=5 cmd=[0.0061 0.0774 1.6306 -0.0130 -0.0031 0.0261] meas=[0.0061 0.1043 1.6628 -0.0169 -0.0031 0.0261] moved=0.527 dist_tgt=2.654
t=0.250 att=2 phase=pump idx=6 cmd=[0.0061 0.0776 1.6322 -0.0147 -0.0031 0.0261] meas=[0.0061 0.1043 1.6628 -0.0123 -0.0031 0.0261] moved=0.791 dist_tgt=2.917
t=0.313 att=2 phase=pump idx=7 cmd=[0.0061 0.0777 1.6337 -0.0163 -0.0031 0.0261] meas=[0.0061 0.1043 1.6628 -0.0107 -0.0031 0.0261] moved=0.879 dist_tgt=3.005
t=0.344 att=2 phase=pump idx=8 cmd=[0.0061 0.0778 1.6352 -0.0180 -0.0031 0.0261] meas=[0.0061 0.1043 1.6628 -0.0107 -0.0031 0.0261] moved=0.879 dist_tgt=3.005
t=0.406 att=2 phase=pump idx=9 cmd=[0.0061 0.0780 1.6368 -0.0197 -0.0031 0.0261] meas=[0.0061 0.1043 1.6628 -0.0107 -0.0031 0.0261] moved=0.879 dist_tgt=3.005
t=0.453 att=2 phase=pump idx=10 cmd=[0.0061 0.0781 1.6383 -0.0214 -0.0031 0.0261] meas=[0.0061 0.1043 1.6628 -0.0107 -0.0031 0.0261] moved=0.879 dist_tgt=3.005
t=0.500 att=2 phase=pump idx=11 cmd=[0.0061 0.0783 1.6398 -0.0231 -0.0031 0.0261] meas=[0.0061 0.1043 1.6628 -0.0107 -0.0031 0.0261] moved=0.879 dist_tgt=3.005
t=0.563 att=2 phase=pump idx=12 cmd=[0.0061 0.0784 1.6414 -0.0247 -0.0031 0.0261] meas=[0.0061 0.1043 1.6628 -0.0107 -0.0031 0.0261] moved=0.879 dist_tgt=3.005
t=0.641 att=2 phase=pump idx=13 cmd=[0.0060 0.0786 1.6429 -0.0264 -0.0031 0.0261] meas=[0.0061 0.1043 1.6628 -0.0107 -0.0031 0.0261] moved=0.879 dist_tgt=3.005
t=0.688 att=2 phase=pump idx=14 cmd=[0.0060 0.0787 1.6444 -0.0281 -0.0031 0.0261] meas=[0.0061 0.1043 1.6628 -0.0107 -0.0031 0.0261] moved=0.879 dist_tgt=3.005
t=0.719 att=2 phase=pump idx=15 cmd=[0.0060 0.0789 1.6459 -0.0297 -0.0031 0.0261] meas=[0.0061 0.1043 1.6628 -0.0107 -0.0031 0.0261] moved=0.879 dist_tgt=3.005
t=0.750 att=2 phase=pump idx=16 cmd=[0.0060 0.0791 1.6474 -0.0314 -0.0031 0.0261] meas=[0.0061 0.1043 1.6628 -0.0107 -0.0031 0.0261] moved=0.879 dist_tgt=3.005
t=0.813 att=2 phase=pump idx=17 cmd=[0.0060 0.0792 1.6489 -0.0331 -0.0031 0.0261] meas=[0.0061 0.1043 1.6628 -0.0107 -0.0031 0.0261] moved=0.879 dist_tgt=3.005
t=0.844 att=2 phase=pump idx=18 cmd=[0.0059 0.0794 1.6504 -0.0348 -0.0031 0.0261] meas=[0.0061 0.1043 1.6628 -0.0107 -0.0031 0.0261] moved=0.879 dist_tgt=3.005
t=0.906 att=2 phase=pump idx=19 cmd=[0.0059 0.0796 1.6519 -0.0364 -0.0031 0.0261] meas=[0.0061 0.1043 1.6628 -0.0107 -0.0031 0.0261] moved=0.879 dist_tgt=3.005
t=0.938 att=2 phase=pump idx=20 cmd=[0.0059 0.0797 1.6534 -0.0381 -0.0031 0.0261] meas=[0.0061 0.1043 1.6628 -0.0169 -0.0031 0.0261] moved=0.527 dist_tgt=2.654
t=1.000 att=2 phase=pump idx=21 cmd=[0.0059 0.0799 1.6550 -0.0398 -0.0031 0.0261] meas=[0.0061 0.1043 1.6628 -0.0199 -0.0031 0.0261] moved=0.352 dist_tgt=2.478
t=1.063 att=2 phase=pump idx=22 cmd=[0.0059 0.0801 1.6565 -0.0415 -0.0031 0.0261] meas=[0.0061 0.1043 1.6628 -0.0199 -0.0031 0.0261] moved=0.352 dist_tgt=2.478
t=1.094 att=2 phase=pump idx=23 cmd=[0.0058 0.0802 1.6580 -0.0431 -0.0031 0.0261] meas=[0.0061 0.1043 1.6628 -0.0199 -0.0031 0.0261] moved=0.352 dist_tgt=2.478
t=1.156 att=2 phase=pump idx=24 cmd=[0.0058 0.0804 1.6595 -0.0448 -0.0031 0.0261] meas=[0.0061 0.1043 1.6628 -0.0199 -0.0031 0.0261] moved=0.352 dist_tgt=2.478
t=1.203 att=2 phase=pump idx=25 cmd=[0.0058 0.0806 1.6610 -0.0465 -0.0031 0.0261] meas=[0.0061 0.1043 1.6628 -0.0261 -0.0031 0.0261] moved=0.000 dist_tgt=2.126
t=1.250 att=2 phase=pump idx=26 cmd=[0.0057 0.0808 1.6624 -0.0482 -0.0031 0.0261] meas=[0.0061 0.1043 1.6628 -0.0261 -0.0031 0.0261] moved=0.000 dist_tgt=2.126
t=1.297 att=2 phase=pump idx=27 cmd=[0.0057 0.0809 1.6639 -0.0498 -0.0031 0.0261] meas=[0.0061 0.1043 1.6628 -0.0291 -0.0031 0.0261] moved=0.176 dist_tgt=1.950
t=1.344 att=2 phase=pump idx=28 cmd=[0.0057 0.0811 1.6654 -0.0515 -0.0031 0.0261] meas=[0.0061 0.1043 1.6674 -0.0291 -0.0031 0.0261] moved=0.264 dist_tgt=1.950
t=1.406 att=2 phase=pump idx=29 cmd=[0.0056 0.0813 1.6669 -0.0532 -0.0031 0.0261] meas=[0.0061 0.1043 1.6674 -0.0322 -0.0031 0.0261] moved=0.352 dist_tgt=1.775
t=1.453 att=2 phase=pump idx=30 cmd=[0.0056 0.0815 1.6684 -0.0548 -0.0031 0.0261] meas=[0.0061 0.1043 1.6705 -0.0353 -0.0031 0.0261] moved=0.527 dist_tgt=1.599
t=1.500 att=2 phase=pump idx=31 cmd=[0.0056 0.0817 1.6699 -0.0565 -0.0031 0.0261] meas=[0.0061 0.1043 1.6705 -0.0353 -0.0031 0.0261] moved=0.527 dist_tgt=1.599
t=1.563 att=2 phase=pump idx=32 cmd=[0.0055 0.0818 1.6714 -0.0582 -0.0031 0.0261] meas=[0.0061 0.1043 1.6720 -0.0368 -0.0031 0.0261] moved=0.615 dist_tgt=1.511
t=1.610 att=2 phase=pump idx=33 cmd=[0.0055 0.0820 1.6729 -0.0598 -0.0031 0.0261] meas=[0.0061 0.1043 1.6736 -0.0383 -0.0031 0.0261] moved=0.703 dist_tgt=1.423
t=1.641 att=2 phase=pump idx=34 cmd=[0.0055 0.0822 1.6744 -0.0615 -0.0031 0.0261] meas=[0.0061 0.1043 1.6751 -0.0383 -0.0031 0.0261] moved=0.703 dist_tgt=1.423
t=1.703 att=2 phase=pump idx=35 cmd=[0.0054 0.0824 1.6758 -0.0632 -0.0031 0.0261] meas=[0.0061 0.1043 1.6766 -0.0383 -0.0031 0.0261] moved=0.791 dist_tgt=1.423
# attempt 2: NO commit after pump (arm command-deaf); retrying from newly measured state
# attempt 3: M=[0.0061 0.1043 1.6812 -0.0460 -0.0031 0.0261]  i_target=4  max_disp=2.098 deg  per_joint=[0.07 1.12 0.67 2.10 0.00] deg
t=0.000 att=3 phase=pump idx=0 cmd=[0.0061 0.0767 1.6230 -0.0046 -0.0031 0.0261] meas=[0.0061 0.1043 1.6812 -0.0460 -0.0031 0.0261] moved=0.000 dist_tgt=2.098
t=0.000 att=3 phase=pump idx=1 cmd=[0.0061 0.0769 1.6250 -0.0068 -0.0031 0.0261] meas=[0.0061 0.1043 1.6812 -0.0460 -0.0031 0.0261] moved=0.000 dist_tgt=2.098
t=0.046 att=3 phase=pump idx=2 cmd=[0.0061 0.0771 1.6270 -0.0091 -0.0031 0.0261] meas=[0.0061 0.1043 1.6812 -0.0460 -0.0031 0.0261] moved=0.000 dist_tgt=2.098
t=0.109 att=3 phase=pump idx=3 cmd=[0.0061 0.0773 1.6291 -0.0113 -0.0031 0.0261] meas=[0.0061 0.1043 1.6812 -0.0460 -0.0031 0.0261] moved=0.000 dist_tgt=2.098
t=0.156 att=3 phase=pump idx=4 cmd=[0.0061 0.0775 1.6311 -0.0136 -0.0031 0.0261] meas=[0.0061 0.1043 1.6812 -0.0460 -0.0031 0.0261] moved=0.000 dist_tgt=2.098
t=0.187 att=3 phase=pump idx=5 cmd=[0.0061 0.0777 1.6332 -0.0158 -0.0031 0.0261] meas=[0.0061 0.1043 1.6797 -0.0337 -0.0031 0.0261] moved=0.703 dist_tgt=2.801
t=0.250 att=3 phase=pump idx=6 cmd=[0.0061 0.0778 1.6352 -0.0180 -0.0031 0.0261] meas=[0.0061 0.1043 1.6751 -0.0230 -0.0031 0.0261] moved=1.318 dist_tgt=3.417
t=0.312 att=3 phase=pump idx=7 cmd=[0.0061 0.0780 1.6373 -0.0203 -0.0031 0.0261] meas=[0.0061 0.1043 1.6720 -0.0184 -0.0031 0.0261] moved=1.582 dist_tgt=3.680
t=0.343 att=3 phase=pump idx=8 cmd=[0.0061 0.0782 1.6393 -0.0225 -0.0031 0.0261] meas=[0.0061 0.1043 1.6720 -0.0184 -0.0031 0.0261] moved=1.582 dist_tgt=3.680
t=0.406 att=3 phase=pump idx=9 cmd=[0.0061 0.0784 1.6414 -0.0247 -0.0031 0.0261] meas=[0.0061 0.1043 1.6720 -0.0184 -0.0031 0.0261] moved=1.582 dist_tgt=3.680
t=0.453 att=3 phase=pump idx=10 cmd=[0.0060 0.0786 1.6434 -0.0270 -0.0031 0.0261] meas=[0.0061 0.1043 1.6720 -0.0184 -0.0031 0.0261] moved=1.582 dist_tgt=3.680
t=0.500 att=3 phase=pump idx=11 cmd=[0.0060 0.0789 1.6454 -0.0292 -0.0031 0.0261] meas=[0.0061 0.1043 1.6720 -0.0184 -0.0031 0.0261] moved=1.582 dist_tgt=3.680
t=0.546 att=3 phase=pump idx=12 cmd=[0.0060 0.0791 1.6474 -0.0314 -0.0031 0.0261] meas=[0.0061 0.1043 1.6720 -0.0184 -0.0031 0.0261] moved=1.582 dist_tgt=3.680
t=0.609 att=3 phase=pump idx=13 cmd=[0.0059 0.0793 1.6494 -0.0337 -0.0031 0.0261] meas=[0.0061 0.1043 1.6720 -0.0184 -0.0031 0.0261] moved=1.582 dist_tgt=3.680
t=0.640 att=3 phase=pump idx=14 cmd=[0.0059 0.0795 1.6514 -0.0359 -0.0031 0.0261] meas=[0.0061 0.1043 1.6720 -0.0184 -0.0031 0.0261] moved=1.582 dist_tgt=3.680
t=0.703 att=3 phase=pump idx=15 cmd=[0.0059 0.0797 1.6534 -0.0381 -0.0031 0.0261] meas=[0.0061 0.1043 1.6720 -0.0184 -0.0031 0.0261] moved=1.582 dist_tgt=3.680
t=0.750 att=3 phase=pump idx=16 cmd=[0.0059 0.0799 1.6555 -0.0403 -0.0031 0.0261] meas=[0.0061 0.1043 1.6720 -0.0184 -0.0031 0.0261] moved=1.582 dist_tgt=3.680
t=0.812 att=3 phase=pump idx=17 cmd=[0.0058 0.0802 1.6575 -0.0426 -0.0031 0.0261] meas=[0.0061 0.1043 1.6720 -0.0184 -0.0031 0.0261] moved=1.582 dist_tgt=3.680
t=0.859 att=3 phase=pump idx=18 cmd=[0.0058 0.0804 1.6595 -0.0448 -0.0031 0.0261] meas=[0.0061 0.1043 1.6720 -0.0184 -0.0031 0.0261] moved=1.582 dist_tgt=3.680
t=0.906 att=3 phase=pump idx=19 cmd=[0.0058 0.0806 1.6615 -0.0470 -0.0031 0.0261] meas=[0.0061 0.1043 1.6720 -0.0230 -0.0031 0.0261] moved=1.318 dist_tgt=3.417
t=0.937 att=3 phase=pump idx=20 cmd=[0.0057 0.0809 1.6634 -0.0493 -0.0031 0.0261] meas=[0.0061 0.1043 1.6720 -0.0261 -0.0031 0.0261] moved=1.143 dist_tgt=3.241
# attempt 3 COMMITTED in phase=pump at t=0.937 s meas=[0.0061 0.1043 1.6720 -0.0261 -0.0031 0.0261]  t102_continuous=True
===== CONTINUOUS FORWARD: direct transition to wp=2 compat_err=1.378deg (NO align hold, NO T102 gap) =====
adv t=0.000 leg=F idx=2 cmd=[0.0058 0.0803 1.6585 -0.0437 -0.0031 0.0261] meas=[0.0061 0.1043 1.6720 -0.0291 -0.0031 0.0261] xyz=362.54,2.22,159.31 track=0.0240
adv t=0.047 leg=F idx=3 cmd=[0.0054 0.0824 1.6758 -0.0632 -0.0031 0.0261] meas=[0.0061 0.1043 1.6720 -0.0307 -0.0031 0.0261] xyz=362.61,2.22,159.57 track=0.0325
adv t=0.110 leg=F idx=4 cmd=[0.0049 0.0847 1.6929 -0.0826 -0.0031 0.0261] meas=[0.0061 0.1043 1.6720 -0.0353 -0.0031 0.0261] xyz=362.80,2.23,160.34 track=0.0474
adv t=0.141 leg=F idx=5 cmd=[0.0042 0.0873 1.7098 -0.1021 -0.0031 0.0261] meas=[0.0061 0.1043 1.6720 -0.0353 -0.0031 0.0261] xyz=362.80,2.23,160.34 track=0.0668
adv t=0.203 leg=F idx=6 cmd=[0.0034 0.0901 1.7263 -0.1214 -0.0031 0.0261] meas=[0.0061 0.1043 1.6720 -0.0353 -0.0031 0.0261] xyz=362.80,2.23,160.34 track=0.0861
adv t=0.250 leg=F idx=7 cmd=[0.0024 0.0932 1.7426 -0.1408 -0.0031 0.0261] meas=[0.0061 0.1043 1.6904 -0.0522 -0.0031 0.0261] xyz=362.17,2.22,157.48 track=0.0886
adv t=0.297 leg=F idx=8 cmd=[0.0012 0.0964 1.7587 -0.1600 -0.0031 0.0261] meas=[0.0061 0.1043 1.7058 -0.0690 -0.0031 0.0261] xyz=361.73,2.22,155.58 track=0.0910
adv t=0.360 leg=F idx=9 cmd=[-0.0001 0.0998 1.7744 -0.1792 -0.0031 0.0261] meas=[0.0061 0.1058 1.7257 -0.0936 -0.0031 0.0261] xyz=361.45,2.22,153.00 track=0.0857
adv t=0.406 leg=F idx=10 cmd=[-0.0015 0.1035 1.7899 -0.1984 -0.0031 0.0261] meas=[0.0061 0.1058 1.7395 -0.1074 -0.0031 0.0261] xyz=360.92,2.21,151.08 track=0.0910
adv t=0.438 leg=F idx=11 cmd=[-0.0031 0.1074 1.8052 -0.2175 -0.0031 0.0261] meas=[0.0061 0.1058 1.7441 -0.1181 -0.0031 0.0261] xyz=360.99,2.22,151.46 track=0.0994
adv t=0.516 leg=F idx=12 cmd=[-0.0049 0.1115 1.8201 -0.2365 -0.0031 0.0261] meas=[0.0061 0.1089 1.7549 -0.1335 -0.0031 0.0261] xyz=361.20,2.22,149.64 track=0.1031
adv t=0.594 leg=F idx=13 cmd=[-0.0068 0.1158 1.8348 -0.2555 -0.0031 0.0261] meas=[0.0061 0.1212 1.7856 -0.1641 -0.0031 0.0261] xyz=361.62,2.22,140.99 track=0.0914
adv t=0.625 leg=F idx=14 cmd=[-0.0088 0.1203 1.8492 -0.2744 -0.0031 0.0261] meas=[0.0061 0.1319 1.8101 -0.1917 -0.0031 0.0261] xyz=362.00,2.22,134.29 track=0.0826
adv t=0.656 leg=F idx=15 cmd=[-0.0110 0.1250 1.8633 -0.2932 -0.0031 0.0261] meas=[0.0061 0.1335 1.8162 -0.2056 -0.0031 0.0261] xyz=362.22,2.22,134.18 track=0.0876
adv t=0.703 leg=F idx=16 cmd=[-0.0134 0.1298 1.8771 -0.3119 -0.0031 0.0261] meas=[0.0061 0.1335 1.8316 -0.2224 -0.0031 0.0261] xyz=361.45,2.22,132.39 track=0.0895
adv t=0.750 leg=F idx=17 cmd=[-0.0159 0.1349 1.8906 -0.3305 -0.0031 0.0261] meas=[0.0061 0.1335 1.8377 -0.2347 -0.0031 0.0261] xyz=361.36,2.22,132.59 track=0.0958
adv t=0.797 leg=F idx=18 cmd=[-0.0185 0.1402 1.9039 -0.3490 -0.0031 0.0261] meas=[0.0061 0.1365 1.8623 -0.2638 -0.0031 0.0261] xyz=360.53,2.21,129.01 track=0.0852
adv t=0.860 leg=F idx=19 cmd=[-0.0213 0.1456 1.9168 -0.3674 -0.0031 0.0261] meas=[0.0061 0.1427 1.8745 -0.2777 -0.0031 0.0261] xyz=360.62,2.21,125.45 track=0.0898
adv t=0.906 leg=F idx=20 cmd=[-0.0242 0.1513 1.9295 -0.3857 -0.0031 0.0261] meas=[0.0061 0.1534 1.8883 -0.3007 -0.0031 0.0261] xyz=361.46,2.22,121.32 track=0.0850
adv t=0.953 leg=F idx=21 cmd=[-0.0273 0.1571 1.9418 -0.4038 -0.0031 0.0261] meas=[0.0061 0.1565 1.9037 -0.3160 -0.0031 0.0261] xyz=360.80,2.21,118.24 track=0.0878
adv t=1.000 leg=F idx=22 cmd=[-0.0305 0.1630 1.9539 -0.4219 -0.0031 0.0261] meas=[0.0061 0.1580 1.9083 -0.3283 -0.0031 0.0261] xyz=360.99,2.22,118.38 track=0.0936
adv t=1.047 leg=F idx=23 cmd=[-0.0338 0.1691 1.9656 -0.4397 -0.0031 0.0261] meas=[0.0046 0.1626 1.9175 -0.3421 -0.0031 0.0261] xyz=361.09,1.66,116.32 track=0.0976
adv t=1.110 leg=F idx=24 cmd=[-0.0373 0.1754 1.9771 -0.4574 -0.0031 0.0261] meas=[-0.0015 0.1703 1.9420 -0.3712 -0.0031 0.0261] xyz=360.38,-0.55,111.26 track=0.0862
adv t=1.141 leg=F idx=25 cmd=[-0.0409 0.1818 1.9882 -0.4750 -0.0031 0.0261] meas=[-0.0031 0.1703 1.9466 -0.3820 -0.0031 0.0261] xyz=360.29,-1.11,111.71 track=0.0930
adv t=1.203 leg=F idx=26 cmd=[-0.0447 0.1884 1.9990 -0.4924 -0.0031 0.0261] meas=[-0.0061 0.1779 1.9558 -0.3958 -0.0031 0.0261] xyz=360.63,-2.21,108.59 track=0.0966
adv t=1.250 leg=F idx=27 cmd=[-0.0486 0.1951 2.0095 -0.5096 -0.0031 0.0261] meas=[-0.0123 0.1887 1.9788 -0.4264 -0.0031 0.0261] xyz=360.25,-4.42,103.22 track=0.0831
adv t=1.313 leg=F idx=28 cmd=[-0.0526 0.2019 2.0197 -0.5266 -0.0031 0.0261] meas=[-0.0153 0.1979 1.9896 -0.4418 -0.0031 0.0261] xyz=360.48,-5.53,99.39 track=0.0848
adv t=1.360 leg=F idx=29 cmd=[-0.0567 0.2089 2.0296 -0.5434 -0.0031 0.0261] meas=[-0.0215 0.2056 2.0003 -0.4648 -0.0031 0.0261] xyz=360.81,-7.75,97.41 track=0.0786
adv t=1.391 leg=F idx=30 cmd=[-0.0610 0.2160 2.0391 -0.5600 -0.0031 0.0261] meas=[-0.0245 0.2086 2.0095 -0.4786 -0.0031 0.0261] xyz=360.48,-8.85,96.01 track=0.0814
adv t=1.453 leg=F idx=31 cmd=[-0.0654 0.2231 2.0483 -0.5764 -0.0031 0.0261] meas=[-0.0261 0.2117 2.0110 -0.4893 -0.0031 0.0261] xyz=361.01,-9.42,96.26 track=0.0870
adv t=1.500 leg=F idx=32 cmd=[-0.0699 0.2304 2.0571 -0.5925 -0.0031 0.0261] meas=[-0.0322 0.2240 2.0310 -0.5139 -0.0031 0.0261] xyz=360.50,-11.62,90.34 track=0.0786
adv t=1.563 leg=F idx=33 cmd=[-0.0746 0.2377 2.0657 -0.6084 -0.0031 0.0261] meas=[-0.0337 0.2301 2.0387 -0.5292 -0.0031 0.0261] xyz=360.65,-12.18,88.55 track=0.0791
adv t=1.594 leg=F idx=34 cmd=[-0.0794 0.2452 2.0739 -0.6240 -0.0031 0.0261] meas=[-0.0368 0.2347 2.0433 -0.5384 -0.0031 0.0261] xyz=360.78,-13.29,87.15 track=0.0856
adv t=1.656 leg=F idx=35 cmd=[-0.0842 0.2527 2.0817 -0.6394 -0.0031 0.0261] meas=[-0.0399 0.2408 2.0509 -0.5522 -0.0031 0.0261] xyz=360.80,-14.40,85.12 track=0.0871
adv t=1.703 leg=F idx=36 cmd=[-0.0892 0.2602 2.0892 -0.6544 -0.0031 0.0261] meas=[-0.0506 0.2531 2.0693 -0.5798 -0.0031 0.0261] xyz=360.25,-18.25,80.26 track=0.0746
adv t=1.750 leg=F idx=37 cmd=[-0.0944 0.2679 2.0964 -0.6692 -0.0031 0.0261] meas=[-0.0552 0.2623 2.0755 -0.5937 -0.0031 0.0261] xyz=360.60,-19.93,77.57 track=0.0756
adv t=1.797 leg=F idx=38 cmd=[-0.0996 0.2755 2.1032 -0.6837 -0.0031 0.0261] meas=[-0.0614 0.2730 2.0831 -0.6136 -0.0031 0.0261] xyz=361.04,-22.18,74.95 track=0.0701
adv t=1.860 leg=F idx=39 cmd=[-0.1049 0.2832 2.1097 -0.6979 -0.0031 0.0261] meas=[-0.0629 0.2777 2.0923 -0.6274 -0.0031 0.0261] xyz=360.60,-22.71,73.12 track=0.0705
adv t=1.906 leg=F idx=40 cmd=[-0.1104 0.2909 2.1158 -0.7117 -0.0031 0.0261] meas=[-0.0690 0.2853 2.0985 -0.6458 -0.0031 0.0261] xyz=360.89,-24.95,71.78 track=0.0659
adv t=1.953 leg=F idx=41 cmd=[-0.1159 0.2987 2.1216 -0.7252 -0.0031 0.0261] meas=[-0.0721 0.2915 2.1046 -0.6581 -0.0031 0.0261] xyz=360.86,-26.06,69.98 track=0.0671
adv t=2.000 leg=F idx=42 cmd=[-0.1215 0.3064 2.1270 -0.7384 -0.0031 0.0261] meas=[-0.0767 0.2961 2.1046 -0.6657 -0.0031 0.0261] xyz=361.37,-27.77,69.60 track=0.0726
adv t=2.063 leg=F idx=43 cmd=[-0.1273 0.3141 2.1321 -0.7512 -0.0031 0.0261] meas=[-0.0859 0.3053 2.1169 -0.6872 -0.0031 0.0261] xyz=360.79,-31.07,66.62 track=0.0639
adv t=2.094 leg=F idx=44 cmd=[-0.1331 0.3218 2.1368 -0.7636 -0.0031 0.0261] meas=[-0.0920 0.3129 2.1215 -0.7010 -0.0031 0.0261] xyz=360.98,-33.32,64.94 track=0.0626
adv t=2.156 leg=F idx=45 cmd=[-0.1390 0.3295 2.1412 -0.7756 -0.0031 0.0261] meas=[-0.0966 0.3175 2.1246 -0.7072 -0.0031 0.0261] xyz=360.90,-34.99,63.50 track=0.0685
adv t=2.203 leg=F idx=46 cmd=[-0.1450 0.3372 2.1452 -0.7873 -0.0031 0.0261] meas=[-0.1043 0.3298 2.1353 -0.7286 -0.0031 0.0261] xyz=360.63,-37.75,59.86 track=0.0587
adv t=2.250 leg=F idx=47 cmd=[-0.1511 0.3448 2.1488 -0.7985 -0.0031 0.0261] meas=[-0.1089 0.3359 2.1368 -0.7394 -0.0031 0.0261] xyz=361.02,-39.48,59.03 track=0.0592
adv t=2.313 leg=F idx=48 cmd=[-0.1573 0.3524 2.1521 -0.8094 -0.0031 0.0261] meas=[-0.1120 0.3421 2.1399 -0.7470 -0.0031 0.0261] xyz=361.10,-40.61,57.30 track=0.0623
adv t=2.360 leg=F idx=49 cmd=[-0.1636 0.3598 2.1550 -0.8198 -0.0031 0.0261] meas=[-0.1212 0.3528 2.1460 -0.7655 -0.0031 0.0261] xyz=361.11,-43.98,54.91 track=0.0544
adv t=2.391 leg=F idx=50 cmd=[-0.1699 0.3673 2.1576 -0.8298 -0.0031 0.0261] meas=[-0.1273 0.3590 2.1491 -0.7762 -0.0031 0.0261] xyz=361.12,-46.23,53.69 track=0.0536
adv t=2.453 leg=F idx=51 cmd=[-0.1763 0.3746 2.1598 -0.8394 -0.0031 0.0261] meas=[-0.1319 0.3636 2.1491 -0.7823 -0.0031 0.0261] xyz=361.40,-47.96,53.04 track=0.0570
adv t=2.500 leg=F idx=52 cmd=[-0.1828 0.3819 2.1617 -0.8485 -0.0031 0.0261] meas=[-0.1396 0.3758 2.1568 -0.7992 -0.0031 0.0261] xyz=361.12,-50.74,49.47 track=0.0493
adv t=2.547 leg=F idx=53 cmd=[-0.1893 0.3890 2.1632 -0.8572 -0.0031 0.0261] meas=[-0.1442 0.3835 2.1568 -0.8084 -0.0031 0.0261] xyz=361.63,-52.51,48.20 track=0.0488
adv t=2.610 leg=F idx=54 cmd=[-0.1959 0.3961 2.1644 -0.8654 -0.0031 0.0261] meas=[-0.1488 0.3866 2.1583 -0.8130 -0.0031 0.0261] xyz=361.48,-54.19,47.47 track=0.0524
adv t=2.656 leg=F idx=55 cmd=[-0.2025 0.4030 2.1652 -0.8731 -0.0031 0.0261] meas=[-0.1565 0.3988 2.1598 -0.8299 -0.0031 0.0261] xyz=362.05,-57.12,45.42 track=0.0461
adv t=2.688 leg=F idx=56 cmd=[-0.2092 0.4098 2.1657 -0.8804 -0.0031 0.0261] meas=[-0.1595 0.4004 2.1644 -0.8345 -0.0031 0.0261] xyz=361.39,-58.15,44.50 track=0.0497
adv t=2.750 leg=F idx=57 cmd=[-0.2160 0.4165 2.1658 -0.8872 -0.0031 0.0261] meas=[-0.1657 0.4065 2.1644 -0.8406 -0.0031 0.0261] xyz=361.54,-60.45,43.28 track=0.0503
adv t=2.813 leg=F idx=58 cmd=[-0.2228 0.4231 2.1656 -0.8936 -0.0031 0.0261] meas=[-0.1749 0.4218 2.1660 -0.8560 -0.0031 0.0261] xyz=361.97,-63.95,39.84 track=0.0479
adv t=2.844 leg=F idx=59 cmd=[-0.2297 0.4295 2.1650 -0.8994 -0.0031 0.0261] meas=[-0.1810 0.4295 2.1660 -0.8621 -0.0031 0.0261] xyz=362.11,-66.27,38.04 track=0.0487
adv t=2.906 leg=F idx=60 cmd=[-0.2365 0.4357 2.1641 -0.9048 -0.0031 0.0261] meas=[-0.1871 0.4310 2.1660 -0.8636 -0.0031 0.0261] xyz=361.82,-68.51,37.73 track=0.0494
adv t=2.953 leg=F idx=61 cmd=[-0.2435 0.4419 2.1629 -0.9097 -0.0031 0.0261] meas=[-0.1963 0.4418 2.1660 -0.8774 -0.0031 0.0261] xyz=362.12,-72.03,36.08 track=0.0471
adv t=3.000 leg=F idx=62 cmd=[-0.2504 0.4478 2.1613 -0.9141 -0.0031 0.0261] meas=[-0.2025 0.4464 2.1660 -0.8820 -0.0031 0.0261] xyz=362.01,-74.32,35.15 track=0.0479
adv t=3.047 leg=F idx=63 cmd=[-0.2574 0.4537 2.1595 -0.9181 -0.0031 0.0261] meas=[-0.2071 0.4479 2.1660 -0.8820 -0.0031 0.0261] xyz=361.72,-76.00,34.59 track=0.0503
adv t=3.094 leg=F idx=64 cmd=[-0.2644 0.4593 2.1572 -0.9215 -0.0031 0.0261] meas=[-0.2163 0.4587 2.1660 -0.8943 -0.0031 0.0261] xyz=361.85,-79.51,32.66 track=0.0481
adv t=3.156 leg=F idx=65 cmd=[-0.2715 0.4648 2.1547 -0.9245 -0.0031 0.0261] meas=[-0.2224 0.4633 2.1660 -0.8989 -0.0031 0.0261] xyz=361.68,-81.80,31.73 track=0.0490
adv t=3.203 leg=F idx=66 cmd=[-0.2785 0.4701 2.1518 -0.9269 -0.0031 0.0261] meas=[-0.2332 0.4694 2.1660 -0.9004 -0.0031 0.0261] xyz=361.02,-85.74,29.71 track=0.0453
adv t=3.250 leg=F idx=67 cmd=[-0.2856 0.4753 2.1487 -0.9289 -0.0031 0.0261] meas=[-0.2378 0.4740 2.1660 -0.9035 -0.0031 0.0261] xyz=360.88,-87.46,28.51 track=0.0478
adv t=3.297 leg=F idx=68 cmd=[-0.2926 0.4802 2.1452 -0.9304 -0.0031 0.0261] meas=[-0.2424 0.4786 2.1660 -0.9081 -0.0031 0.0261] xyz=360.79,-89.20,27.57 track=0.0503
adv t=3.360 leg=F idx=69 cmd=[-0.2997 0.4851 2.1414 -0.9314 -0.0031 0.0261] meas=[-0.2531 0.4863 2.1660 -0.9112 -0.0031 0.0261] xyz=360.13,-93.15,25.23 track=0.0466
adv t=3.391 leg=F idx=70 cmd=[-0.3068 0.4897 2.1373 -0.9320 -0.0031 0.0261] meas=[-0.2592 0.4924 2.1660 -0.9143 -0.0031 0.0261] xyz=359.82,-95.43,23.46 track=0.0476
adv t=3.453 leg=F idx=71 cmd=[-0.3139 0.4941 2.1329 -0.9320 -0.0031 0.0261] meas=[-0.2638 0.4955 2.1660 -0.9173 -0.0031 0.0261] xyz=359.58,-97.14,22.83 track=0.0500
adv t=3.500 leg=F idx=72 cmd=[-0.3210 0.4984 2.1282 -0.9316 -0.0031 0.0261] meas=[-0.2746 0.5001 2.1660 -0.9173 -0.0031 0.0261] xyz=358.61,-101.02,21.12 track=0.0464
adv t=3.563 leg=F idx=73 cmd=[-0.3280 0.5025 2.1233 -0.9307 -0.0031 0.0261] meas=[-0.2807 0.5062 2.1660 -0.9173 -0.0031 0.0261] xyz=358.10,-103.25,18.83 track=0.0473
adv t=3.610 leg=F idx=74 cmd=[-0.3351 0.5065 2.1180 -0.9294 -0.0031 0.0261] meas=[-0.2899 0.5139 2.1660 -0.9173 -0.0031 0.0261] xyz=357.26,-106.58,15.97 track=0.0480
adv t=3.656 leg=F idx=75 cmd=[-0.3421 0.5102 2.1125 -0.9276 -0.0031 0.0261] meas=[-0.2945 0.5185 2.1629 -0.9173 -0.0031 0.0261] xyz=357.35,-108.40,14.96 track=0.0505
adv t=3.688 leg=F idx=76 cmd=[-0.3492 0.5138 2.1066 -0.9254 -0.0031 0.0261] meas=[-0.2976 0.5200 2.1629 -0.9173 -0.0031 0.0261] xyz=357.04,-109.50,14.39 track=0.0563
adv t=3.766 leg=F idx=77 cmd=[-0.3562 0.5172 2.1005 -0.9227 -0.0031 0.0261] meas=[-0.3037 0.5200 2.1614 -0.9173 -0.0031 0.0261] xyz=356.62,-111.77,14.74 track=0.0609
adv t=3.844 leg=F idx=78 cmd=[-0.3632 0.5205 2.0941 -0.9195 -0.0031 0.0261] meas=[-0.3160 0.5308 2.1476 -0.9173 -0.0031 0.0261] xyz=357.67,-116.94,13.89 track=0.0534
adv t=3.875 leg=F idx=79 cmd=[-0.3701 0.5235 2.0875 -0.9160 -0.0031 0.0261] meas=[-0.3283 0.5354 2.1399 -0.9173 -0.0031 0.0261] xyz=357.54,-121.78,13.93 track=0.0524
adv t=3.906 leg=F idx=80 cmd=[-0.3771 0.5264 2.0806 -0.9120 -0.0031 0.0261] meas=[-0.3329 0.5354 2.1353 -0.9173 -0.0031 0.0261] xyz=357.73,-123.68,14.99 track=0.0547
adv t=3.953 leg=F idx=81 cmd=[-0.3839 0.5292 2.0734 -0.9076 -0.0031 0.0261] meas=[-0.3375 0.5400 2.1292 -0.9173 -0.0031 0.0261] xyz=358.22,-125.70,14.67 track=0.0557
adv t=4.000 leg=F idx=82 cmd=[-0.3908 0.5318 2.0660 -0.9027 -0.0031 0.0261] meas=[-0.3405 0.5430 2.1261 -0.9173 -0.0031 0.0261] xyz=358.38,-126.99,14.22 track=0.0601
adv t=4.063 leg=F idx=83 cmd=[-0.3976 0.5342 2.0583 -0.8975 -0.0031 0.0261] meas=[-0.3497 0.5446 2.1154 -0.9173 -0.0031 0.0261] xyz=358.95,-130.92,16.14 track=0.0570
adv t=4.094 leg=F idx=84 cmd=[-0.4044 0.5365 2.0504 -0.8919 -0.0031 0.0261] meas=[-0.3559 0.5492 2.1092 -0.9158 -0.0031 0.0261] xyz=359.13,-133.49,15.55 track=0.0588
adv t=4.156 leg=F idx=85 cmd=[-0.4111 0.5386 2.0423 -0.8858 -0.0031 0.0261] meas=[-0.3590 0.5522 2.1062 -0.9127 -0.0031 0.0261] xyz=359.13,-134.75,14.58 track=0.0639
adv t=4.203 leg=F idx=86 cmd=[-0.4178 0.5406 2.0339 -0.8794 -0.0031 0.0261] meas=[-0.3697 0.5538 2.0970 -0.9035 -0.0031 0.0261] xyz=358.78,-139.03,14.62 track=0.0631
adv t=4.250 leg=F idx=87 cmd=[-0.4245 0.5424 2.0252 -0.8726 -0.0031 0.0261] meas=[-0.3758 0.5568 2.0908 -0.8974 -0.0031 0.0261] xyz=358.69,-141.53,13.85 track=0.0656
adv t=4.297 leg=F idx=88 cmd=[-0.4310 0.5442 2.0163 -0.8654 -0.0031 0.0261] meas=[-0.3804 0.5599 2.0847 -0.8974 -0.0031 0.0261] xyz=359.05,-143.59,14.11 track=0.0684
adv t=4.360 leg=F idx=89 cmd=[-0.4376 0.5457 2.0072 -0.8579 -0.0031 0.0261] meas=[-0.3927 0.5630 2.0724 -0.8851 -0.0031 0.0261] xyz=358.73,-148.59,13.78 track=0.0652
adv t=4.391 leg=F idx=90 cmd=[-0.4440 0.5472 1.9979 -0.8500 -0.0031 0.0261] meas=[-0.3973 0.5630 2.0647 -0.8790 -0.0031 0.0261] xyz=359.00,-150.64,14.57 track=0.0669
adv t=4.453 leg=F idx=91 cmd=[-0.4504 0.5485 1.9883 -0.8417 -0.0031 0.0261] meas=[-0.4034 0.5630 2.0601 -0.8790 -0.0031 0.0261] xyz=358.78,-153.15,15.67 track=0.0718
adv t=4.500 leg=F idx=92 cmd=[-0.4568 0.5497 1.9785 -0.8332 -0.0031 0.0261] meas=[-0.4142 0.5706 2.0463 -0.8652 -0.0031 0.0261] xyz=358.80,-157.73,13.66 track=0.0678
adv t=4.547 leg=F idx=93 cmd=[-0.4631 0.5507 1.9685 -0.8242 -0.0031 0.0261] meas=[-0.4188 0.5706 2.0387 -0.8575 -0.0031 0.0261] xyz=358.95,-159.77,14.22 track=0.0701
adv t=4.610 leg=F idx=94 cmd=[-0.4693 0.5517 1.9583 -0.8150 -0.0031 0.0261] meas=[-0.4280 0.5706 2.0279 -0.8483 -0.0031 0.0261] xyz=358.74,-163.65,15.27 track=0.0696
adv t=4.656 leg=F idx=95 cmd=[-0.4755 0.5526 1.9479 -0.8054 -0.0031 0.0261] meas=[-0.4326 0.5706 2.0187 -0.8422 -0.0031 0.0261] xyz=359.13,-165.83,16.47 track=0.0708
adv t=4.703 leg=F idx=96 cmd=[-0.4816 0.5533 1.9372 -0.7955 -0.0031 0.0261] meas=[-0.4341 0.5706 2.0141 -0.8360 -0.0031 0.0261] xyz=359.33,-166.59,16.57 track=0.0769
adv t=4.750 leg=F idx=97 cmd=[-0.4876 0.5540 1.9264 -0.7853 -0.0031 0.0261] meas=[-0.4387 0.5706 2.0064 -0.8299 -0.0031 0.0261] xyz=359.47,-168.67,17.41 track=0.0800
adv t=4.797 leg=F idx=98 cmd=[-0.4935 0.5545 1.9153 -0.7748 -0.0031 0.0261] meas=[-0.4464 0.5706 1.9896 -0.8145 -0.0031 0.0261] xyz=360.07,-172.33,18.99 track=0.0742
adv t=4.844 leg=F idx=99 cmd=[-0.4994 0.5550 1.9041 -0.7640 -0.0031 0.0261] meas=[-0.4525 0.5706 1.9788 -0.8053 -0.0031 0.0261] xyz=360.23,-175.13,20.11 track=0.0747
adv t=4.906 leg=F idx=100 cmd=[-0.5052 0.5554 1.8926 -0.7529 -0.0031 0.0261] meas=[-0.4648 0.5706 1.9650 -0.7931 -0.0031 0.0261] xyz=359.59,-180.31,21.49 track=0.0724
# resume_index=2 resume_err=1.378 deg (gate=3.36 deg)

===== REVERSE LEG (known-good run_leg_tracked, 100 .. 0) =====
ts=41201.578 cmd_ts=0.000 fb_ts=0.000 leg=R idx=0 cmd=[-0.5052 0.5554 1.8926 -0.7529 -0.0031 0.0261] meas=[-0.4847 0.5798 1.9297 -0.7593 -0.0031 0.0261] xyz=359.83,-189.50,20.98 track=0.0371
ts=41201.578 cmd_ts=0.000 fb_ts=0.000 leg=R idx=1 cmd=[-0.4994 0.5550 1.9041 -0.7640 -0.0031 0.0261] meas=[-0.4847 0.5798 1.9297 -0.7593 -0.0031 0.0261] xyz=359.83,-189.50,20.98 track=0.0257
ts=41201.625 cmd_ts=0.047 fb_ts=0.047 leg=R idx=2 cmd=[-0.4935 0.5545 1.9153 -0.7748 -0.0031 0.0261] meas=[-0.4847 0.5798 1.9297 -0.7593 -0.0031 0.0261] xyz=359.83,-189.50,20.98 track=0.0253
ts=41201.687 cmd_ts=0.109 fb_ts=0.109 leg=R idx=3 cmd=[-0.4876 0.5540 1.9264 -0.7853 -0.0031 0.0261] meas=[-0.4847 0.5798 1.9297 -0.7593 -0.0031 0.0261] xyz=359.83,-189.50,20.98 track=0.0260
ts=41201.718 cmd_ts=0.140 fb_ts=0.140 leg=R idx=4 cmd=[-0.4816 0.5533 1.9372 -0.7955 -0.0031 0.0261] meas=[-0.4847 0.5798 1.9297 -0.7593 -0.0031 0.0261] xyz=359.83,-189.50,20.98 track=0.0362
ts=41201.781 cmd_ts=0.203 fb_ts=0.203 leg=R idx=5 cmd=[-0.4755 0.5526 1.9479 -0.8054 -0.0031 0.0261] meas=[-0.4847 0.5798 1.9297 -0.7593 -0.0031 0.0261] xyz=359.83,-189.50,20.98 track=0.0461
ts=41201.828 cmd_ts=0.250 fb_ts=0.250 leg=R idx=6 cmd=[-0.4693 0.5517 1.9583 -0.8150 -0.0031 0.0261] meas=[-0.4847 0.5798 1.9297 -0.7593 -0.0031 0.0261] xyz=359.83,-189.50,20.98 track=0.0557
ts=41201.890 cmd_ts=0.312 fb_ts=0.312 leg=R idx=7 cmd=[-0.4631 0.5507 1.9685 -0.8242 -0.0031 0.0261] meas=[-0.4847 0.5798 1.9297 -0.7593 -0.0031 0.0261] xyz=359.83,-189.50,20.98 track=0.0649
ts=41201.921 cmd_ts=0.343 fb_ts=0.343 leg=R idx=8 cmd=[-0.4568 0.5497 1.9785 -0.8332 -0.0031 0.0261] meas=[-0.4847 0.5798 1.9297 -0.7593 -0.0031 0.0261] xyz=359.83,-189.50,20.98 track=0.0738
ts=41201.984 cmd_ts=0.406 fb_ts=0.406 leg=R idx=9 cmd=[-0.4504 0.5485 1.9883 -0.8417 -0.0031 0.0261] meas=[-0.4847 0.5798 1.9297 -0.7593 -0.0031 0.0261] xyz=359.83,-189.50,20.98 track=0.0824
ts=41202.031 cmd_ts=0.453 fb_ts=0.453 leg=R idx=10 cmd=[-0.4440 0.5472 1.9979 -0.8500 -0.0031 0.0261] meas=[-0.4847 0.5798 1.9297 -0.7593 -0.0031 0.0261] xyz=359.83,-189.50,20.98 track=0.0907
ts=41202.078 cmd_ts=0.500 fb_ts=0.500 leg=R idx=11 cmd=[-0.4376 0.5457 2.0072 -0.8579 -0.0031 0.0261] meas=[-0.4847 0.5798 1.9297 -0.7593 -0.0031 0.0261] xyz=359.83,-189.50,20.98 track=0.0986
ts=41202.125 cmd_ts=0.547 fb_ts=0.547 leg=R idx=12 cmd=[-0.4310 0.5442 2.0163 -0.8654 -0.0031 0.0261] meas=[-0.4847 0.5798 1.9297 -0.7593 -0.0031 0.0261] xyz=359.83,-189.50,20.98 track=0.1061
ts=41202.171 cmd_ts=0.593 fb_ts=0.593 leg=R idx=13 cmd=[-0.4245 0.5424 2.0252 -0.8726 -0.0031 0.0261] meas=[-0.4847 0.5798 1.9297 -0.7593 -0.0031 0.0261] xyz=359.83,-189.50,20.98 track=0.1133
ts=41202.234 cmd_ts=0.656 fb_ts=0.656 leg=R idx=14 cmd=[-0.4178 0.5406 2.0339 -0.8794 -0.0031 0.0261] meas=[-0.4847 0.5798 1.9297 -0.7593 -0.0031 0.0261] xyz=359.83,-189.50,20.98 track=0.1201
ts=41202.281 cmd_ts=0.703 fb_ts=0.703 leg=R idx=15 cmd=[-0.4111 0.5386 2.0423 -0.8858 -0.0031 0.0261] meas=[-0.4847 0.5798 1.9297 -0.7593 -0.0031 0.0261] xyz=359.83,-189.50,20.98 track=0.1265
ts=41202.328 cmd_ts=0.750 fb_ts=0.750 leg=R idx=16 cmd=[-0.4044 0.5365 2.0504 -0.8919 -0.0031 0.0261] meas=[-0.4847 0.5798 1.9297 -0.7609 -0.0031 0.0276] xyz=359.89,-189.53,21.23 track=0.1310
ts=41202.375 cmd_ts=0.797 fb_ts=0.797 leg=R idx=17 cmd=[-0.3976 0.5342 2.0583 -0.8975 -0.0031 0.0261] meas=[-0.4832 0.5798 1.9574 -0.7915 -0.0031 0.0276] xyz=357.42,-187.53,19.43 track=0.1060
ts=41202.437 cmd_ts=0.859 fb_ts=0.859 leg=R idx=18 cmd=[-0.3908 0.5318 2.0660 -0.9027 -0.0031 0.0261] meas=[-0.4786 0.5814 1.9681 -0.8053 -0.0031 0.0276] xyz=357.28,-185.37,18.45 track=0.0979
ts=41202.468 cmd_ts=0.890 fb_ts=0.890 leg=R idx=19 cmd=[-0.3839 0.5292 2.0734 -0.9076 -0.0031 0.0261] meas=[-0.4648 0.5814 1.9972 -0.8299 -0.0031 0.0276] xyz=356.47,-178.75,15.39 track=0.0809
ts=41202.531 cmd_ts=0.953 fb_ts=0.953 leg=R idx=20 cmd=[-0.3771 0.5264 2.0806 -0.9120 -0.0031 0.0261] meas=[-0.4495 0.5814 2.0141 -0.8483 -0.0031 0.0276] xyz=357.37,-172.39,14.36 track=0.0724
ts=41202.578 cmd_ts=1.000 fb_ts=1.000 leg=R idx=21 cmd=[-0.3701 0.5235 2.0875 -0.9160 -0.0031 0.0261] meas=[-0.4372 0.5814 2.0356 -0.8621 -0.0031 0.0276] xyz=356.73,-166.72,11.50 track=0.0671
ts=41202.640 cmd_ts=1.062 fb_ts=1.062 leg=R idx=22 cmd=[-0.3632 0.5205 2.0941 -0.9195 -0.0031 0.0261] meas=[-0.4249 0.5814 2.0433 -0.8728 -0.0031 0.0276] xyz=358.00,-161.99,11.46 track=0.0617
ts=41202.671 cmd_ts=1.093 fb_ts=1.093 leg=R idx=23 cmd=[-0.3562 0.5172 2.1005 -0.9227 -0.0031 0.0261] meas=[-0.4142 0.5814 2.0601 -0.8820 -0.0031 0.0276] xyz=357.45,-157.14,8.99 track=0.0642
ts=41202.734 cmd_ts=1.156 fb_ts=1.156 leg=R idx=24 cmd=[-0.3492 0.5138 2.1066 -0.9254 -0.0031 0.0261] meas=[-0.3988 0.5814 2.0801 -0.8958 -0.0031 0.0276] xyz=357.22,-150.54,6.62 track=0.0676
ts=41202.781 cmd_ts=1.203 fb_ts=1.203 leg=R idx=25 cmd=[-0.3421 0.5102 2.1125 -0.9276 -0.0031 0.0261] meas=[-0.3881 0.5814 2.0831 -0.9004 -0.0031 0.0276] xyz=358.51,-146.57,6.67 track=0.0712
ts=41202.828 cmd_ts=1.250 fb_ts=1.250 leg=R idx=26 cmd=[-0.3351 0.5065 2.1180 -0.9294 -0.0031 0.0261] meas=[-0.3789 0.5798 2.0985 -0.9050 -0.0031 0.0276] xyz=357.53,-142.34,4.48 track=0.0734
ts=41202.875 cmd_ts=1.297 fb_ts=1.297 leg=R idx=27 cmd=[-0.3280 0.5025 2.1233 -0.9307 -0.0031 0.0261] meas=[-0.3743 0.5798 2.1016 -0.9081 -0.0031 0.0276] xyz=357.81,-140.55,4.28 track=0.0773
ts=41202.937 cmd_ts=1.359 fb_ts=1.359 leg=R idx=28 cmd=[-0.3210 0.4984 2.1282 -0.9316 -0.0031 0.0261] meas=[-0.3682 0.5798 2.1062 -0.9097 -0.0031 0.0276] xyz=357.98,-138.09,3.48 track=0.0814
ts=41202.968 cmd_ts=1.390 fb_ts=1.390 leg=R idx=29 cmd=[-0.3139 0.4941 2.1329 -0.9320 -0.0031 0.0261] meas=[-0.3543 0.5798 2.1169 -0.9112 -0.0031 0.0276] xyz=358.11,-132.49,1.29 track=0.0857
ts=41203.031 cmd_ts=1.453 fb_ts=1.453 leg=R idx=30 cmd=[-0.3068 0.4897 2.1373 -0.9320 -0.0031 0.0261] meas=[-0.3482 0.5798 2.1246 -0.9143 -0.0031 0.0276] xyz=357.76,-129.87,0.06 track=0.0902
ts=41203.078 cmd_ts=1.500 fb_ts=1.500 leg=R idx=31 cmd=[-0.2997 0.4851 2.1414 -0.9314 -0.0031 0.0261] meas=[-0.3390 0.5783 2.1261 -0.9173 -0.0031 0.0276] xyz=358.82,-126.53,0.80 track=0.0933
ts=41203.140 cmd_ts=1.562 fb_ts=1.562 leg=R idx=32 cmd=[-0.2926 0.4802 2.1452 -0.9304 -0.0031 0.0261] meas=[-0.3344 0.5783 2.1322 -0.9189 -0.0031 0.0276] xyz=358.42,-124.54,-0.33 track=0.0981
ts=41203.171 cmd_ts=1.593 fb_ts=1.593 leg=R idx=33 cmd=[-0.2856 0.4753 2.1487 -0.9289 -0.0031 0.0261] meas=[-0.3298 0.5783 2.1338 -0.9189 -0.0031 0.0276] xyz=358.73,-122.79,-0.68 track=0.1030
ts=41203.234 cmd_ts=1.656 fb_ts=1.656 leg=R idx=34 cmd=[-0.2785 0.4701 2.1518 -0.9269 -0.0031 0.0261] meas=[-0.3252 0.5768 2.1368 -0.9189 -0.0031 0.0276] xyz=358.76,-120.96,-0.78 track=0.1067
ts=41203.281 cmd_ts=1.703 fb_ts=1.703 leg=R idx=35 cmd=[-0.2715 0.4648 2.1547 -0.9245 -0.0031 0.0261] meas=[-0.3145 0.5752 2.1430 -0.9189 -0.0031 0.0276] xyz=358.97,-116.76,-1.58 track=0.1104
ts=41203.328 cmd_ts=1.750 fb_ts=1.750 leg=R idx=36 cmd=[-0.2644 0.4593 2.1572 -0.9215 -0.0031 0.0261] meas=[-0.3068 0.5722 2.1491 -0.9189 -0.0031 0.0276] xyz=358.78,-113.66,-1.79 track=0.1129
ts=41203.375 cmd_ts=1.797 fb_ts=1.797 leg=R idx=37 cmd=[-0.2574 0.4537 2.1595 -0.9181 -0.0031 0.0261] meas=[-0.2991 0.5630 2.1537 -0.9189 -0.0031 0.0276] xyz=358.83,-110.66,0.64 track=0.1093
ts=41203.437 cmd_ts=1.859 fb_ts=1.859 leg=R idx=38 cmd=[-0.2504 0.4478 2.1613 -0.9141 -0.0031 0.0261] meas=[-0.2945 0.5584 2.1568 -0.9189 -0.0031 0.0276] xyz=358.80,-108.84,1.68 track=0.1105
ts=41203.484 cmd_ts=1.906 fb_ts=1.906 leg=R idx=39 cmd=[-0.2435 0.4419 2.1629 -0.9097 -0.0031 0.0261] meas=[-0.2853 0.5492 2.1583 -0.9189 -0.0031 0.0276] xyz=359.49,-105.45,4.79 track=0.1073
ts=41203.531 cmd_ts=1.953 fb_ts=1.953 leg=R idx=40 cmd=[-0.2365 0.4357 2.1641 -0.9048 -0.0031 0.0261] meas=[-0.2823 0.5492 2.1583 -0.9173 -0.0031 0.0276] xyz=359.73,-104.32,4.53 track=0.1134
ts=41203.578 cmd_ts=2.000 fb_ts=2.000 leg=R idx=41 cmd=[-0.2297 0.4295 2.1650 -0.8994 -0.0031 0.0261] meas=[-0.2777 0.5461 2.1583 -0.9173 -0.0031 0.0276] xyz=360.19,-102.66,5.68 track=0.1166
ts=41203.640 cmd_ts=2.062 fb_ts=2.062 leg=R idx=42 cmd=[-0.2228 0.4231 2.1656 -0.8936 -0.0031 0.0261] meas=[-0.2669 0.5384 2.1660 -0.9158 -0.0031 0.0276] xyz=359.82,-98.39,6.56 track=0.1154
ts=41203.671 cmd_ts=2.093 fb_ts=2.093 leg=R idx=43 cmd=[-0.2160 0.4165 2.1658 -0.8872 -0.0031 0.0261] meas=[-0.2608 0.5323 2.1660 -0.9112 -0.0031 0.0276] xyz=360.14,-96.11,8.09 track=0.1158
ts=41203.734 cmd_ts=2.156 fb_ts=2.156 leg=R idx=44 cmd=[-0.2092 0.4098 2.1657 -0.8804 -0.0031 0.0261] meas=[-0.2562 0.5292 2.1660 -0.9097 -0.0031 0.0276] xyz=360.48,-94.42,8.99 track=0.1194
ts=41203.781 cmd_ts=2.203 fb_ts=2.203 leg=R idx=45 cmd=[-0.2025 0.4030 2.1652 -0.8731 -0.0031 0.0261] meas=[-0.2439 0.5185 2.1660 -0.8989 -0.0031 0.0276] xyz=360.99,-89.83,11.21 track=0.1155
ts=41203.828 cmd_ts=2.250 fb_ts=2.250 leg=R idx=46 cmd=[-0.1959 0.3961 2.1644 -0.8654 -0.0031 0.0261] meas=[-0.2393 0.5108 2.1660 -0.8943 -0.0031 0.0276] xyz=361.09,-88.10,13.31 track=0.1148
ts=41203.890 cmd_ts=2.312 fb_ts=2.312 leg=R idx=47 cmd=[-0.1893 0.3890 2.1632 -0.8572 -0.0031 0.0261] meas=[-0.2347 0.5077 2.1660 -0.8897 -0.0031 0.0276] xyz=361.22,-86.37,13.69 track=0.1187
ts=41203.921 cmd_ts=2.343 fb_ts=2.359 leg=R idx=48 cmd=[-0.1828 0.3819 2.1617 -0.8485 -0.0031 0.0261] meas=[-0.2255 0.5001 2.1660 -0.8790 -0.0031 0.0276] xyz=361.38,-82.90,14.76 track=0.1182
ts=41203.968 cmd_ts=2.390 fb_ts=2.390 leg=R idx=49 cmd=[-0.1763 0.3746 2.1598 -0.8394 -0.0031 0.0261] meas=[-0.2194 0.4939 2.1660 -0.8728 -0.0031 0.0276] xyz=361.48,-80.59,16.03 track=0.1193
ts=41204.031 cmd_ts=2.453 fb_ts=2.453 leg=R idx=50 cmd=[-0.1699 0.3673 2.1576 -0.8298 -0.0031 0.0261] meas=[-0.2132 0.4878 2.1660 -0.8698 -0.0031 0.0276] xyz=361.72,-78.32,17.79 track=0.1205
ts=41204.078 cmd_ts=2.500 fb_ts=2.500 leg=R idx=51 cmd=[-0.1636 0.3598 2.1550 -0.8198 -0.0031 0.0261] meas=[-0.2025 0.4755 2.1660 -0.8560 -0.0031 0.0276] xyz=361.64,-74.24,20.05 track=0.1157
ts=41204.140 cmd_ts=2.562 fb_ts=2.562 leg=R idx=52 cmd=[-0.1573 0.3524 2.1521 -0.8094 -0.0031 0.0261] meas=[-0.1979 0.4694 2.1660 -0.8483 -0.0031 0.0276] xyz=361.48,-72.48,21.05 track=0.1170
ts=41204.171 cmd_ts=2.593 fb_ts=2.609 leg=R idx=53 cmd=[-0.1511 0.3448 2.1488 -0.7985 -0.0031 0.0261] meas=[-0.1887 0.4617 2.1660 -0.8360 -0.0031 0.0276] xyz=361.36,-69.00,21.86 track=0.1169
ts=41204.234 cmd_ts=2.656 fb_ts=2.656 leg=R idx=54 cmd=[-0.1450 0.3372 2.1452 -0.7873 -0.0031 0.0261] meas=[-0.1856 0.4571 2.1660 -0.8283 -0.0031 0.0276] xyz=361.08,-67.80,22.29 track=0.1199
ts=41204.281 cmd_ts=2.703 fb_ts=2.703 leg=R idx=55 cmd=[-0.1390 0.3295 2.1412 -0.7756 -0.0031 0.0261] meas=[-0.1825 0.4525 2.1660 -0.8237 -0.0031 0.0276] xyz=360.95,-66.63,23.22 track=0.1230
ts=41204.328 cmd_ts=2.750 fb_ts=2.750 leg=R idx=56 cmd=[-0.1331 0.3218 2.1368 -0.7636 -0.0031 0.0261] meas=[-0.1779 0.4464 2.1660 -0.8161 -0.0031 0.0276] xyz=360.72,-64.87,24.21 track=0.1245
ts=41204.375 cmd_ts=2.797 fb_ts=2.797 leg=R idx=57 cmd=[-0.1273 0.3141 2.1321 -0.7512 -0.0031 0.0261] meas=[-0.1657 0.4326 2.1660 -0.7977 -0.0031 0.0276] xyz=360.20,-60.23,26.24 track=0.1184
ts=41204.437 cmd_ts=2.859 fb_ts=2.859 leg=R idx=58 cmd=[-0.1215 0.3064 2.1270 -0.7384 -0.0031 0.0261] meas=[-0.1611 0.4249 2.1660 -0.7885 -0.0031 0.0276] xyz=359.79,-58.46,27.53 track=0.1185
ts=41204.468 cmd_ts=2.890 fb_ts=2.906 leg=R idx=59 cmd=[-0.1159 0.2987 2.1216 -0.7252 -0.0031 0.0261] meas=[-0.1519 0.4142 2.1660 -0.7731 -0.0031 0.0276] xyz=359.21,-54.97,28.93 track=0.1155
ts=41204.531 cmd_ts=2.953 fb_ts=2.953 leg=R idx=60 cmd=[-0.1104 0.2909 2.1158 -0.7117 -0.0031 0.0261] meas=[-0.1488 0.4096 2.1660 -0.7639 -0.0031 0.0276] xyz=358.76,-53.78,29.09 track=0.1186
ts=41204.578 cmd_ts=3.000 fb_ts=3.000 leg=R idx=61 cmd=[-0.1049 0.2832 2.1097 -0.6979 -0.0031 0.0261] meas=[-0.1457 0.4034 2.1660 -0.7578 -0.0031 0.0276] xyz=358.41,-52.60,30.31 track=0.1202
ts=41204.625 cmd_ts=3.047 fb_ts=3.062 leg=R idx=62 cmd=[-0.0996 0.2755 2.1032 -0.6837 -0.0031 0.0261] meas=[-0.1381 0.3912 2.1614 -0.7378 -0.0031 0.0276] xyz=358.14,-49.76,32.61 track=0.1156
ts=41204.671 cmd_ts=3.093 fb_ts=3.093 leg=R idx=63 cmd=[-0.0944 0.2679 2.0964 -0.6692 -0.0031 0.0261] meas=[-0.1335 0.3850 2.1568 -0.7271 -0.0031 0.0276] xyz=358.38,-48.11,34.20 track=0.1172
ts=41204.734 cmd_ts=3.156 fb_ts=3.156 leg=R idx=64 cmd=[-0.0892 0.2602 2.0892 -0.6544 -0.0031 0.0261] meas=[-0.1289 0.3804 2.1522 -0.7194 -0.0031 0.0276] xyz=358.81,-46.49,35.74 track=0.1202
ts=41204.781 cmd_ts=3.203 fb_ts=3.203 leg=R idx=65 cmd=[-0.0842 0.2527 2.0817 -0.6394 -0.0031 0.0261] meas=[-0.1212 0.3682 2.1414 -0.6980 -0.0031 0.0276] xyz=359.37,-43.77,39.33 track=0.1155
ts=41204.828 cmd_ts=3.250 fb_ts=3.250 leg=R idx=66 cmd=[-0.0794 0.2452 2.0739 -0.6240 -0.0031 0.0261] meas=[-0.1181 0.3605 2.1368 -0.6857 -0.0031 0.0276] xyz=359.32,-42.64,41.25 track=0.1153
ts=41204.875 cmd_ts=3.297 fb_ts=3.297 leg=R idx=67 cmd=[-0.0746 0.2377 2.0657 -0.6084 -0.0031 0.0261] meas=[-0.1135 0.3559 2.1353 -0.6780 -0.0031 0.0276] xyz=359.16,-40.95,42.05 track=0.1181
ts=41204.937 cmd_ts=3.359 fb_ts=3.359 leg=R idx=68 cmd=[-0.0699 0.2304 2.0571 -0.5925 -0.0031 0.0261] meas=[-0.1074 0.3467 2.1230 -0.6550 -0.0031 0.0276] xyz=359.82,-38.79,44.71 track=0.1163
ts=41204.968 cmd_ts=3.390 fb_ts=3.390 leg=R idx=69 cmd=[-0.0654 0.2231 2.0483 -0.5764 -0.0031 0.0261] meas=[-0.1012 0.3405 2.1169 -0.6427 -0.0031 0.0276] xyz=360.12,-36.59,46.49 track=0.1174
ts=41205.031 cmd_ts=3.453 fb_ts=3.453 leg=R idx=70 cmd=[-0.0610 0.2160 2.0391 -0.5600 -0.0031 0.0261] meas=[-0.0982 0.3344 2.1123 -0.6335 -0.0031 0.0276] xyz=360.21,-35.48,48.38 track=0.1185
ts=41205.078 cmd_ts=3.500 fb_ts=3.500 leg=R idx=71 cmd=[-0.0567 0.2089 2.0296 -0.5434 -0.0031 0.0261] meas=[-0.0936 0.3237 2.1016 -0.6105 -0.0031 0.0276] xyz=360.34,-33.82,51.27 track=0.1148
ts=41205.140 cmd_ts=3.562 fb_ts=3.562 leg=R idx=72 cmd=[-0.0526 0.2019 2.0197 -0.5266 -0.0031 0.0261] meas=[-0.0890 0.3175 2.0954 -0.5967 -0.0031 0.0276] xyz=360.42,-32.15,52.82 track=0.1156
ts=41205.171 cmd_ts=3.593 fb_ts=3.609 leg=R idx=73 cmd=[-0.0486 0.1951 2.0095 -0.5096 -0.0031 0.0261] meas=[-0.0844 0.3068 2.0831 -0.5768 -0.0031 0.0276] xyz=360.86,-30.52,56.65 track=0.1117
ts=41205.234 cmd_ts=3.656 fb_ts=3.656 leg=R idx=74 cmd=[-0.0447 0.1884 1.9990 -0.4924 -0.0031 0.0261] meas=[-0.0828 0.3007 2.0755 -0.5630 -0.0031 0.0276] xyz=361.03,-29.97,58.63 track=0.1123
ts=41205.281 cmd_ts=3.703 fb_ts=3.703 leg=R idx=75 cmd=[-0.0409 0.1818 1.9882 -0.4750 -0.0031 0.0261] meas=[-0.0798 0.2991 2.0709 -0.5538 -0.0031 0.0276] xyz=361.25,-28.88,58.90 track=0.1173
ts=41205.328 cmd_ts=3.750 fb_ts=3.750 leg=R idx=76 cmd=[-0.0373 0.1754 1.9771 -0.4574 -0.0031 0.0261] meas=[-0.0767 0.2899 2.0647 -0.5415 -0.0031 0.0276] xyz=361.08,-27.75,61.86 track=0.1145
ts=41205.375 cmd_ts=3.797 fb_ts=3.797 leg=R idx=77 cmd=[-0.0338 0.1691 1.9656 -0.4397 -0.0031 0.0261] meas=[-0.0675 0.2823 2.0494 -0.5123 -0.0031 0.0276] xyz=361.62,-24.44,63.97 track=0.1131
ts=41205.421 cmd_ts=3.843 fb_ts=3.843 leg=R idx=78 cmd=[-0.0305 0.1630 1.9539 -0.4219 -0.0031 0.0261] meas=[-0.0629 0.2761 2.0387 -0.4970 -0.0031 0.0276] xyz=362.14,-22.81,66.58 track=0.1131
ts=41205.484 cmd_ts=3.906 fb_ts=3.906 leg=R idx=79 cmd=[-0.0273 0.1571 1.9418 -0.4038 -0.0031 0.0261] meas=[-0.0568 0.2638 2.0249 -0.4755 -0.0031 0.0276] xyz=362.33,-20.59,71.26 track=0.1068
ts=41205.531 cmd_ts=3.953 fb_ts=3.953 leg=R idx=80 cmd=[-0.0242 0.1513 1.9295 -0.3857 -0.0031 0.0261] meas=[-0.0552 0.2592 2.0172 -0.4617 -0.0031 0.0276] xyz=362.42,-20.03,72.77 track=0.1080
ts=41205.578 cmd_ts=4.000 fb_ts=4.000 leg=R idx=81 cmd=[-0.0213 0.1456 1.9168 -0.3674 -0.0031 0.0261] meas=[-0.0537 0.2546 2.0095 -0.4510 -0.0031 0.0276] xyz=362.66,-19.49,74.79 track=0.1090
ts=41205.625 cmd_ts=4.047 fb_ts=4.047 leg=R idx=82 cmd=[-0.0185 0.1402 1.9039 -0.3490 -0.0031 0.0261] meas=[-0.0506 0.2454 1.9911 -0.4249 -0.0031 0.0276] xyz=363.26,-18.40,78.95 track=0.1052
ts=41205.687 cmd_ts=4.109 fb_ts=4.109 leg=R idx=83 cmd=[-0.0159 0.1349 1.8906 -0.3305 -0.0031 0.0261] meas=[-0.0476 0.2454 1.9804 -0.4096 -0.0031 0.0276] xyz=364.02,-17.32,79.42 track=0.1105
ts=41205.734 cmd_ts=4.156 fb_ts=4.172 leg=R idx=84 cmd=[-0.0134 0.1298 1.8771 -0.3119 -0.0031 0.0261] meas=[-0.0445 0.2362 1.9666 -0.3850 -0.0031 0.0276] xyz=363.93,-16.20,82.62 track=0.1064
ts=41205.781 cmd_ts=4.203 fb_ts=4.203 leg=R idx=85 cmd=[-0.0110 0.1250 1.8633 -0.2932 -0.0031 0.0261] meas=[-0.0430 0.2347 1.9574 -0.3697 -0.0031 0.0276] xyz=364.26,-15.66,83.26 track=0.1097
ts=41205.828 cmd_ts=4.250 fb_ts=4.250 leg=R idx=86 cmd=[-0.0088 0.1203 1.8492 -0.2744 -0.0031 0.0261] meas=[-0.0414 0.2286 1.9497 -0.3605 -0.0031 0.0276] xyz=364.32,-15.10,86.15 track=0.1083
ts=41205.875 cmd_ts=4.297 fb_ts=4.297 leg=R idx=87 cmd=[-0.0068 0.1158 1.8348 -0.2555 -0.0031 0.0261] meas=[-0.0383 0.2224 1.9420 -0.3467 -0.0031 0.0276] xyz=364.12,-13.97,88.30 track=0.1072
ts=41205.937 cmd_ts=4.359 fb_ts=4.359 leg=R idx=88 cmd=[-0.0049 0.1115 1.8201 -0.2365 -0.0031 0.0261] meas=[-0.0337 0.2148 1.9205 -0.3175 -0.0031 0.0276] xyz=364.76,-12.31,92.44 track=0.1033
ts=41205.968 cmd_ts=4.390 fb_ts=4.390 leg=R idx=89 cmd=[-0.0031 0.1074 1.8052 -0.2175 -0.0031 0.0261] meas=[-0.0337 0.2102 1.9083 -0.3007 -0.0031 0.0276] xyz=365.01,-12.32,94.88 track=0.1031
ts=41206.031 cmd_ts=4.453 fb_ts=4.453 leg=R idx=90 cmd=[-0.0015 0.1035 1.7899 -0.1984 -0.0031 0.0261] meas=[-0.0307 0.2071 1.8991 -0.2884 -0.0031 0.0276] xyz=365.27,-11.21,96.64 track=0.1091
ts=41206.078 cmd_ts=4.500 fb_ts=4.500 leg=R idx=91 cmd=[-0.0001 0.0998 1.7744 -0.1792 -0.0031 0.0261] meas=[-0.0276 0.2010 1.8791 -0.2592 -0.0031 0.0276] xyz=365.62,-10.10,99.88 track=0.1047
ts=41206.140 cmd_ts=4.562 fb_ts=4.562 leg=R idx=92 cmd=[0.0012 0.0964 1.7587 -0.1600 -0.0031 0.0261] meas=[-0.0245 0.1994 1.8669 -0.2439 -0.0031 0.0276] xyz=366.18,-8.99,101.49 track=0.1082
ts=41206.171 cmd_ts=4.593 fb_ts=4.609 leg=R idx=93 cmd=[0.0024 0.0932 1.7426 -0.1408 -0.0031 0.0261] meas=[-0.0230 0.1917 1.8469 -0.2194 -0.0031 0.0276] xyz=366.48,-8.43,106.11 track=0.1043
ts=41206.234 cmd_ts=4.656 fb_ts=4.656 leg=R idx=94 cmd=[0.0034 0.0901 1.7263 -0.1214 -0.0031 0.0261] meas=[-0.0215 0.1887 1.8346 -0.2025 -0.0031 0.0276] xyz=366.69,-7.88,108.07 track=0.1083
ts=41206.281 cmd_ts=4.703 fb_ts=4.703 leg=R idx=95 cmd=[0.0042 0.0873 1.7098 -0.1021 -0.0031 0.0261] meas=[-0.0215 0.1856 1.8239 -0.1917 -0.0031 0.0276] xyz=367.03,-7.88,110.60 track=0.1141
ts=41206.328 cmd_ts=4.750 fb_ts=4.750 leg=R idx=96 cmd=[0.0049 0.0847 1.6929 -0.0826 -0.0031 0.0261] meas=[-0.0215 0.1825 1.8132 -0.1779 -0.0031 0.0276] xyz=367.16,-7.89,112.63 track=0.1202
ts=41206.375 cmd_ts=4.797 fb_ts=4.797 leg=R idx=97 cmd=[0.0054 0.0824 1.6758 -0.0632 -0.0031 0.0261] meas=[-0.0184 0.1795 1.7886 -0.1473 -0.0031 0.0276] xyz=367.91,-6.77,116.01 track=0.1128
ts=41206.421 cmd_ts=4.843 fb_ts=4.843 leg=R idx=98 cmd=[0.0058 0.0803 1.6585 -0.0437 -0.0031 0.0261] meas=[-0.0153 0.1779 1.7748 -0.1289 -0.0031 0.0276] xyz=368.25,-5.65,117.67 track=0.1163
ts=41206.484 cmd_ts=4.906 fb_ts=4.906 leg=R idx=99 cmd=[0.0061 0.0784 1.6409 -0.0242 -0.0031 0.0261] meas=[-0.0153 0.1718 1.7549 -0.1043 -0.0031 0.0276] xyz=368.30,-5.65,121.87 track=0.1140
ts=41206.531 cmd_ts=4.953 fb_ts=4.953 leg=R idx=100 cmd=[0.0061 0.0767 1.6230 -0.0046 -0.0031 0.0261] meas=[-0.0153 0.1718 1.7411 -0.0874 -0.0031 0.0276] xyz=368.81,-5.66,123.24 track=0.1181
