# 2026-08-25T21:22:32.907480+00:00  tag=run12  port=COM21  sdk=C:\Users\Mukund\AppData\Local\Programs\Python\Python312\Lib\site-packages\roarm_sdk  ik=C:\Users\Mukund\Documents\Ro-Arm\roarm_sdk\waveshare_ik.py  home_xyz=[360.08 1.10 180.88]  constX=360.08  envelope=3.0deg sweep_max=10.0s move_tol=0.5deg progress_tol=0.1deg progress_stable=2 resume_tol=3.36deg
# attempt 1: M=[0.0031 0.0767 1.6214 -0.0046 -0.0031 0.0261]  i_target=2  max_disp=2.240 deg  per_joint=[0.02 0.20 2.04 2.24 0.00] deg
t=0.000 att=1 phase=pump idx=0 cmd=[0.0031 0.0767 1.6214 -0.0046 -0.0031 0.0261] meas=[0.0031 0.0767 1.6214 -0.0046 -0.0031 0.0261] moved=0.000 dist_tgt=2.240
t=0.016 att=1 phase=pump idx=1 cmd=[0.0031 0.0768 1.6225 -0.0057 -0.0031 0.0261] meas=[0.0031 0.0767 1.6214 -0.0046 -0.0031 0.0261] moved=0.000 dist_tgt=2.240
t=0.094 att=1 phase=pump idx=2 cmd=[0.0031 0.0769 1.6235 -0.0068 -0.0031 0.0261] meas=[0.0031 0.0767 1.6214 -0.0046 -0.0031 0.0261] moved=0.000 dist_tgt=2.240
t=0.094 att=1 phase=pump idx=3 cmd=[0.0031 0.0770 1.6245 -0.0080 -0.0031 0.0261] meas=[0.0031 0.0767 1.6214 -0.0046 -0.0031 0.0261] moved=0.000 dist_tgt=2.240
t=0.157 att=1 phase=pump idx=4 cmd=[0.0031 0.0771 1.6255 -0.0091 -0.0031 0.0261] meas=[0.0031 0.0767 1.6214 -0.0046 -0.0031 0.0261] moved=0.000 dist_tgt=2.240
t=0.203 att=1 phase=pump idx=5 cmd=[0.0030 0.0772 1.6265 -0.0102 -0.0031 0.0261] meas=[0.0031 0.0767 1.6214 -0.0046 -0.0031 0.0261] moved=0.000 dist_tgt=2.240
t=0.250 att=1 phase=pump idx=6 cmd=[0.0030 0.0773 1.6276 -0.0113 -0.0031 0.0261] meas=[0.0031 0.0767 1.6214 -0.0046 -0.0031 0.0261] moved=0.000 dist_tgt=2.240
t=0.297 att=1 phase=pump idx=7 cmd=[0.0030 0.0774 1.6286 -0.0124 -0.0031 0.0261] meas=[0.0031 0.0767 1.6214 -0.0046 -0.0031 0.0261] moved=0.000 dist_tgt=2.240
t=0.360 att=1 phase=pump idx=8 cmd=[0.0030 0.0775 1.6296 -0.0136 -0.0031 0.0261] meas=[0.0031 0.0767 1.6214 -0.0046 -0.0031 0.0261] moved=0.000 dist_tgt=2.240
t=0.391 att=1 phase=pump idx=9 cmd=[0.0030 0.0775 1.6306 -0.0147 -0.0031 0.0261] meas=[0.0031 0.0767 1.6214 -0.0046 -0.0031 0.0261] moved=0.000 dist_tgt=2.240
t=0.453 att=1 phase=pump idx=10 cmd=[0.0030 0.0776 1.6317 -0.0158 -0.0031 0.0261] meas=[0.0031 0.0767 1.6214 -0.0046 -0.0031 0.0261] moved=0.000 dist_tgt=2.240
t=0.500 att=1 phase=pump idx=11 cmd=[0.0030 0.0777 1.6327 -0.0169 -0.0031 0.0261] meas=[0.0031 0.0767 1.6214 -0.0046 -0.0031 0.0261] moved=0.000 dist_tgt=2.240
t=0.547 att=1 phase=pump idx=12 cmd=[0.0030 0.0778 1.6337 -0.0180 -0.0031 0.0261] meas=[0.0031 0.0767 1.6214 -0.0046 -0.0031 0.0261] moved=0.000 dist_tgt=2.240
t=0.610 att=1 phase=pump idx=13 cmd=[0.0030 0.0779 1.6347 -0.0191 -0.0031 0.0261] meas=[0.0031 0.0767 1.6214 -0.0046 -0.0031 0.0261] moved=0.000 dist_tgt=2.240
t=0.657 att=1 phase=pump idx=14 cmd=[0.0030 0.0780 1.6358 -0.0203 -0.0031 0.0261] meas=[0.0031 0.0767 1.6214 -0.0046 -0.0031 0.0261] moved=0.000 dist_tgt=2.240
t=0.688 att=1 phase=pump idx=15 cmd=[0.0030 0.0781 1.6368 -0.0214 -0.0031 0.0261] meas=[0.0031 0.0767 1.6214 -0.0046 -0.0031 0.0261] moved=0.000 dist_tgt=2.240
t=0.750 att=1 phase=pump idx=16 cmd=[0.0030 0.0782 1.6378 -0.0225 -0.0031 0.0261] meas=[0.0031 0.0767 1.6214 -0.0046 -0.0031 0.0261] moved=0.000 dist_tgt=2.240
t=0.813 att=1 phase=pump idx=17 cmd=[0.0030 0.0783 1.6388 -0.0236 -0.0031 0.0261] meas=[0.0031 0.0767 1.6214 -0.0046 -0.0031 0.0261] moved=0.000 dist_tgt=2.240
t=0.844 att=1 phase=pump idx=18 cmd=[0.0030 0.0784 1.6398 -0.0247 -0.0031 0.0261] meas=[0.0031 0.0767 1.6214 -0.0046 -0.0031 0.0261] moved=0.000 dist_tgt=2.240
t=0.907 att=1 phase=pump idx=19 cmd=[0.0030 0.0785 1.6408 -0.0258 -0.0031 0.0261] meas=[0.0031 0.0767 1.6214 -0.0046 -0.0031 0.0261] moved=0.000 dist_tgt=2.240
t=0.953 att=1 phase=pump idx=20 cmd=[0.0030 0.0786 1.6419 -0.0270 -0.0031 0.0261] meas=[0.0031 0.0844 1.6337 -0.0046 -0.0031 0.0491] moved=0.703 dist_tgt=2.240
t=1.000 att=1 phase=pump idx=21 cmd=[0.0029 0.0787 1.6429 -0.0281 -0.0031 0.0261] meas=[0.0031 0.0997 1.6337 -0.0046 -0.0031 0.0522] moved=1.318 dist_tgt=2.240
t=1.047 att=1 phase=pump idx=22 cmd=[0.0029 0.0788 1.6439 -0.0292 -0.0031 0.0261] meas=[0.0031 0.0997 1.6352 -0.0046 -0.0031 0.0383] moved=1.318 dist_tgt=2.240
t=1.094 att=1 phase=pump idx=23 cmd=[0.0029 0.0789 1.6449 -0.0303 -0.0031 0.0261] meas=[0.0031 0.0997 1.6352 -0.0046 -0.0031 0.0383] moved=1.318 dist_tgt=2.240
t=1.157 att=1 phase=pump idx=24 cmd=[0.0029 0.0790 1.6459 -0.0314 -0.0031 0.0261] meas=[0.0031 0.1012 1.6368 -0.0046 -0.0031 0.0383] moved=1.406 dist_tgt=2.240
t=1.203 att=1 phase=pump idx=25 cmd=[0.0029 0.0792 1.6469 -0.0325 -0.0031 0.0261] meas=[0.0031 0.1028 1.6429 -0.0046 -0.0031 0.0383] moved=1.494 dist_tgt=2.240
t=1.250 att=1 phase=pump idx=26 cmd=[0.0029 0.0793 1.6479 -0.0337 -0.0031 0.0261] meas=[0.0031 0.1028 1.6444 -0.0077 -0.0031 0.0383] moved=1.494 dist_tgt=2.064
t=1.297 att=1 phase=pump idx=27 cmd=[0.0029 0.0794 1.6489 -0.0348 -0.0031 0.0261] meas=[0.0031 0.1028 1.6444 -0.0077 -0.0031 0.0383] moved=1.494 dist_tgt=2.064
t=1.360 att=1 phase=pump idx=28 cmd=[0.0029 0.0795 1.6499 -0.0359 -0.0031 0.0261] meas=[0.0031 0.1028 1.6444 -0.0077 -0.0031 0.0383] moved=1.494 dist_tgt=2.064
t=1.391 att=1 phase=pump idx=29 cmd=[0.0028 0.0796 1.6509 -0.0370 -0.0031 0.0261] meas=[0.0031 0.1028 1.6506 -0.0107 -0.0031 0.0383] moved=1.670 dist_tgt=1.889
t=1.453 att=1 phase=pump idx=30 cmd=[0.0028 0.0797 1.6519 -0.0381 -0.0031 0.0261] meas=[0.0031 0.1028 1.6506 -0.0123 -0.0031 0.0383] moved=1.670 dist_tgt=1.801
t=1.500 att=1 phase=pump idx=31 cmd=[0.0028 0.0798 1.6529 -0.0392 -0.0031 0.0261] meas=[0.0031 0.1028 1.6536 -0.0169 -0.0031 0.0383] moved=1.846 dist_tgt=1.537
t=1.563 att=1 phase=pump idx=32 cmd=[0.0028 0.0799 1.6540 -0.0404 -0.0031 0.0261] meas=[0.0031 0.1028 1.6536 -0.0199 -0.0031 0.0383] moved=1.846 dist_tgt=1.361
# attempt 1 COMMITTED in phase=pump at t=1.563 s meas=[0.0031 0.1028 1.6536 -0.0199 -0.0031 0.0383]  t102_continuous=True
===== CONTINUOUS FORWARD: direct transition to wp=2 compat_err=1.361deg (NO align hold, NO T102 gap) =====
adv t=0.000 leg=F idx=2 cmd=[0.0028 0.0802 1.6570 -0.0437 -0.0031 0.0261] meas=[0.0031 0.1028 1.6552 -0.0199 -0.0031 0.0383] xyz=363.10,1.11,163.54 track=0.0238
adv t=0.047 leg=F idx=3 cmd=[0.0024 0.0823 1.6744 -0.0632 -0.0031 0.0261] meas=[0.0031 0.1028 1.6582 -0.0199 -0.0031 0.0383] xyz=362.89,1.11,162.59 track=0.0432
adv t=0.109 leg=F idx=4 cmd=[0.0018 0.0847 1.6915 -0.0826 -0.0031 0.0261] meas=[0.0031 0.1028 1.6598 -0.0230 -0.0031 0.0383] xyz=362.91,1.11,162.63 track=0.0596
adv t=0.141 leg=F idx=5 cmd=[0.0012 0.0872 1.7083 -0.1021 -0.0031 0.0261] meas=[0.0031 0.1028 1.6613 -0.0261 -0.0031 0.0383] xyz=362.93,1.11,162.67 track=0.0760
adv t=0.203 leg=F idx=6 cmd=[0.0003 0.0900 1.7249 -0.1214 -0.0031 0.0261] meas=[0.0031 0.1028 1.6628 -0.0276 -0.0031 0.0383] xyz=362.89,1.11,162.45 track=0.0938
adv t=0.250 leg=F idx=7 cmd=[-0.0007 0.0930 1.7412 -0.1407 -0.0031 0.0261] meas=[0.0031 0.1028 1.6858 -0.0522 -0.0031 0.0383] xyz=362.27,1.11,159.45 track=0.0886
adv t=0.297 leg=F idx=8 cmd=[-0.0018 0.0963 1.7573 -0.1600 -0.0031 0.0261] meas=[0.0031 0.1043 1.7027 -0.0675 -0.0031 0.0383] xyz=361.90,1.11,156.27 track=0.0925
adv t=0.359 leg=F idx=9 cmd=[-0.0031 0.0997 1.7730 -0.1792 -0.0031 0.0261] meas=[0.0031 0.1089 1.7211 -0.0920 -0.0031 0.0383] xyz=362.22,1.11,153.05 track=0.0872
adv t=0.406 leg=F idx=10 cmd=[-0.0046 0.1034 1.7885 -0.1984 -0.0031 0.0261] meas=[0.0031 0.1135 1.7380 -0.1074 -0.0031 0.0383] xyz=362.20,1.11,148.77 track=0.0910
adv t=0.438 leg=F idx=11 cmd=[-0.0062 0.1072 1.8038 -0.2175 -0.0031 0.0261] meas=[0.0031 0.1135 1.7426 -0.1197 -0.0031 0.0383] xyz=362.34,1.11,149.42 track=0.0978
adv t=0.516 leg=F idx=12 cmd=[-0.0079 0.1113 1.8187 -0.2365 -0.0031 0.0261] meas=[0.0031 0.1150 1.7549 -0.1335 -0.0031 0.0383] xyz=362.12,1.11,147.42 track=0.1031
adv t=0.547 leg=F idx=13 cmd=[-0.0098 0.1156 1.8334 -0.2555 -0.0031 0.0261] meas=[0.0031 0.1150 1.7856 -0.1641 -0.0031 0.0383] xyz=360.75,1.11,143.20 track=0.0913
adv t=0.594 leg=F idx=14 cmd=[-0.0119 0.1201 1.8478 -0.2744 -0.0031 0.0261] meas=[0.0031 0.1150 1.8009 -0.1810 -0.0031 0.0383] xyz=360.08,1.10,141.37 track=0.0933
adv t=0.656 leg=F idx=15 cmd=[-0.0141 0.1248 1.8619 -0.2931 -0.0031 0.0261] meas=[0.0031 0.1304 1.8162 -0.2071 -0.0031 0.0383] xyz=361.87,1.11,135.55 track=0.0861
adv t=0.703 leg=F idx=16 cmd=[-0.0164 0.1296 1.8757 -0.3118 -0.0031 0.0261] meas=[0.0031 0.1335 1.8316 -0.2224 -0.0031 0.0383] xyz=361.45,1.11,132.39 track=0.0894
adv t=0.750 leg=F idx=17 cmd=[-0.0189 0.1347 1.8892 -0.3304 -0.0031 0.0261] meas=[0.0031 0.1335 1.8377 -0.2332 -0.0031 0.0383] xyz=361.30,1.11,132.34 track=0.0973
adv t=0.797 leg=F idx=18 cmd=[-0.0216 0.1400 1.9025 -0.3489 -0.0031 0.0261] meas=[0.0031 0.1411 1.8607 -0.2608 -0.0031 0.0383] xyz=361.15,1.11,127.29 track=0.0882
adv t=0.859 leg=F idx=19 cmd=[-0.0243 0.1454 1.9154 -0.3673 -0.0031 0.0261] meas=[0.0031 0.1427 1.8730 -0.2777 -0.0031 0.0383] xyz=360.79,1.11,125.90 track=0.0897
adv t=0.906 leg=F idx=20 cmd=[-0.0273 0.1510 1.9281 -0.3856 -0.0031 0.0261] meas=[0.0031 0.1519 1.8883 -0.3022 -0.0031 0.0383] xyz=361.34,1.11,122.13 track=0.0834
adv t=0.953 leg=F idx=21 cmd=[-0.0303 0.1568 1.9404 -0.4037 -0.0031 0.0261] meas=[0.0031 0.1549 1.9021 -0.3160 -0.0031 0.0383] xyz=360.79,1.11,119.25 track=0.0877
adv t=1.000 leg=F idx=22 cmd=[-0.0335 0.1628 1.9525 -0.4217 -0.0031 0.0261] meas=[0.0031 0.1580 1.9067 -0.3267 -0.0031 0.0383] xyz=361.10,1.11,118.58 track=0.0950
adv t=1.063 leg=F idx=23 cmd=[-0.0369 0.1689 1.9642 -0.4396 -0.0031 0.0261] meas=[0.0031 0.1672 1.9297 -0.3543 -0.0031 0.0383] xyz=360.74,1.11,113.12 track=0.0852
adv t=1.094 leg=F idx=24 cmd=[-0.0404 0.1752 1.9757 -0.4573 -0.0031 0.0261] meas=[0.0015 0.1703 1.9405 -0.3697 -0.0031 0.0383] xyz=360.50,0.55,111.45 track=0.0876
adv t=1.156 leg=F idx=25 cmd=[-0.0440 0.1816 1.9868 -0.4748 -0.0031 0.0261] meas=[-0.0015 0.1703 1.9466 -0.3804 -0.0031 0.0383] xyz=360.23,-0.55,111.46 track=0.0944
adv t=1.203 leg=F idx=26 cmd=[-0.0477 0.1881 1.9976 -0.4922 -0.0031 0.0261] meas=[-0.0107 0.1810 1.9650 -0.4096 -0.0031 0.0383] xyz=360.42,-3.87,107.13 track=0.0826
adv t=1.250 leg=F idx=27 cmd=[-0.0516 0.1948 2.0081 -0.5094 -0.0031 0.0261] meas=[-0.0153 0.1887 1.9758 -0.4249 -0.0031 0.0383] xyz=360.54,-5.53,103.84 track=0.0845
adv t=1.313 leg=F idx=28 cmd=[-0.0556 0.2017 2.0182 -0.5264 -0.0031 0.0261] meas=[-0.0199 0.1948 1.9834 -0.4357 -0.0031 0.0383] xyz=360.65,-7.19,101.22 track=0.0907
adv t=1.359 leg=F idx=29 cmd=[-0.0598 0.2086 2.0281 -0.5432 -0.0031 0.0261] meas=[-0.0230 0.2040 2.0003 -0.4617 -0.0031 0.0383] xyz=360.52,-8.30,97.46 track=0.0814
adv t=1.391 leg=F idx=30 cmd=[-0.0641 0.2157 2.0376 -0.5597 -0.0031 0.0261] meas=[-0.0276 0.2071 2.0095 -0.4771 -0.0031 0.0383] xyz=360.24,-9.95,96.31 track=0.0827
adv t=1.453 leg=F idx=31 cmd=[-0.0685 0.2229 2.0468 -0.5761 -0.0031 0.0261] meas=[-0.0307 0.2132 2.0141 -0.4878 -0.0031 0.0383] xyz=360.65,-11.07,94.59 track=0.0883
adv t=1.500 leg=F idx=32 cmd=[-0.0730 0.2301 2.0556 -0.5922 -0.0031 0.0261] meas=[-0.0353 0.2240 2.0310 -0.5139 -0.0031 0.0383] xyz=360.46,-12.72,90.34 track=0.0783
adv t=1.563 leg=F idx=33 cmd=[-0.0776 0.2375 2.0641 -0.6081 -0.0031 0.0261] meas=[-0.0383 0.2301 2.0371 -0.5277 -0.0031 0.0383] xyz=360.73,-13.84,88.72 track=0.0804
adv t=1.609 leg=F idx=34 cmd=[-0.0824 0.2449 2.0723 -0.6237 -0.0031 0.0261] meas=[-0.0445 0.2408 2.0494 -0.5507 -0.0031 0.0383] xyz=360.88,-16.06,85.29 track=0.0730
adv t=1.656 leg=F idx=35 cmd=[-0.0873 0.2524 2.0801 -0.6390 -0.0031 0.0261] meas=[-0.0476 0.2454 2.0571 -0.5630 -0.0031 0.0383] xyz=360.67,-17.16,83.57 track=0.0760
adv t=1.703 leg=F idx=36 cmd=[-0.0923 0.2600 2.0876 -0.6541 -0.0031 0.0261] meas=[-0.0506 0.2500 2.0586 -0.5722 -0.0031 0.0383] xyz=361.18,-18.30,83.02 track=0.0819
adv t=1.750 leg=F idx=37 cmd=[-0.0974 0.2676 2.0948 -0.6688 -0.0031 0.0261] meas=[-0.0537 0.2546 2.0678 -0.5844 -0.0031 0.0383] xyz=360.72,-19.39,80.89 track=0.0844
adv t=1.797 leg=F idx=38 cmd=[-0.1026 0.2753 2.1015 -0.6833 -0.0031 0.0261] meas=[-0.0598 0.2700 2.0816 -0.6105 -0.0031 0.0383] xyz=360.94,-21.62,75.96 track=0.0728
adv t=1.859 leg=F idx=39 cmd=[-0.1079 0.2830 2.1080 -0.6974 -0.0031 0.0261] meas=[-0.0629 0.2761 2.0847 -0.6197 -0.0031 0.0383] xyz=361.28,-22.75,74.45 track=0.0777
adv t=1.906 leg=F idx=40 cmd=[-0.1134 0.2907 2.1141 -0.7112 -0.0031 0.0261] meas=[-0.0690 0.2853 2.0985 -0.6427 -0.0031 0.0383] xyz=360.76,-24.94,71.27 track=0.0685
adv t=1.953 leg=F idx=41 cmd=[-0.1189 0.2984 2.1198 -0.7247 -0.0031 0.0261] meas=[-0.0752 0.2899 2.1016 -0.6550 -0.0031 0.0383] xyz=360.99,-27.19,70.84 track=0.0697
adv t=2.000 leg=F idx=42 cmd=[-0.1245 0.3061 2.1252 -0.7379 -0.0031 0.0261] meas=[-0.0798 0.2961 2.1046 -0.6627 -0.0031 0.0383] xyz=361.16,-28.87,69.08 track=0.0752
adv t=2.063 leg=F idx=43 cmd=[-0.1303 0.3139 2.1303 -0.7506 -0.0031 0.0261] meas=[-0.0890 0.3053 2.1169 -0.6872 -0.0031 0.0383] xyz=360.69,-32.18,66.62 track=0.0634
adv t=2.094 leg=F idx=44 cmd=[-0.1361 0.3216 2.1349 -0.7630 -0.0031 0.0261] meas=[-0.0951 0.3129 2.1200 -0.6995 -0.0031 0.0383] xyz=361.04,-34.44,65.08 track=0.0635
adv t=2.156 leg=F idx=45 cmd=[-0.1420 0.3293 2.1393 -0.7750 -0.0031 0.0261] meas=[-0.0982 0.3175 2.1230 -0.7056 -0.0031 0.0383] xyz=361.02,-35.56,63.64 track=0.0694
adv t=2.203 leg=F idx=46 cmd=[-0.1480 0.3369 2.1432 -0.7867 -0.0031 0.0261] meas=[-0.1058 0.3298 2.1307 -0.7271 -0.0031 0.0383] xyz=361.21,-38.38,60.79 track=0.0595
adv t=2.250 leg=F idx=47 cmd=[-0.1541 0.3445 2.1468 -0.7979 -0.0031 0.0261] meas=[-0.1104 0.3359 2.1384 -0.7378 -0.0031 0.0383] xyz=360.66,-40.00,58.38 track=0.0600
adv t=2.297 leg=F idx=48 cmd=[-0.1603 0.3521 2.1501 -0.8087 -0.0031 0.0261] meas=[-0.1150 0.3421 2.1384 -0.7455 -0.0031 0.0383] xyz=361.14,-41.73,57.43 track=0.0632
adv t=2.359 leg=F idx=49 cmd=[-0.1665 0.3596 2.1530 -0.8191 -0.0031 0.0261] meas=[-0.1243 0.3528 2.1460 -0.7655 -0.0031 0.0383] xyz=360.97,-45.08,54.91 track=0.0536
adv t=2.406 leg=F idx=50 cmd=[-0.1728 0.3670 2.1555 -0.8290 -0.0031 0.0261] meas=[-0.1304 0.3590 2.1491 -0.7747 -0.0031 0.0383] xyz=360.92,-47.33,53.44 track=0.0544
adv t=2.438 leg=F idx=51 cmd=[-0.1792 0.3744 2.1577 -0.8386 -0.0031 0.0261] meas=[-0.1319 0.3651 2.1491 -0.7808 -0.0031 0.0383] xyz=361.42,-47.96,52.23 track=0.0578
adv t=2.500 leg=F idx=52 cmd=[-0.1857 0.3816 2.1596 -0.8477 -0.0031 0.0261] meas=[-0.1411 0.3774 2.1552 -0.7992 -0.0031 0.0383] xyz=361.36,-51.34,49.29 track=0.0485
adv t=2.563 leg=F idx=53 cmd=[-0.1922 0.3888 2.1610 -0.8563 -0.0031 0.0261] meas=[-0.1457 0.3835 2.1583 -0.8084 -0.0031 0.0383] xyz=361.31,-53.03,47.82 track=0.0479
adv t=2.609 leg=F idx=54 cmd=[-0.1988 0.3958 2.1622 -0.8645 -0.0031 0.0261] meas=[-0.1549 0.3927 2.1598 -0.8191 -0.0031 0.0383] xyz=361.43,-56.45,45.87 track=0.0453
adv t=2.656 leg=F idx=55 cmd=[-0.2054 0.4028 2.1629 -0.8722 -0.0031 0.0261] meas=[-0.1595 0.3988 2.1614 -0.8299 -0.0031 0.0383] xyz=361.63,-58.19,45.04 track=0.0459
adv t=2.703 leg=F idx=56 cmd=[-0.2121 0.4096 2.1634 -0.8795 -0.0031 0.0261] meas=[-0.1626 0.4019 2.1644 -0.8345 -0.0031 0.0383] xyz=361.28,-59.27,43.93 track=0.0495
adv t=2.750 leg=F idx=57 cmd=[-0.2189 0.4163 2.1635 -0.8862 -0.0031 0.0261] meas=[-0.1672 0.4080 2.1644 -0.8406 -0.0031 0.0383] xyz=361.51,-61.02,42.71 track=0.0517
adv t=2.797 leg=F idx=58 cmd=[-0.2257 0.4229 2.1632 -0.8925 -0.0031 0.0261] meas=[-0.1764 0.4218 2.1675 -0.8560 -0.0031 0.0383] xyz=361.62,-64.46,39.46 track=0.0493
adv t=2.844 leg=F idx=59 cmd=[-0.2325 0.4293 2.1626 -0.8984 -0.0031 0.0261] meas=[-0.1841 0.4295 2.1660 -0.8621 -0.0031 0.0383] xyz=361.91,-67.38,38.04 track=0.0484
adv t=2.906 leg=F idx=60 cmd=[-0.2394 0.4356 2.1617 -0.9037 -0.0031 0.0261] meas=[-0.1948 0.4372 2.1675 -0.8698 -0.0031 0.0383] xyz=361.50,-71.33,36.13 track=0.0446
adv t=2.953 leg=F idx=61 cmd=[-0.2463 0.4417 2.1604 -0.9086 -0.0031 0.0261] meas=[-0.1979 0.4418 2.1675 -0.8744 -0.0031 0.0383] xyz=361.63,-72.51,35.20 track=0.0484
adv t=3.000 leg=F idx=62 cmd=[-0.2532 0.4477 2.1588 -0.9130 -0.0031 0.0261] meas=[-0.2040 0.4433 2.1675 -0.8790 -0.0031 0.0383] xyz=361.42,-74.78,35.40 track=0.0492
adv t=3.047 leg=F idx=63 cmd=[-0.2602 0.4535 2.1569 -0.9168 -0.0031 0.0261] meas=[-0.2132 0.4525 2.1675 -0.8897 -0.0031 0.0383] xyz=361.46,-78.26,33.80 track=0.0470
adv t=3.109 leg=F idx=64 cmd=[-0.2672 0.4592 2.1546 -0.9203 -0.0031 0.0261] meas=[-0.2178 0.4587 2.1675 -0.8928 -0.0031 0.0383] xyz=361.41,-79.99,32.04 track=0.0494
adv t=3.172 leg=F idx=65 cmd=[-0.2742 0.4647 2.1520 -0.9232 -0.0031 0.0261] meas=[-0.2286 0.4663 2.1675 -0.8943 -0.0031 0.0383] xyz=360.82,-83.94,29.46 track=0.0457
adv t=3.203 leg=F idx=66 cmd=[-0.2813 0.4700 2.1491 -0.9256 -0.0031 0.0261] meas=[-0.2347 0.4709 2.1675 -0.9004 -0.0031 0.0383] xyz=360.68,-86.24,28.78 track=0.0466
adv t=3.250 leg=F idx=67 cmd=[-0.2883 0.4752 2.1459 -0.9275 -0.0031 0.0261] meas=[-0.2393 0.4740 2.1675 -0.9035 -0.0031 0.0383] xyz=360.49,-87.95,28.15 track=0.0490
adv t=3.297 leg=F idx=68 cmd=[-0.2954 0.4802 2.1424 -0.9290 -0.0031 0.0261] meas=[-0.2454 0.4755 2.1675 -0.9066 -0.0031 0.0383] xyz=360.11,-90.20,28.09 track=0.0499
adv t=3.359 leg=F idx=69 cmd=[-0.3024 0.4850 2.1385 -0.9300 -0.0031 0.0261] meas=[-0.2546 0.4863 2.1660 -0.9097 -0.0031 0.0383] xyz=359.92,-93.68,24.98 track=0.0478
adv t=3.391 leg=F idx=70 cmd=[-0.3095 0.4896 2.1344 -0.9305 -0.0031 0.0261] meas=[-0.2623 0.4924 2.1660 -0.9127 -0.0031 0.0383] xyz=359.46,-96.51,23.21 track=0.0472
adv t=3.453 leg=F idx=71 cmd=[-0.3166 0.4941 2.1300 -0.9305 -0.0031 0.0261] meas=[-0.2669 0.4970 2.1660 -0.9127 -0.0031 0.0383] xyz=359.11,-98.20,21.49 track=0.0497
adv t=3.500 leg=F idx=72 cmd=[-0.3237 0.4984 2.1252 -0.9301 -0.0031 0.0261] meas=[-0.2777 0.5031 2.1660 -0.9127 -0.0031 0.0383] xyz=358.16,-102.08,19.21 track=0.0460
adv t=3.547 leg=F idx=73 cmd=[-0.3307 0.5025 2.1202 -0.9292 -0.0031 0.0261] meas=[-0.2838 0.5077 2.1660 -0.9158 -0.0031 0.0383] xyz=357.74,-104.34,18.00 track=0.0469
adv t=3.609 leg=F idx=74 cmd=[-0.3378 0.5065 2.1149 -0.9278 -0.0031 0.0261] meas=[-0.2915 0.5123 2.1629 -0.9173 -0.0031 0.0383] xyz=357.59,-107.28,17.25 track=0.0480
adv t=3.656 leg=F idx=75 cmd=[-0.3448 0.5102 2.1093 -0.9260 -0.0031 0.0261] meas=[-0.2961 0.5170 2.1614 -0.9173 -0.0031 0.0383] xyz=357.42,-109.02,15.89 track=0.0521
adv t=3.688 leg=F idx=76 cmd=[-0.3518 0.5139 2.1034 -0.9237 -0.0031 0.0261] meas=[-0.3007 0.5185 2.1598 -0.9173 -0.0031 0.0383] xyz=357.19,-110.75,15.67 track=0.0564
adv t=3.766 leg=F idx=77 cmd=[-0.3588 0.5173 2.0972 -0.9210 -0.0031 0.0261] meas=[-0.3053 0.5200 2.1537 -0.9173 -0.0031 0.0383] xyz=357.73,-112.72,16.51 track=0.0565
adv t=3.797 leg=F idx=78 cmd=[-0.3658 0.5206 2.0908 -0.9179 -0.0031 0.0261] meas=[-0.3175 0.5308 2.1430 -0.9173 -0.0031 0.0383] xyz=358.25,-117.74,14.96 track=0.0521
adv t=3.844 leg=F idx=79 cmd=[-0.3727 0.5237 2.0841 -0.9143 -0.0031 0.0261] meas=[-0.3252 0.5338 2.1368 -0.9173 -0.0031 0.0383] xyz=358.39,-120.84,15.22 track=0.0527
adv t=3.906 leg=F idx=80 cmd=[-0.3796 0.5266 2.0772 -0.9102 -0.0031 0.0261] meas=[-0.3344 0.5354 2.1353 -0.9173 -0.0031 0.0383] xyz=357.54,-124.23,14.99 track=0.0581
adv t=3.953 leg=F idx=81 cmd=[-0.3865 0.5294 2.0700 -0.9058 -0.0031 0.0261] meas=[-0.3390 0.5400 2.1276 -0.9173 -0.0031 0.0383] xyz=358.28,-126.34,15.03 track=0.0577
adv t=4.000 leg=F idx=82 cmd=[-0.3933 0.5320 2.0625 -0.9010 -0.0031 0.0261] meas=[-0.3421 0.5430 2.1230 -0.9173 -0.0031 0.0383] xyz=358.68,-127.72,14.93 track=0.0605
adv t=4.047 leg=F idx=83 cmd=[-0.4001 0.5344 2.0548 -0.8957 -0.0031 0.0261] meas=[-0.3513 0.5446 2.1123 -0.9158 -0.0031 0.0383] xyz=359.18,-131.63,16.60 track=0.0575
adv t=4.109 leg=F idx=84 cmd=[-0.4069 0.5367 2.0468 -0.8900 -0.0031 0.0261] meas=[-0.3559 0.5492 2.1062 -0.9112 -0.0031 0.0383] xyz=359.44,-133.61,15.50 track=0.0594
adv t=4.156 leg=F idx=85 cmd=[-0.4136 0.5389 2.0386 -0.8840 -0.0031 0.0261] meas=[-0.3682 0.5538 2.0985 -0.9050 -0.0031 0.0383] xyz=358.81,-138.41,14.51 track=0.0599
adv t=4.203 leg=F idx=86 cmd=[-0.4203 0.5409 2.0301 -0.8775 -0.0031 0.0261] meas=[-0.3728 0.5538 2.0954 -0.9020 -0.0031 0.0383] xyz=358.53,-140.20,14.72 track=0.0653
adv t=4.250 leg=F idx=87 cmd=[-0.4269 0.5428 2.0214 -0.8707 -0.0031 0.0261] meas=[-0.3774 0.5538 2.0893 -0.9004 -0.0031 0.0383] xyz=358.79,-142.21,15.91 track=0.0679
adv t=4.313 leg=F idx=88 cmd=[-0.4335 0.5445 2.0125 -0.8635 -0.0031 0.0261] meas=[-0.3881 0.5584 2.0739 -0.8897 -0.0031 0.0383] xyz=359.29,-146.89,15.97 track=0.0615
adv t=4.344 leg=F idx=89 cmd=[-0.4400 0.5461 2.0033 -0.8559 -0.0031 0.0261] meas=[-0.3942 0.5630 2.0663 -0.8836 -0.0031 0.0383] xyz=359.40,-149.52,14.98 track=0.0629
adv t=4.406 leg=F idx=90 cmd=[-0.4464 0.5476 1.9939 -0.8480 -0.0031 0.0261] meas=[-0.3988 0.5676 2.0632 -0.8805 -0.0031 0.0383] xyz=359.13,-151.34,13.40 track=0.0693
adv t=4.453 leg=F idx=91 cmd=[-0.4528 0.5489 1.9843 -0.8398 -0.0031 0.0261] meas=[-0.4080 0.5706 2.0540 -0.8698 -0.0031 0.0383] xyz=358.76,-155.09,12.60 track=0.0697
adv t=4.500 leg=F idx=92 cmd=[-0.4592 0.5502 1.9745 -0.8311 -0.0031 0.0261] meas=[-0.4126 0.5706 2.0448 -0.8636 -0.0031 0.0383] xyz=359.22,-157.26,13.77 track=0.0703
adv t=4.563 leg=F idx=93 cmd=[-0.4654 0.5513 1.9644 -0.8222 -0.0031 0.0261] meas=[-0.4188 0.5706 2.0402 -0.8606 -0.0031 0.0383] xyz=358.84,-159.72,14.36 track=0.0758
adv t=4.609 leg=F idx=94 cmd=[-0.4717 0.5523 1.9542 -0.8129 -0.0031 0.0261] meas=[-0.4280 0.5706 2.0233 -0.8468 -0.0031 0.0383] xyz=359.38,-163.94,16.13 track=0.0692
adv t=4.641 leg=F idx=95 cmd=[-0.4778 0.5532 1.9437 -0.8033 -0.0031 0.0261] meas=[-0.4341 0.5706 2.0157 -0.8391 -0.0031 0.0383] xyz=359.22,-166.54,16.71 track=0.0720
adv t=4.703 leg=F idx=96 cmd=[-0.4839 0.5540 1.9330 -0.7934 -0.0031 0.0261] meas=[-0.4372 0.5706 2.0095 -0.8345 -0.0031 0.0383] xyz=359.45,-167.99,17.43 track=0.0765
adv t=4.750 leg=F idx=97 cmd=[-0.4899 0.5547 1.9221 -0.7832 -0.0031 0.0261] meas=[-0.4449 0.5706 1.9926 -0.8207 -0.0031 0.0383] xyz=360.12,-171.68,19.26 track=0.0706
adv t=4.797 leg=F idx=98 cmd=[-0.4958 0.5552 1.9110 -0.7727 -0.0031 0.0261] meas=[-0.4510 0.5706 1.9850 -0.8115 -0.0031 0.0383] xyz=359.84,-174.26,19.61 track=0.0740
adv t=4.859 leg=F idx=99 cmd=[-0.5016 0.5558 1.8997 -0.7619 -0.0031 0.0261] meas=[-0.4602 0.5706 1.9727 -0.8007 -0.0031 0.0383] xyz=359.60,-178.25,20.86 track=0.0730
adv t=4.906 leg=F idx=100 cmd=[-0.5074 0.5562 1.8881 -0.7508 -0.0031 0.0261] meas=[-0.4648 0.5706 1.9635 -0.7931 -0.0031 0.0383] xyz=359.81,-180.42,21.87 track=0.0754
# resume_index=2 resume_err=1.361 deg (gate=3.36 deg)

===== REVERSE LEG (known-good run_leg_tracked, 100 .. 0) =====
ts=40636.250 cmd_ts=0.000 fb_ts=0.000 leg=R idx=0 cmd=[-0.5074 0.5562 1.8881 -0.7508 -0.0031 0.0261] meas=[-0.4878 0.5814 1.9251 -0.7532 -0.0031 0.0383] xyz=359.68,-190.84,20.49 track=0.0370
ts=40636.250 cmd_ts=0.000 fb_ts=0.046 leg=R idx=1 cmd=[-0.5016 0.5558 1.8997 -0.7619 -0.0031 0.0261] meas=[-0.4878 0.5814 1.9251 -0.7532 -0.0031 0.0383] xyz=359.68,-190.84,20.49 track=0.0256
ts=40636.312 cmd_ts=0.062 fb_ts=0.062 leg=R idx=2 cmd=[-0.4958 0.5552 1.9110 -0.7727 -0.0031 0.0261] meas=[-0.4878 0.5814 1.9251 -0.7532 -0.0031 0.0383] xyz=359.68,-190.84,20.49 track=0.0261
ts=40636.343 cmd_ts=0.093 fb_ts=0.093 leg=R idx=3 cmd=[-0.4899 0.5547 1.9221 -0.7832 -0.0031 0.0261] meas=[-0.4878 0.5814 1.9251 -0.7532 -0.0031 0.0383] xyz=359.68,-190.84,20.49 track=0.0300
ts=40636.406 cmd_ts=0.156 fb_ts=0.156 leg=R idx=4 cmd=[-0.4839 0.5540 1.9330 -0.7934 -0.0031 0.0261] meas=[-0.4878 0.5814 1.9251 -0.7532 -0.0031 0.0383] xyz=359.68,-190.84,20.49 track=0.0402
ts=40636.453 cmd_ts=0.203 fb_ts=0.203 leg=R idx=5 cmd=[-0.4778 0.5532 1.9437 -0.8033 -0.0031 0.0261] meas=[-0.4878 0.5814 1.9251 -0.7532 -0.0031 0.0383] xyz=359.68,-190.84,20.49 track=0.0502
ts=40636.500 cmd_ts=0.250 fb_ts=0.250 leg=R idx=6 cmd=[-0.4717 0.5523 1.9542 -0.8129 -0.0031 0.0261] meas=[-0.4878 0.5814 1.9251 -0.7532 -0.0031 0.0383] xyz=359.68,-190.84,20.49 track=0.0597
ts=40636.546 cmd_ts=0.296 fb_ts=0.296 leg=R idx=7 cmd=[-0.4654 0.5513 1.9644 -0.8222 -0.0031 0.0261] meas=[-0.4878 0.5814 1.9251 -0.7532 -0.0031 0.0383] xyz=359.68,-190.84,20.49 track=0.0690
ts=40636.609 cmd_ts=0.359 fb_ts=0.359 leg=R idx=8 cmd=[-0.4592 0.5502 1.9745 -0.8311 -0.0031 0.0261] meas=[-0.4878 0.5814 1.9251 -0.7532 -0.0031 0.0383] xyz=359.68,-190.84,20.49 track=0.0780
ts=40636.640 cmd_ts=0.390 fb_ts=0.390 leg=R idx=9 cmd=[-0.4528 0.5489 1.9843 -0.8398 -0.0031 0.0261] meas=[-0.4878 0.5814 1.9251 -0.7532 -0.0031 0.0383] xyz=359.68,-190.84,20.49 track=0.0866
ts=40636.703 cmd_ts=0.453 fb_ts=0.453 leg=R idx=10 cmd=[-0.4464 0.5476 1.9939 -0.8480 -0.0031 0.0261] meas=[-0.4878 0.5814 1.9251 -0.7532 -0.0031 0.0383] xyz=359.68,-190.84,20.49 track=0.0948
ts=40636.750 cmd_ts=0.500 fb_ts=0.500 leg=R idx=11 cmd=[-0.4400 0.5461 2.0033 -0.8559 -0.0031 0.0261] meas=[-0.4878 0.5814 1.9251 -0.7532 -0.0031 0.0383] xyz=359.68,-190.84,20.49 track=0.1028
ts=40636.796 cmd_ts=0.546 fb_ts=0.546 leg=R idx=12 cmd=[-0.4335 0.5445 2.0125 -0.8635 -0.0031 0.0261] meas=[-0.4878 0.5814 1.9251 -0.7532 -0.0031 0.0383] xyz=359.68,-190.84,20.49 track=0.1103
ts=40636.859 cmd_ts=0.609 fb_ts=0.609 leg=R idx=13 cmd=[-0.4269 0.5428 2.0214 -0.8707 -0.0031 0.0261] meas=[-0.4878 0.5814 1.9251 -0.7532 -0.0031 0.0383] xyz=359.68,-190.84,20.49 track=0.1175
ts=40636.906 cmd_ts=0.656 fb_ts=0.656 leg=R idx=14 cmd=[-0.4203 0.5409 2.0301 -0.8775 -0.0031 0.0261] meas=[-0.4878 0.5814 1.9251 -0.7532 -0.0031 0.0383] xyz=359.68,-190.84,20.49 track=0.1243
ts=40636.953 cmd_ts=0.703 fb_ts=0.703 leg=R idx=15 cmd=[-0.4136 0.5389 2.0386 -0.8840 -0.0031 0.0261] meas=[-0.4878 0.5814 1.9251 -0.7593 -0.0031 0.0383] xyz=359.92,-190.97,21.51 track=0.1246
ts=40637.000 cmd_ts=0.750 fb_ts=0.750 leg=R idx=16 cmd=[-0.4069 0.5367 2.0468 -0.8900 -0.0031 0.0261] meas=[-0.4878 0.5814 1.9451 -0.7854 -0.0031 0.0383] xyz=358.09,-189.99,20.85 track=0.1046
ts=40637.046 cmd_ts=0.796 fb_ts=0.796 leg=R idx=17 cmd=[-0.4001 0.5344 2.0548 -0.8957 -0.0031 0.0261] meas=[-0.4817 0.5814 1.9650 -0.8069 -0.0031 0.0383] xyz=357.21,-186.73,19.47 track=0.0897
ts=40637.093 cmd_ts=0.843 fb_ts=0.843 leg=R idx=18 cmd=[-0.3933 0.5320 2.0625 -0.9010 -0.0031 0.0261] meas=[-0.4725 0.5814 1.9850 -0.8207 -0.0031 0.0383] xyz=356.54,-182.22,16.85 track=0.0803
ts=40637.156 cmd_ts=0.906 fb_ts=0.906 leg=R idx=19 cmd=[-0.3865 0.5294 2.0700 -0.9058 -0.0031 0.0261] meas=[-0.4587 0.5814 2.0049 -0.8391 -0.0031 0.0383] xyz=356.78,-176.17,15.05 track=0.0722
ts=40637.203 cmd_ts=0.953 fb_ts=0.953 leg=R idx=20 cmd=[-0.3796 0.5266 2.0772 -0.9102 -0.0031 0.0261] meas=[-0.4464 0.5814 2.0233 -0.8560 -0.0031 0.0383] xyz=356.80,-170.77,13.42 track=0.0668
ts=40637.250 cmd_ts=1.000 fb_ts=1.000 leg=R idx=21 cmd=[-0.3727 0.5237 2.0841 -0.9143 -0.0031 0.0261] meas=[-0.4264 0.5814 2.0463 -0.8728 -0.0031 0.0383] xyz=357.27,-162.32,10.73 track=0.0577
ts=40637.296 cmd_ts=1.046 fb_ts=1.046 leg=R idx=22 cmd=[-0.3658 0.5206 2.0908 -0.9179 -0.0031 0.0261] meas=[-0.4172 0.5814 2.0555 -0.8805 -0.0031 0.0383] xyz=357.63,-158.53,9.82 track=0.0608
ts=40637.359 cmd_ts=1.109 fb_ts=1.109 leg=R idx=23 cmd=[-0.3588 0.5173 2.0972 -0.9210 -0.0031 0.0261] meas=[-0.4034 0.5814 2.0709 -0.8912 -0.0031 0.0383] xyz=357.80,-152.73,8.00 track=0.0641
ts=40637.406 cmd_ts=1.156 fb_ts=1.156 leg=R idx=24 cmd=[-0.3518 0.5139 2.1034 -0.9237 -0.0031 0.0261] meas=[-0.3942 0.5814 2.0847 -0.8989 -0.0031 0.0383] xyz=357.29,-148.64,6.06 track=0.0675
ts=40637.437 cmd_ts=1.187 fb_ts=1.187 leg=R idx=25 cmd=[-0.3448 0.5102 2.1093 -0.9260 -0.0031 0.0261] meas=[-0.3896 0.5814 2.0877 -0.9004 -0.0031 0.0383] xyz=357.54,-146.82,5.60 track=0.0711
ts=40637.515 cmd_ts=1.265 fb_ts=1.265 leg=R idx=26 cmd=[-0.3378 0.5065 2.1149 -0.9278 -0.0031 0.0261] meas=[-0.3804 0.5814 2.1000 -0.9035 -0.0031 0.0383] xyz=357.00,-142.77,3.28 track=0.0749
ts=40637.546 cmd_ts=1.296 fb_ts=1.296 leg=R idx=27 cmd=[-0.3307 0.5025 2.1202 -0.9292 -0.0031 0.0261] meas=[-0.3743 0.5814 2.1031 -0.9081 -0.0031 0.0383] xyz=357.57,-140.45,3.34 track=0.0789
ts=40637.593 cmd_ts=1.343 fb_ts=1.343 leg=R idx=28 cmd=[-0.3237 0.4984 2.1252 -0.9301 -0.0031 0.0261] meas=[-0.3697 0.5814 2.1031 -0.9081 -0.0031 0.0383] xyz=358.21,-138.81,3.34 track=0.0830
ts=40637.656 cmd_ts=1.406 fb_ts=1.406 leg=R idx=29 cmd=[-0.3166 0.4941 2.1300 -0.9305 -0.0031 0.0261] meas=[-0.3574 0.5783 2.1154 -0.9097 -0.0031 0.0383] xyz=357.89,-133.66,1.97 track=0.0842
ts=40637.703 cmd_ts=1.453 fb_ts=1.453 leg=R idx=30 cmd=[-0.3095 0.4896 2.1344 -0.9305 -0.0031 0.0261] meas=[-0.3528 0.5783 2.1184 -0.9127 -0.0031 0.0383] xyz=358.13,-131.87,1.78 track=0.0887
ts=40637.750 cmd_ts=1.500 fb_ts=1.500 leg=R idx=31 cmd=[-0.3024 0.4850 2.1385 -0.9300 -0.0031 0.0261] meas=[-0.3421 0.5783 2.1230 -0.9127 -0.0031 0.0383] xyz=358.74,-127.74,0.73 track=0.0933
ts=40637.812 cmd_ts=1.562 fb_ts=1.562 leg=R idx=32 cmd=[-0.2954 0.4802 2.1424 -0.9290 -0.0031 0.0261] meas=[-0.3375 0.5783 2.1322 -0.9158 -0.0031 0.0383] xyz=357.89,-125.58,-0.84 track=0.0981
ts=40637.843 cmd_ts=1.593 fb_ts=1.593 leg=R idx=33 cmd=[-0.2883 0.4752 2.1459 -0.9275 -0.0031 0.0261] meas=[-0.3329 0.5783 2.1322 -0.9189 -0.0031 0.0383] xyz=358.61,-123.99,-0.33 track=0.1031
ts=40637.906 cmd_ts=1.656 fb_ts=1.656 leg=R idx=34 cmd=[-0.2813 0.4700 2.1491 -0.9256 -0.0031 0.0261] meas=[-0.3267 0.5783 2.1368 -0.9189 -0.0031 0.0383] xyz=358.57,-121.51,-1.36 track=0.1083
ts=40637.953 cmd_ts=1.703 fb_ts=1.703 leg=R idx=35 cmd=[-0.2742 0.4647 2.1520 -0.9232 -0.0031 0.0261] meas=[-0.3175 0.5768 2.1430 -0.9189 -0.0031 0.0383] xyz=358.60,-117.86,-2.16 track=0.1121
ts=40638.000 cmd_ts=1.750 fb_ts=1.750 leg=R idx=36 cmd=[-0.2672 0.4592 2.1546 -0.9203 -0.0031 0.0261] meas=[-0.3129 0.5752 2.1460 -0.9189 -0.0031 0.0383] xyz=358.61,-116.03,-2.26 track=0.1161
ts=40638.046 cmd_ts=1.796 fb_ts=1.812 leg=R idx=37 cmd=[-0.2602 0.4535 2.1569 -0.9168 -0.0031 0.0261] meas=[-0.3022 0.5645 2.1491 -0.9189 -0.0031 0.0383] xyz=359.30,-112.01,1.10 track=0.1110
ts=40638.093 cmd_ts=1.843 fb_ts=1.843 leg=R idx=38 cmd=[-0.2532 0.4477 2.1588 -0.9130 -0.0031 0.0261] meas=[-0.2961 0.5584 2.1522 -0.9189 -0.0031 0.0383] xyz=359.43,-109.64,2.71 track=0.1107
ts=40638.156 cmd_ts=1.906 fb_ts=1.906 leg=R idx=39 cmd=[-0.2463 0.4417 2.1604 -0.9086 -0.0031 0.0261] meas=[-0.2915 0.5538 2.1552 -0.9189 -0.0031 0.0383] xyz=359.38,-107.82,3.75 track=0.1121
ts=40638.203 cmd_ts=1.953 fb_ts=1.953 leg=R idx=40 cmd=[-0.2394 0.4356 2.1617 -0.9037 -0.0031 0.0261] meas=[-0.2823 0.5476 2.1583 -0.9189 -0.0031 0.0383] xyz=359.80,-104.34,5.36 track=0.1121
ts=40638.250 cmd_ts=2.000 fb_ts=2.000 leg=R idx=41 cmd=[-0.2325 0.4293 2.1626 -0.8984 -0.0031 0.0261] meas=[-0.2761 0.5430 2.1583 -0.9189 -0.0031 0.0383] xyz=360.41,-102.12,7.08 track=0.1137
ts=40638.296 cmd_ts=2.046 fb_ts=2.046 leg=R idx=42 cmd=[-0.2257 0.4229 2.1632 -0.8925 -0.0031 0.0261] meas=[-0.2715 0.5400 2.1583 -0.9189 -0.0031 0.0383] xyz=360.85,-100.46,8.23 track=0.1171
ts=40638.359 cmd_ts=2.109 fb_ts=2.109 leg=R idx=43 cmd=[-0.2189 0.4163 2.1635 -0.8862 -0.0031 0.0261] meas=[-0.2608 0.5308 2.1598 -0.9081 -0.0031 0.0383] xyz=361.05,-96.35,9.56 track=0.1145
ts=40638.390 cmd_ts=2.140 fb_ts=2.140 leg=R idx=44 cmd=[-0.2121 0.4096 2.1634 -0.8795 -0.0031 0.0261] meas=[-0.2562 0.5246 2.1644 -0.9050 -0.0031 0.0383] xyz=360.49,-94.42,10.29 track=0.1150
ts=40638.453 cmd_ts=2.203 fb_ts=2.203 leg=R idx=45 cmd=[-0.2054 0.4028 2.1629 -0.8722 -0.0031 0.0261] meas=[-0.2500 0.5200 2.1660 -0.9035 -0.0031 0.0383] xyz=360.67,-92.11,11.40 track=0.1172
ts=40638.500 cmd_ts=2.250 fb_ts=2.250 leg=R idx=46 cmd=[-0.1988 0.3958 2.1622 -0.8645 -0.0031 0.0261] meas=[-0.2408 0.5093 2.1660 -0.8912 -0.0031 0.0383] xyz=360.78,-88.61,13.37 track=0.1134
ts=40638.562 cmd_ts=2.312 fb_ts=2.312 leg=R idx=47 cmd=[-0.1922 0.3888 2.1610 -0.8563 -0.0031 0.0261] meas=[-0.2347 0.5062 2.1660 -0.8851 -0.0031 0.0383] xyz=360.98,-86.31,13.50 track=0.1174
ts=40638.593 cmd_ts=2.343 fb_ts=2.359 leg=R idx=48 cmd=[-0.1857 0.3816 2.1596 -0.8477 -0.0031 0.0261] meas=[-0.2255 0.4970 2.1660 -0.8774 -0.0031 0.0383] xyz=361.25,-82.87,15.65 track=0.1154
ts=40638.640 cmd_ts=2.390 fb_ts=2.390 leg=R idx=49 cmd=[-0.1792 0.3744 2.1577 -0.8386 -0.0031 0.0261] meas=[-0.2209 0.4924 2.1660 -0.8713 -0.0031 0.0383] xyz=361.26,-81.12,16.34 track=0.1180
ts=40638.703 cmd_ts=2.453 fb_ts=2.453 leg=R idx=50 cmd=[-0.1728 0.3670 2.1555 -0.8290 -0.0031 0.0261] meas=[-0.2178 0.4878 2.1660 -0.8698 -0.0031 0.0383] xyz=361.36,-79.98,17.79 track=0.1208
ts=40638.750 cmd_ts=2.500 fb_ts=2.500 leg=R idx=51 cmd=[-0.1665 0.3596 2.1530 -0.8191 -0.0031 0.0261] meas=[-0.2086 0.4755 2.1660 -0.8544 -0.0031 0.0383] xyz=361.10,-76.45,19.80 track=0.1159
ts=40638.812 cmd_ts=2.562 fb_ts=2.562 leg=R idx=52 cmd=[-0.1603 0.3521 2.1501 -0.8087 -0.0031 0.0261] meas=[-0.2025 0.4694 2.1660 -0.8483 -0.0031 0.0383] xyz=361.14,-74.14,21.05 track=0.1173
ts=40638.843 cmd_ts=2.593 fb_ts=2.609 leg=R idx=53 cmd=[-0.1541 0.3445 2.1468 -0.7979 -0.0031 0.0261] meas=[-0.1917 0.4617 2.1660 -0.8360 -0.0031 0.0383] xyz=361.14,-70.11,21.86 track=0.1172
ts=40638.906 cmd_ts=2.656 fb_ts=2.656 leg=R idx=54 cmd=[-0.1480 0.3369 2.1432 -0.7867 -0.0031 0.0261] meas=[-0.1887 0.4556 2.1660 -0.8283 -0.0031 0.0383] xyz=360.84,-68.90,22.85 track=0.1187
ts=40638.953 cmd_ts=2.703 fb_ts=2.703 leg=R idx=55 cmd=[-0.1420 0.3293 2.1393 -0.7750 -0.0031 0.0261] meas=[-0.1856 0.4525 2.1660 -0.8237 -0.0031 0.0383] xyz=360.75,-67.74,23.22 track=0.1232
ts=40639.000 cmd_ts=2.750 fb_ts=2.750 leg=R idx=56 cmd=[-0.1361 0.3216 2.1349 -0.7630 -0.0031 0.0261] meas=[-0.1795 0.4449 2.1660 -0.8145 -0.0031 0.0383] xyz=360.51,-65.41,24.52 track=0.1233
ts=40639.046 cmd_ts=2.796 fb_ts=2.796 leg=R idx=57 cmd=[-0.1303 0.3139 2.1303 -0.7506 -0.0031 0.0261] meas=[-0.1687 0.4326 2.1660 -0.7977 -0.0031 0.0383] xyz=360.01,-61.33,26.24 track=0.1187
ts=40639.109 cmd_ts=2.859 fb_ts=2.859 leg=R idx=58 cmd=[-0.1245 0.3061 2.1252 -0.7379 -0.0031 0.0261] meas=[-0.1641 0.4280 2.1660 -0.7915 -0.0031 0.0383] xyz=359.85,-59.60,26.92 track=0.1218
ts=40639.140 cmd_ts=2.890 fb_ts=2.906 leg=R idx=59 cmd=[-0.1189 0.2984 2.1198 -0.7247 -0.0031 0.0261] meas=[-0.1549 0.4172 2.1660 -0.7731 -0.0031 0.0383] xyz=359.13,-56.09,27.81 track=0.1188
ts=40639.203 cmd_ts=2.953 fb_ts=2.953 leg=R idx=60 cmd=[-0.1134 0.2907 2.1141 -0.7112 -0.0031 0.0261] meas=[-0.1519 0.4096 2.1660 -0.7639 -0.0031 0.0383] xyz=358.59,-54.88,29.09 track=0.1189
ts=40639.250 cmd_ts=3.000 fb_ts=3.000 leg=R idx=61 cmd=[-0.1079 0.2830 2.1080 -0.6974 -0.0031 0.0261] meas=[-0.1473 0.4019 2.1660 -0.7563 -0.0031 0.0383] xyz=358.20,-53.13,30.62 track=0.1189
ts=40639.296 cmd_ts=3.046 fb_ts=3.062 leg=R idx=62 cmd=[-0.1026 0.2753 2.1015 -0.6833 -0.0031 0.0261] meas=[-0.1411 0.3912 2.1583 -0.7363 -0.0031 0.0383] xyz=358.44,-50.92,33.11 track=0.1159
ts=40639.343 cmd_ts=3.093 fb_ts=3.093 leg=R idx=63 cmd=[-0.0974 0.2676 2.0948 -0.6688 -0.0031 0.0261] meas=[-0.1365 0.3866 2.1522 -0.7256 -0.0031 0.0383] xyz=358.99,-49.32,34.52 track=0.1190
ts=40639.406 cmd_ts=3.156 fb_ts=3.156 leg=R idx=64 cmd=[-0.0923 0.2600 2.0876 -0.6541 -0.0031 0.0261] meas=[-0.1319 0.3789 2.1491 -0.7194 -0.0031 0.0383] xyz=359.14,-47.65,37.06 track=0.1189
ts=40639.453 cmd_ts=3.203 fb_ts=3.203 leg=R idx=65 cmd=[-0.0873 0.2524 2.0801 -0.6390 -0.0031 0.0261] meas=[-0.1243 0.3666 2.1399 -0.6980 -0.0031 0.0383] xyz=359.44,-44.89,40.27 track=0.1142
ts=40639.500 cmd_ts=3.250 fb_ts=3.250 leg=R idx=66 cmd=[-0.0824 0.2449 2.0723 -0.6237 -0.0031 0.0261] meas=[-0.1181 0.3590 2.1353 -0.6857 -0.0031 0.0383] xyz=359.51,-42.66,42.19 track=0.1140
ts=40639.546 cmd_ts=3.296 fb_ts=3.296 leg=R idx=67 cmd=[-0.0776 0.2375 2.0641 -0.6081 -0.0031 0.0261] meas=[-0.1166 0.3543 2.1322 -0.6780 -0.0031 0.0383] xyz=359.49,-42.10,43.37 track=0.1169
ts=40639.609 cmd_ts=3.359 fb_ts=3.359 leg=R idx=68 cmd=[-0.0730 0.2301 2.0556 -0.5922 -0.0031 0.0261] meas=[-0.1120 0.3451 2.1200 -0.6550 -0.0031 0.0383] xyz=360.08,-40.49,46.04 track=0.1150
ts=40639.656 cmd_ts=3.406 fb_ts=3.406 leg=R idx=69 cmd=[-0.0685 0.2229 2.0468 -0.5761 -0.0031 0.0261] meas=[-0.1058 0.3405 2.1138 -0.6427 -0.0031 0.0383] xyz=360.46,-38.30,47.27 track=0.1177
ts=40639.687 cmd_ts=3.437 fb_ts=3.437 leg=R idx=70 cmd=[-0.0641 0.2157 2.0376 -0.5597 -0.0031 0.0261] meas=[-0.1043 0.3344 2.1092 -0.6335 -0.0031 0.0383] xyz=360.49,-37.74,49.16 track=0.1187
ts=40639.765 cmd_ts=3.515 fb_ts=3.515 leg=R idx=71 cmd=[-0.0598 0.2086 2.0281 -0.5432 -0.0031 0.0261] meas=[-0.0966 0.3221 2.1000 -0.6090 -0.0031 0.0383] xyz=360.32,-34.93,51.97 track=0.1135
ts=40639.796 cmd_ts=3.546 fb_ts=3.546 leg=R idx=72 cmd=[-0.0556 0.2017 2.0182 -0.5264 -0.0031 0.0261] meas=[-0.0936 0.3175 2.0923 -0.5967 -0.0031 0.0383] xyz=360.76,-33.86,53.62 track=0.1159
ts=40639.843 cmd_ts=3.593 fb_ts=3.593 leg=R idx=73 cmd=[-0.0516 0.1948 2.0081 -0.5094 -0.0031 0.0261] meas=[-0.0890 0.3129 2.0862 -0.5875 -0.0031 0.0383] xyz=361.15,-32.22,55.38 track=0.1181
ts=40639.906 cmd_ts=3.656 fb_ts=3.656 leg=R idx=74 cmd=[-0.0477 0.1881 1.9976 -0.4922 -0.0031 0.0261] meas=[-0.0828 0.3007 2.0739 -0.5630 -0.0031 0.0383] xyz=361.27,-29.99,59.04 track=0.1125
ts=40639.953 cmd_ts=3.703 fb_ts=3.703 leg=R idx=75 cmd=[-0.0440 0.1816 1.9868 -0.4748 -0.0031 0.0261] meas=[-0.0813 0.2945 2.0647 -0.5476 -0.0031 0.0383] xyz=361.56,-29.46,61.19 track=0.1129
ts=40640.000 cmd_ts=3.750 fb_ts=3.765 leg=R idx=76 cmd=[-0.0404 0.1752 1.9757 -0.4573 -0.0031 0.0261] meas=[-0.0767 0.2823 2.0540 -0.5246 -0.0031 0.0383] xyz=361.34,-27.77,64.74 track=0.1071
ts=40640.046 cmd_ts=3.796 fb_ts=3.796 leg=R idx=77 cmd=[-0.0369 0.1689 1.9642 -0.4396 -0.0031 0.0261] meas=[-0.0721 0.2792 2.0463 -0.5123 -0.0031 0.0383] xyz=361.78,-26.13,65.90 track=0.1103
ts=40640.109 cmd_ts=3.859 fb_ts=3.859 leg=R idx=78 cmd=[-0.0335 0.1628 1.9525 -0.4217 -0.0031 0.0261] meas=[-0.0706 0.2777 2.0402 -0.5031 -0.0031 0.0383] xyz=362.15,-25.60,66.61 track=0.1149
ts=40640.140 cmd_ts=3.890 fb_ts=3.906 leg=R idx=79 cmd=[-0.0303 0.1568 1.9404 -0.4037 -0.0031 0.0261] meas=[-0.0629 0.2669 2.0249 -0.4755 -0.0031 0.0383] xyz=362.42,-22.82,70.15 track=0.1101
ts=40640.203 cmd_ts=3.953 fb_ts=3.953 leg=R idx=80 cmd=[-0.0273 0.1510 1.9281 -0.3856 -0.0031 0.0261] meas=[-0.0598 0.2608 2.0157 -0.4633 -0.0031 0.0383] xyz=362.75,-21.73,72.88 track=0.1097
ts=40640.250 cmd_ts=4.000 fb_ts=4.000 leg=R idx=81 cmd=[-0.0243 0.1454 1.9154 -0.3673 -0.0031 0.0261] meas=[-0.0568 0.2546 2.0064 -0.4510 -0.0031 0.0383] xyz=363.05,-20.63,75.63 track=0.1092
ts=40640.296 cmd_ts=4.046 fb_ts=4.046 leg=R idx=82 cmd=[-0.0216 0.1400 1.9025 -0.3489 -0.0031 0.0261] meas=[-0.0522 0.2470 1.9896 -0.4249 -0.0031 0.0383] xyz=363.57,-18.98,78.82 track=0.1070
ts=40640.359 cmd_ts=4.109 fb_ts=4.109 leg=R idx=83 cmd=[-0.0189 0.1347 1.8892 -0.3304 -0.0031 0.0261] meas=[-0.0491 0.2439 1.9788 -0.4096 -0.0031 0.0383] xyz=364.09,-17.89,80.41 track=0.1092
ts=40640.406 cmd_ts=4.156 fb_ts=4.171 leg=R idx=84 cmd=[-0.0164 0.1296 1.8757 -0.3118 -0.0031 0.0261] meas=[-0.0460 0.2362 1.9650 -0.3850 -0.0031 0.0383] xyz=364.12,-16.77,83.05 track=0.1066
ts=40640.453 cmd_ts=4.203 fb_ts=4.203 leg=R idx=85 cmd=[-0.0141 0.1248 1.8619 -0.2931 -0.0031 0.0261] meas=[-0.0460 0.2332 1.9558 -0.3697 -0.0031 0.0383] xyz=364.30,-16.78,84.25 track=0.1084
ts=40640.500 cmd_ts=4.250 fb_ts=4.250 leg=R idx=86 cmd=[-0.0119 0.1201 1.8478 -0.2744 -0.0031 0.0261] meas=[-0.0445 0.2286 1.9482 -0.3590 -0.0031 0.0383] xyz=364.40,-16.22,86.33 track=0.1085
ts=40640.546 cmd_ts=4.296 fb_ts=4.296 leg=R idx=87 cmd=[-0.0098 0.1156 1.8334 -0.2555 -0.0031 0.0261] meas=[-0.0430 0.2224 1.9405 -0.3467 -0.0031 0.0383] xyz=364.26,-15.66,88.73 track=0.1071
ts=40640.609 cmd_ts=4.359 fb_ts=4.359 leg=R idx=88 cmd=[-0.0079 0.1113 1.8187 -0.2365 -0.0031 0.0261] meas=[-0.0368 0.2148 1.9190 -0.3160 -0.0031 0.0383] xyz=364.84,-13.44,92.63 track=0.1034
ts=40640.656 cmd_ts=4.406 fb_ts=4.406 leg=R idx=89 cmd=[-0.0062 0.1072 1.8038 -0.2175 -0.0031 0.0261] meas=[-0.0337 0.2102 1.9067 -0.3007 -0.0031 0.0383] xyz=365.21,-12.33,95.32 track=0.1030
ts=40640.687 cmd_ts=4.437 fb_ts=4.437 leg=R idx=90 cmd=[-0.0046 0.1034 1.7885 -0.1984 -0.0031 0.0261] meas=[-0.0337 0.2086 1.8975 -0.2884 -0.0031 0.0383] xyz=365.58,-12.34,96.52 track=0.1090
ts=40640.750 cmd_ts=4.500 fb_ts=4.500 leg=R idx=91 cmd=[-0.0031 0.0997 1.7730 -0.1792 -0.0031 0.0261] meas=[-0.0307 0.2010 1.8776 -0.2577 -0.0031 0.0383] xyz=365.70,-11.22,100.07 track=0.1046
ts=40640.812 cmd_ts=4.562 fb_ts=4.562 leg=R idx=92 cmd=[-0.0018 0.0963 1.7573 -0.1600 -0.0031 0.0261] meas=[-0.0276 0.1994 1.8653 -0.2439 -0.0031 0.0383] xyz=366.34,-10.12,101.94 track=0.1081
ts=40640.843 cmd_ts=4.593 fb_ts=4.609 leg=R idx=93 cmd=[-0.0007 0.0930 1.7412 -0.1407 -0.0031 0.0261] meas=[-0.0261 0.1917 1.8454 -0.2178 -0.0031 0.0383] xyz=366.55,-9.56,106.31 track=0.1042
ts=40640.906 cmd_ts=4.656 fb_ts=4.656 leg=R idx=94 cmd=[0.0003 0.0900 1.7249 -0.1214 -0.0031 0.0261] meas=[-0.0261 0.1902 1.8331 -0.2025 -0.0031 0.0383] xyz=367.00,-9.57,107.96 track=0.1082
ts=40640.937 cmd_ts=4.687 fb_ts=4.703 leg=R idx=95 cmd=[0.0012 0.0872 1.7083 -0.1021 -0.0031 0.0261] meas=[-0.0245 0.1841 1.8224 -0.1917 -0.0031 0.0383] xyz=367.01,-9.01,111.61 track=0.1140
ts=40641.000 cmd_ts=4.750 fb_ts=4.750 leg=R idx=96 cmd=[0.0018 0.0847 1.6915 -0.0826 -0.0031 0.0261] meas=[-0.0230 0.1825 1.8116 -0.1779 -0.0031 0.0383] xyz=367.33,-8.45,113.08 track=0.1202
ts=40641.046 cmd_ts=4.796 fb_ts=4.796 leg=R idx=97 cmd=[0.0024 0.0823 1.6744 -0.0632 -0.0031 0.0261] meas=[-0.0215 0.1810 1.7871 -0.1473 -0.0031 0.0383] xyz=368.24,-7.91,115.90 track=0.1127
ts=40641.093 cmd_ts=4.843 fb_ts=4.843 leg=R idx=98 cmd=[0.0028 0.0802 1.6570 -0.0437 -0.0031 0.0261] meas=[-0.0199 0.1779 1.7717 -0.1289 -0.0031 0.0383] xyz=368.56,-7.35,118.58 track=0.1148
ts=40641.156 cmd_ts=4.906 fb_ts=4.906 leg=R idx=99 cmd=[0.0030 0.0784 1.6393 -0.0242 -0.0031 0.0261] meas=[-0.0184 0.1733 1.7533 -0.1028 -0.0031 0.0383] xyz=368.54,-6.78,121.51 track=0.1140
ts=40641.203 cmd_ts=4.953 fb_ts=4.953 leg=R idx=100 cmd=[0.0031 0.0767 1.6214 -0.0046 -0.0031 0.0261] meas=[-0.0184 0.1733 1.7395 -0.0890 -0.0031 0.0383] xyz=369.22,-6.80,123.39 track=0.1181
