# 2026-08-25T18:29:35.416932+00:00  port=COM21  sdk=C:\Users\Mukund\AppData\Local\Programs\Python\Python312\Lib\site-packages\roarm_sdk  ik=C:\Users\Mukund\Documents\Ro-Arm\roarm_sdk\waveshare_ik.py  home_xyz=[359.72 1.10 180.95]  constX=359.72  envelope=3.0deg hold=3.0s stop=2.0s move_tol=0.5deg
# attempt 1: M=[0.0031 0.0752 1.6230 -0.0046 -0.0031 0.0261]  i_target=2  max_disp=2.241 deg  per_joint=[0.02 0.20 2.04 2.24 0.00] deg
t=0.000 att=1 phase=ramp idx=0 cmd=[0.0031 0.0752 1.6230 -0.0046 -0.0031 0.0261] meas=[0.0031 0.0752 1.6230 -0.0046 -0.0031 0.0261] moved=0.000
t=0.000 att=1 phase=ramp idx=1 cmd=[0.0030 0.0768 1.6409 -0.0242 -0.0031 0.0261] meas=[0.0031 0.0752 1.6230 -0.0046 -0.0031 0.0261] moved=0.000
t=0.109 att=1 phase=ramp idx=2 cmd=[0.0028 0.0787 1.6585 -0.0437 -0.0031 0.0261] meas=[0.0031 0.0752 1.6230 -0.0046 -0.0031 0.0261] moved=0.000
t=0.109 att=1 phase=hold idx=2 cmd=[0.0028 0.0787 1.6585 -0.0437 -0.0031 0.0261] meas=[0.0031 0.0752 1.6230 -0.0046 -0.0031 0.0261] moved=0.000
t=0.109 att=1 phase=hold idx=2 cmd=[0.0028 0.0787 1.6585 -0.0437 -0.0031 0.0261] meas=[0.0031 0.0752 1.6230 -0.0046 -0.0031 0.0261] moved=0.000
t=0.156 att=1 phase=hold idx=2 cmd=[0.0028 0.0787 1.6585 -0.0437 -0.0031 0.0261] meas=[0.0031 0.0752 1.6230 -0.0046 -0.0031 0.0261] moved=0.000
t=0.203 att=1 phase=hold idx=2 cmd=[0.0028 0.0787 1.6585 -0.0437 -0.0031 0.0261] meas=[0.0031 0.0752 1.6230 -0.0046 -0.0031 0.0261] moved=0.000
t=0.266 att=1 phase=hold idx=2 cmd=[0.0028 0.0787 1.6585 -0.0437 -0.0031 0.0261] meas=[0.0031 0.0752 1.6230 -0.0046 -0.0031 0.0261] moved=0.000
t=0.312 att=1 phase=hold idx=2 cmd=[0.0028 0.0787 1.6585 -0.0437 -0.0031 0.0261] meas=[0.0031 0.0752 1.6230 -0.0046 -0.0031 0.0261] moved=0.000
t=0.359 att=1 phase=hold idx=2 cmd=[0.0028 0.0787 1.6585 -0.0437 -0.0031 0.0261] meas=[0.0031 0.0752 1.6230 -0.0046 -0.0031 0.0261] moved=0.000
t=0.406 att=1 phase=hold idx=2 cmd=[0.0028 0.0787 1.6585 -0.0437 -0.0031 0.0261] meas=[0.0031 0.0752 1.6230 -0.0046 -0.0031 0.0261] moved=0.000
t=0.469 att=1 phase=hold idx=2 cmd=[0.0028 0.0787 1.6585 -0.0437 -0.0031 0.0261] meas=[0.0031 0.0752 1.6230 -0.0046 -0.0031 0.0261] moved=0.000
t=0.500 att=1 phase=hold idx=2 cmd=[0.0028 0.0787 1.6585 -0.0437 -0.0031 0.0261] meas=[0.0031 0.0752 1.6230 -0.0046 -0.0031 0.0261] moved=0.000
t=0.562 att=1 phase=hold idx=2 cmd=[0.0028 0.0787 1.6585 -0.0437 -0.0031 0.0261] meas=[0.0031 0.0752 1.6230 -0.0046 -0.0031 0.0261] moved=0.000
t=0.609 att=1 phase=hold idx=2 cmd=[0.0028 0.0787 1.6585 -0.0437 -0.0031 0.0261] meas=[0.0031 0.0752 1.6230 -0.0046 -0.0031 0.0261] moved=0.000
t=0.656 att=1 phase=hold idx=2 cmd=[0.0028 0.0787 1.6585 -0.0437 -0.0031 0.0261] meas=[0.0031 0.0752 1.6230 -0.0046 -0.0031 0.0261] moved=0.000
t=0.719 att=1 phase=hold idx=2 cmd=[0.0028 0.0787 1.6585 -0.0437 -0.0031 0.0261] meas=[0.0031 0.0752 1.6230 -0.0046 -0.0031 0.0261] moved=0.000
t=0.750 att=1 phase=hold idx=2 cmd=[0.0028 0.0787 1.6585 -0.0437 -0.0031 0.0261] meas=[0.0031 0.0752 1.6230 -0.0046 -0.0031 0.0261] moved=0.000
t=0.812 att=1 phase=hold idx=2 cmd=[0.0028 0.0787 1.6585 -0.0437 -0.0031 0.0261] meas=[0.0031 0.0752 1.6230 -0.0046 -0.0031 0.0261] moved=0.000
t=0.859 att=1 phase=hold idx=2 cmd=[0.0028 0.0787 1.6585 -0.0437 -0.0031 0.0261] meas=[0.0031 0.0752 1.6230 -0.0061 -0.0031 0.0261] moved=0.088
t=0.922 att=1 phase=hold idx=2 cmd=[0.0028 0.0787 1.6585 -0.0437 -0.0031 0.0261] meas=[0.0031 0.0966 1.6644 -0.0261 -0.0031 0.0261] moved=2.373
# attempt 1 COMMITTED in phase=hold at t=0.922 s meas=[0.0031 0.0966 1.6644 -0.0261 -0.0031 0.0261]
# settled=[0.0031 0.1058 1.6659 -0.0291 -0.0031 0.0261]  resume_index=2  resume_err=1.555 deg

===== MAIN ARC: forward leg (resume_index=2 .. 100) =====
ts=30251.828 cmd_ts=0.000 fb_ts=0.000 leg=F idx=0 cmd=[0.0028 0.0787 1.6585 -0.0437 -0.0031 0.0261] meas=[0.0031 0.1058 1.6674 -0.0291 -0.0031 0.0261] xyz=363.12,1.11,160.17 track=0.0271
ts=30251.828 cmd_ts=0.000 fb_ts=0.047 leg=F idx=1 cmd=[0.0024 0.0808 1.6759 -0.0632 -0.0031 0.0261] meas=[0.0031 0.1058 1.6674 -0.0291 -0.0031 0.0261] xyz=363.12,1.11,160.17 track=0.0341
ts=30251.875 cmd_ts=0.047 fb_ts=0.047 leg=F idx=2 cmd=[0.0018 0.0831 1.6930 -0.0827 -0.0031 0.0261] meas=[0.0031 0.1058 1.6674 -0.0291 -0.0031 0.0261] xyz=363.12,1.11,160.17 track=0.0535
ts=30251.937 cmd_ts=0.109 fb_ts=0.109 leg=F idx=3 cmd=[0.0011 0.0857 1.7099 -0.1021 -0.0031 0.0261] meas=[0.0031 0.1058 1.6674 -0.0291 -0.0031 0.0261] xyz=363.12,1.11,160.17 track=0.0729
ts=30251.984 cmd_ts=0.156 fb_ts=0.156 leg=F idx=4 cmd=[0.0003 0.0885 1.7265 -0.1215 -0.0031 0.0261] meas=[0.0031 0.1058 1.6674 -0.0291 -0.0031 0.0261] xyz=363.12,1.11,160.17 track=0.0923
ts=30252.015 cmd_ts=0.187 fb_ts=0.187 leg=F idx=5 cmd=[-0.0007 0.0915 1.7428 -0.1408 -0.0031 0.0261] meas=[0.0031 0.1058 1.6674 -0.0291 -0.0031 0.0261] xyz=363.12,1.11,160.17 track=0.1116
ts=30252.093 cmd_ts=0.265 fb_ts=0.265 leg=F idx=6 cmd=[-0.0018 0.0947 1.7588 -0.1601 -0.0031 0.0261] meas=[0.0031 0.1058 1.6674 -0.0291 -0.0031 0.0261] xyz=363.12,1.11,160.17 track=0.1309
ts=30252.125 cmd_ts=0.297 fb_ts=0.297 leg=F idx=7 cmd=[-0.0031 0.0982 1.7746 -0.1793 -0.0031 0.0261] meas=[0.0031 0.1058 1.6674 -0.0291 -0.0031 0.0261] xyz=363.12,1.11,160.17 track=0.1502
ts=30252.171 cmd_ts=0.343 fb_ts=0.343 leg=F idx=8 cmd=[-0.0046 0.1018 1.7901 -0.1985 -0.0031 0.0261] meas=[0.0031 0.1058 1.6674 -0.0291 -0.0031 0.0261] xyz=363.12,1.11,160.17 track=0.1693
ts=30252.234 cmd_ts=0.406 fb_ts=0.406 leg=F idx=9 cmd=[-0.0062 0.1057 1.8054 -0.2176 -0.0031 0.0261] meas=[0.0031 0.1058 1.6674 -0.0291 -0.0031 0.0261] xyz=363.12,1.11,160.17 track=0.1884
ts=30252.281 cmd_ts=0.453 fb_ts=0.453 leg=F idx=10 cmd=[-0.0079 0.1098 1.8203 -0.2366 -0.0031 0.0261] meas=[0.0031 0.1058 1.6674 -0.0291 -0.0031 0.0261] xyz=363.12,1.11,160.17 track=0.2075
ts=30252.328 cmd_ts=0.500 fb_ts=0.500 leg=F idx=11 cmd=[-0.0099 0.1141 1.8350 -0.2556 -0.0031 0.0261] meas=[0.0031 0.1058 1.6674 -0.0291 -0.0031 0.0261] xyz=363.12,1.11,160.17 track=0.2264
ts=30252.375 cmd_ts=0.547 fb_ts=0.547 leg=F idx=12 cmd=[-0.0119 0.1186 1.8494 -0.2745 -0.0031 0.0261] meas=[0.0031 0.1058 1.6674 -0.0291 -0.0031 0.0261] xyz=363.12,1.11,160.17 track=0.2453
ts=30252.437 cmd_ts=0.609 fb_ts=0.609 leg=F idx=13 cmd=[-0.0141 0.1232 1.8635 -0.2933 -0.0031 0.0261] meas=[0.0031 0.1058 1.7150 -0.0782 -0.0031 0.0276] xyz=361.65,1.11,153.73 track=0.2150
ts=30252.468 cmd_ts=0.640 fb_ts=0.640 leg=F idx=14 cmd=[-0.0164 0.1281 1.8774 -0.3120 -0.0031 0.0261] meas=[0.0031 0.1120 1.7687 -0.1365 -0.0031 0.0276] xyz=360.62,1.11,144.83 track=0.1755
ts=30252.531 cmd_ts=0.703 fb_ts=0.703 leg=F idx=15 cmd=[-0.0189 0.1332 1.8909 -0.3306 -0.0031 0.0261] meas=[0.0031 0.1197 1.7902 -0.1687 -0.0031 0.0276] xyz=361.19,1.11,140.91 track=0.1619
ts=30252.578 cmd_ts=0.750 fb_ts=0.750 leg=F idx=16 cmd=[-0.0216 0.1385 1.9042 -0.3491 -0.0031 0.0261] meas=[0.0031 0.1304 1.8254 -0.2117 -0.0031 0.0276] xyz=361.18,1.11,133.55 track=0.1374
ts=30252.640 cmd_ts=0.812 fb_ts=0.812 leg=F idx=17 cmd=[-0.0244 0.1439 1.9171 -0.3675 -0.0031 0.0261] meas=[0.0031 0.1335 1.8546 -0.2531 -0.0031 0.0276] xyz=360.46,1.11,130.61 track=0.1144
ts=30252.671 cmd_ts=0.843 fb_ts=0.843 leg=F idx=18 cmd=[-0.0273 0.1495 1.9298 -0.3858 -0.0031 0.0261] meas=[0.0031 0.1427 1.8776 -0.2823 -0.0031 0.0276] xyz=360.50,1.11,125.30 track=0.1035
ts=30252.734 cmd_ts=0.906 fb_ts=0.906 leg=F idx=19 cmd=[-0.0304 0.1553 1.9421 -0.4039 -0.0031 0.0261] meas=[0.0031 0.1519 1.8945 -0.3083 -0.0031 0.0276] xyz=360.94,1.11,121.34 track=0.0956
ts=30252.781 cmd_ts=0.953 fb_ts=0.953 leg=F idx=20 cmd=[-0.0336 0.1613 1.9542 -0.4220 -0.0031 0.0261] meas=[0.0031 0.1595 1.9190 -0.3375 -0.0031 0.0276] xyz=360.37,1.11,116.21 track=0.0845
ts=30252.828 cmd_ts=1.000 fb_ts=1.000 leg=F idx=21 cmd=[-0.0369 0.1674 1.9660 -0.4398 -0.0031 0.0261] meas=[0.0031 0.1626 1.9297 -0.3528 -0.0031 0.0276] xyz=360.15,1.10,114.53 track=0.0870
ts=30252.890 cmd_ts=1.062 fb_ts=1.062 leg=F idx=22 cmd=[-0.0404 0.1737 1.9774 -0.4576 -0.0031 0.0261] meas=[0.0015 0.1672 1.9359 -0.3636 -0.0031 0.0276] xyz=360.43,0.55,112.87 track=0.0940
ts=30252.921 cmd_ts=1.093 fb_ts=1.109 leg=F idx=23 cmd=[-0.0440 0.1801 1.9885 -0.4751 -0.0031 0.0261] meas=[-0.0031 0.1764 1.9558 -0.3912 -0.0031 0.0276] xyz=360.27,-1.11,108.37 track=0.0840
ts=30252.968 cmd_ts=1.140 fb_ts=1.140 leg=F idx=24 cmd=[-0.0478 0.1867 1.9993 -0.4925 -0.0031 0.0261] meas=[-0.0077 0.1810 1.9666 -0.4065 -0.0031 0.0276] xyz=360.12,-2.76,106.17 track=0.0860
ts=30253.031 cmd_ts=1.203 fb_ts=1.203 leg=F idx=25 cmd=[-0.0517 0.1934 2.0098 -0.5097 -0.0031 0.0261] meas=[-0.0123 0.1856 1.9696 -0.4188 -0.0031 0.0276] xyz=360.73,-4.43,105.68 track=0.0909
ts=30253.078 cmd_ts=1.250 fb_ts=1.250 leg=F idx=26 cmd=[-0.0557 0.2002 2.0200 -0.5267 -0.0031 0.0261] meas=[-0.0184 0.1948 1.9911 -0.4464 -0.0031 0.0276] xyz=360.15,-6.63,100.83 track=0.0803
ts=30253.140 cmd_ts=1.312 fb_ts=1.312 leg=F idx=27 cmd=[-0.0598 0.2072 2.0299 -0.5435 -0.0031 0.0261] meas=[-0.0230 0.2010 1.9988 -0.4602 -0.0031 0.0276] xyz=360.35,-8.29,98.74 track=0.0833
ts=30253.171 cmd_ts=1.343 fb_ts=1.359 leg=F idx=28 cmd=[-0.0641 0.2142 2.0394 -0.5601 -0.0031 0.0261] meas=[-0.0291 0.2102 2.0095 -0.4832 -0.0031 0.0276] xyz=360.78,-10.52,96.22 track=0.0769
ts=30253.234 cmd_ts=1.406 fb_ts=1.406 leg=F idx=29 cmd=[-0.0685 0.2214 2.0486 -0.5765 -0.0031 0.0261] meas=[-0.0291 0.2148 2.0203 -0.4970 -0.0031 0.0276] xyz=360.40,-10.51,93.85 track=0.0795
ts=30253.281 cmd_ts=1.453 fb_ts=1.453 leg=F idx=30 cmd=[-0.0731 0.2287 2.0574 -0.5926 -0.0031 0.0261] meas=[-0.0307 0.2194 2.0249 -0.5062 -0.0031 0.0276] xyz=360.59,-11.07,92.43 track=0.0864
ts=30253.328 cmd_ts=1.500 fb_ts=1.500 leg=F idx=31 cmd=[-0.0777 0.2361 2.0660 -0.6085 -0.0031 0.0261] meas=[-0.0337 0.2240 2.0325 -0.5185 -0.0031 0.0276] xyz=360.47,-12.17,90.68 track=0.0900
ts=30253.375 cmd_ts=1.547 fb_ts=1.547 leg=F idx=32 cmd=[-0.0825 0.2435 2.0741 -0.6241 -0.0031 0.0261] meas=[-0.0414 0.2378 2.0494 -0.5476 -0.0031 0.0276] xyz=360.53,-14.94,85.89 track=0.0765
ts=30253.437 cmd_ts=1.609 fb_ts=1.609 leg=F idx=33 cmd=[-0.0874 0.2510 2.0820 -0.6395 -0.0031 0.0261] meas=[-0.0460 0.2439 2.0601 -0.5614 -0.0031 0.0276] xyz=360.08,-16.58,83.02 track=0.0781
ts=30253.468 cmd_ts=1.640 fb_ts=1.656 leg=F idx=34 cmd=[-0.0924 0.2586 2.0895 -0.6546 -0.0031 0.0261] meas=[-0.0537 0.2546 2.0709 -0.5829 -0.0031 0.0276] xyz=360.23,-19.36,79.80 track=0.0717
ts=30253.531 cmd_ts=1.703 fb_ts=1.703 leg=F idx=35 cmd=[-0.0975 0.2662 2.0966 -0.6694 -0.0031 0.0261] meas=[-0.0568 0.2608 2.0755 -0.5952 -0.0031 0.0276] xyz=360.52,-20.48,78.38 track=0.0742
ts=30253.578 cmd_ts=1.750 fb_ts=1.750 leg=F idx=36 cmd=[-0.1027 0.2739 2.1035 -0.6838 -0.0031 0.0261] meas=[-0.0583 0.2654 2.0785 -0.6044 -0.0031 0.0276] xyz=360.80,-21.06,77.43 track=0.0794
ts=30253.640 cmd_ts=1.812 fb_ts=1.812 leg=F idx=37 cmd=[-0.1080 0.2816 2.1099 -0.6980 -0.0031 0.0261] meas=[-0.0629 0.2777 2.0923 -0.6289 -0.0031 0.0276] xyz=360.67,-22.71,73.38 track=0.0691
ts=30253.671 cmd_ts=1.843 fb_ts=1.843 leg=F idx=38 cmd=[-0.1135 0.2893 2.1160 -0.7118 -0.0031 0.0261] meas=[-0.0675 0.2838 2.1000 -0.6412 -0.0031 0.0276] xyz=360.40,-24.36,71.16 track=0.0706
ts=30253.734 cmd_ts=1.906 fb_ts=1.906 leg=F idx=39 cmd=[-0.1190 0.2971 2.1218 -0.7253 -0.0031 0.0261] meas=[-0.0721 0.2884 2.1016 -0.6489 -0.0031 0.0276] xyz=360.71,-26.05,70.37 track=0.0765
ts=30253.781 cmd_ts=1.953 fb_ts=1.953 leg=F idx=40 cmd=[-0.1247 0.3048 2.1272 -0.7385 -0.0031 0.0261] meas=[-0.0813 0.2976 2.1123 -0.6734 -0.0031 0.0276] xyz=360.53,-29.38,68.30 track=0.0651
ts=30253.828 cmd_ts=2.000 fb_ts=2.000 leg=F idx=41 cmd=[-0.1304 0.3126 2.1322 -0.7513 -0.0031 0.0261] meas=[-0.0874 0.3037 2.1169 -0.6857 -0.0031 0.0276] xyz=360.58,-31.61,66.92 track=0.0656
ts=30253.875 cmd_ts=2.047 fb_ts=2.047 leg=F idx=42 cmd=[-0.1362 0.3203 2.1369 -0.7637 -0.0031 0.0261] meas=[-0.0920 0.3099 2.1200 -0.6934 -0.0031 0.0276] xyz=360.69,-33.29,65.17 track=0.0703
ts=30253.937 cmd_ts=2.109 fb_ts=2.109 leg=F idx=43 cmd=[-0.1421 0.3280 2.1412 -0.7757 -0.0031 0.0261] meas=[-0.0997 0.3206 2.1307 -0.7148 -0.0031 0.0276] xyz=360.37,-36.05,62.08 track=0.0609
ts=30253.984 cmd_ts=2.156 fb_ts=2.156 leg=F idx=44 cmd=[-0.1482 0.3357 2.1452 -0.7874 -0.0031 0.0261] meas=[-0.1058 0.3283 2.1322 -0.7271 -0.0031 0.0276] xyz=360.89,-38.34,60.95 track=0.0603
ts=30254.015 cmd_ts=2.187 fb_ts=2.187 leg=F idx=45 cmd=[-0.1542 0.3433 2.1488 -0.7986 -0.0031 0.0261] meas=[-0.1089 0.3329 2.1368 -0.7348 -0.0031 0.0276] xyz=360.65,-39.44,59.38 track=0.0638
ts=30254.093 cmd_ts=2.265 fb_ts=2.265 leg=F idx=46 cmd=[-0.1604 0.3508 2.1521 -0.8094 -0.0031 0.0261] meas=[-0.1181 0.3436 2.1430 -0.7547 -0.0031 0.0276] xyz=360.77,-42.81,57.24 track=0.0547
ts=30254.125 cmd_ts=2.297 fb_ts=2.297 leg=F idx=47 cmd=[-0.1667 0.3584 2.1550 -0.8199 -0.0031 0.0261] meas=[-0.1227 0.3513 2.1476 -0.7639 -0.0031 0.0276] xyz=360.66,-44.48,54.82 track=0.0559
ts=30254.171 cmd_ts=2.343 fb_ts=2.343 leg=F idx=48 cmd=[-0.1730 0.3658 2.1576 -0.8298 -0.0031 0.0261] meas=[-0.1289 0.3543 2.1491 -0.7701 -0.0031 0.0276] xyz=360.56,-46.72,54.34 track=0.0598
ts=30254.234 cmd_ts=2.406 fb_ts=2.406 leg=F idx=49 cmd=[-0.1794 0.3731 2.1598 -0.8394 -0.0031 0.0261] meas=[-0.1365 0.3666 2.1506 -0.7900 -0.0031 0.0276] xyz=361.40,-49.65,52.82 track=0.0494
ts=30254.281 cmd_ts=2.453 fb_ts=2.453 leg=F idx=50 cmd=[-0.1859 0.3804 2.1616 -0.8485 -0.0031 0.0261] meas=[-0.1411 0.3743 2.1583 -0.7992 -0.0031 0.0276] xyz=360.73,-51.25,49.64 track=0.0493
ts=30254.328 cmd_ts=2.500 fb_ts=2.500 leg=F idx=51 cmd=[-0.1924 0.3876 2.1631 -0.8571 -0.0031 0.0261] meas=[-0.1442 0.3804 2.1583 -0.8023 -0.0031 0.0276] xyz=360.99,-52.42,47.92 track=0.0549
ts=30254.375 cmd_ts=2.547 fb_ts=2.547 leg=F idx=52 cmd=[-0.1990 0.3946 2.1642 -0.8653 -0.0031 0.0261] meas=[-0.1503 0.3912 2.1614 -0.8191 -0.0031 0.0276] xyz=361.37,-54.74,46.05 track=0.0487
ts=30254.437 cmd_ts=2.609 fb_ts=2.609 leg=F idx=53 cmd=[-0.2056 0.4016 2.1650 -0.8731 -0.0031 0.0261] meas=[-0.1549 0.3927 2.1644 -0.8237 -0.0031 0.0276] xyz=360.88,-56.36,45.51 track=0.0507
ts=30254.468 cmd_ts=2.640 fb_ts=2.656 leg=F idx=54 cmd=[-0.2123 0.4084 2.1654 -0.8804 -0.0031 0.0261] meas=[-0.1657 0.4050 2.1660 -0.8406 -0.0031 0.0276] xyz=361.23,-60.40,43.46 track=0.0467
ts=30254.531 cmd_ts=2.703 fb_ts=2.703 leg=F idx=55 cmd=[-0.2191 0.4151 2.1655 -0.8872 -0.0031 0.0261] meas=[-0.1718 0.4126 2.1675 -0.8468 -0.0031 0.0276] xyz=361.17,-62.67,41.30 track=0.0473
ts=30254.578 cmd_ts=2.750 fb_ts=2.750 leg=F idx=56 cmd=[-0.2259 0.4217 2.1653 -0.8935 -0.0031 0.0261] meas=[-0.1764 0.4188 2.1690 -0.8498 -0.0031 0.0276] xyz=361.00,-64.35,39.19 track=0.0495
ts=30254.625 cmd_ts=2.797 fb_ts=2.812 leg=F idx=57 cmd=[-0.2327 0.4281 2.1647 -0.8993 -0.0031 0.0261] meas=[-0.1871 0.4295 2.1690 -0.8636 -0.0031 0.0276] xyz=361.26,-68.41,37.55 track=0.0456
ts=30254.671 cmd_ts=2.843 fb_ts=2.843 leg=F idx=58 cmd=[-0.2396 0.4344 2.1638 -0.9047 -0.0031 0.0261] meas=[-0.1917 0.4326 2.1690 -0.8698 -0.0031 0.0276] xyz=361.31,-70.14,37.45 track=0.0479
ts=30254.734 cmd_ts=2.906 fb_ts=2.906 leg=F idx=59 cmd=[-0.2465 0.4406 2.1625 -0.9095 -0.0031 0.0261] meas=[-0.1963 0.4387 2.1690 -0.8728 -0.0031 0.0276] xyz=361.32,-71.87,35.71 track=0.0502
ts=30254.781 cmd_ts=2.953 fb_ts=2.953 leg=F idx=60 cmd=[-0.2535 0.4466 2.1609 -0.9139 -0.0031 0.0261] meas=[-0.2071 0.4464 2.1690 -0.8836 -0.0031 0.0276] xyz=361.23,-75.89,34.67 track=0.0464
ts=30254.828 cmd_ts=3.000 fb_ts=3.000 leg=F idx=61 cmd=[-0.2605 0.4524 2.1590 -0.9178 -0.0031 0.0261] meas=[-0.2132 0.4525 2.1690 -0.8897 -0.0031 0.0276] xyz=361.21,-78.21,33.43 track=0.0472
ts=30254.875 cmd_ts=3.047 fb_ts=3.047 leg=F idx=62 cmd=[-0.2675 0.4581 2.1567 -0.9213 -0.0031 0.0261] meas=[-0.2178 0.4556 2.1690 -0.8912 -0.0031 0.0276] xyz=361.00,-79.90,32.55 track=0.0497
ts=30254.937 cmd_ts=3.109 fb_ts=3.109 leg=F idx=63 cmd=[-0.2745 0.4636 2.1541 -0.9242 -0.0031 0.0261] meas=[-0.2286 0.4633 2.1690 -0.8974 -0.0031 0.0276] xyz=360.61,-83.89,30.74 track=0.0459
ts=30254.968 cmd_ts=3.140 fb_ts=3.140 leg=F idx=64 cmd=[-0.2815 0.4689 2.1512 -0.9266 -0.0031 0.0261] meas=[-0.2347 0.4694 2.1690 -0.9004 -0.0031 0.0276] xyz=360.39,-86.17,28.98 track=0.0468
ts=30255.031 cmd_ts=3.203 fb_ts=3.203 leg=F idx=65 cmd=[-0.2886 0.4741 2.1480 -0.9286 -0.0031 0.0261] meas=[-0.2393 0.4725 2.1690 -0.9035 -0.0031 0.0276] xyz=360.20,-87.88,28.36 track=0.0493
ts=30255.078 cmd_ts=3.250 fb_ts=3.250 leg=F idx=66 cmd=[-0.2957 0.4791 2.1445 -0.9300 -0.0031 0.0261] meas=[-0.2500 0.4832 2.1690 -0.9097 -0.0031 0.0276] xyz=359.77,-91.88,25.40 track=0.0456
ts=30255.140 cmd_ts=3.312 fb_ts=3.312 leg=F idx=67 cmd=[-0.3027 0.4839 2.1407 -0.9310 -0.0031 0.0261] meas=[-0.2546 0.4847 2.1690 -0.9097 -0.0031 0.0276] xyz=359.38,-93.54,24.83 track=0.0481
ts=30255.171 cmd_ts=3.343 fb_ts=3.359 leg=F idx=68 cmd=[-0.3098 0.4886 2.1365 -0.9316 -0.0031 0.0261] meas=[-0.2654 0.4939 2.1690 -0.9097 -0.0031 0.0276] xyz=358.56,-97.45,21.41 track=0.0444
ts=30255.234 cmd_ts=3.406 fb_ts=3.406 leg=F idx=69 cmd=[-0.3169 0.4930 2.1321 -0.9316 -0.0031 0.0261] meas=[-0.2700 0.4970 2.1690 -0.9127 -0.0031 0.0276] xyz=358.30,-99.16,20.78 track=0.0469
ts=30255.265 cmd_ts=3.437 fb_ts=3.437 leg=F idx=70 cmd=[-0.3240 0.4973 2.1273 -0.9312 -0.0031 0.0261] meas=[-0.2746 0.4985 2.1690 -0.9127 -0.0031 0.0276] xyz=357.87,-100.81,20.21 track=0.0494
ts=30255.343 cmd_ts=3.515 fb_ts=3.515 leg=F idx=71 cmd=[-0.3310 0.5015 2.1223 -0.9303 -0.0031 0.0261] meas=[-0.2807 0.4985 2.1690 -0.9127 -0.0031 0.0276] xyz=357.25,-103.01,20.21 track=0.0503
ts=30255.375 cmd_ts=3.547 fb_ts=3.593 leg=F idx=72 cmd=[-0.3381 0.5054 2.1170 -0.9289 -0.0031 0.0261] meas=[-0.2899 0.5108 2.1675 -0.9173 -0.0031 0.0276] xyz=356.96,-106.49,16.76 track=0.0505
ts=30255.437 cmd_ts=3.609 fb_ts=3.625 leg=F idx=73 cmd=[-0.3451 0.5092 2.1114 -0.9271 -0.0031 0.0261] meas=[-0.3022 0.5200 2.1629 -0.9173 -0.0031 0.0276] xyz=356.53,-111.15,14.39 track=0.0515
ts=30255.468 cmd_ts=3.640 fb_ts=3.656 leg=F idx=74 cmd=[-0.3521 0.5128 2.1055 -0.9248 -0.0031 0.0261] meas=[-0.3068 0.5200 2.1614 -0.9173 -0.0031 0.0276] xyz=356.27,-112.87,14.74 track=0.0559
ts=30255.531 cmd_ts=3.703 fb_ts=3.703 leg=F idx=75 cmd=[-0.3591 0.5162 2.0994 -0.9221 -0.0031 0.0261] meas=[-0.3114 0.5200 2.1552 -0.9173 -0.0031 0.0276] xyz=356.77,-114.83,16.15 track=0.0559
ts=30255.578 cmd_ts=3.750 fb_ts=3.750 leg=F idx=76 cmd=[-0.3661 0.5195 2.0929 -0.9189 -0.0031 0.0261] meas=[-0.3160 0.5200 2.1491 -0.9173 -0.0031 0.0276] xyz=357.25,-116.81,17.58 track=0.0562
ts=30255.625 cmd_ts=3.797 fb_ts=3.812 leg=F idx=77 cmd=[-0.3730 0.5226 2.0863 -0.9153 -0.0031 0.0261] meas=[-0.3252 0.5323 2.1384 -0.9189 -0.0031 0.0276] xyz=358.18,-120.77,15.70 track=0.0521
ts=30255.671 cmd_ts=3.843 fb_ts=3.843 leg=F idx=78 cmd=[-0.3800 0.5255 2.0793 -0.9113 -0.0031 0.0261] meas=[-0.3313 0.5369 2.1338 -0.9189 -0.0031 0.0276] xyz=358.26,-123.25,15.02 track=0.0545
ts=30255.734 cmd_ts=3.906 fb_ts=3.906 leg=F idx=79 cmd=[-0.3868 0.5283 2.0721 -0.9069 -0.0031 0.0261] meas=[-0.3359 0.5384 2.1338 -0.9189 -0.0031 0.0276] xyz=357.71,-124.90,14.44 track=0.0617
ts=30255.781 cmd_ts=3.953 fb_ts=3.953 leg=F idx=80 cmd=[-0.3937 0.5309 2.0646 -0.9020 -0.0031 0.0261] meas=[-0.3467 0.5446 2.1230 -0.9189 -0.0031 0.0276] xyz=358.18,-129.40,14.60 track=0.0584
ts=30255.828 cmd_ts=4.000 fb_ts=4.000 leg=F idx=81 cmd=[-0.4005 0.5334 2.0569 -0.8968 -0.0031 0.0261] meas=[-0.3528 0.5492 2.1154 -0.9173 -0.0031 0.0276] xyz=358.61,-132.05,14.38 track=0.0585
ts=30255.875 cmd_ts=4.047 fb_ts=4.047 leg=F idx=82 cmd=[-0.4073 0.5357 2.0489 -0.8911 -0.0031 0.0261] meas=[-0.3574 0.5522 2.1108 -0.9173 -0.0031 0.0276] xyz=358.78,-133.99,14.28 track=0.0618
ts=30255.937 cmd_ts=4.109 fb_ts=4.109 leg=F idx=83 cmd=[-0.4140 0.5378 2.0407 -0.8850 -0.0031 0.0261] meas=[-0.3682 0.5522 2.1000 -0.9066 -0.0031 0.0276] xyz=358.61,-138.33,15.00 track=0.0593
ts=30255.968 cmd_ts=4.140 fb_ts=4.140 leg=F idx=84 cmd=[-0.4207 0.5399 2.0322 -0.8786 -0.0031 0.0261] meas=[-0.3728 0.5522 2.0954 -0.9020 -0.0031 0.0276] xyz=358.51,-140.19,15.31 track=0.0632
ts=30256.031 cmd_ts=4.203 fb_ts=4.203 leg=F idx=85 cmd=[-0.4273 0.5417 2.0235 -0.8718 -0.0031 0.0261] meas=[-0.3789 0.5522 2.0923 -0.8989 -0.0031 0.0276] xyz=358.01,-142.53,15.52 track=0.0688
ts=30256.078 cmd_ts=4.250 fb_ts=4.250 leg=F idx=86 cmd=[-0.4339 0.5435 2.0146 -0.8646 -0.0031 0.0261] meas=[-0.3896 0.5553 2.0770 -0.8897 -0.0031 0.0276] xyz=358.54,-147.23,16.43 track=0.0624
ts=30256.125 cmd_ts=4.297 fb_ts=4.297 leg=F idx=87 cmd=[-0.4404 0.5451 2.0054 -0.8570 -0.0031 0.0261] meas=[-0.3942 0.5614 2.0693 -0.8851 -0.0031 0.0276] xyz=358.96,-149.33,15.10 track=0.0639
ts=30256.187 cmd_ts=4.359 fb_ts=4.359 leg=F idx=88 cmd=[-0.4468 0.5465 1.9960 -0.8491 -0.0031 0.0261] meas=[-0.4034 0.5660 2.0617 -0.8759 -0.0031 0.0276] xyz=358.46,-153.01,13.60 track=0.0656
ts=30256.234 cmd_ts=4.406 fb_ts=4.406 leg=F idx=89 cmd=[-0.4532 0.5479 1.9864 -0.8408 -0.0031 0.0261] meas=[-0.4065 0.5691 2.0540 -0.8698 -0.0031 0.0276] xyz=358.98,-154.53,13.20 track=0.0676
ts=30256.265 cmd_ts=4.437 fb_ts=4.437 leg=F idx=90 cmd=[-0.4596 0.5491 1.9766 -0.8322 -0.0031 0.0261] meas=[-0.4111 0.5706 2.0509 -0.8698 -0.0031 0.0276] xyz=358.76,-156.40,13.33 track=0.0743
ts=30256.343 cmd_ts=4.515 fb_ts=4.515 leg=F idx=91 cmd=[-0.4658 0.5502 1.9665 -0.8232 -0.0031 0.0261] meas=[-0.4157 0.5706 2.0448 -0.8636 -0.0031 0.0276] xyz=358.74,-158.36,13.77 track=0.0783
ts=30256.375 cmd_ts=4.547 fb_ts=4.547 leg=F idx=92 cmd=[-0.4721 0.5512 1.9563 -0.8140 -0.0031 0.0261] meas=[-0.4280 0.5706 2.0279 -0.8483 -0.0031 0.0276] xyz=358.74,-163.65,15.27 track=0.0717
ts=30256.421 cmd_ts=4.593 fb_ts=4.593 leg=F idx=93 cmd=[-0.4782 0.5521 1.9458 -0.8044 -0.0031 0.0261] meas=[-0.4341 0.5706 2.0187 -0.8406 -0.0031 0.0276] xyz=358.82,-166.35,16.22 track=0.0729
ts=30256.484 cmd_ts=4.656 fb_ts=4.656 leg=F idx=94 cmd=[-0.4843 0.5529 1.9351 -0.7944 -0.0031 0.0261] meas=[-0.4433 0.5706 2.0064 -0.8299 -0.0031 0.0276] xyz=358.69,-170.32,17.41 track=0.0714
ts=30256.531 cmd_ts=4.703 fb_ts=4.703 leg=F idx=95 cmd=[-0.4903 0.5536 1.9242 -0.7842 -0.0031 0.0261] meas=[-0.4479 0.5706 1.9972 -0.8222 -0.0031 0.0276] xyz=358.97,-172.48,18.39 track=0.0731
ts=30256.578 cmd_ts=4.750 fb_ts=4.750 leg=F idx=96 cmd=[-0.4962 0.5542 1.9131 -0.7737 -0.0031 0.0261] meas=[-0.4510 0.5706 1.9911 -0.8176 -0.0031 0.0276] xyz=359.17,-173.94,19.13 track=0.0781
ts=30256.625 cmd_ts=4.797 fb_ts=4.797 leg=F idx=97 cmd=[-0.5021 0.5547 1.9017 -0.7629 -0.0031 0.0261] meas=[-0.4602 0.5706 1.9758 -0.8007 -0.0031 0.0276] xyz=359.15,-178.03,20.10 track=0.0740
ts=30256.687 cmd_ts=4.859 fb_ts=4.859 leg=F idx=98 cmd=[-0.5079 0.5551 1.8902 -0.7518 -0.0031 0.0261] meas=[-0.4663 0.5706 1.9650 -0.7931 -0.0031 0.0276] xyz=359.31,-180.86,21.49 track=0.0748

===== MAIN ARC: reverse leg (100 .. 0) =====
ts=30258.828 cmd_ts=0.000 fb_ts=0.000 leg=R idx=0 cmd=[-0.5079 0.5551 1.8902 -0.7518 -0.0031 0.0261] meas=[-0.4878 0.5814 1.9251 -0.7532 -0.0031 0.0276] xyz=359.68,-190.84,20.49 track=0.0349
ts=30258.828 cmd_ts=0.000 fb_ts=0.000 leg=R idx=1 cmd=[-0.5021 0.5547 1.9017 -0.7629 -0.0031 0.0261] meas=[-0.4878 0.5814 1.9251 -0.7532 -0.0031 0.0276] xyz=359.68,-190.84,20.49 track=0.0267
ts=30258.890 cmd_ts=0.062 fb_ts=0.062 leg=R idx=2 cmd=[-0.4962 0.5542 1.9131 -0.7737 -0.0031 0.0261] meas=[-0.4878 0.5814 1.9251 -0.7532 -0.0031 0.0276] xyz=359.68,-190.84,20.49 track=0.0272
ts=30258.921 cmd_ts=0.093 fb_ts=0.093 leg=R idx=3 cmd=[-0.4903 0.5536 1.9242 -0.7842 -0.0031 0.0261] meas=[-0.4878 0.5814 1.9251 -0.7532 -0.0031 0.0276] xyz=359.68,-190.84,20.49 track=0.0310
ts=30258.984 cmd_ts=0.156 fb_ts=0.156 leg=R idx=4 cmd=[-0.4843 0.5529 1.9351 -0.7944 -0.0031 0.0261] meas=[-0.4878 0.5814 1.9251 -0.7532 -0.0031 0.0276] xyz=359.68,-190.84,20.49 track=0.0413
ts=30259.031 cmd_ts=0.203 fb_ts=0.203 leg=R idx=5 cmd=[-0.4782 0.5521 1.9458 -0.8044 -0.0031 0.0261] meas=[-0.4878 0.5814 1.9251 -0.7532 -0.0031 0.0276] xyz=359.68,-190.84,20.49 track=0.0512
ts=30259.078 cmd_ts=0.250 fb_ts=0.250 leg=R idx=6 cmd=[-0.4721 0.5512 1.9563 -0.8140 -0.0031 0.0261] meas=[-0.4878 0.5814 1.9251 -0.7532 -0.0031 0.0276] xyz=359.68,-190.84,20.49 track=0.0608
ts=30259.125 cmd_ts=0.297 fb_ts=0.297 leg=R idx=7 cmd=[-0.4658 0.5502 1.9665 -0.8232 -0.0031 0.0261] meas=[-0.4878 0.5814 1.9251 -0.7532 -0.0031 0.0276] xyz=359.68,-190.84,20.49 track=0.0700
ts=30259.171 cmd_ts=0.343 fb_ts=0.343 leg=R idx=8 cmd=[-0.4596 0.5491 1.9766 -0.8322 -0.0031 0.0261] meas=[-0.4878 0.5814 1.9251 -0.7532 -0.0031 0.0276] xyz=359.68,-190.84,20.49 track=0.0790
ts=30259.234 cmd_ts=0.406 fb_ts=0.406 leg=R idx=9 cmd=[-0.4532 0.5479 1.9864 -0.8408 -0.0031 0.0261] meas=[-0.4878 0.5814 1.9251 -0.7532 -0.0031 0.0276] xyz=359.68,-190.84,20.49 track=0.0876
ts=30259.281 cmd_ts=0.453 fb_ts=0.453 leg=R idx=10 cmd=[-0.4468 0.5465 1.9960 -0.8491 -0.0031 0.0261] meas=[-0.4878 0.5814 1.9251 -0.7532 -0.0031 0.0276] xyz=359.68,-190.84,20.49 track=0.0959
ts=30259.328 cmd_ts=0.500 fb_ts=0.500 leg=R idx=11 cmd=[-0.4404 0.5451 2.0054 -0.8570 -0.0031 0.0261] meas=[-0.4878 0.5814 1.9251 -0.7532 -0.0031 0.0276] xyz=359.68,-190.84,20.49 track=0.1038
ts=30259.375 cmd_ts=0.547 fb_ts=0.547 leg=R idx=12 cmd=[-0.4339 0.5435 2.0146 -0.8646 -0.0031 0.0261] meas=[-0.4878 0.5814 1.9251 -0.7532 -0.0031 0.0276] xyz=359.68,-190.84,20.49 track=0.1114
ts=30259.437 cmd_ts=0.609 fb_ts=0.609 leg=R idx=13 cmd=[-0.4273 0.5417 2.0235 -0.8718 -0.0031 0.0261] meas=[-0.4878 0.5814 1.9251 -0.7532 -0.0031 0.0276] xyz=359.68,-190.84,20.49 track=0.1186
ts=30259.468 cmd_ts=0.640 fb_ts=0.640 leg=R idx=14 cmd=[-0.4207 0.5399 2.0322 -0.8786 -0.0031 0.0261] meas=[-0.4878 0.5814 1.9251 -0.7532 -0.0031 0.0276] xyz=359.68,-190.84,20.49 track=0.1254
ts=30259.531 cmd_ts=0.703 fb_ts=0.703 leg=R idx=15 cmd=[-0.4140 0.5378 2.0407 -0.8850 -0.0031 0.0261] meas=[-0.4878 0.5814 1.9390 -0.7762 -0.0031 0.0276] xyz=358.62,-190.27,20.85 track=0.1088
ts=30259.578 cmd_ts=0.750 fb_ts=0.750 leg=R idx=16 cmd=[-0.4073 0.5357 2.0489 -0.8911 -0.0031 0.0261] meas=[-0.4847 0.5814 1.9666 -0.8023 -0.0031 0.0276] xyz=356.24,-187.61,18.32 track=0.0888
ts=30259.640 cmd_ts=0.812 fb_ts=0.812 leg=R idx=17 cmd=[-0.4005 0.5334 2.0569 -0.8968 -0.0031 0.0261] meas=[-0.4801 0.5814 1.9773 -0.8161 -0.0031 0.0276] xyz=356.07,-185.44,17.97 track=0.0807
ts=30259.671 cmd_ts=0.843 fb_ts=0.843 leg=R idx=18 cmd=[-0.3937 0.5309 2.0646 -0.9020 -0.0031 0.0261] meas=[-0.4648 0.5814 1.9972 -0.8330 -0.0031 0.0276] xyz=356.59,-178.81,15.90 track=0.0711
ts=30259.734 cmd_ts=0.906 fb_ts=0.906 leg=R idx=19 cmd=[-0.3868 0.5283 2.0721 -0.9069 -0.0031 0.0261] meas=[-0.4510 0.5814 2.0172 -0.8498 -0.0031 0.0276] xyz=356.70,-172.74,13.87 track=0.0641
ts=30259.781 cmd_ts=0.953 fb_ts=0.953 leg=R idx=20 cmd=[-0.3800 0.5255 2.0793 -0.9113 -0.0031 0.0261] meas=[-0.4418 0.5814 2.0325 -0.8606 -0.0031 0.0276] xyz=356.37,-168.55,11.98 track=0.0618
ts=30259.828 cmd_ts=1.000 fb_ts=1.000 leg=R idx=21 cmd=[-0.3730 0.5226 2.0863 -0.9153 -0.0031 0.0261] meas=[-0.4264 0.5814 2.0509 -0.8774 -0.0031 0.0276] xyz=356.74,-162.08,10.40 track=0.0588
ts=30259.875 cmd_ts=1.047 fb_ts=1.047 leg=R idx=22 cmd=[-0.3661 0.5195 2.0929 -0.9189 -0.0031 0.0261] meas=[-0.4080 0.5814 2.0647 -0.8851 -0.0031 0.0276] xyz=357.81,-154.68,8.42 track=0.0619
ts=30259.921 cmd_ts=1.093 fb_ts=1.109 leg=R idx=23 cmd=[-0.3591 0.5162 2.0994 -0.9221 -0.0031 0.0261] meas=[-0.3988 0.5814 2.0801 -0.8958 -0.0031 0.0276] xyz=357.22,-150.54,6.62 track=0.0651
ts=30259.968 cmd_ts=1.140 fb_ts=1.140 leg=R idx=24 cmd=[-0.3521 0.5128 2.1055 -0.9248 -0.0031 0.0261] meas=[-0.3927 0.5814 2.0847 -0.9004 -0.0031 0.0276] xyz=357.59,-148.12,6.31 track=0.0686
ts=30260.031 cmd_ts=1.203 fb_ts=1.203 leg=R idx=25 cmd=[-0.3451 0.5092 2.1114 -0.9271 -0.0031 0.0261] meas=[-0.3896 0.5814 2.0877 -0.9004 -0.0031 0.0276] xyz=357.54,-146.82,5.60 track=0.0722
ts=30260.078 cmd_ts=1.250 fb_ts=1.250 leg=R idx=26 cmd=[-0.3381 0.5054 2.1170 -0.9289 -0.0031 0.0261] meas=[-0.3804 0.5814 2.1016 -0.9066 -0.0031 0.0276] xyz=356.88,-142.72,3.44 track=0.0760
ts=30260.140 cmd_ts=1.312 fb_ts=1.312 leg=R idx=27 cmd=[-0.3310 0.5015 2.1223 -0.9303 -0.0031 0.0261] meas=[-0.3758 0.5814 2.1046 -0.9097 -0.0031 0.0276] xyz=357.17,-140.93,3.24 track=0.0799
ts=30260.171 cmd_ts=1.343 fb_ts=1.359 leg=R idx=28 cmd=[-0.3240 0.4973 2.1273 -0.9312 -0.0031 0.0261] meas=[-0.3636 0.5798 2.1123 -0.9097 -0.0031 0.0276] xyz=357.58,-136.05,2.08 track=0.0825
ts=30260.234 cmd_ts=1.406 fb_ts=1.406 leg=R idx=29 cmd=[-0.3169 0.4930 2.1321 -0.9316 -0.0031 0.0261] meas=[-0.3590 0.5798 2.1169 -0.9127 -0.0031 0.0276] xyz=357.57,-134.16,1.54 track=0.0868
ts=30260.281 cmd_ts=1.453 fb_ts=1.453 leg=R idx=30 cmd=[-0.3098 0.4886 2.1365 -0.9316 -0.0031 0.0261] meas=[-0.3543 0.5798 2.1184 -0.9127 -0.0031 0.0276] xyz=357.93,-132.42,1.19 track=0.0913
ts=30260.328 cmd_ts=1.500 fb_ts=1.500 leg=R idx=31 cmd=[-0.3027 0.4839 2.1407 -0.9310 -0.0031 0.0261] meas=[-0.3482 0.5798 2.1230 -0.9143 -0.0031 0.0276] xyz=358.02,-129.96,0.40 track=0.0959
ts=30260.375 cmd_ts=1.547 fb_ts=1.547 leg=R idx=32 cmd=[-0.2957 0.4791 2.1445 -0.9300 -0.0031 0.0261] meas=[-0.3375 0.5783 2.1307 -0.9173 -0.0031 0.0276] xyz=358.23,-125.70,-0.24 track=0.0992
ts=30260.421 cmd_ts=1.593 fb_ts=1.593 leg=R idx=33 cmd=[-0.2886 0.4741 2.1480 -0.9286 -0.0031 0.0261] meas=[-0.3298 0.5783 2.1368 -0.9173 -0.0031 0.0276] xyz=358.12,-122.59,-1.62 track=0.1042
ts=30260.484 cmd_ts=1.656 fb_ts=1.656 leg=R idx=34 cmd=[-0.2815 0.4689 2.1512 -0.9266 -0.0031 0.0261] meas=[-0.3191 0.5752 2.1399 -0.9173 -0.0031 0.0276] xyz=358.88,-118.56,-1.14 track=0.1063
ts=30260.531 cmd_ts=1.703 fb_ts=1.703 leg=R idx=35 cmd=[-0.2745 0.4636 2.1541 -0.9242 -0.0031 0.0261] meas=[-0.3160 0.5737 2.1430 -0.9173 -0.0031 0.0276] xyz=358.71,-117.28,-1.25 track=0.1101
ts=30260.578 cmd_ts=1.750 fb_ts=1.750 leg=R idx=36 cmd=[-0.2675 0.4581 2.1567 -0.9213 -0.0031 0.0261] meas=[-0.3114 0.5722 2.1445 -0.9173 -0.0031 0.0276] xyz=358.98,-115.55,-1.02 track=0.1141
ts=30260.625 cmd_ts=1.797 fb_ts=1.797 leg=R idx=37 cmd=[-0.2605 0.4524 2.1590 -0.9178 -0.0031 0.0261] meas=[-0.3022 0.5630 2.1506 -0.9173 -0.0031 0.0276] xyz=358.95,-111.90,1.08 track=0.1106
ts=30260.687 cmd_ts=1.859 fb_ts=1.859 leg=R idx=38 cmd=[-0.2535 0.4466 2.1609 -0.9139 -0.0031 0.0261] meas=[-0.2961 0.5568 2.1552 -0.9173 -0.0031 0.0276] xyz=358.82,-109.45,2.35 track=0.1103
ts=30260.718 cmd_ts=1.890 fb_ts=1.922 leg=R idx=39 cmd=[-0.2465 0.4406 2.1625 -0.9095 -0.0031 0.0261] meas=[-0.2853 0.5492 2.1568 -0.9173 -0.0031 0.0276] xyz=359.68,-105.50,4.88 track=0.1086
ts=30260.765 cmd_ts=1.937 fb_ts=1.953 leg=R idx=40 cmd=[-0.2396 0.4344 2.1638 -0.9047 -0.0031 0.0261] meas=[-0.2823 0.5446 2.1568 -0.9173 -0.0031 0.0276] xyz=359.98,-104.39,6.60 track=0.1101
ts=30260.828 cmd_ts=2.000 fb_ts=2.000 leg=R idx=41 cmd=[-0.2327 0.4281 2.1647 -0.8993 -0.0031 0.0261] meas=[-0.2792 0.5430 2.1583 -0.9173 -0.0031 0.0276] xyz=360.02,-103.21,6.83 track=0.1149
ts=30260.875 cmd_ts=2.047 fb_ts=2.047 leg=R idx=42 cmd=[-0.2259 0.4217 2.1653 -0.8935 -0.0031 0.0261] meas=[-0.2730 0.5384 2.1614 -0.9173 -0.0031 0.0276] xyz=360.08,-100.84,7.86 track=0.1167
ts=30260.921 cmd_ts=2.093 fb_ts=2.093 leg=R idx=43 cmd=[-0.2191 0.4151 2.1655 -0.8872 -0.0031 0.0261] meas=[-0.2623 0.5292 2.1660 -0.9097 -0.0031 0.0276] xyz=359.90,-96.63,8.99 track=0.1141
ts=30260.984 cmd_ts=2.156 fb_ts=2.156 leg=R idx=44 cmd=[-0.2123 0.4084 2.1654 -0.8804 -0.0031 0.0261] meas=[-0.2562 0.5216 2.1660 -0.9050 -0.0031 0.0276] xyz=360.19,-94.34,11.08 track=0.1131
ts=30261.031 cmd_ts=2.203 fb_ts=2.203 leg=R idx=45 cmd=[-0.2056 0.4016 2.1650 -0.8731 -0.0031 0.0261] meas=[-0.2454 0.5123 2.1660 -0.8974 -0.0031 0.0276] xyz=360.70,-90.35,13.24 track=0.1108
ts=30261.078 cmd_ts=2.250 fb_ts=2.250 leg=R idx=46 cmd=[-0.1990 0.3946 2.1642 -0.8653 -0.0031 0.0261] meas=[-0.2408 0.5077 2.1660 -0.8928 -0.0031 0.0276] xyz=360.84,-88.62,14.19 track=0.1131
ts=30261.140 cmd_ts=2.312 fb_ts=2.312 leg=R idx=47 cmd=[-0.1924 0.3876 2.1631 -0.8571 -0.0031 0.0261] meas=[-0.2378 0.5062 2.1660 -0.8912 -0.0031 0.0276] xyz=361.01,-87.49,14.51 track=0.1186
ts=30261.171 cmd_ts=2.343 fb_ts=2.359 leg=R idx=48 cmd=[-0.1859 0.3804 2.1616 -0.8485 -0.0031 0.0261] meas=[-0.2301 0.4970 2.1660 -0.8790 -0.0031 0.0276] xyz=360.94,-84.55,15.90 track=0.1166
ts=30261.218 cmd_ts=2.390 fb_ts=2.390 leg=R idx=49 cmd=[-0.1794 0.3731 2.1598 -0.8394 -0.0031 0.0261] meas=[-0.2240 0.4909 2.1660 -0.8728 -0.0031 0.0276] xyz=361.06,-82.24,17.16 track=0.1177
ts=30261.281 cmd_ts=2.453 fb_ts=2.453 leg=R idx=50 cmd=[-0.1730 0.3658 2.1576 -0.8298 -0.0031 0.0261] meas=[-0.2194 0.4847 2.1660 -0.8698 -0.0031 0.0276] xyz=361.18,-80.52,18.93 track=0.1190
ts=30261.328 cmd_ts=2.500 fb_ts=2.500 leg=R idx=51 cmd=[-0.1667 0.3584 2.1550 -0.8199 -0.0031 0.0261] meas=[-0.2086 0.4725 2.1660 -0.8544 -0.0031 0.0276] xyz=361.04,-76.43,20.93 track=0.1141
ts=30261.390 cmd_ts=2.562 fb_ts=2.562 leg=R idx=52 cmd=[-0.1604 0.3508 2.1521 -0.8094 -0.0031 0.0261] meas=[-0.2040 0.4663 2.1660 -0.8483 -0.0031 0.0276] xyz=360.96,-74.68,22.18 track=0.1155
ts=30261.421 cmd_ts=2.593 fb_ts=2.609 leg=R idx=53 cmd=[-0.1542 0.3433 2.1488 -0.7986 -0.0031 0.0261] meas=[-0.1948 0.4587 2.1660 -0.8360 -0.0031 0.0276] xyz=360.86,-71.20,22.99 track=0.1154
ts=30261.484 cmd_ts=2.656 fb_ts=2.656 leg=R idx=54 cmd=[-0.1482 0.3357 2.1452 -0.7874 -0.0031 0.0261] meas=[-0.1917 0.4525 2.1660 -0.8283 -0.0031 0.0276] xyz=360.55,-70.00,23.98 track=0.1169
ts=30261.531 cmd_ts=2.703 fb_ts=2.703 leg=R idx=55 cmd=[-0.1421 0.3280 2.1412 -0.7757 -0.0031 0.0261] meas=[-0.1887 0.4510 2.1660 -0.8237 -0.0031 0.0276] xyz=360.50,-68.84,23.79 track=0.1230
ts=30261.578 cmd_ts=2.750 fb_ts=2.750 leg=R idx=56 cmd=[-0.1362 0.3203 2.1369 -0.7637 -0.0031 0.0261] meas=[-0.1825 0.4433 2.1660 -0.8161 -0.0031 0.0276] xyz=360.34,-66.52,25.34 track=0.1230
ts=30261.625 cmd_ts=2.797 fb_ts=2.797 leg=R idx=57 cmd=[-0.1304 0.3126 2.1322 -0.7513 -0.0031 0.0261] meas=[-0.1718 0.4310 2.1660 -0.7977 -0.0031 0.0276] xyz=359.78,-62.43,26.80 track=0.1185
ts=30261.687 cmd_ts=2.859 fb_ts=2.859 leg=R idx=58 cmd=[-0.1247 0.3048 2.1272 -0.7385 -0.0031 0.0261] meas=[-0.1657 0.4218 2.1660 -0.7885 -0.0031 0.0276] xyz=359.44,-60.10,28.65 track=0.1170
ts=30261.718 cmd_ts=2.890 fb_ts=2.906 leg=R idx=59 cmd=[-0.1190 0.2971 2.1218 -0.7253 -0.0031 0.0261] meas=[-0.1549 0.4111 2.1660 -0.7747 -0.0031 0.0276] xyz=359.03,-56.07,30.29 track=0.1140
ts=30261.781 cmd_ts=2.953 fb_ts=2.953 leg=R idx=60 cmd=[-0.1135 0.2893 2.1160 -0.7118 -0.0031 0.0261] meas=[-0.1534 0.4050 2.1660 -0.7639 -0.0031 0.0276] xyz=358.37,-55.41,30.76 track=0.1156
ts=30261.828 cmd_ts=3.000 fb_ts=3.000 leg=R idx=61 cmd=[-0.1080 0.2816 2.1099 -0.6980 -0.0031 0.0261] meas=[-0.1488 0.4004 2.1660 -0.7578 -0.0031 0.0276] xyz=358.15,-53.69,31.42 track=0.1188
ts=30261.890 cmd_ts=3.062 fb_ts=3.062 leg=R idx=62 cmd=[-0.1027 0.2739 2.1035 -0.6838 -0.0031 0.0261] meas=[-0.1411 0.3896 2.1598 -0.7378 -0.0031 0.0276] xyz=358.20,-50.89,33.54 track=0.1157
ts=30261.921 cmd_ts=3.093 fb_ts=3.093 leg=R idx=63 cmd=[-0.0975 0.2662 2.0966 -0.6694 -0.0031 0.0261] meas=[-0.1365 0.3835 2.1552 -0.7256 -0.0031 0.0276] xyz=358.36,-49.23,34.88 track=0.1173
ts=30261.984 cmd_ts=3.156 fb_ts=3.156 leg=R idx=64 cmd=[-0.0924 0.2586 2.0895 -0.6546 -0.0031 0.0261] meas=[-0.1319 0.3774 2.1506 -0.7194 -0.0031 0.0276] xyz=358.82,-47.61,37.23 track=0.1188
ts=30262.031 cmd_ts=3.203 fb_ts=3.203 leg=R idx=65 cmd=[-0.0874 0.2510 2.0820 -0.6395 -0.0031 0.0261] meas=[-0.1243 0.3651 2.1414 -0.6980 -0.0031 0.0276] xyz=359.12,-44.85,40.44 track=0.1141
ts=30262.078 cmd_ts=3.250 fb_ts=3.250 leg=R idx=66 cmd=[-0.0825 0.2435 2.0741 -0.6241 -0.0031 0.0261] meas=[-0.1227 0.3590 2.1368 -0.6857 -0.0031 0.0276] xyz=359.05,-44.29,41.81 track=0.1154
ts=30262.125 cmd_ts=3.297 fb_ts=3.297 leg=R idx=67 cmd=[-0.0777 0.2361 2.0660 -0.6085 -0.0031 0.0261] meas=[-0.1197 0.3543 2.1338 -0.6780 -0.0031 0.0276] xyz=359.10,-43.17,42.99 track=0.1183
ts=30262.187 cmd_ts=3.359 fb_ts=3.359 leg=R idx=68 cmd=[-0.0731 0.2287 2.0574 -0.5926 -0.0031 0.0261] meas=[-0.1135 0.3436 2.1230 -0.6550 -0.0031 0.0276] xyz=359.44,-40.98,45.82 track=0.1149
ts=30262.234 cmd_ts=3.406 fb_ts=3.406 leg=R idx=69 cmd=[-0.0685 0.2214 2.0486 -0.5765 -0.0031 0.0261] meas=[-0.1089 0.3375 2.1169 -0.6427 -0.0031 0.0276] xyz=359.69,-39.33,47.60 track=0.1161
ts=30262.281 cmd_ts=3.453 fb_ts=3.453 leg=R idx=70 cmd=[-0.0641 0.2142 2.0394 -0.5601 -0.0031 0.0261] meas=[-0.1043 0.3313 2.1123 -0.6335 -0.0031 0.0276] xyz=359.83,-37.67,49.49 track=0.1171
ts=30262.328 cmd_ts=3.500 fb_ts=3.500 leg=R idx=71 cmd=[-0.0598 0.2072 2.0299 -0.5435 -0.0031 0.0261] meas=[-0.0966 0.3206 2.1000 -0.6090 -0.0031 0.0276] xyz=360.24,-34.92,52.52 track=0.1134
ts=30262.390 cmd_ts=3.562 fb_ts=3.562 leg=R idx=72 cmd=[-0.0557 0.2002 2.0200 -0.5267 -0.0031 0.0261] meas=[-0.0936 0.3175 2.0939 -0.5967 -0.0031 0.0276] xyz=360.52,-33.83,53.22 track=0.1173
ts=30262.421 cmd_ts=3.593 fb_ts=3.609 leg=R idx=73 cmd=[-0.0517 0.1934 2.0098 -0.5097 -0.0031 0.0261] meas=[-0.0859 0.3037 2.0831 -0.5768 -0.0031 0.0276] xyz=360.64,-31.06,57.76 track=0.1103
ts=30262.484 cmd_ts=3.656 fb_ts=3.656 leg=R idx=74 cmd=[-0.0478 0.1867 1.9993 -0.4925 -0.0031 0.0261] meas=[-0.0828 0.3007 2.0755 -0.5630 -0.0031 0.0276] xyz=361.03,-29.97,58.63 track=0.1140
ts=30262.531 cmd_ts=3.703 fb_ts=3.703 leg=R idx=75 cmd=[-0.0440 0.1801 1.9885 -0.4751 -0.0031 0.0261] meas=[-0.0813 0.2945 2.0709 -0.5538 -0.0031 0.0276] xyz=360.93,-29.41,60.57 track=0.1144
ts=30262.578 cmd_ts=3.750 fb_ts=3.750 leg=R idx=76 cmd=[-0.0404 0.1737 1.9774 -0.4576 -0.0031 0.0261] meas=[-0.0782 0.2869 2.0647 -0.5415 -0.0031 0.0276] xyz=360.84,-28.29,62.97 track=0.1132
ts=30262.625 cmd_ts=3.797 fb_ts=3.797 leg=R idx=77 cmd=[-0.0369 0.1674 1.9660 -0.4398 -0.0031 0.0261] meas=[-0.0721 0.2807 2.0479 -0.5123 -0.0031 0.0276] xyz=361.64,-26.12,64.94 track=0.1133
ts=30262.687 cmd_ts=3.859 fb_ts=3.859 leg=R idx=78 cmd=[-0.0336 0.1613 1.9542 -0.4220 -0.0031 0.0261] meas=[-0.0675 0.2715 2.0387 -0.4970 -0.0031 0.0276] xyz=361.72,-24.45,68.25 track=0.1102
ts=30262.718 cmd_ts=3.890 fb_ts=3.906 leg=R idx=79 cmd=[-0.0304 0.1553 1.9421 -0.4039 -0.0031 0.0261] meas=[-0.0598 0.2592 2.0264 -0.4740 -0.0031 0.0276] xyz=361.63,-21.66,72.26 track=0.1039
ts=30262.781 cmd_ts=3.953 fb_ts=3.953 leg=R idx=80 cmd=[-0.0273 0.1495 1.9298 -0.3858 -0.0031 0.0261] meas=[-0.0583 0.2546 2.0172 -0.4602 -0.0031 0.0276] xyz=361.94,-21.12,74.19 track=0.1051
ts=30262.828 cmd_ts=4.000 fb_ts=4.000 leg=R idx=81 cmd=[-0.0244 0.1439 1.9171 -0.3675 -0.0031 0.0261] meas=[-0.0568 0.2531 2.0095 -0.4510 -0.0031 0.0276] xyz=362.48,-20.60,75.35 track=0.1092
ts=30262.890 cmd_ts=4.062 fb_ts=4.062 leg=R idx=82 cmd=[-0.0216 0.1385 1.9042 -0.3491 -0.0031 0.0261] meas=[-0.0537 0.2454 1.9926 -0.4249 -0.0031 0.0276] xyz=362.98,-19.51,78.52 track=0.1070
ts=30262.921 cmd_ts=4.093 fb_ts=4.093 leg=R idx=83 cmd=[-0.0189 0.1332 1.8909 -0.3306 -0.0031 0.0261] meas=[-0.0522 0.2439 1.9819 -0.4096 -0.0031 0.0276] xyz=363.59,-18.98,79.56 track=0.1107
ts=30262.984 cmd_ts=4.156 fb_ts=4.156 leg=R idx=84 cmd=[-0.0164 0.1281 1.8774 -0.3120 -0.0031 0.0261] meas=[-0.0491 0.2362 1.9742 -0.3973 -0.0031 0.0276] xyz=363.44,-17.85,82.48 track=0.1081
ts=30263.031 cmd_ts=4.203 fb_ts=4.203 leg=R idx=85 cmd=[-0.0141 0.1232 1.8635 -0.2933 -0.0031 0.0261] meas=[-0.0460 0.2270 1.9558 -0.3697 -0.0031 0.0276] xyz=363.78,-16.75,86.48 track=0.1038
ts=30263.078 cmd_ts=4.250 fb_ts=4.250 leg=R idx=86 cmd=[-0.0119 0.1186 1.8494 -0.2745 -0.0031 0.0261] meas=[-0.0430 0.2224 1.9451 -0.3559 -0.0031 0.0276] xyz=364.14,-15.65,88.93 track=0.1039
ts=30263.125 cmd_ts=4.297 fb_ts=4.297 leg=R idx=87 cmd=[-0.0099 0.1141 1.8350 -0.2556 -0.0031 0.0261] meas=[-0.0414 0.2178 1.9374 -0.3436 -0.0031 0.0276] xyz=364.11,-15.09,90.78 track=0.1038
ts=30263.187 cmd_ts=4.359 fb_ts=4.359 leg=R idx=88 cmd=[-0.0079 0.1098 1.8203 -0.2366 -0.0031 0.0261] meas=[-0.0383 0.2117 1.9190 -0.3145 -0.0031 0.0276] xyz=364.45,-13.98,93.50 track=0.1019
ts=30263.234 cmd_ts=4.406 fb_ts=4.406 leg=R idx=89 cmd=[-0.0062 0.1057 1.8054 -0.2176 -0.0031 0.0261] meas=[-0.0368 0.2086 1.9098 -0.2991 -0.0031 0.0276] xyz=364.54,-13.43,94.75 track=0.1044
ts=30263.265 cmd_ts=4.437 fb_ts=4.437 leg=R idx=90 cmd=[-0.0046 0.1018 1.7901 -0.1985 -0.0031 0.0261] meas=[-0.0353 0.2071 1.9006 -0.2869 -0.0031 0.0276] xyz=364.93,-12.88,95.95 track=0.1105
ts=30263.343 cmd_ts=4.515 fb_ts=4.515 leg=R idx=91 cmd=[-0.0031 0.0982 1.7746 -0.1793 -0.0031 0.0261] meas=[-0.0307 0.1994 1.8791 -0.2577 -0.0031 0.0276] xyz=365.35,-11.21,100.19 track=0.1045
ts=30263.375 cmd_ts=4.547 fb_ts=4.547 leg=R idx=92 cmd=[-0.0018 0.0947 1.7588 -0.1601 -0.0031 0.0261] meas=[-0.0276 0.1963 1.8669 -0.2424 -0.0031 0.0276] xyz=365.75,-10.10,102.37 track=0.1080
ts=30263.421 cmd_ts=4.593 fb_ts=4.593 leg=R idx=93 cmd=[-0.0007 0.0915 1.7428 -0.1408 -0.0031 0.0261] meas=[-0.0276 0.1917 1.8561 -0.2316 -0.0031 0.0276] xyz=366.00,-10.11,105.42 track=0.1133
ts=30263.484 cmd_ts=4.656 fb_ts=4.656 leg=R idx=94 cmd=[0.0003 0.0885 1.7265 -0.1215 -0.0031 0.0261] meas=[-0.0276 0.1841 1.8346 -0.2025 -0.0031 0.0276] xyz=366.14,-10.11,109.76 track=0.1082
ts=30263.531 cmd_ts=4.703 fb_ts=4.703 leg=R idx=95 cmd=[0.0011 0.0857 1.7099 -0.1021 -0.0031 0.0261] meas=[-0.0276 0.1825 1.8193 -0.1856 -0.0031 0.0276] xyz=366.82,-10.13,112.08 track=0.1094
ts=30263.578 cmd_ts=4.750 fb_ts=4.765 leg=R idx=96 cmd=[0.0018 0.0831 1.6930 -0.0827 -0.0031 0.0261] meas=[-0.0276 0.1779 1.8009 -0.1595 -0.0031 0.0276] xyz=366.96,-10.13,114.94 track=0.1079
ts=30263.625 cmd_ts=4.797 fb_ts=4.797 leg=R idx=97 cmd=[0.0024 0.0808 1.6759 -0.0632 -0.0031 0.0261] meas=[-0.0276 0.1779 1.7886 -0.1457 -0.0031 0.0276] xyz=367.57,-10.15,116.32 track=0.1127
ts=30263.671 cmd_ts=4.843 fb_ts=4.843 leg=R idx=98 cmd=[0.0028 0.0787 1.6585 -0.0437 -0.0031 0.0261] meas=[-0.0276 0.1764 1.7779 -0.1335 -0.0031 0.0276] xyz=367.89,-10.16,118.07 track=0.1194
ts=30263.734 cmd_ts=4.906 fb_ts=4.906 leg=R idx=99 cmd=[0.0030 0.0768 1.6409 -0.0242 -0.0031 0.0261] meas=[-0.0230 0.1733 1.7564 -0.1043 -0.0031 0.0276] xyz=368.26,-8.48,120.85 track=0.1155
ts=30263.781 cmd_ts=4.953 fb_ts=4.953 leg=R idx=100 cmd=[0.0031 0.0752 1.6230 -0.0046 -0.0031 0.0261] meas=[-0.0230 0.1733 1.7426 -0.0890 -0.0031 0.0276] xyz=368.87,-8.49,122.47 track=0.1196
