# 2026-08-25T21:40:44.372531+00:00  tag=run17  port=COM21  sdk=C:\Users\Mukund\AppData\Local\Programs\Python\Python312\Lib\site-packages\roarm_sdk  ik=C:\Users\Mukund\Documents\Ro-Arm\roarm_sdk\waveshare_ik.py  home_xyz=[359.71 2.76 180.95]  constX=359.71  envelope=3.0deg sweep_max=10.0s move_tol=0.5deg progress_tol=0.1deg progress_stable=2 resume_tol=3.36deg
# attempt 1: M=[0.0077 0.0752 1.6230 -0.0046 -0.0031 0.0261]  i_target=2  max_disp=2.241 deg  per_joint=[0.02 0.20 2.04 2.24 0.00] deg
t=0.000 att=1 phase=pump idx=0 cmd=[0.0077 0.0752 1.6230 -0.0046 -0.0031 0.0261] meas=[0.0077 0.0752 1.6230 -0.0046 -0.0031 0.0261] moved=0.000 dist_tgt=2.241
t=0.000 att=1 phase=pump idx=1 cmd=[0.0077 0.0753 1.6240 -0.0057 -0.0031 0.0261] meas=[0.0077 0.0752 1.6230 -0.0046 -0.0031 0.0261] moved=0.000 dist_tgt=2.241
t=0.047 att=1 phase=pump idx=2 cmd=[0.0077 0.0754 1.6250 -0.0068 -0.0031 0.0261] meas=[0.0077 0.0752 1.6230 -0.0046 -0.0031 0.0261] moved=0.000 dist_tgt=2.241
t=0.109 att=1 phase=pump idx=3 cmd=[0.0077 0.0754 1.6260 -0.0080 -0.0031 0.0261] meas=[0.0077 0.0752 1.6230 -0.0046 -0.0031 0.0261] moved=0.000 dist_tgt=2.241
t=0.156 att=1 phase=pump idx=4 cmd=[0.0077 0.0755 1.6271 -0.0091 -0.0031 0.0261] meas=[0.0077 0.0752 1.6230 -0.0046 -0.0031 0.0261] moved=0.000 dist_tgt=2.241
t=0.188 att=1 phase=pump idx=5 cmd=[0.0076 0.0756 1.6281 -0.0102 -0.0031 0.0261] meas=[0.0077 0.0752 1.6230 -0.0046 -0.0031 0.0261] moved=0.000 dist_tgt=2.241
t=0.250 att=1 phase=pump idx=6 cmd=[0.0076 0.0757 1.6291 -0.0113 -0.0031 0.0261] meas=[0.0077 0.0752 1.6230 -0.0046 -0.0031 0.0261] moved=0.000 dist_tgt=2.241
t=0.313 att=1 phase=pump idx=7 cmd=[0.0076 0.0758 1.6301 -0.0124 -0.0031 0.0261] meas=[0.0077 0.0752 1.6230 -0.0046 -0.0031 0.0261] moved=0.000 dist_tgt=2.241
t=0.344 att=1 phase=pump idx=8 cmd=[0.0076 0.0759 1.6312 -0.0136 -0.0031 0.0261] meas=[0.0077 0.0752 1.6230 -0.0046 -0.0031 0.0261] moved=0.000 dist_tgt=2.241
t=0.406 att=1 phase=pump idx=9 cmd=[0.0076 0.0760 1.6322 -0.0147 -0.0031 0.0261] meas=[0.0077 0.0752 1.6230 -0.0046 -0.0031 0.0261] moved=0.000 dist_tgt=2.241
t=0.453 att=1 phase=pump idx=10 cmd=[0.0076 0.0761 1.6332 -0.0158 -0.0031 0.0261] meas=[0.0077 0.0752 1.6230 -0.0046 -0.0031 0.0261] moved=0.000 dist_tgt=2.241
t=0.500 att=1 phase=pump idx=11 cmd=[0.0076 0.0762 1.6342 -0.0169 -0.0031 0.0261] meas=[0.0077 0.0752 1.6230 -0.0046 -0.0031 0.0261] moved=0.000 dist_tgt=2.241
t=0.547 att=1 phase=pump idx=12 cmd=[0.0076 0.0763 1.6352 -0.0180 -0.0031 0.0261] meas=[0.0077 0.0752 1.6230 -0.0046 -0.0031 0.0261] moved=0.000 dist_tgt=2.241
t=0.609 att=1 phase=pump idx=13 cmd=[0.0076 0.0764 1.6363 -0.0191 -0.0031 0.0261] meas=[0.0077 0.0752 1.6230 -0.0046 -0.0031 0.0261] moved=0.000 dist_tgt=2.241
t=0.641 att=1 phase=pump idx=14 cmd=[0.0076 0.0765 1.6373 -0.0203 -0.0031 0.0261] meas=[0.0077 0.0752 1.6230 -0.0046 -0.0031 0.0261] moved=0.000 dist_tgt=2.241
t=0.703 att=1 phase=pump idx=15 cmd=[0.0076 0.0766 1.6383 -0.0214 -0.0031 0.0261] meas=[0.0077 0.0752 1.6230 -0.0046 -0.0031 0.0261] moved=0.000 dist_tgt=2.241
t=0.750 att=1 phase=pump idx=16 cmd=[0.0076 0.0767 1.6393 -0.0225 -0.0031 0.0261] meas=[0.0077 0.0752 1.6230 -0.0046 -0.0031 0.0261] moved=0.000 dist_tgt=2.241
t=0.797 att=1 phase=pump idx=17 cmd=[0.0076 0.0768 1.6404 -0.0236 -0.0031 0.0261] meas=[0.0077 0.0752 1.6230 -0.0046 -0.0031 0.0261] moved=0.000 dist_tgt=2.241
t=0.859 att=1 phase=pump idx=18 cmd=[0.0076 0.0769 1.6414 -0.0247 -0.0031 0.0261] meas=[0.0077 0.0752 1.6230 -0.0046 -0.0031 0.0261] moved=0.000 dist_tgt=2.241
t=0.906 att=1 phase=pump idx=19 cmd=[0.0076 0.0770 1.6424 -0.0259 -0.0031 0.0261] meas=[0.0077 0.0905 1.6352 -0.0046 -0.0031 0.0261] moved=0.879 dist_tgt=2.241
t=0.938 att=1 phase=pump idx=20 cmd=[0.0076 0.0771 1.6434 -0.0270 -0.0031 0.0261] meas=[0.0077 0.0997 1.6368 -0.0046 -0.0031 0.0261] moved=1.406 dist_tgt=2.241
t=1.000 att=1 phase=pump idx=21 cmd=[0.0075 0.0772 1.6444 -0.0281 -0.0031 0.0261] meas=[0.0077 0.0997 1.6352 -0.0046 -0.0031 0.0261] moved=1.406 dist_tgt=2.241
t=1.063 att=1 phase=pump idx=22 cmd=[0.0075 0.0773 1.6454 -0.0292 -0.0031 0.0261] meas=[0.0077 0.0997 1.6368 -0.0046 -0.0031 0.0261] moved=1.406 dist_tgt=2.241
t=1.094 att=1 phase=pump idx=23 cmd=[0.0075 0.0774 1.6464 -0.0303 -0.0031 0.0261] meas=[0.0077 0.0997 1.6383 -0.0046 -0.0031 0.0261] moved=1.406 dist_tgt=2.241
t=1.156 att=1 phase=pump idx=24 cmd=[0.0075 0.0775 1.6474 -0.0314 -0.0031 0.0261] meas=[0.0077 0.0997 1.6414 -0.0046 -0.0031 0.0261] moved=1.406 dist_tgt=2.241
t=1.203 att=1 phase=pump idx=25 cmd=[0.0075 0.0776 1.6484 -0.0325 -0.0031 0.0261] meas=[0.0077 0.0997 1.6444 -0.0077 -0.0031 0.0261] moved=1.406 dist_tgt=2.065
t=1.250 att=1 phase=pump idx=26 cmd=[0.0075 0.0777 1.6494 -0.0337 -0.0031 0.0261] meas=[0.0077 0.0997 1.6444 -0.0077 -0.0031 0.0261] moved=1.406 dist_tgt=2.065
t=1.297 att=1 phase=pump idx=27 cmd=[0.0075 0.0778 1.6505 -0.0348 -0.0031 0.0261] meas=[0.0077 0.0997 1.6475 -0.0123 -0.0031 0.0261] moved=1.406 dist_tgt=1.801
t=1.359 att=1 phase=pump idx=28 cmd=[0.0075 0.0779 1.6515 -0.0359 -0.0031 0.0261] meas=[0.0077 0.0997 1.6490 -0.0153 -0.0031 0.0261] moved=1.494 dist_tgt=1.625
# attempt 1 COMMITTED in phase=pump at t=1.359 s meas=[0.0077 0.0997 1.6490 -0.0153 -0.0031 0.0261]  t102_continuous=True
===== CONTINUOUS FORWARD: direct transition to wp=1 compat_err=1.312deg (NO align hold, NO T102 gap) =====
adv t=0.000 leg=F idx=1 cmd=[0.0076 0.0768 1.6409 -0.0242 -0.0031 0.0261] meas=[0.0077 0.0997 1.6506 -0.0169 -0.0031 0.0261] xyz=362.77,2.78,165.56 track=0.0229
adv t=0.047 leg=F idx=2 cmd=[0.0074 0.0787 1.6585 -0.0437 -0.0031 0.0261] meas=[0.0077 0.0997 1.6552 -0.0169 -0.0031 0.0261] xyz=362.46,2.78,164.14 track=0.0268
adv t=0.109 leg=F idx=3 cmd=[0.0070 0.0808 1.6759 -0.0632 -0.0031 0.0261] meas=[0.0077 0.0997 1.6552 -0.0184 -0.0031 0.0261] xyz=362.53,2.78,164.40 track=0.0448
adv t=0.156 leg=F idx=4 cmd=[0.0064 0.0831 1.6930 -0.0827 -0.0031 0.0261] meas=[0.0077 0.0997 1.6552 -0.0199 -0.0031 0.0261] xyz=362.59,2.78,164.65 track=0.0627
adv t=0.187 leg=F idx=5 cmd=[0.0058 0.0857 1.7099 -0.1021 -0.0031 0.0261] meas=[0.0077 0.0997 1.6552 -0.0199 -0.0031 0.0261] xyz=362.59,2.78,164.65 track=0.0821
adv t=0.265 leg=F idx=6 cmd=[0.0049 0.0885 1.7265 -0.1215 -0.0031 0.0261] meas=[0.0077 0.0997 1.6598 -0.0245 -0.0031 0.0261] xyz=362.47,2.78,164.00 track=0.0969
adv t=0.297 leg=F idx=7 cmd=[0.0039 0.0915 1.7428 -0.1408 -0.0031 0.0261] meas=[0.0077 0.0997 1.6889 -0.0506 -0.0031 0.0261] xyz=361.49,2.77,159.36 track=0.0902
adv t=0.343 leg=F idx=8 cmd=[0.0028 0.0947 1.7589 -0.1601 -0.0031 0.0261] meas=[0.0077 0.1028 1.7073 -0.0660 -0.0031 0.0261] xyz=361.24,2.77,155.15 track=0.0941
adv t=0.406 leg=F idx=9 cmd=[0.0015 0.0981 1.7747 -0.1793 -0.0031 0.0261] meas=[0.0077 0.1058 1.7227 -0.0936 -0.0031 0.0261] xyz=361.69,2.77,153.94 track=0.0857
adv t=0.453 leg=F idx=10 cmd=[0.0000 0.1018 1.7902 -0.1985 -0.0031 0.0261] meas=[0.0077 0.1058 1.7395 -0.1074 -0.0031 0.0261] xyz=360.92,2.77,151.08 track=0.0911
adv t=0.500 leg=F idx=11 cmd=[-0.0016 0.1056 1.8055 -0.2176 -0.0031 0.0261] meas=[0.0077 0.1058 1.7457 -0.1197 -0.0031 0.0261] xyz=360.93,2.77,151.25 track=0.0979
adv t=0.547 leg=F idx=12 cmd=[-0.0033 0.1097 1.8204 -0.2366 -0.0031 0.0261] meas=[0.0077 0.1150 1.7702 -0.1473 -0.0031 0.0261] xyz=361.38,2.77,145.05 track=0.0894
adv t=0.609 leg=F idx=13 cmd=[-0.0053 0.1140 1.8351 -0.2556 -0.0031 0.0261] meas=[0.0077 0.1181 1.7856 -0.1626 -0.0031 0.0261] xyz=361.11,2.77,141.84 track=0.0930
adv t=0.656 leg=F idx=14 cmd=[-0.0073 0.1185 1.8496 -0.2745 -0.0031 0.0261] meas=[0.0077 0.1273 1.8009 -0.1871 -0.0031 0.0261] xyz=362.04,2.78,137.96 track=0.0874
adv t=0.703 leg=F idx=15 cmd=[-0.0095 0.1231 1.8637 -0.2933 -0.0031 0.0261] meas=[0.0077 0.1304 1.8178 -0.2010 -0.0031 0.0261] xyz=361.45,2.77,134.06 track=0.0924
adv t=0.750 leg=F idx=16 cmd=[-0.0118 0.1280 1.8776 -0.3120 -0.0031 0.0261] meas=[0.0077 0.1319 1.8224 -0.2132 -0.0031 0.0261] xyz=361.74,2.77,134.17 track=0.0988
adv t=0.812 leg=F idx=17 cmd=[-0.0143 0.1331 1.8911 -0.3307 -0.0031 0.0261] meas=[0.0077 0.1335 1.8484 -0.2424 -0.0031 0.0261] xyz=360.62,2.77,130.66 track=0.0883
adv t=0.843 leg=F idx=18 cmd=[-0.0170 0.1383 1.9044 -0.3492 -0.0031 0.0261] meas=[0.0077 0.1335 1.8623 -0.2592 -0.0031 0.0261] xyz=359.94,2.76,129.34 track=0.0899
adv t=0.906 leg=F idx=19 cmd=[-0.0198 0.1437 1.9174 -0.3676 -0.0031 0.0261] meas=[0.0077 0.1335 1.8669 -0.2700 -0.0031 0.0261] xyz=359.91,2.76,129.77 track=0.0976
adv t=0.953 leg=F idx=20 cmd=[-0.0227 0.1493 1.9301 -0.3859 -0.0031 0.0261] meas=[0.0077 0.1457 1.8899 -0.2991 -0.0031 0.0261] xyz=360.28,2.76,123.37 track=0.0868
adv t=1.000 leg=F idx=21 cmd=[-0.0258 0.1551 1.9425 -0.4041 -0.0031 0.0261] meas=[0.0077 0.1519 1.9006 -0.3145 -0.0031 0.0261] xyz=360.52,2.77,120.55 track=0.0896
adv t=1.062 leg=F idx=22 cmd=[-0.0290 0.1611 1.9546 -0.4221 -0.0031 0.0261] meas=[0.0077 0.1565 1.9083 -0.3267 -0.0031 0.0261] xyz=360.74,2.77,118.68 track=0.0954
adv t=1.109 leg=F idx=23 cmd=[-0.0323 0.1672 1.9663 -0.4400 -0.0031 0.0261] meas=[0.0077 0.1657 1.9313 -0.3543 -0.0031 0.0261] xyz=360.38,2.76,113.23 track=0.0856
adv t=1.140 leg=F idx=24 cmd=[-0.0358 0.1734 1.9778 -0.4577 -0.0031 0.0261] meas=[0.0046 0.1687 1.9405 -0.3712 -0.0031 0.0261] xyz=360.39,1.66,112.26 track=0.0865
adv t=1.203 leg=F idx=25 cmd=[-0.0394 0.1798 1.9890 -0.4753 -0.0031 0.0261] meas=[0.0015 0.1703 1.9482 -0.3820 -0.0031 0.0261] xyz=360.12,0.55,111.27 track=0.0933
adv t=1.250 leg=F idx=26 cmd=[-0.0432 0.1864 1.9998 -0.4927 -0.0031 0.0261] meas=[-0.0015 0.1795 1.9681 -0.4096 -0.0031 0.0261] xyz=359.91,-0.55,106.80 track=0.0831
adv t=1.312 leg=F idx=27 cmd=[-0.0471 0.1931 2.0104 -0.5099 -0.0031 0.0261] meas=[-0.0061 0.1871 1.9773 -0.4249 -0.0031 0.0261] xyz=360.23,-2.21,103.95 track=0.0850
adv t=1.359 leg=F idx=28 cmd=[-0.0511 0.1999 2.0206 -0.5269 -0.0031 0.0261] meas=[-0.0138 0.1948 1.9896 -0.4479 -0.0031 0.0261] xyz=360.44,-4.98,101.52 track=0.0790
adv t=1.406 leg=F idx=29 cmd=[-0.0553 0.2068 2.0305 -0.5438 -0.0031 0.0261] meas=[-0.0169 0.2010 2.0003 -0.4617 -0.0031 0.0261] xyz=360.26,-6.08,98.56 track=0.0820
adv t=1.453 leg=F idx=30 cmd=[-0.0595 0.2139 2.0400 -0.5604 -0.0031 0.0261] meas=[-0.0215 0.2025 2.0034 -0.4725 -0.0031 0.0261] xyz=360.44,-7.74,98.93 track=0.0879
adv t=1.500 leg=F idx=31 cmd=[-0.0639 0.2210 2.0493 -0.5768 -0.0031 0.0261] meas=[-0.0245 0.2071 2.0110 -0.4847 -0.0031 0.0261] xyz=360.39,-8.85,97.15 track=0.0920
adv t=1.547 leg=F idx=32 cmd=[-0.0685 0.2283 2.0582 -0.5929 -0.0031 0.0261] meas=[-0.0276 0.2209 2.0325 -0.5139 -0.0031 0.0261] xyz=360.07,-9.94,91.02 track=0.0791
adv t=1.609 leg=F idx=33 cmd=[-0.0731 0.2356 2.0668 -0.6089 -0.0031 0.0261] meas=[-0.0322 0.2286 2.0417 -0.5277 -0.0031 0.0261] xyz=360.05,-11.60,88.00 track=0.0812
adv t=1.656 leg=F idx=34 cmd=[-0.0779 0.2430 2.0750 -0.6245 -0.0031 0.0261] meas=[-0.0368 0.2378 2.0509 -0.5507 -0.0031 0.0261] xyz=360.52,-13.28,85.98 track=0.0738
adv t=1.703 leg=F idx=35 cmd=[-0.0828 0.2505 2.0829 -0.6399 -0.0031 0.0261] meas=[-0.0414 0.2424 2.0601 -0.5645 -0.0031 0.0261] xyz=360.15,-14.93,84.09 track=0.0754
adv t=1.750 leg=F idx=36 cmd=[-0.0878 0.2581 2.0904 -0.6550 -0.0031 0.0261] meas=[-0.0445 0.2470 2.0632 -0.5752 -0.0031 0.0261] xyz=360.52,-16.05,83.38 track=0.0798
adv t=1.812 leg=F idx=37 cmd=[-0.0929 0.2657 2.0977 -0.6698 -0.0031 0.0261] meas=[-0.0522 0.2608 2.0770 -0.5998 -0.0031 0.0261] xyz=360.58,-18.82,78.74 track=0.0700
adv t=1.843 leg=F idx=38 cmd=[-0.0982 0.2733 2.1045 -0.6843 -0.0031 0.0261] meas=[-0.0568 0.2654 2.0847 -0.6105 -0.0031 0.0261] xyz=360.21,-20.47,76.79 track=0.0738
adv t=1.906 leg=F idx=39 cmd=[-0.1035 0.2810 2.1110 -0.6985 -0.0031 0.0261] meas=[-0.0598 0.2715 2.0862 -0.6197 -0.0031 0.0261] xyz=360.78,-21.61,75.70 track=0.0788
adv t=1.953 leg=F idx=40 cmd=[-0.1089 0.2887 2.1172 -0.7124 -0.0031 0.0261] meas=[-0.0675 0.2823 2.0985 -0.6443 -0.0031 0.0261] xyz=360.64,-24.38,72.63 track=0.0681
adv t=2.000 leg=F idx=41 cmd=[-0.1145 0.2965 2.1230 -0.7260 -0.0031 0.0261] meas=[-0.0721 0.2899 2.1046 -0.6565 -0.0031 0.0261] xyz=360.69,-26.05,70.28 track=0.0694
adv t=2.047 leg=F idx=42 cmd=[-0.1201 0.3042 2.1285 -0.7391 -0.0031 0.0261] meas=[-0.0752 0.2945 2.1108 -0.6657 -0.0031 0.0261] xyz=360.40,-27.14,68.53 track=0.0734
adv t=2.109 leg=F idx=43 cmd=[-0.1259 0.3119 2.1336 -0.7520 -0.0031 0.0261] meas=[-0.0828 0.3037 2.1184 -0.6888 -0.0031 0.0261] xyz=360.62,-29.94,67.03 track=0.0632
adv t=2.156 leg=F idx=44 cmd=[-0.1317 0.3196 2.1383 -0.7644 -0.0031 0.0261] meas=[-0.0874 0.3114 2.1246 -0.6995 -0.0031 0.0261] xyz=360.50,-31.60,64.44 track=0.0649
adv t=2.187 leg=F idx=45 cmd=[-0.1376 0.3273 2.1427 -0.7765 -0.0031 0.0261] meas=[-0.0920 0.3145 2.1261 -0.7072 -0.0031 0.0261] xyz=360.63,-33.29,64.21 track=0.0694
adv t=2.265 leg=F idx=46 cmd=[-0.1437 0.3349 2.1468 -0.7882 -0.0031 0.0261] meas=[-0.0982 0.3267 2.1368 -0.7302 -0.0031 0.0261] xyz=360.50,-35.51,60.83 track=0.0580
adv t=2.297 leg=F idx=47 cmd=[-0.1498 0.3425 2.1505 -0.7995 -0.0031 0.0261] meas=[-0.1043 0.3329 2.1384 -0.7409 -0.0031 0.0261] xyz=360.85,-37.78,60.01 track=0.0586
adv t=2.343 leg=F idx=48 cmd=[-0.1559 0.3501 2.1538 -0.8104 -0.0031 0.0261] meas=[-0.1089 0.3375 2.1414 -0.7455 -0.0031 0.0261] xyz=360.65,-39.44,58.32 track=0.0649
adv t=2.406 leg=F idx=49 cmd=[-0.1622 0.3576 2.1568 -0.8209 -0.0031 0.0261] meas=[-0.1181 0.3497 2.1476 -0.7670 -0.0031 0.0261] xyz=360.90,-42.83,55.89 track=0.0539
adv t=2.453 leg=F idx=50 cmd=[-0.1685 0.3650 2.1594 -0.8309 -0.0031 0.0261] meas=[-0.1243 0.3559 2.1491 -0.7762 -0.0031 0.0261] xyz=361.10,-45.10,54.81 track=0.0547
adv t=2.515 leg=F idx=51 cmd=[-0.1749 0.3723 2.1617 -0.8405 -0.0031 0.0261] meas=[-0.1335 0.3666 2.1552 -0.7900 -0.0031 0.0261] xyz=360.83,-48.44,51.66 track=0.0505
adv t=2.547 leg=F idx=52 cmd=[-0.1814 0.3796 2.1636 -0.8497 -0.0031 0.0261] meas=[-0.1381 0.3728 2.1583 -0.7992 -0.0031 0.0261] xyz=360.81,-50.13,50.20 track=0.0505
adv t=2.593 leg=F idx=53 cmd=[-0.1880 0.3867 2.1652 -0.8584 -0.0031 0.0261] meas=[-0.1411 0.3774 2.1583 -0.8053 -0.0031 0.0261] xyz=361.13,-51.31,49.55 track=0.0530
adv t=2.656 leg=F idx=54 cmd=[-0.1946 0.3938 2.1664 -0.8666 -0.0031 0.0261] meas=[-0.1488 0.3896 2.1629 -0.8222 -0.0031 0.0261] xyz=361.26,-54.15,46.75 track=0.0458
adv t=2.703 leg=F idx=55 cmd=[-0.2012 0.4007 2.1672 -0.8744 -0.0031 0.0261] meas=[-0.1534 0.3958 2.1660 -0.8299 -0.0031 0.0261] xyz=361.11,-55.83,45.03 track=0.0478
adv t=2.750 leg=F idx=56 cmd=[-0.2079 0.4075 2.1677 -0.8818 -0.0031 0.0261] meas=[-0.1580 0.4004 2.1660 -0.8360 -0.0031 0.0261] xyz=361.30,-57.56,44.38 track=0.0499
adv t=2.797 leg=F idx=57 cmd=[-0.2147 0.4142 2.1679 -0.8886 -0.0031 0.0261] meas=[-0.1672 0.4126 2.1675 -0.8514 -0.0031 0.0261] xyz=361.64,-61.04,42.07 track=0.0475
adv t=2.859 leg=F idx=58 cmd=[-0.2215 0.4208 2.1677 -0.8950 -0.0031 0.0261] meas=[-0.1733 0.4188 2.1675 -0.8560 -0.0031 0.0261] xyz=361.70,-63.33,40.59 track=0.0482
adv t=2.922 leg=F idx=59 cmd=[-0.2284 0.4272 2.1672 -0.9009 -0.0031 0.0261] meas=[-0.1825 0.4280 2.1675 -0.8667 -0.0031 0.0261] xyz=361.89,-66.80,39.00 track=0.0458
adv t=2.953 leg=F idx=60 cmd=[-0.2353 0.4335 2.1664 -0.9063 -0.0031 0.0261] meas=[-0.1871 0.4326 2.1675 -0.8728 -0.0031 0.0261] xyz=361.99,-68.55,38.34 track=0.0481
adv t=3.000 leg=F idx=61 cmd=[-0.2422 0.4396 2.1652 -0.9112 -0.0031 0.0261] meas=[-0.1902 0.4357 2.1675 -0.8728 -0.0031 0.0261] xyz=361.90,-69.68,37.21 track=0.0520
adv t=3.047 leg=F idx=62 cmd=[-0.2492 0.4456 2.1637 -0.9157 -0.0031 0.0261] meas=[-0.1963 0.4387 2.1675 -0.8790 -0.0031 0.0261] xyz=361.82,-71.97,37.10 track=0.0528
adv t=3.109 leg=F idx=63 cmd=[-0.2562 0.4514 2.1618 -0.9197 -0.0031 0.0261] meas=[-0.2056 0.4495 2.1675 -0.8912 -0.0031 0.0261] xyz=362.00,-75.48,35.19 track=0.0506
adv t=3.140 leg=F idx=64 cmd=[-0.2632 0.4570 2.1596 -0.9231 -0.0031 0.0261] meas=[-0.2132 0.4571 2.1675 -0.8943 -0.0031 0.0261] xyz=361.79,-78.33,32.87 track=0.0500
adv t=3.203 leg=F idx=65 cmd=[-0.2702 0.4625 2.1571 -0.9261 -0.0031 0.0261] meas=[-0.2178 0.4602 2.1675 -0.8958 -0.0031 0.0261] xyz=361.58,-80.03,31.99 track=0.0524
adv t=3.250 leg=F idx=66 cmd=[-0.2773 0.4678 2.1543 -0.9286 -0.0031 0.0261] meas=[-0.2286 0.4679 2.1675 -0.9050 -0.0031 0.0261] xyz=361.30,-84.05,30.68 track=0.0487
adv t=3.297 leg=F idx=67 cmd=[-0.2844 0.4730 2.1512 -0.9306 -0.0031 0.0261] meas=[-0.2347 0.4740 2.1675 -0.9097 -0.0031 0.0261] xyz=361.14,-86.35,29.18 track=0.0497
adv t=3.359 leg=F idx=68 cmd=[-0.2915 0.4780 2.1477 -0.9322 -0.0031 0.0261] meas=[-0.2454 0.4786 2.1675 -0.9097 -0.0031 0.0261] xyz=360.32,-90.26,27.47 track=0.0460
adv t=3.406 leg=F idx=69 cmd=[-0.2985 0.4828 2.1440 -0.9332 -0.0031 0.0261] meas=[-0.2500 0.4832 2.1675 -0.9097 -0.0031 0.0261] xyz=360.02,-91.94,25.76 track=0.0485
adv t=3.437 leg=F idx=70 cmd=[-0.3056 0.4874 2.1399 -0.9338 -0.0031 0.0261] meas=[-0.2531 0.4878 2.1675 -0.9097 -0.0031 0.0261] xyz=359.85,-93.08,24.05 track=0.0525
adv t=3.515 leg=F idx=71 cmd=[-0.3127 0.4918 2.1356 -0.9339 -0.0031 0.0261] meas=[-0.2592 0.4924 2.1675 -0.9143 -0.0031 0.0261] xyz=359.57,-95.36,23.10 track=0.0535
adv t=3.547 leg=F idx=72 cmd=[-0.3198 0.4961 2.1309 -0.9335 -0.0031 0.0261] meas=[-0.2700 0.5001 2.1675 -0.9189 -0.0031 0.0261] xyz=358.88,-99.32,21.02 track=0.0498
adv t=3.593 leg=F idx=73 cmd=[-0.3269 0.5002 2.1260 -0.9327 -0.0031 0.0261] meas=[-0.2777 0.5047 2.1660 -0.9189 -0.0031 0.0261] xyz=358.45,-102.16,19.66 track=0.0493
adv t=3.656 leg=F idx=74 cmd=[-0.3340 0.5041 2.1207 -0.9314 -0.0031 0.0261] meas=[-0.2884 0.5108 2.1660 -0.9189 -0.0031 0.0261] xyz=357.44,-106.04,17.37 track=0.0456
adv t=3.703 leg=F idx=75 cmd=[-0.3410 0.5079 2.1152 -0.9296 -0.0031 0.0261] meas=[-0.2930 0.5154 2.1644 -0.9189 -0.0031 0.0261] xyz=357.28,-107.78,16.01 track=0.0492
adv t=3.750 leg=F idx=76 cmd=[-0.3481 0.5115 2.1094 -0.9274 -0.0031 0.0261] meas=[-0.2961 0.5170 2.1629 -0.9189 -0.0031 0.0261] xyz=357.23,-108.96,15.79 track=0.0535
adv t=3.797 leg=F idx=77 cmd=[-0.3551 0.5149 2.1034 -0.9247 -0.0031 0.0261] meas=[-0.3053 0.5216 2.1614 -0.9189 -0.0031 0.0261] xyz=356.54,-112.35,14.42 track=0.0580
adv t=3.859 leg=F idx=78 cmd=[-0.3621 0.5181 2.0970 -0.9216 -0.0031 0.0261] meas=[-0.3129 0.5262 2.1552 -0.9189 -0.0031 0.0261] xyz=356.75,-115.43,14.11 track=0.0582
adv t=3.906 leg=F idx=79 cmd=[-0.3691 0.5212 2.0904 -0.9181 -0.0031 0.0261] meas=[-0.3237 0.5292 2.1445 -0.9189 -0.0031 0.0261] xyz=357.31,-119.87,15.43 track=0.0541
adv t=3.953 leg=F idx=80 cmd=[-0.3760 0.5241 2.0835 -0.9141 -0.0031 0.0261] meas=[-0.3283 0.5338 2.1399 -0.9189 -0.0031 0.0261] xyz=357.58,-121.79,14.76 track=0.0564
adv t=4.000 leg=F idx=81 cmd=[-0.3829 0.5269 2.0764 -0.9097 -0.0031 0.0261] meas=[-0.3298 0.5369 2.1353 -0.9189 -0.0031 0.0261] xyz=358.19,-122.61,14.67 track=0.0589
adv t=4.062 leg=F idx=82 cmd=[-0.3898 0.5294 2.0690 -0.9049 -0.0031 0.0261] meas=[-0.3405 0.5400 2.1261 -0.9189 -0.0031 0.0261] xyz=358.40,-127.00,15.64 track=0.0571
adv t=4.093 leg=F idx=83 cmd=[-0.3966 0.5319 2.0614 -0.8997 -0.0031 0.0261] meas=[-0.3451 0.5461 2.1200 -0.9189 -0.0031 0.0261] xyz=358.89,-129.03,14.73 track=0.0586
adv t=4.156 leg=F idx=84 cmd=[-0.4034 0.5341 2.0535 -0.8941 -0.0031 0.0261] meas=[-0.3513 0.5476 2.1154 -0.9189 -0.0031 0.0261] xyz=358.86,-131.51,15.22 track=0.0619
adv t=4.203 leg=F idx=85 cmd=[-0.4101 0.5363 2.0453 -0.8881 -0.0031 0.0261] meas=[-0.3590 0.5476 2.1046 -0.9097 -0.0031 0.0261] xyz=359.18,-134.77,16.20 track=0.0593
adv t=4.250 leg=F idx=86 cmd=[-0.4168 0.5382 2.0369 -0.8817 -0.0031 0.0261] meas=[-0.3666 0.5507 2.0985 -0.9050 -0.0031 0.0261] xyz=358.98,-137.84,15.69 track=0.0615
adv t=4.297 leg=F idx=87 cmd=[-0.4235 0.5401 2.0283 -0.8749 -0.0031 0.0261] meas=[-0.3712 0.5538 2.0970 -0.9050 -0.0031 0.0261] xyz=358.63,-139.60,14.87 track=0.0686
adv t=4.359 leg=F idx=88 cmd=[-0.4301 0.5418 2.0195 -0.8677 -0.0031 0.0261] meas=[-0.3820 0.5584 2.0847 -0.8958 -0.0031 0.0261] xyz=358.74,-144.10,14.45 track=0.0652
adv t=4.406 leg=F idx=89 cmd=[-0.4366 0.5433 2.0104 -0.8602 -0.0031 0.0261] meas=[-0.3881 0.5614 2.0755 -0.8897 -0.0031 0.0261] xyz=359.10,-146.81,14.41 track=0.0651
adv t=4.437 leg=F idx=90 cmd=[-0.4431 0.5448 2.0011 -0.8523 -0.0031 0.0261] meas=[-0.3927 0.5614 2.0724 -0.8882 -0.0031 0.0261] xyz=358.84,-148.63,14.88 track=0.0713
adv t=4.515 leg=F idx=91 cmd=[-0.4495 0.5461 1.9915 -0.8441 -0.0031 0.0261] meas=[-0.4034 0.5630 2.0586 -0.8744 -0.0031 0.0261] xyz=358.84,-153.17,15.27 track=0.0671
adv t=4.547 leg=F idx=92 cmd=[-0.4559 0.5472 1.9818 -0.8355 -0.0031 0.0261] meas=[-0.4096 0.5630 2.0509 -0.8698 -0.0031 0.0261] xyz=358.89,-155.80,16.33 track=0.0692
adv t=4.593 leg=F idx=93 cmd=[-0.4622 0.5483 1.9718 -0.8266 -0.0031 0.0261] meas=[-0.4142 0.5630 2.0463 -0.8636 -0.0031 0.0261] xyz=358.64,-157.66,16.41 track=0.0745
adv t=4.656 leg=F idx=94 cmd=[-0.4684 0.5493 1.9616 -0.8174 -0.0031 0.0261] meas=[-0.4234 0.5630 2.0310 -0.8514 -0.0031 0.0261] xyz=359.02,-161.79,18.06 track=0.0694
adv t=4.703 leg=F idx=95 cmd=[-0.4746 0.5501 1.9512 -0.8078 -0.0031 0.0261] meas=[-0.4295 0.5691 2.0218 -0.8437 -0.0031 0.0261] xyz=359.21,-164.53,16.59 track=0.0706
adv t=4.765 leg=F idx=96 cmd=[-0.4807 0.5508 1.9406 -0.7979 -0.0031 0.0261] meas=[-0.4372 0.5706 2.0110 -0.8345 -0.0031 0.0261] xyz=359.22,-167.88,17.06 track=0.0705
adv t=4.797 leg=F idx=97 cmd=[-0.4867 0.5515 1.9297 -0.7877 -0.0031 0.0261] meas=[-0.4403 0.5706 2.0034 -0.8268 -0.0031 0.0261] xyz=359.55,-169.38,17.65 track=0.0736
adv t=4.843 leg=F idx=98 cmd=[-0.4927 0.5520 1.9187 -0.7772 -0.0031 0.0261] meas=[-0.4418 0.5706 1.9972 -0.8237 -0.0031 0.0261] xyz=360.08,-170.31,18.64 track=0.0785
adv t=4.906 leg=F idx=99 cmd=[-0.4985 0.5525 1.9075 -0.7665 -0.0031 0.0261] meas=[-0.4510 0.5706 1.9804 -0.8069 -0.0031 0.0261] xyz=360.33,-174.50,19.98 track=0.0729
adv t=4.953 leg=F idx=100 cmd=[-0.5043 0.5529 1.8960 -0.7554 -0.0031 0.0261] meas=[-0.4571 0.5706 1.9712 -0.7977 -0.0031 0.0261] xyz=360.25,-177.20,20.73 track=0.0751
# resume_index=1 resume_err=1.312 deg (gate=3.36 deg)

===== REVERSE LEG (known-good run_leg_tracked, 100 .. 0) =====
ts=41727.562 cmd_ts=0.000 fb_ts=0.000 leg=R idx=0 cmd=[-0.5043 0.5529 1.8960 -0.7554 -0.0031 0.0261] meas=[-0.4832 0.5722 1.9328 -0.7593 -0.0031 0.0261] xyz=359.53,-188.64,23.32 track=0.0368
ts=41727.562 cmd_ts=0.000 fb_ts=0.000 leg=R idx=1 cmd=[-0.4985 0.5525 1.9075 -0.7665 -0.0031 0.0261] meas=[-0.4832 0.5722 1.9328 -0.7593 -0.0031 0.0261] xyz=359.53,-188.64,23.32 track=0.0253
ts=41727.609 cmd_ts=0.047 fb_ts=0.047 leg=R idx=2 cmd=[-0.4927 0.5520 1.9187 -0.7772 -0.0031 0.0261] meas=[-0.4832 0.5722 1.9328 -0.7593 -0.0031 0.0261] xyz=359.53,-188.64,23.32 track=0.0201
ts=41727.671 cmd_ts=0.109 fb_ts=0.109 leg=R idx=3 cmd=[-0.4867 0.5515 1.9297 -0.7877 -0.0031 0.0261] meas=[-0.4832 0.5722 1.9328 -0.7593 -0.0031 0.0261] xyz=359.53,-188.64,23.32 track=0.0284
ts=41727.718 cmd_ts=0.156 fb_ts=0.156 leg=R idx=4 cmd=[-0.4807 0.5508 1.9406 -0.7979 -0.0031 0.0261] meas=[-0.4832 0.5722 1.9328 -0.7593 -0.0031 0.0261] xyz=359.53,-188.64,23.32 track=0.0386
ts=41727.765 cmd_ts=0.203 fb_ts=0.203 leg=R idx=5 cmd=[-0.4746 0.5501 1.9512 -0.8078 -0.0031 0.0261] meas=[-0.4832 0.5722 1.9328 -0.7593 -0.0031 0.0261] xyz=359.53,-188.64,23.32 track=0.0485
ts=41727.812 cmd_ts=0.250 fb_ts=0.250 leg=R idx=6 cmd=[-0.4684 0.5493 1.9616 -0.8174 -0.0031 0.0261] meas=[-0.4832 0.5722 1.9328 -0.7593 -0.0031 0.0261] xyz=359.53,-188.64,23.32 track=0.0580
ts=41727.859 cmd_ts=0.297 fb_ts=0.297 leg=R idx=7 cmd=[-0.4622 0.5483 1.9718 -0.8266 -0.0031 0.0261] meas=[-0.4832 0.5722 1.9328 -0.7593 -0.0031 0.0261] xyz=359.53,-188.64,23.32 track=0.0673
ts=41727.906 cmd_ts=0.344 fb_ts=0.344 leg=R idx=8 cmd=[-0.4559 0.5472 1.9818 -0.8355 -0.0031 0.0261] meas=[-0.4832 0.5722 1.9328 -0.7593 -0.0031 0.0261] xyz=359.53,-188.64,23.32 track=0.0762
ts=41727.968 cmd_ts=0.406 fb_ts=0.406 leg=R idx=9 cmd=[-0.4495 0.5461 1.9915 -0.8441 -0.0031 0.0261] meas=[-0.4832 0.5722 1.9328 -0.7593 -0.0031 0.0261] xyz=359.53,-188.64,23.32 track=0.0848
ts=41728.015 cmd_ts=0.453 fb_ts=0.453 leg=R idx=10 cmd=[-0.4431 0.5448 2.0011 -0.8523 -0.0031 0.0261] meas=[-0.4832 0.5722 1.9328 -0.7593 -0.0031 0.0261] xyz=359.53,-188.64,23.32 track=0.0930
ts=41728.062 cmd_ts=0.500 fb_ts=0.500 leg=R idx=11 cmd=[-0.4366 0.5433 2.0104 -0.8602 -0.0031 0.0261] meas=[-0.4832 0.5722 1.9328 -0.7593 -0.0031 0.0261] xyz=359.53,-188.64,23.32 track=0.1009
ts=41728.109 cmd_ts=0.547 fb_ts=0.547 leg=R idx=12 cmd=[-0.4301 0.5418 2.0195 -0.8677 -0.0031 0.0261] meas=[-0.4832 0.5722 1.9328 -0.7593 -0.0031 0.0261] xyz=359.53,-188.64,23.32 track=0.1084
ts=41728.171 cmd_ts=0.609 fb_ts=0.609 leg=R idx=13 cmd=[-0.4235 0.5401 2.0283 -0.8749 -0.0031 0.0261] meas=[-0.4832 0.5722 1.9328 -0.7593 -0.0031 0.0261] xyz=359.53,-188.64,23.32 track=0.1156
ts=41728.203 cmd_ts=0.641 fb_ts=0.641 leg=R idx=14 cmd=[-0.4168 0.5382 2.0369 -0.8817 -0.0031 0.0261] meas=[-0.4832 0.5722 1.9328 -0.7593 -0.0031 0.0261] xyz=359.53,-188.64,23.32 track=0.1223
ts=41728.265 cmd_ts=0.703 fb_ts=0.703 leg=R idx=15 cmd=[-0.4101 0.5363 2.0453 -0.8881 -0.0031 0.0261] meas=[-0.4832 0.5722 1.9328 -0.7593 -0.0031 0.0261] xyz=359.53,-188.64,23.32 track=0.1287
ts=41728.312 cmd_ts=0.750 fb_ts=0.750 leg=R idx=16 cmd=[-0.4034 0.5341 2.0535 -0.8941 -0.0031 0.0261] meas=[-0.4832 0.5722 1.9436 -0.7808 -0.0031 0.0261] xyz=358.83,-188.27,24.20 track=0.1133
ts=41728.375 cmd_ts=0.813 fb_ts=0.813 leg=R idx=17 cmd=[-0.3966 0.5319 2.0614 -0.8997 -0.0031 0.0261] meas=[-0.4817 0.5722 1.9635 -0.7977 -0.0031 0.0261] xyz=356.92,-186.57,22.02 track=0.1020
ts=41728.406 cmd_ts=0.844 fb_ts=0.844 leg=R idx=18 cmd=[-0.3898 0.5294 2.0690 -0.9049 -0.0031 0.0261] meas=[-0.4709 0.5722 1.9788 -0.8176 -0.0031 0.0261] xyz=357.44,-181.99,21.54 track=0.0902
ts=41728.468 cmd_ts=0.906 fb_ts=0.906 leg=R idx=19 cmd=[-0.3829 0.5269 2.0764 -0.9097 -0.0031 0.0261] meas=[-0.4602 0.5722 2.0003 -0.8376 -0.0031 0.0261] xyz=356.99,-176.96,19.58 track=0.0773
ts=41728.500 cmd_ts=0.938 fb_ts=0.938 leg=R idx=20 cmd=[-0.3760 0.5241 2.0835 -0.9141 -0.0031 0.0261] meas=[-0.4510 0.5722 2.0172 -0.8498 -0.0031 0.0261] xyz=356.57,-172.68,17.52 track=0.0750
ts=41728.578 cmd_ts=1.016 fb_ts=1.016 leg=R idx=21 cmd=[-0.3691 0.5212 2.0904 -0.9181 -0.0031 0.0261] meas=[-0.4357 0.5722 2.0371 -0.8636 -0.0031 0.0261] xyz=356.70,-166.04,15.01 track=0.0666
ts=41728.609 cmd_ts=1.047 fb_ts=1.047 leg=R idx=22 cmd=[-0.3621 0.5181 2.0970 -0.9216 -0.0031 0.0261] meas=[-0.4218 0.5722 2.0540 -0.8805 -0.0031 0.0261] xyz=357.03,-160.23,13.79 track=0.0598
ts=41728.656 cmd_ts=1.094 fb_ts=1.094 leg=R idx=23 cmd=[-0.3551 0.5149 2.1034 -0.9247 -0.0031 0.0261] meas=[-0.4065 0.5722 2.0739 -0.8912 -0.0031 0.0261] xyz=356.76,-153.58,10.86 track=0.0573
ts=41728.718 cmd_ts=1.156 fb_ts=1.156 leg=R idx=24 cmd=[-0.3481 0.5115 2.1094 -0.9274 -0.0031 0.0261] meas=[-0.3973 0.5722 2.0847 -0.8974 -0.0031 0.0261] xyz=356.70,-149.68,9.37 track=0.0607
ts=41728.765 cmd_ts=1.203 fb_ts=1.203 leg=R idx=25 cmd=[-0.3410 0.5079 2.1152 -0.9296 -0.0031 0.0261] meas=[-0.3896 0.5722 2.0877 -0.9035 -0.0031 0.0261] xyz=357.61,-146.84,9.67 track=0.0643
ts=41728.812 cmd_ts=1.250 fb_ts=1.250 leg=R idx=26 cmd=[-0.3340 0.5041 2.1207 -0.9314 -0.0031 0.0261] meas=[-0.3789 0.5722 2.1016 -0.9097 -0.0031 0.0261] xyz=357.19,-142.21,7.49 track=0.0680
ts=41728.859 cmd_ts=1.297 fb_ts=1.297 leg=R idx=27 cmd=[-0.3269 0.5002 2.1260 -0.9327 -0.0031 0.0261] meas=[-0.3728 0.5722 2.1031 -0.9097 -0.0031 0.0261] xyz=357.80,-139.92,7.13 track=0.0720
ts=41728.921 cmd_ts=1.359 fb_ts=1.359 leg=R idx=28 cmd=[-0.3198 0.4961 2.1309 -0.9335 -0.0031 0.0261] meas=[-0.3666 0.5722 2.1092 -0.9097 -0.0031 0.0261] xyz=357.65,-137.33,5.72 track=0.0761
ts=41728.953 cmd_ts=1.391 fb_ts=1.391 leg=R idx=29 cmd=[-0.3127 0.4918 2.1356 -0.9339 -0.0031 0.0261] meas=[-0.3543 0.5706 2.1184 -0.9173 -0.0031 0.0261] xyz=358.11,-132.49,5.47 track=0.0788
ts=41729.015 cmd_ts=1.453 fb_ts=1.453 leg=R idx=30 cmd=[-0.3056 0.4874 2.1399 -0.9338 -0.0031 0.0261] meas=[-0.3497 0.5706 2.1230 -0.9173 -0.0031 0.0261] xyz=357.94,-130.56,4.41 track=0.0833
ts=41729.062 cmd_ts=1.500 fb_ts=1.500 leg=R idx=31 cmd=[-0.2985 0.4828 2.1440 -0.9332 -0.0031 0.0261] meas=[-0.3405 0.5706 2.1338 -0.9189 -0.0031 0.0261] xyz=357.38,-126.64,2.23 track=0.0879
ts=41729.125 cmd_ts=1.563 fb_ts=1.563 leg=R idx=32 cmd=[-0.2915 0.4780 2.1477 -0.9322 -0.0031 0.0261] meas=[-0.3344 0.5706 2.1338 -0.9189 -0.0031 0.0261] xyz=358.15,-124.44,2.23 track=0.0927
ts=41729.156 cmd_ts=1.594 fb_ts=1.594 leg=R idx=33 cmd=[-0.2844 0.4730 2.1512 -0.9306 -0.0031 0.0261] meas=[-0.3283 0.5691 2.1384 -0.9189 -0.0031 0.0261] xyz=358.12,-121.97,1.77 track=0.0961
ts=41729.218 cmd_ts=1.656 fb_ts=1.656 leg=R idx=34 cmd=[-0.2773 0.4678 2.1543 -0.9286 -0.0031 0.0261] meas=[-0.3237 0.5691 2.1399 -0.9189 -0.0031 0.0261] xyz=358.41,-120.23,1.43 track=0.1013
ts=41729.250 cmd_ts=1.688 fb_ts=1.688 leg=R idx=35 cmd=[-0.2702 0.4625 2.1571 -0.9261 -0.0031 0.0261] meas=[-0.3129 0.5691 2.1476 -0.9189 -0.0031 0.0261] xyz=358.35,-115.95,-0.29 track=0.1066
ts=41729.328 cmd_ts=1.766 fb_ts=1.766 leg=R idx=36 cmd=[-0.2632 0.4570 2.1596 -0.9231 -0.0031 0.0261] meas=[-0.3068 0.5660 2.1491 -0.9189 -0.0031 0.0261] xyz=358.78,-113.66,0.52 track=0.1090
ts=41729.359 cmd_ts=1.797 fb_ts=1.797 leg=R idx=37 cmd=[-0.2562 0.4514 2.1618 -0.9197 -0.0031 0.0261] meas=[-0.2976 0.5599 2.1552 -0.9189 -0.0031 0.0261] xyz=358.73,-110.02,1.45 track=0.1085
ts=41729.421 cmd_ts=1.859 fb_ts=1.859 leg=R idx=38 cmd=[-0.2492 0.4456 2.1637 -0.9157 -0.0031 0.0261] meas=[-0.2945 0.5553 2.1568 -0.9189 -0.0031 0.0261] xyz=358.79,-108.84,2.83 track=0.1097
ts=41729.453 cmd_ts=1.891 fb_ts=1.906 leg=R idx=39 cmd=[-0.2422 0.4396 2.1652 -0.9112 -0.0031 0.0261] meas=[-0.2853 0.5492 2.1583 -0.9189 -0.0031 0.0261] xyz=359.49,-105.45,4.79 track=0.1096
ts=41729.515 cmd_ts=1.953 fb_ts=1.953 leg=R idx=40 cmd=[-0.2353 0.4335 2.1664 -0.9063 -0.0031 0.0261] meas=[-0.2807 0.5461 2.1614 -0.9189 -0.0031 0.0261] xyz=359.42,-103.63,5.24 track=0.1126
ts=41729.562 cmd_ts=2.000 fb_ts=2.000 leg=R idx=41 cmd=[-0.2284 0.4272 2.1672 -0.9009 -0.0031 0.0261] meas=[-0.2761 0.5430 2.1614 -0.9189 -0.0031 0.0261] xyz=359.87,-101.97,6.39 track=0.1158
ts=41729.625 cmd_ts=2.063 fb_ts=2.063 leg=R idx=42 cmd=[-0.2215 0.4208 2.1677 -0.8950 -0.0031 0.0261] meas=[-0.2638 0.5369 2.1644 -0.9173 -0.0031 0.0261] xyz=360.45,-97.37,7.74 track=0.1161
ts=41729.656 cmd_ts=2.094 fb_ts=2.094 leg=R idx=43 cmd=[-0.2147 0.4142 2.1679 -0.8886 -0.0031 0.0261] meas=[-0.2577 0.5308 2.1644 -0.9127 -0.0031 0.0261] xyz=360.77,-95.09,9.27 track=0.1165
ts=41729.718 cmd_ts=2.156 fb_ts=2.156 leg=R idx=44 cmd=[-0.2079 0.4075 2.1677 -0.8818 -0.0031 0.0261] meas=[-0.2531 0.5262 2.1644 -0.9112 -0.0031 0.0261] xyz=361.08,-93.40,10.73 track=0.1186
ts=41729.765 cmd_ts=2.203 fb_ts=2.203 leg=R idx=45 cmd=[-0.2012 0.4007 2.1672 -0.8744 -0.0031 0.0261] meas=[-0.2439 0.5139 2.1690 -0.9004 -0.0031 0.0261] xyz=360.48,-89.71,12.48 track=0.1132
ts=41729.812 cmd_ts=2.250 fb_ts=2.250 leg=R idx=46 cmd=[-0.1946 0.3938 2.1664 -0.8666 -0.0031 0.0261] meas=[-0.2393 0.5077 2.1690 -0.8958 -0.0031 0.0261] xyz=360.59,-87.97,13.99 track=0.1140
ts=41729.859 cmd_ts=2.297 fb_ts=2.313 leg=R idx=47 cmd=[-0.1880 0.3867 2.1652 -0.8584 -0.0031 0.0261] meas=[-0.2332 0.5047 2.1706 -0.8928 -0.0031 0.0261] xyz=360.66,-85.65,14.27 track=0.1179
ts=41729.906 cmd_ts=2.344 fb_ts=2.359 leg=R idx=48 cmd=[-0.1814 0.3796 2.1636 -0.8497 -0.0031 0.0261] meas=[-0.2240 0.4985 2.1721 -0.8805 -0.0031 0.0261] xyz=360.48,-82.11,14.17 track=0.1190
ts=41729.953 cmd_ts=2.391 fb_ts=2.391 leg=R idx=49 cmd=[-0.1749 0.3723 2.1617 -0.8405 -0.0031 0.0261] meas=[-0.2178 0.4909 2.1721 -0.8744 -0.0031 0.0261] xyz=360.57,-79.81,15.99 track=0.1185
ts=41730.015 cmd_ts=2.453 fb_ts=2.453 leg=R idx=50 cmd=[-0.1685 0.3650 2.1594 -0.8309 -0.0031 0.0261] meas=[-0.2132 0.4863 2.1721 -0.8698 -0.0031 0.0261] xyz=360.63,-78.08,16.94 track=0.1213
ts=41730.062 cmd_ts=2.500 fb_ts=2.500 leg=R idx=51 cmd=[-0.1622 0.3576 2.1568 -0.8209 -0.0031 0.0261] meas=[-0.2025 0.4725 2.1721 -0.8575 -0.0031 0.0261] xyz=360.59,-74.03,20.00 track=0.1149
ts=41730.109 cmd_ts=2.547 fb_ts=2.563 leg=R idx=52 cmd=[-0.1559 0.3501 2.1538 -0.8104 -0.0031 0.0261] meas=[-0.1963 0.4663 2.1721 -0.8498 -0.0031 0.0261] xyz=360.54,-71.72,21.00 track=0.1162
ts=41730.156 cmd_ts=2.594 fb_ts=2.609 leg=R idx=53 cmd=[-0.1498 0.3425 2.1505 -0.7995 -0.0031 0.0261] meas=[-0.1887 0.4587 2.1721 -0.8376 -0.0031 0.0261] xyz=360.30,-68.80,21.79 track=0.1161
ts=41730.218 cmd_ts=2.656 fb_ts=2.656 leg=R idx=54 cmd=[-0.1437 0.3349 2.1468 -0.7882 -0.0031 0.0261] meas=[-0.1856 0.4541 2.1721 -0.8299 -0.0031 0.0261] xyz=360.02,-67.60,22.22 track=0.1191
ts=41730.265 cmd_ts=2.703 fb_ts=2.703 leg=R idx=55 cmd=[-0.1376 0.3273 2.1427 -0.7765 -0.0031 0.0261] meas=[-0.1810 0.4510 2.1721 -0.8253 -0.0031 0.0261] xyz=360.03,-65.89,22.59 track=0.1237
ts=41730.312 cmd_ts=2.750 fb_ts=2.750 leg=R idx=56 cmd=[-0.1317 0.3196 2.1383 -0.7644 -0.0031 0.0261] meas=[-0.1764 0.4418 2.1721 -0.8161 -0.0031 0.0261] xyz=359.64,-64.11,24.44 track=0.1222
ts=41730.359 cmd_ts=2.797 fb_ts=2.797 leg=R idx=57 cmd=[-0.1259 0.3119 2.1336 -0.7520 -0.0031 0.0261] meas=[-0.1657 0.4295 2.1721 -0.7992 -0.0031 0.0261] xyz=359.13,-60.05,26.15 track=0.1176
ts=41730.421 cmd_ts=2.859 fb_ts=2.859 leg=R idx=58 cmd=[-0.1201 0.3042 2.1285 -0.7391 -0.0031 0.0261] meas=[-0.1595 0.4218 2.1721 -0.7885 -0.0031 0.0261] xyz=358.73,-57.72,27.18 track=0.1177
ts=41730.453 cmd_ts=2.891 fb_ts=2.906 leg=R idx=59 cmd=[-0.1145 0.2965 2.1230 -0.7260 -0.0031 0.0261] meas=[-0.1519 0.4096 2.1721 -0.7747 -0.0031 0.0261] xyz=358.09,-54.80,29.37 track=0.1131
ts=41730.515 cmd_ts=2.953 fb_ts=2.953 leg=R idx=60 cmd=[-0.1089 0.2887 2.1172 -0.7124 -0.0031 0.0261] meas=[-0.1488 0.4050 2.1721 -0.7639 -0.0031 0.0261] xyz=357.55,-53.60,29.28 track=0.1162
ts=41730.562 cmd_ts=3.000 fb_ts=3.000 leg=R idx=61 cmd=[-0.1035 0.2810 2.1110 -0.6985 -0.0031 0.0261] meas=[-0.1457 0.3988 2.1721 -0.7578 -0.0031 0.0261] xyz=357.20,-52.43,30.50 track=0.1178
ts=41730.609 cmd_ts=3.047 fb_ts=3.047 leg=R idx=62 cmd=[-0.0982 0.2733 2.1045 -0.6843 -0.0031 0.0261] meas=[-0.1381 0.3896 2.1660 -0.7378 -0.0031 0.0261] xyz=357.29,-49.64,32.05 track=0.1163
ts=41730.671 cmd_ts=3.109 fb_ts=3.109 leg=R idx=63 cmd=[-0.0929 0.2657 2.0977 -0.6698 -0.0031 0.0261] meas=[-0.1335 0.3835 2.1598 -0.7271 -0.0031 0.0261] xyz=357.80,-48.04,34.01 track=0.1178
ts=41730.718 cmd_ts=3.156 fb_ts=3.172 leg=R idx=64 cmd=[-0.0878 0.2581 2.0904 -0.6550 -0.0031 0.0261] meas=[-0.1243 0.3712 2.1476 -0.7102 -0.0031 0.0261] xyz=358.97,-44.83,38.71 track=0.1131
ts=41730.765 cmd_ts=3.203 fb_ts=3.203 leg=R idx=65 cmd=[-0.0828 0.2505 2.0829 -0.6399 -0.0031 0.0261] meas=[-0.1212 0.3651 2.1445 -0.6995 -0.0031 0.0261] xyz=358.82,-43.70,39.93 track=0.1146
ts=41730.812 cmd_ts=3.250 fb_ts=3.250 leg=R idx=66 cmd=[-0.0779 0.2430 2.0750 -0.6245 -0.0031 0.0261] meas=[-0.1181 0.3605 2.1414 -0.6918 -0.0031 0.0261] xyz=358.87,-42.59,41.10 track=0.1175
ts=41730.859 cmd_ts=3.297 fb_ts=3.297 leg=R idx=67 cmd=[-0.0731 0.2356 2.0668 -0.6089 -0.0031 0.0261] meas=[-0.1135 0.3543 2.1368 -0.6811 -0.0031 0.0261] xyz=359.01,-40.93,42.72 track=0.1187
ts=41730.921 cmd_ts=3.359 fb_ts=3.359 leg=R idx=68 cmd=[-0.0685 0.2283 2.0582 -0.5929 -0.0031 0.0261] meas=[-0.1058 0.3436 2.1261 -0.6565 -0.0031 0.0261] xyz=359.31,-38.17,45.29 track=0.1153
ts=41730.953 cmd_ts=3.391 fb_ts=3.391 leg=R idx=69 cmd=[-0.0639 0.2210 2.0493 -0.5768 -0.0031 0.0261] meas=[-0.0997 0.3359 2.1184 -0.6443 -0.0031 0.0261] xyz=359.79,-35.99,48.01 track=0.1149
ts=41731.015 cmd_ts=3.453 fb_ts=3.453 leg=R idx=70 cmd=[-0.0595 0.2139 2.0400 -0.5604 -0.0031 0.0261] meas=[-0.0966 0.3298 2.1138 -0.6351 -0.0031 0.0261] xyz=359.87,-34.89,49.90 track=0.1159
ts=41731.062 cmd_ts=3.500 fb_ts=3.500 leg=R idx=71 cmd=[-0.0553 0.2068 2.0305 -0.5438 -0.0031 0.0261] meas=[-0.0905 0.3206 2.1016 -0.6105 -0.0031 0.0261] xyz=360.29,-32.70,52.38 track=0.1138
ts=41731.125 cmd_ts=3.563 fb_ts=3.563 leg=R idx=72 cmd=[-0.0511 0.1999 2.0206 -0.5269 -0.0031 0.0261] meas=[-0.0874 0.3160 2.0954 -0.5983 -0.0031 0.0261] xyz=360.47,-31.60,53.63 track=0.1161
ts=41731.156 cmd_ts=3.594 fb_ts=3.609 leg=R idx=73 cmd=[-0.0471 0.1931 2.0104 -0.5099 -0.0031 0.0261] meas=[-0.0828 0.3037 2.0862 -0.5768 -0.0031 0.0261] xyz=360.25,-29.91,56.96 track=0.1107
ts=41731.218 cmd_ts=3.656 fb_ts=3.656 leg=R idx=74 cmd=[-0.0432 0.1864 1.9998 -0.4927 -0.0031 0.0261] meas=[-0.0798 0.3007 2.0770 -0.5630 -0.0031 0.0261] xyz=360.87,-28.85,58.23 track=0.1143
ts=41731.250 cmd_ts=3.688 fb_ts=3.688 leg=R idx=75 cmd=[-0.0394 0.1798 1.9890 -0.4753 -0.0031 0.0261] meas=[-0.0767 0.2945 2.0724 -0.5538 -0.0031 0.0261] xyz=360.82,-27.73,60.16 track=0.1147
ts=41731.328 cmd_ts=3.766 fb_ts=3.766 leg=R idx=76 cmd=[-0.0358 0.1734 1.9778 -0.4577 -0.0031 0.0261] meas=[-0.0736 0.2869 2.0647 -0.5415 -0.0031 0.0261] xyz=360.97,-26.63,62.97 track=0.1134
ts=41731.359 cmd_ts=3.797 fb_ts=3.797 leg=R idx=77 cmd=[-0.0323 0.1672 1.9663 -0.4400 -0.0031 0.0261] meas=[-0.0690 0.2792 2.0494 -0.5139 -0.0031 0.0261] xyz=361.47,-24.99,65.33 track=0.1120
ts=41731.406 cmd_ts=3.844 fb_ts=3.844 leg=R idx=78 cmd=[-0.0290 0.1611 1.9546 -0.4221 -0.0031 0.0261] meas=[-0.0660 0.2715 2.0402 -0.4985 -0.0031 0.0261] xyz=361.61,-23.89,68.08 track=0.1105
ts=41731.468 cmd_ts=3.906 fb_ts=3.906 leg=R idx=79 cmd=[-0.0258 0.1551 1.9425 -0.4041 -0.0031 0.0261] meas=[-0.0598 0.2608 2.0264 -0.4755 -0.0031 0.0261] xyz=361.82,-21.67,71.96 track=0.1057
ts=41731.515 cmd_ts=3.953 fb_ts=3.953 leg=R idx=80 cmd=[-0.0227 0.1493 1.9301 -0.3859 -0.0031 0.0261] meas=[-0.0583 0.2562 2.0187 -0.4617 -0.0031 0.0261] xyz=361.91,-21.12,73.46 track=0.1068
ts=41731.562 cmd_ts=4.000 fb_ts=4.000 leg=R idx=81 cmd=[-0.0198 0.1437 1.9174 -0.3676 -0.0031 0.0261] meas=[-0.0552 0.2531 2.0110 -0.4510 -0.0031 0.0261] xyz=362.29,-20.03,74.92 track=0.1094
ts=41731.609 cmd_ts=4.047 fb_ts=4.047 leg=R idx=82 cmd=[-0.0170 0.1383 1.9044 -0.3492 -0.0031 0.0261] meas=[-0.0491 0.2454 1.9926 -0.4249 -0.0031 0.0261] xyz=363.07,-17.84,78.52 track=0.1071
ts=41731.671 cmd_ts=4.109 fb_ts=4.109 leg=R idx=83 cmd=[-0.0143 0.1331 1.8911 -0.3307 -0.0031 0.0261] meas=[-0.0476 0.2439 1.9819 -0.4096 -0.0031 0.0261] xyz=363.68,-17.31,79.56 track=0.1108
ts=41731.718 cmd_ts=4.156 fb_ts=4.172 leg=R idx=84 cmd=[-0.0118 0.1280 1.8776 -0.3120 -0.0031 0.0261] meas=[-0.0430 0.2332 1.9666 -0.3866 -0.0031 0.0261] xyz=363.78,-15.63,83.99 track=0.1052
ts=41731.750 cmd_ts=4.188 fb_ts=4.203 leg=R idx=85 cmd=[-0.0095 0.1231 1.8637 -0.2933 -0.0031 0.0261] meas=[-0.0414 0.2286 1.9574 -0.3712 -0.0031 0.0261] xyz=363.85,-15.08,85.74 track=0.1054
ts=41731.812 cmd_ts=4.250 fb_ts=4.250 leg=R idx=86 cmd=[-0.0073 0.1185 1.8496 -0.2745 -0.0031 0.0261] meas=[-0.0399 0.2255 1.9497 -0.3605 -0.0031 0.0261] xyz=364.08,-14.53,87.27 track=0.1070
ts=41731.859 cmd_ts=4.297 fb_ts=4.297 leg=R idx=87 cmd=[-0.0053 0.1140 1.8351 -0.2556 -0.0031 0.0261] meas=[-0.0353 0.2209 1.9420 -0.3467 -0.0031 0.0261] xyz=364.02,-12.85,88.86 track=0.1069
ts=41731.921 cmd_ts=4.359 fb_ts=4.359 leg=R idx=88 cmd=[-0.0033 0.1097 1.8204 -0.2366 -0.0031 0.0261] meas=[-0.0337 0.2132 1.9205 -0.3160 -0.0031 0.0261] xyz=364.53,-12.31,92.75 track=0.1035
ts=41731.953 cmd_ts=4.391 fb_ts=4.391 leg=R idx=89 cmd=[-0.0016 0.1056 1.8055 -0.2176 -0.0031 0.0261] meas=[-0.0307 0.2071 1.9083 -0.3007 -0.0031 0.0261] xyz=364.75,-11.19,96.00 track=0.1028
ts=41732.015 cmd_ts=4.453 fb_ts=4.453 leg=R idx=90 cmd=[0.0000 0.1018 1.7902 -0.1985 -0.0031 0.0261] meas=[-0.0291 0.2040 1.9006 -0.2884 -0.0031 0.0261] xyz=364.79,-10.64,97.32 track=0.1104
ts=41732.062 cmd_ts=4.500 fb_ts=4.500 leg=R idx=91 cmd=[0.0015 0.0981 1.7747 -0.1793 -0.0031 0.0261] meas=[-0.0261 0.1979 1.8791 -0.2608 -0.0031 0.0261] xyz=365.42,-9.53,101.25 track=0.1044
ts=41732.109 cmd_ts=4.547 fb_ts=4.547 leg=R idx=92 cmd=[0.0028 0.0947 1.7589 -0.1601 -0.0031 0.0261] meas=[-0.0245 0.1948 1.8669 -0.2424 -0.0031 0.0261] xyz=365.63,-8.98,102.93 track=0.1080
ts=41732.171 cmd_ts=4.609 fb_ts=4.609 leg=R idx=93 cmd=[0.0039 0.0915 1.7428 -0.1408 -0.0031 0.0261] meas=[-0.0215 0.1902 1.8469 -0.2178 -0.0031 0.0261] xyz=366.24,-7.87,106.42 track=0.1041
ts=41732.218 cmd_ts=4.656 fb_ts=4.656 leg=R idx=94 cmd=[0.0049 0.0885 1.7265 -0.1215 -0.0031 0.0261] meas=[-0.0199 0.1856 1.8346 -0.2025 -0.0031 0.0261] xyz=366.37,-7.31,109.20 track=0.1081
ts=41732.250 cmd_ts=4.688 fb_ts=4.688 leg=R idx=95 cmd=[0.0058 0.0857 1.7099 -0.1021 -0.0031 0.0261] meas=[-0.0199 0.1841 1.8239 -0.1917 -0.0031 0.0261] xyz=366.87,-7.32,111.16 track=0.1140
ts=41732.312 cmd_ts=4.750 fb_ts=4.750 leg=R idx=96 cmd=[0.0064 0.0831 1.6930 -0.0827 -0.0031 0.0261] meas=[-0.0184 0.1825 1.8132 -0.1779 -0.0031 0.0261] xyz=367.19,-6.76,112.63 track=0.1201
ts=41732.375 cmd_ts=4.813 fb_ts=4.813 leg=R idx=97 cmd=[0.0070 0.0808 1.6759 -0.0632 -0.0031 0.0261] meas=[-0.0169 0.1779 1.7902 -0.1473 -0.0031 0.0261] xyz=367.57,-6.20,116.12 track=0.1142
ts=41732.406 cmd_ts=4.844 fb_ts=4.859 leg=R idx=98 cmd=[0.0074 0.0787 1.6585 -0.0437 -0.0031 0.0261] meas=[-0.0153 0.1733 1.7656 -0.1181 -0.0031 0.0261] xyz=368.10,-5.65,120.35 track=0.1071
ts=41732.468 cmd_ts=4.906 fb_ts=4.906 leg=R idx=99 cmd=[0.0076 0.0768 1.6409 -0.0242 -0.0031 0.0261] meas=[-0.0153 0.1718 1.7564 -0.1058 -0.0031 0.0261] xyz=368.22,-5.65,121.66 track=0.1155
ts=41732.515 cmd_ts=4.953 fb_ts=4.953 leg=R idx=100 cmd=[0.0077 0.0752 1.6230 -0.0046 -0.0031 0.0261] meas=[-0.0153 0.1718 1.7472 -0.0951 -0.0031 0.0261] xyz=368.59,-5.65,122.66 track=0.1242
