# 2026-08-25T21:17:09.281123+00:00  tag=run11  port=COM21  sdk=C:\Users\Mukund\AppData\Local\Programs\Python\Python312\Lib\site-packages\roarm_sdk  ik=C:\Users\Mukund\Documents\Ro-Arm\roarm_sdk\waveshare_ik.py  home_xyz=[360.00 1.10 180.40]  constX=360.00  envelope=3.0deg sweep_max=10.0s move_tol=0.5deg progress_tol=0.1deg progress_stable=2 resume_tol=3.36deg
# attempt 1: M=[0.0031 0.0767 1.6230 -0.0046 -0.0031 0.0261]  i_target=2  max_disp=2.240 deg  per_joint=[0.02 0.20 2.04 2.24 0.00] deg
t=0.000 att=1 phase=pump idx=0 cmd=[0.0031 0.0767 1.6230 -0.0046 -0.0031 0.0261] meas=[0.0031 0.0767 1.6230 -0.0046 -0.0031 0.0261] moved=0.000 dist_tgt=2.240
t=0.000 att=1 phase=pump idx=1 cmd=[0.0031 0.0768 1.6240 -0.0057 -0.0031 0.0261] meas=[0.0031 0.0767 1.6230 -0.0046 -0.0031 0.0261] moved=0.000 dist_tgt=2.240
t=0.110 att=1 phase=pump idx=2 cmd=[0.0031 0.0769 1.6250 -0.0068 -0.0031 0.0261] meas=[0.0031 0.0767 1.6230 -0.0046 -0.0031 0.0261] moved=0.000 dist_tgt=2.240
t=0.110 att=1 phase=pump idx=3 cmd=[0.0031 0.0770 1.6260 -0.0080 -0.0031 0.0261] meas=[0.0031 0.0767 1.6230 -0.0046 -0.0031 0.0261] moved=0.000 dist_tgt=2.240
t=0.157 att=1 phase=pump idx=4 cmd=[0.0031 0.0771 1.6270 -0.0091 -0.0031 0.0261] meas=[0.0031 0.0767 1.6230 -0.0046 -0.0031 0.0261] moved=0.000 dist_tgt=2.240
t=0.188 att=1 phase=pump idx=5 cmd=[0.0030 0.0772 1.6281 -0.0102 -0.0031 0.0261] meas=[0.0031 0.0767 1.6230 -0.0046 -0.0031 0.0261] moved=0.000 dist_tgt=2.240
t=0.250 att=1 phase=pump idx=6 cmd=[0.0030 0.0773 1.6291 -0.0113 -0.0031 0.0261] meas=[0.0031 0.0767 1.6230 -0.0046 -0.0031 0.0261] moved=0.000 dist_tgt=2.240
t=0.313 att=1 phase=pump idx=7 cmd=[0.0030 0.0774 1.6301 -0.0124 -0.0031 0.0261] meas=[0.0031 0.0767 1.6230 -0.0046 -0.0031 0.0261] moved=0.000 dist_tgt=2.240
t=0.344 att=1 phase=pump idx=8 cmd=[0.0030 0.0775 1.6311 -0.0136 -0.0031 0.0261] meas=[0.0031 0.0767 1.6230 -0.0046 -0.0031 0.0261] moved=0.000 dist_tgt=2.240
t=0.407 att=1 phase=pump idx=9 cmd=[0.0030 0.0776 1.6322 -0.0147 -0.0031 0.0261] meas=[0.0031 0.0767 1.6230 -0.0046 -0.0031 0.0261] moved=0.000 dist_tgt=2.240
t=0.453 att=1 phase=pump idx=10 cmd=[0.0030 0.0777 1.6332 -0.0158 -0.0031 0.0261] meas=[0.0031 0.0767 1.6230 -0.0046 -0.0031 0.0261] moved=0.000 dist_tgt=2.240
t=0.500 att=1 phase=pump idx=11 cmd=[0.0030 0.0777 1.6342 -0.0169 -0.0031 0.0261] meas=[0.0031 0.0767 1.6230 -0.0046 -0.0031 0.0261] moved=0.000 dist_tgt=2.240
t=0.547 att=1 phase=pump idx=12 cmd=[0.0030 0.0778 1.6352 -0.0180 -0.0031 0.0261] meas=[0.0031 0.0767 1.6230 -0.0046 -0.0031 0.0261] moved=0.000 dist_tgt=2.240
t=0.594 att=1 phase=pump idx=13 cmd=[0.0030 0.0779 1.6363 -0.0191 -0.0031 0.0261] meas=[0.0031 0.0767 1.6230 -0.0046 -0.0031 0.0261] moved=0.000 dist_tgt=2.240
t=0.657 att=1 phase=pump idx=14 cmd=[0.0030 0.0780 1.6373 -0.0203 -0.0031 0.0261] meas=[0.0031 0.0767 1.6230 -0.0046 -0.0031 0.0261] moved=0.000 dist_tgt=2.240
t=0.703 att=1 phase=pump idx=15 cmd=[0.0030 0.0781 1.6383 -0.0214 -0.0031 0.0261] meas=[0.0031 0.0767 1.6230 -0.0046 -0.0031 0.0261] moved=0.000 dist_tgt=2.240
t=0.750 att=1 phase=pump idx=16 cmd=[0.0030 0.0782 1.6393 -0.0225 -0.0031 0.0261] meas=[0.0031 0.0767 1.6230 -0.0046 -0.0031 0.0261] moved=0.000 dist_tgt=2.240
t=0.797 att=1 phase=pump idx=17 cmd=[0.0030 0.0783 1.6403 -0.0236 -0.0031 0.0261] meas=[0.0031 0.0767 1.6230 -0.0046 -0.0031 0.0261] moved=0.000 dist_tgt=2.240
t=0.860 att=1 phase=pump idx=18 cmd=[0.0030 0.0784 1.6414 -0.0247 -0.0031 0.0261] meas=[0.0031 0.0767 1.6230 -0.0046 -0.0031 0.0261] moved=0.000 dist_tgt=2.240
t=0.891 att=1 phase=pump idx=19 cmd=[0.0030 0.0785 1.6424 -0.0258 -0.0031 0.0261] meas=[0.0031 0.0767 1.6230 -0.0046 -0.0031 0.0261] moved=0.000 dist_tgt=2.240
t=0.953 att=1 phase=pump idx=20 cmd=[0.0030 0.0786 1.6434 -0.0270 -0.0031 0.0261] meas=[0.0031 0.0767 1.6230 -0.0046 -0.0031 0.0261] moved=0.000 dist_tgt=2.240
t=1.000 att=1 phase=pump idx=21 cmd=[0.0029 0.0787 1.6444 -0.0281 -0.0031 0.0261] meas=[0.0031 0.0982 1.6352 -0.0046 -0.0031 0.0261] moved=1.230 dist_tgt=2.240
t=1.047 att=1 phase=pump idx=22 cmd=[0.0029 0.0789 1.6454 -0.0292 -0.0031 0.0261] meas=[0.0031 0.1043 1.6368 -0.0046 -0.0031 0.0261] moved=1.582 dist_tgt=2.240
t=1.110 att=1 phase=pump idx=23 cmd=[0.0029 0.0790 1.6464 -0.0303 -0.0031 0.0261] meas=[0.0031 0.1043 1.6352 -0.0046 -0.0031 0.0261] moved=1.582 dist_tgt=2.240
t=1.141 att=1 phase=pump idx=24 cmd=[0.0029 0.0791 1.6474 -0.0314 -0.0031 0.0261] meas=[0.0031 0.1058 1.6368 -0.0046 -0.0031 0.0261] moved=1.670 dist_tgt=2.240
t=1.203 att=1 phase=pump idx=25 cmd=[0.0029 0.0792 1.6484 -0.0325 -0.0031 0.0261] meas=[0.0031 0.1058 1.6414 -0.0061 -0.0031 0.0261] moved=1.670 dist_tgt=2.152
t=1.250 att=1 phase=pump idx=26 cmd=[0.0029 0.0793 1.6494 -0.0337 -0.0031 0.0261] meas=[0.0031 0.1058 1.6429 -0.0061 -0.0031 0.0261] moved=1.670 dist_tgt=2.152
t=1.313 att=1 phase=pump idx=27 cmd=[0.0029 0.0794 1.6504 -0.0348 -0.0031 0.0261] meas=[0.0031 0.1058 1.6444 -0.0092 -0.0031 0.0261] moved=1.670 dist_tgt=1.976
t=1.344 att=1 phase=pump idx=28 cmd=[0.0029 0.0795 1.6514 -0.0359 -0.0031 0.0261] meas=[0.0031 0.1058 1.6460 -0.0092 -0.0031 0.0261] moved=1.670 dist_tgt=1.976
t=1.407 att=1 phase=pump idx=29 cmd=[0.0028 0.0796 1.6524 -0.0370 -0.0031 0.0261] meas=[0.0031 0.1058 1.6460 -0.0123 -0.0031 0.0261] moved=1.670 dist_tgt=1.800
t=1.453 att=1 phase=pump idx=30 cmd=[0.0028 0.0797 1.6534 -0.0381 -0.0031 0.0261] meas=[0.0031 0.1058 1.6521 -0.0123 -0.0031 0.0261] moved=1.670 dist_tgt=1.800
t=1.500 att=1 phase=pump idx=31 cmd=[0.0028 0.0798 1.6544 -0.0392 -0.0031 0.0261] meas=[0.0031 0.1058 1.6536 -0.0169 -0.0031 0.0261] moved=1.758 dist_tgt=1.537
t=1.547 att=1 phase=pump idx=32 cmd=[0.0028 0.0799 1.6555 -0.0403 -0.0031 0.0261] meas=[0.0031 0.1058 1.6536 -0.0169 -0.0031 0.0261] moved=1.758 dist_tgt=1.537
t=1.594 att=1 phase=pump idx=33 cmd=[0.0028 0.0801 1.6565 -0.0415 -0.0031 0.0261] meas=[0.0031 0.1058 1.6582 -0.0169 -0.0031 0.0261] moved=2.021 dist_tgt=1.537
t=1.657 att=1 phase=pump idx=34 cmd=[0.0028 0.0802 1.6575 -0.0426 -0.0031 0.0261] meas=[0.0031 0.1058 1.6598 -0.0184 -0.0031 0.0261] moved=2.109 dist_tgt=1.465
t=1.703 att=1 phase=pump idx=35 cmd=[0.0028 0.0803 1.6585 -0.0437 -0.0031 0.0261] meas=[0.0031 0.1058 1.6598 -0.0261 -0.0031 0.0261] moved=2.109 dist_tgt=1.465
# attempt 1: NO commit after pump (arm command-deaf); retrying from newly measured state
# attempt 2: M=[0.0031 0.1058 1.6644 -0.0261 -0.0031 0.0261]  i_target=3  max_disp=2.126 deg  per_joint=[0.04 1.34 0.66 2.13 0.00] deg
t=0.000 att=2 phase=pump idx=0 cmd=[0.0031 0.0767 1.6230 -0.0046 -0.0031 0.0261] meas=[0.0031 0.1058 1.6644 -0.0261 -0.0031 0.0261] moved=0.000 dist_tgt=2.126
t=0.000 att=2 phase=pump idx=1 cmd=[0.0031 0.0768 1.6245 -0.0063 -0.0031 0.0261] meas=[0.0031 0.1058 1.6644 -0.0261 -0.0031 0.0261] moved=0.000 dist_tgt=2.126
t=0.062 att=2 phase=pump idx=2 cmd=[0.0031 0.0770 1.6260 -0.0080 -0.0031 0.0261] meas=[0.0031 0.1058 1.6644 -0.0261 -0.0031 0.0261] moved=0.000 dist_tgt=2.126
t=0.093 att=2 phase=pump idx=3 cmd=[0.0030 0.0771 1.6276 -0.0096 -0.0031 0.0261] meas=[0.0031 0.1058 1.6644 -0.0261 -0.0031 0.0261] moved=0.000 dist_tgt=2.126
t=0.156 att=2 phase=pump idx=4 cmd=[0.0030 0.0773 1.6291 -0.0113 -0.0031 0.0261] meas=[0.0031 0.1058 1.6644 -0.0261 -0.0031 0.0261] moved=0.000 dist_tgt=2.126
t=0.203 att=2 phase=pump idx=5 cmd=[0.0030 0.0774 1.6306 -0.0130 -0.0031 0.0261] meas=[0.0031 0.1058 1.6644 -0.0169 -0.0031 0.0261] moved=0.527 dist_tgt=2.654
t=0.250 att=2 phase=pump idx=6 cmd=[0.0030 0.0776 1.6322 -0.0147 -0.0031 0.0261] meas=[0.0031 0.1058 1.6644 -0.0138 -0.0031 0.0261] moved=0.703 dist_tgt=2.829
t=0.297 att=2 phase=pump idx=7 cmd=[0.0030 0.0777 1.6337 -0.0163 -0.0031 0.0261] meas=[0.0031 0.1058 1.6644 -0.0138 -0.0031 0.0261] moved=0.703 dist_tgt=2.829
t=0.343 att=2 phase=pump idx=8 cmd=[0.0030 0.0778 1.6352 -0.0180 -0.0031 0.0261] meas=[0.0031 0.1058 1.6644 -0.0138 -0.0031 0.0261] moved=0.703 dist_tgt=2.829
t=0.406 att=2 phase=pump idx=9 cmd=[0.0030 0.0780 1.6368 -0.0197 -0.0031 0.0261] meas=[0.0031 0.1058 1.6644 -0.0138 -0.0031 0.0261] moved=0.703 dist_tgt=2.829
t=0.453 att=2 phase=pump idx=10 cmd=[0.0030 0.0781 1.6383 -0.0214 -0.0031 0.0261] meas=[0.0031 0.1058 1.6644 -0.0138 -0.0031 0.0261] moved=0.703 dist_tgt=2.829
t=0.500 att=2 phase=pump idx=11 cmd=[0.0030 0.0783 1.6398 -0.0231 -0.0031 0.0261] meas=[0.0031 0.1058 1.6644 -0.0138 -0.0031 0.0261] moved=0.703 dist_tgt=2.829
t=0.547 att=2 phase=pump idx=12 cmd=[0.0030 0.0784 1.6414 -0.0247 -0.0031 0.0261] meas=[0.0031 0.1058 1.6644 -0.0138 -0.0031 0.0261] moved=0.703 dist_tgt=2.829
t=0.609 att=2 phase=pump idx=13 cmd=[0.0030 0.0786 1.6429 -0.0264 -0.0031 0.0261] meas=[0.0031 0.1058 1.6644 -0.0138 -0.0031 0.0261] moved=0.703 dist_tgt=2.829
t=0.656 att=2 phase=pump idx=14 cmd=[0.0029 0.0787 1.6444 -0.0281 -0.0031 0.0261] meas=[0.0031 0.1058 1.6644 -0.0138 -0.0031 0.0261] moved=0.703 dist_tgt=2.829
t=0.687 att=2 phase=pump idx=15 cmd=[0.0029 0.0789 1.6459 -0.0297 -0.0031 0.0261] meas=[0.0031 0.1058 1.6644 -0.0138 -0.0031 0.0261] moved=0.703 dist_tgt=2.829
t=0.765 att=2 phase=pump idx=16 cmd=[0.0029 0.0791 1.6474 -0.0314 -0.0031 0.0261] meas=[0.0031 0.1058 1.6644 -0.0138 -0.0031 0.0261] moved=0.703 dist_tgt=2.829
t=0.797 att=2 phase=pump idx=17 cmd=[0.0029 0.0792 1.6489 -0.0331 -0.0031 0.0261] meas=[0.0031 0.1058 1.6644 -0.0138 -0.0031 0.0261] moved=0.703 dist_tgt=2.829
t=0.843 att=2 phase=pump idx=18 cmd=[0.0029 0.0794 1.6504 -0.0348 -0.0031 0.0261] meas=[0.0031 0.1058 1.6644 -0.0138 -0.0031 0.0261] moved=0.703 dist_tgt=2.829
t=0.906 att=2 phase=pump idx=19 cmd=[0.0028 0.0796 1.6519 -0.0364 -0.0031 0.0261] meas=[0.0031 0.1058 1.6644 -0.0153 -0.0031 0.0261] moved=0.615 dist_tgt=2.741
t=0.953 att=2 phase=pump idx=20 cmd=[0.0028 0.0797 1.6534 -0.0381 -0.0031 0.0261] meas=[0.0031 0.1058 1.6644 -0.0169 -0.0031 0.0261] moved=0.527 dist_tgt=2.654
t=1.015 att=2 phase=pump idx=21 cmd=[0.0028 0.0799 1.6550 -0.0398 -0.0031 0.0261] meas=[0.0031 0.1058 1.6644 -0.0199 -0.0031 0.0261] moved=0.352 dist_tgt=2.478
t=1.047 att=2 phase=pump idx=22 cmd=[0.0028 0.0801 1.6565 -0.0415 -0.0031 0.0261] meas=[0.0031 0.1058 1.6644 -0.0199 -0.0031 0.0261] moved=0.352 dist_tgt=2.478
t=1.093 att=2 phase=pump idx=23 cmd=[0.0028 0.0802 1.6580 -0.0431 -0.0031 0.0261] meas=[0.0031 0.1058 1.6644 -0.0215 -0.0031 0.0261] moved=0.264 dist_tgt=2.390
t=1.156 att=2 phase=pump idx=24 cmd=[0.0027 0.0804 1.6595 -0.0448 -0.0031 0.0261] meas=[0.0031 0.1058 1.6644 -0.0261 -0.0031 0.0261] moved=0.000 dist_tgt=2.126
t=1.203 att=2 phase=pump idx=25 cmd=[0.0027 0.0806 1.6610 -0.0465 -0.0031 0.0261] meas=[0.0031 0.1058 1.6644 -0.0261 -0.0031 0.0261] moved=0.000 dist_tgt=2.126
t=1.250 att=2 phase=pump idx=26 cmd=[0.0027 0.0808 1.6624 -0.0482 -0.0031 0.0261] meas=[0.0031 0.1058 1.6644 -0.0261 -0.0031 0.0261] moved=0.000 dist_tgt=2.126
t=1.297 att=2 phase=pump idx=27 cmd=[0.0026 0.0809 1.6639 -0.0498 -0.0031 0.0261] meas=[0.0031 0.1058 1.6644 -0.0291 -0.0031 0.0261] moved=0.176 dist_tgt=1.950
t=1.359 att=2 phase=pump idx=28 cmd=[0.0026 0.0811 1.6654 -0.0515 -0.0031 0.0261] meas=[0.0031 0.1058 1.6644 -0.0291 -0.0031 0.0261] moved=0.176 dist_tgt=1.950
t=1.422 att=2 phase=pump idx=29 cmd=[0.0026 0.0813 1.6669 -0.0532 -0.0031 0.0261] meas=[0.0031 0.1058 1.6674 -0.0337 -0.0031 0.0261] moved=0.439 dist_tgt=1.687
t=1.453 att=2 phase=pump idx=30 cmd=[0.0025 0.0815 1.6684 -0.0548 -0.0031 0.0261] meas=[0.0031 0.1058 1.6705 -0.0353 -0.0031 0.0261] moved=0.527 dist_tgt=1.599
t=1.500 att=2 phase=pump idx=31 cmd=[0.0025 0.0817 1.6699 -0.0565 -0.0031 0.0261] meas=[0.0031 0.1058 1.6705 -0.0353 -0.0031 0.0261] moved=0.527 dist_tgt=1.599
t=1.547 att=2 phase=pump idx=32 cmd=[0.0025 0.0819 1.6714 -0.0582 -0.0031 0.0261] meas=[0.0031 0.1058 1.6705 -0.0353 -0.0031 0.0261] moved=0.527 dist_tgt=1.599
t=1.609 att=2 phase=pump idx=33 cmd=[0.0024 0.0820 1.6729 -0.0598 -0.0031 0.0261] meas=[0.0031 0.1058 1.6720 -0.0399 -0.0031 0.0261] moved=0.791 dist_tgt=1.343
t=1.640 att=2 phase=pump idx=34 cmd=[0.0024 0.0822 1.6743 -0.0615 -0.0031 0.0261] meas=[0.0031 0.1058 1.6766 -0.0414 -0.0031 0.0261] moved=0.879 dist_tgt=1.343
t=1.703 att=2 phase=pump idx=35 cmd=[0.0024 0.0824 1.6758 -0.0632 -0.0031 0.0261] meas=[0.0031 0.1058 1.6766 -0.0445 -0.0031 0.0261] moved=1.055 dist_tgt=1.343
# attempt 2: NO commit after pump (arm command-deaf); retrying from newly measured state
