# 2026-08-25T21:24:01.852007+00:00  tag=run14  port=COM21  sdk=C:\Users\Mukund\AppData\Local\Programs\Python\Python312\Lib\site-packages\roarm_sdk  ik=C:\Users\Mukund\Documents\Ro-Arm\roarm_sdk\waveshare_ik.py  home_xyz=[360.82 2.21 178.74]  constX=360.82  envelope=3.0deg sweep_max=10.0s move_tol=0.5deg progress_tol=0.1deg progress_stable=2 resume_tol=3.36deg
# attempt 1: M=[0.0061 0.0813 1.6230 -0.0046 -0.0031 0.0261]  i_target=2  max_disp=2.238 deg  per_joint=[0.02 0.21 2.03 2.24 0.00] deg
t=0.047 att=1 phase=pump idx=0 cmd=[0.0061 0.0813 1.6230 -0.0046 -0.0031 0.0261] meas=[0.0061 0.0813 1.6230 -0.0046 -0.0031 0.0261] moved=0.000 dist_tgt=2.238
t=0.047 att=1 phase=pump idx=1 cmd=[0.0061 0.0814 1.6240 -0.0057 -0.0031 0.0261] meas=[0.0061 0.0813 1.6230 -0.0046 -0.0031 0.0261] moved=0.000 dist_tgt=2.238
t=0.063 att=1 phase=pump idx=2 cmd=[0.0061 0.0815 1.6250 -0.0068 -0.0031 0.0261] meas=[0.0061 0.0813 1.6230 -0.0046 -0.0031 0.0261] moved=0.000 dist_tgt=2.238
t=0.141 att=1 phase=pump idx=3 cmd=[0.0061 0.0816 1.6260 -0.0080 -0.0031 0.0261] meas=[0.0061 0.0813 1.6230 -0.0046 -0.0031 0.0261] moved=0.000 dist_tgt=2.238
t=0.157 att=1 phase=pump idx=4 cmd=[0.0061 0.0817 1.6270 -0.0091 -0.0031 0.0261] meas=[0.0061 0.0813 1.6230 -0.0046 -0.0031 0.0261] moved=0.000 dist_tgt=2.238
t=0.204 att=1 phase=pump idx=5 cmd=[0.0061 0.0818 1.6281 -0.0102 -0.0031 0.0261] meas=[0.0061 0.0813 1.6230 -0.0046 -0.0031 0.0261] moved=0.000 dist_tgt=2.238
t=0.250 att=1 phase=pump idx=6 cmd=[0.0061 0.0819 1.6291 -0.0113 -0.0031 0.0261] meas=[0.0061 0.0813 1.6230 -0.0046 -0.0031 0.0261] moved=0.000 dist_tgt=2.238
t=0.297 att=1 phase=pump idx=7 cmd=[0.0061 0.0820 1.6301 -0.0124 -0.0031 0.0261] meas=[0.0061 0.0813 1.6230 -0.0046 -0.0031 0.0261] moved=0.000 dist_tgt=2.238
t=0.344 att=1 phase=pump idx=8 cmd=[0.0061 0.0821 1.6311 -0.0135 -0.0031 0.0261] meas=[0.0061 0.0813 1.6230 -0.0046 -0.0031 0.0261] moved=0.000 dist_tgt=2.238
t=0.407 att=1 phase=pump idx=9 cmd=[0.0061 0.0822 1.6321 -0.0147 -0.0031 0.0261] meas=[0.0061 0.0813 1.6230 -0.0046 -0.0031 0.0261] moved=0.000 dist_tgt=2.238
t=0.454 att=1 phase=pump idx=10 cmd=[0.0061 0.0823 1.6331 -0.0158 -0.0031 0.0261] meas=[0.0061 0.0813 1.6230 -0.0046 -0.0031 0.0261] moved=0.000 dist_tgt=2.238
t=0.500 att=1 phase=pump idx=11 cmd=[0.0061 0.0824 1.6342 -0.0169 -0.0031 0.0261] meas=[0.0061 0.0813 1.6230 -0.0046 -0.0031 0.0261] moved=0.000 dist_tgt=2.238
t=0.547 att=1 phase=pump idx=12 cmd=[0.0061 0.0825 1.6352 -0.0180 -0.0031 0.0261] meas=[0.0061 0.0813 1.6230 -0.0046 -0.0031 0.0261] moved=0.000 dist_tgt=2.238
t=0.610 att=1 phase=pump idx=13 cmd=[0.0061 0.0826 1.6362 -0.0191 -0.0031 0.0261] meas=[0.0061 0.0813 1.6230 -0.0046 -0.0031 0.0261] moved=0.000 dist_tgt=2.238
t=0.641 att=1 phase=pump idx=14 cmd=[0.0061 0.0827 1.6372 -0.0202 -0.0031 0.0261] meas=[0.0061 0.0813 1.6230 -0.0046 -0.0031 0.0261] moved=0.000 dist_tgt=2.238
t=0.704 att=1 phase=pump idx=15 cmd=[0.0061 0.0828 1.6382 -0.0214 -0.0031 0.0261] meas=[0.0061 0.0813 1.6230 -0.0046 -0.0031 0.0261] moved=0.000 dist_tgt=2.238
t=0.750 att=1 phase=pump idx=16 cmd=[0.0061 0.0829 1.6392 -0.0225 -0.0031 0.0261] meas=[0.0061 0.0813 1.6230 -0.0046 -0.0031 0.0261] moved=0.000 dist_tgt=2.238
t=0.797 att=1 phase=pump idx=17 cmd=[0.0061 0.0830 1.6403 -0.0236 -0.0031 0.0261] meas=[0.0061 0.0813 1.6230 -0.0046 -0.0031 0.0261] moved=0.000 dist_tgt=2.238
t=0.860 att=1 phase=pump idx=18 cmd=[0.0061 0.0831 1.6413 -0.0247 -0.0031 0.0261] meas=[0.0061 0.0813 1.6230 -0.0046 -0.0031 0.0261] moved=0.000 dist_tgt=2.238
t=0.891 att=1 phase=pump idx=19 cmd=[0.0060 0.0832 1.6423 -0.0258 -0.0031 0.0261] meas=[0.0061 0.0813 1.6230 -0.0046 -0.0031 0.0261] moved=0.000 dist_tgt=2.238
t=0.954 att=1 phase=pump idx=20 cmd=[0.0060 0.0833 1.6433 -0.0269 -0.0031 0.0261] meas=[0.0061 0.1028 1.6337 -0.0046 -0.0031 0.0261] moved=1.230 dist_tgt=2.238
t=1.000 att=1 phase=pump idx=21 cmd=[0.0060 0.0834 1.6443 -0.0281 -0.0031 0.0261] meas=[0.0061 0.1058 1.6337 -0.0046 -0.0031 0.0261] moved=1.406 dist_tgt=2.238
t=1.063 att=1 phase=pump idx=22 cmd=[0.0060 0.0835 1.6453 -0.0292 -0.0031 0.0261] meas=[0.0061 0.1058 1.6337 -0.0046 -0.0031 0.0261] moved=1.406 dist_tgt=2.238
t=1.094 att=1 phase=pump idx=23 cmd=[0.0060 0.0836 1.6463 -0.0303 -0.0031 0.0261] meas=[0.0061 0.1058 1.6398 -0.0046 -0.0031 0.0261] moved=1.406 dist_tgt=2.238
t=1.157 att=1 phase=pump idx=24 cmd=[0.0060 0.0838 1.6473 -0.0314 -0.0031 0.0261] meas=[0.0061 0.1058 1.6398 -0.0046 -0.0031 0.0261] moved=1.406 dist_tgt=2.238
t=1.188 att=1 phase=pump idx=25 cmd=[0.0060 0.0839 1.6483 -0.0325 -0.0031 0.0261] meas=[0.0061 0.1058 1.6444 -0.0046 -0.0031 0.0261] moved=1.406 dist_tgt=2.238
t=1.250 att=1 phase=pump idx=26 cmd=[0.0059 0.0840 1.6493 -0.0336 -0.0031 0.0261] meas=[0.0061 0.1058 1.6444 -0.0077 -0.0031 0.0261] moved=1.406 dist_tgt=2.062
t=1.313 att=1 phase=pump idx=27 cmd=[0.0059 0.0841 1.6503 -0.0347 -0.0031 0.0261] meas=[0.0061 0.1058 1.6444 -0.0077 -0.0031 0.0261] moved=1.406 dist_tgt=2.062
t=1.344 att=1 phase=pump idx=28 cmd=[0.0059 0.0842 1.6513 -0.0359 -0.0031 0.0261] meas=[0.0061 0.1058 1.6475 -0.0077 -0.0031 0.0261] moved=1.406 dist_tgt=2.062
t=1.407 att=1 phase=pump idx=29 cmd=[0.0059 0.0843 1.6523 -0.0370 -0.0031 0.0261] meas=[0.0061 0.1058 1.6506 -0.0123 -0.0031 0.0261] moved=1.582 dist_tgt=1.798
t=1.454 att=1 phase=pump idx=30 cmd=[0.0059 0.0844 1.6533 -0.0381 -0.0031 0.0261] meas=[0.0061 0.1058 1.6506 -0.0169 -0.0031 0.0261] moved=1.582 dist_tgt=1.535
# attempt 1 COMMITTED in phase=pump at t=1.454 s meas=[0.0061 0.1058 1.6506 -0.0169 -0.0031 0.0261]  t102_continuous=True
===== CONTINUOUS FORWARD: direct transition to wp=1 compat_err=1.307deg (NO align hold, NO T102 gap) =====
adv t=0.000 leg=F idx=1 cmd=[0.0061 0.0830 1.6408 -0.0242 -0.0031 0.0261] meas=[0.0061 0.1058 1.6552 -0.0169 -0.0031 0.0261] xyz=363.46,2.23,161.91 track=0.0228
adv t=0.047 leg=F idx=2 cmd=[0.0058 0.0850 1.6583 -0.0437 -0.0031 0.0261] meas=[0.0061 0.1058 1.6552 -0.0169 -0.0031 0.0261] xyz=363.46,2.23,161.91 track=0.0268
adv t=0.094 leg=F idx=3 cmd=[0.0054 0.0872 1.6756 -0.0631 -0.0031 0.0261] meas=[0.0061 0.1058 1.6598 -0.0215 -0.0031 0.0261] xyz=363.34,2.23,161.26 track=0.0417
adv t=0.157 leg=F idx=4 cmd=[0.0049 0.0896 1.6926 -0.0826 -0.0031 0.0261] meas=[0.0061 0.1058 1.6613 -0.0230 -0.0031 0.0261] xyz=363.29,2.23,161.04 track=0.0596
adv t=0.219 leg=F idx=5 cmd=[0.0042 0.0922 1.7094 -0.1020 -0.0031 0.0261] meas=[0.0061 0.1058 1.6628 -0.0261 -0.0031 0.0261] xyz=363.32,2.23,161.08 track=0.0759
adv t=0.250 leg=F idx=6 cmd=[0.0034 0.0951 1.7259 -0.1213 -0.0031 0.0261] meas=[0.0061 0.1058 1.6736 -0.0368 -0.0031 0.0261] xyz=363.00,2.23,159.56 track=0.0845
adv t=0.297 leg=F idx=7 cmd=[0.0024 0.0981 1.7421 -0.1406 -0.0031 0.0261] meas=[0.0061 0.1058 1.6812 -0.0460 -0.0031 0.0261] xyz=362.84,2.23,158.73 track=0.0946
adv t=0.360 leg=F idx=8 cmd=[0.0012 0.1014 1.7581 -0.1599 -0.0031 0.0261] meas=[0.0061 0.1058 1.6935 -0.0583 -0.0031 0.0261] xyz=362.44,2.22,157.01 track=0.1016
adv t=0.391 leg=F idx=9 cmd=[-0.0001 0.1049 1.7738 -0.1791 -0.0031 0.0261] meas=[0.0061 0.1120 1.7211 -0.0874 -0.0031 0.0261] xyz=362.49,2.22,151.17 track=0.0916
adv t=0.454 leg=F idx=10 cmd=[-0.0015 0.1086 1.7892 -0.1982 -0.0031 0.0261] meas=[0.0061 0.1150 1.7380 -0.1058 -0.0031 0.0261] xyz=362.36,2.22,147.96 track=0.0924
adv t=0.500 leg=F idx=11 cmd=[-0.0031 0.1126 1.8044 -0.2173 -0.0031 0.0261] meas=[0.0061 0.1212 1.7549 -0.1304 -0.0031 0.0261] xyz=362.88,2.23,144.68 track=0.0869
adv t=0.563 leg=F idx=12 cmd=[-0.0048 0.1167 1.8192 -0.2363 -0.0031 0.0261] meas=[0.0061 0.1243 1.7702 -0.1457 -0.0031 0.0261] xyz=362.64,2.23,141.46 track=0.0906
adv t=0.594 leg=F idx=13 cmd=[-0.0067 0.1210 1.8338 -0.2552 -0.0031 0.0261] meas=[0.0061 0.1243 1.7763 -0.1565 -0.0031 0.0261] xyz=362.55,2.22,141.39 track=0.0988
adv t=0.657 leg=F idx=14 cmd=[-0.0088 0.1256 1.8481 -0.2741 -0.0031 0.0261] meas=[0.0061 0.1273 1.7871 -0.1703 -0.0031 0.0261] xyz=362.60,2.22,139.32 track=0.1038
adv t=0.704 leg=F idx=15 cmd=[-0.0110 0.1303 1.8622 -0.2928 -0.0031 0.0261] meas=[0.0061 0.1319 1.8162 -0.2025 -0.0031 0.0261] xyz=361.88,2.22,134.23 track=0.0904
adv t=0.750 leg=F idx=16 cmd=[-0.0133 0.1353 1.8759 -0.3115 -0.0031 0.0261] meas=[0.0061 0.1335 1.8316 -0.2178 -0.0031 0.0261] xyz=361.25,2.22,131.62 track=0.0937
adv t=0.797 leg=F idx=17 cmd=[-0.0158 0.1404 1.8894 -0.3301 -0.0031 0.0261] meas=[0.0061 0.1350 1.8362 -0.2301 -0.0031 0.0261] xyz=361.52,2.22,131.73 track=0.1000
adv t=0.844 leg=F idx=18 cmd=[-0.0184 0.1457 1.9025 -0.3486 -0.0031 0.0261] meas=[0.0061 0.1457 1.8592 -0.2608 -0.0031 0.0261] xyz=361.89,2.22,126.09 track=0.0878
adv t=0.907 leg=F idx=19 cmd=[-0.0212 0.1512 1.9154 -0.3669 -0.0031 0.0261] meas=[0.0061 0.1488 1.8730 -0.2761 -0.0031 0.0261] xyz=361.48,2.22,123.43 track=0.0908
adv t=0.954 leg=F idx=20 cmd=[-0.0241 0.1568 1.9280 -0.3852 -0.0031 0.0261] meas=[0.0061 0.1549 1.8883 -0.3007 -0.0031 0.0261] xyz=361.64,2.22,120.76 track=0.0845
adv t=1.000 leg=F idx=21 cmd=[-0.0272 0.1627 1.9403 -0.4033 -0.0031 0.0261] meas=[0.0061 0.1595 1.9006 -0.3160 -0.0031 0.0261] xyz=361.50,2.22,118.04 track=0.0873
adv t=1.047 leg=F idx=22 cmd=[-0.0304 0.1687 1.9523 -0.4213 -0.0031 0.0261] meas=[0.0061 0.1611 1.9052 -0.3267 -0.0031 0.0261] xyz=361.63,2.22,117.92 track=0.0945
adv t=1.094 leg=F idx=23 cmd=[-0.0337 0.1748 1.9639 -0.4391 -0.0031 0.0261] meas=[0.0015 0.1703 1.9297 -0.3543 -0.0031 0.0261] xyz=361.09,0.55,112.02 track=0.0848
adv t=1.157 leg=F idx=24 cmd=[-0.0372 0.1811 1.9753 -0.4568 -0.0031 0.0261] meas=[-0.0015 0.1764 1.9405 -0.3697 -0.0031 0.0261] xyz=361.17,-0.55,109.23 track=0.0871
adv t=1.204 leg=F idx=25 cmd=[-0.0408 0.1876 1.9864 -0.4743 -0.0031 0.0261] meas=[-0.0046 0.1825 1.9528 -0.3942 -0.0031 0.0261] xyz=361.43,-1.66,107.56 track=0.0801
adv t=1.250 leg=F idx=26 cmd=[-0.0446 0.1942 1.9971 -0.4916 -0.0031 0.0261] meas=[-0.0061 0.1887 1.9650 -0.4080 -0.0031 0.0261] xyz=361.18,-2.22,104.11 track=0.0836
adv t=1.313 leg=F idx=27 cmd=[-0.0484 0.2009 2.0075 -0.5088 -0.0031 0.0261] meas=[-0.0092 0.1917 1.9666 -0.4172 -0.0031 0.0261] xyz=361.70,-3.33,104.09 track=0.0915
adv t=1.360 leg=F idx=28 cmd=[-0.0524 0.2078 2.0176 -0.5257 -0.0031 0.0261] meas=[-0.0153 0.2010 1.9880 -0.4433 -0.0031 0.0261] xyz=361.04,-5.54,98.98 track=0.0824
adv t=1.391 leg=F idx=29 cmd=[-0.0566 0.2147 2.0274 -0.5425 -0.0031 0.0261] meas=[-0.0199 0.2056 1.9972 -0.4587 -0.0031 0.0261] xyz=360.95,-7.20,97.26 track=0.0838
adv t=1.454 leg=F idx=30 cmd=[-0.0609 0.2218 2.0369 -0.5590 -0.0031 0.0261] meas=[-0.0230 0.2117 2.0018 -0.4694 -0.0031 0.0261] xyz=361.39,-8.32,95.53 track=0.0896
adv t=1.500 leg=F idx=31 cmd=[-0.0653 0.2290 2.0460 -0.5754 -0.0031 0.0261] meas=[-0.0291 0.2224 2.0187 -0.4955 -0.0031 0.0261] xyz=361.24,-10.53,91.25 track=0.0799
adv t=1.563 leg=F idx=32 cmd=[-0.0698 0.2363 2.0548 -0.5914 -0.0031 0.0261] meas=[-0.0322 0.2286 2.0295 -0.5123 -0.0031 0.0261] xyz=361.05,-11.63,88.85 track=0.0791
adv t=1.594 leg=F idx=33 cmd=[-0.0744 0.2437 2.0632 -0.6073 -0.0031 0.0261] meas=[-0.0337 0.2347 2.0325 -0.5216 -0.0031 0.0261] xyz=361.56,-12.21,87.31 track=0.0857
adv t=1.657 leg=F idx=34 cmd=[-0.0792 0.2511 2.0713 -0.6228 -0.0031 0.0261] meas=[-0.0368 0.2393 2.0402 -0.5338 -0.0031 0.0261] xyz=361.40,-13.31,85.57 track=0.0890
adv t=1.688 leg=F idx=35 cmd=[-0.0840 0.2587 2.0791 -0.6381 -0.0031 0.0261] meas=[-0.0414 0.2516 2.0571 -0.5630 -0.0031 0.0261] xyz=361.28,-14.97,81.35 track=0.0752
adv t=1.750 leg=F idx=36 cmd=[-0.0890 0.2662 2.0866 -0.6532 -0.0031 0.0261] meas=[-0.0476 0.2592 2.0663 -0.5768 -0.0031 0.0261] xyz=361.09,-17.18,78.37 track=0.0764
adv t=1.813 leg=F idx=37 cmd=[-0.0941 0.2739 2.0937 -0.6679 -0.0031 0.0261] meas=[-0.0552 0.2700 2.0724 -0.5967 -0.0031 0.0261] xyz=361.76,-20.00,76.14 track=0.0712
adv t=1.844 leg=F idx=38 cmd=[-0.0993 0.2815 2.1004 -0.6823 -0.0031 0.0261] meas=[-0.0598 0.2761 2.0801 -0.6105 -0.0031 0.0261] xyz=361.62,-21.66,74.15 track=0.0718
adv t=1.907 leg=F idx=39 cmd=[-0.1047 0.2892 2.1068 -0.6964 -0.0031 0.0261] meas=[-0.0614 0.2792 2.0816 -0.6182 -0.0031 0.0261] xyz=361.92,-22.23,73.91 track=0.0782
adv t=1.954 leg=F idx=40 cmd=[-0.1101 0.2970 2.1129 -0.7102 -0.0031 0.0261] meas=[-0.0675 0.2899 2.0970 -0.6412 -0.0031 0.0261] xyz=361.28,-24.42,69.76 track=0.0690
adv t=2.000 leg=F idx=41 cmd=[-0.1156 0.3047 2.1186 -0.7236 -0.0031 0.0261] meas=[-0.0721 0.2976 2.1016 -0.6550 -0.0031 0.0261] xyz=361.60,-26.12,68.06 track=0.0686
adv t=2.047 leg=F idx=42 cmd=[-0.1212 0.3124 2.1239 -0.7367 -0.0031 0.0261] meas=[-0.0767 0.3007 2.1046 -0.6627 -0.0031 0.0261] xyz=361.56,-27.79,67.41 track=0.0740
adv t=2.094 leg=F idx=43 cmd=[-0.1270 0.3202 2.1289 -0.7494 -0.0031 0.0261] meas=[-0.0844 0.3129 2.1138 -0.6857 -0.0031 0.0261] xyz=361.74,-30.59,64.38 track=0.0638
adv t=2.157 leg=F idx=44 cmd=[-0.1328 0.3279 2.1336 -0.7618 -0.0031 0.0261] meas=[-0.0905 0.3191 2.1200 -0.6980 -0.0031 0.0261] xyz=361.52,-32.81,62.60 track=0.0638
adv t=2.204 leg=F idx=45 cmd=[-0.1387 0.3356 2.1379 -0.7738 -0.0031 0.0261] meas=[-0.0982 0.3298 2.1246 -0.7133 -0.0031 0.0261] xyz=361.86,-35.64,60.07 track=0.0605
adv t=2.250 leg=F idx=46 cmd=[-0.1447 0.3432 2.1418 -0.7854 -0.0031 0.0261] meas=[-0.1028 0.3344 2.1307 -0.7256 -0.0031 0.0261] xyz=361.54,-37.29,58.86 track=0.0598
adv t=2.313 leg=F idx=47 cmd=[-0.1508 0.3508 2.1454 -0.7966 -0.0031 0.0261] meas=[-0.1058 0.3390 2.1322 -0.7317 -0.0031 0.0261] xyz=361.71,-38.43,57.82 track=0.0648
adv t=2.360 leg=F idx=48 cmd=[-0.1569 0.3584 2.1486 -0.8073 -0.0031 0.0261] meas=[-0.1135 0.3513 2.1399 -0.7517 -0.0031 0.0261] xyz=361.74,-41.24,54.72 track=0.0557
adv t=2.391 leg=F idx=49 cmd=[-0.1632 0.3659 2.1515 -0.8177 -0.0031 0.0261] meas=[-0.1181 0.3559 2.1430 -0.7624 -0.0031 0.0261] xyz=361.76,-42.93,54.06 track=0.0553
adv t=2.454 leg=F idx=50 cmd=[-0.1695 0.3733 2.1540 -0.8276 -0.0031 0.0261] meas=[-0.1227 0.3620 2.1445 -0.7685 -0.0031 0.0261] xyz=361.90,-44.64,52.46 track=0.0591
adv t=2.500 leg=F idx=51 cmd=[-0.1759 0.3806 2.1562 -0.8371 -0.0031 0.0261] meas=[-0.1319 0.3743 2.1506 -0.7869 -0.0031 0.0261] xyz=361.89,-48.02,49.51 track=0.0502
adv t=2.547 leg=F idx=52 cmd=[-0.1823 0.3878 2.1580 -0.8462 -0.0031 0.0261] meas=[-0.1381 0.3820 2.1552 -0.7961 -0.0031 0.0261] xyz=361.61,-50.24,47.10 track=0.0500
adv t=2.610 leg=F idx=53 cmd=[-0.1889 0.3950 2.1595 -0.8548 -0.0031 0.0261] meas=[-0.1411 0.3866 2.1568 -0.7992 -0.0031 0.0261] xyz=361.55,-51.37,45.55 track=0.0556
adv t=2.657 leg=F idx=54 cmd=[-0.1954 0.4020 2.1606 -0.8629 -0.0031 0.0261] meas=[-0.1503 0.3973 2.1583 -0.8191 -0.0031 0.0261] xyz=362.13,-54.85,44.57 track=0.0451
adv t=2.688 leg=F idx=55 cmd=[-0.2021 0.4089 2.1613 -0.8706 -0.0031 0.0261] meas=[-0.1565 0.4050 2.1583 -0.8268 -0.0031 0.0261] xyz=362.44,-57.18,43.04 track=0.0456
adv t=2.750 leg=F idx=56 cmd=[-0.2088 0.4157 2.1618 -0.8778 -0.0031 0.0261] meas=[-0.1611 0.4096 2.1583 -0.8314 -0.0031 0.0261] xyz=362.55,-58.91,42.12 track=0.0477
adv t=2.813 leg=F idx=57 cmd=[-0.2155 0.4224 2.1618 -0.8846 -0.0031 0.0261] meas=[-0.1687 0.4218 2.1583 -0.8468 -0.0031 0.0261] xyz=363.22,-61.88,40.17 track=0.0468
adv t=2.844 leg=F idx=58 cmd=[-0.2223 0.4290 2.1616 -0.8909 -0.0031 0.0261] meas=[-0.1733 0.4264 2.1629 -0.8529 -0.0031 0.0261] xyz=362.61,-63.49,38.38 track=0.0490
adv t=2.907 leg=F idx=59 cmd=[-0.2291 0.4354 2.1610 -0.8967 -0.0031 0.0261] meas=[-0.1779 0.4295 2.1644 -0.8544 -0.0031 0.0261] xyz=362.25,-65.15,37.13 track=0.0512
adv t=2.954 leg=F idx=60 cmd=[-0.2360 0.4416 2.1600 -0.9020 -0.0031 0.0261] meas=[-0.1871 0.4403 2.1644 -0.8682 -0.0031 0.0261] xyz=362.58,-68.66,35.48 track=0.0489
adv t=3.000 leg=F idx=61 cmd=[-0.2429 0.4477 2.1588 -0.9068 -0.0031 0.0261] meas=[-0.1933 0.4449 2.1644 -0.8744 -0.0031 0.0261] xyz=362.57,-70.96,34.81 track=0.0496
adv t=3.047 leg=F idx=62 cmd=[-0.2499 0.4537 2.1572 -0.9112 -0.0031 0.0261] meas=[-0.1979 0.4479 2.1644 -0.8759 -0.0031 0.0261] xyz=362.40,-72.66,33.93 track=0.0520
adv t=3.094 leg=F idx=63 cmd=[-0.2568 0.4595 2.1552 -0.9151 -0.0031 0.0261] meas=[-0.2086 0.4602 2.1644 -0.8866 -0.0031 0.0261] xyz=362.43,-76.73,31.18 track=0.0482
adv t=3.157 leg=F idx=64 cmd=[-0.2638 0.4651 2.1530 -0.9185 -0.0031 0.0261] meas=[-0.2148 0.4633 2.1644 -0.8912 -0.0031 0.0261] xyz=362.24,-79.01,30.81 track=0.0491
adv t=3.204 leg=F idx=65 cmd=[-0.2709 0.4706 2.1504 -0.9214 -0.0031 0.0261] meas=[-0.2255 0.4709 2.1644 -0.8943 -0.0031 0.0261] xyz=361.71,-82.98,28.48 track=0.0454
adv t=3.250 leg=F idx=66 cmd=[-0.2779 0.4759 2.1475 -0.9238 -0.0031 0.0261] meas=[-0.2301 0.4771 2.1644 -0.9004 -0.0031 0.0261] xyz=361.75,-84.74,27.22 track=0.0478
adv t=3.297 leg=F idx=67 cmd=[-0.2849 0.4810 2.1443 -0.9257 -0.0031 0.0261] meas=[-0.2332 0.4801 2.1644 -0.9004 -0.0031 0.0261] xyz=361.57,-85.87,26.08 track=0.0518
adv t=3.360 leg=F idx=68 cmd=[-0.2920 0.4860 2.1408 -0.9272 -0.0031 0.0261] meas=[-0.2439 0.4878 2.1644 -0.9035 -0.0031 0.0261] xyz=360.94,-89.82,23.74 track=0.0481
adv t=3.391 leg=F idx=69 cmd=[-0.2991 0.4908 2.1370 -0.9281 -0.0031 0.0261] meas=[-0.2516 0.4939 2.1644 -0.9081 -0.0031 0.0261] xyz=360.57,-92.67,22.23 track=0.0475
adv t=3.454 leg=F idx=70 cmd=[-0.3061 0.4954 2.1329 -0.9286 -0.0031 0.0261] meas=[-0.2562 0.4970 2.1644 -0.9097 -0.0031 0.0261] xyz=360.27,-94.37,21.34 track=0.0500
adv t=3.500 leg=F idx=71 cmd=[-0.3132 0.4998 2.1285 -0.9287 -0.0031 0.0261] meas=[-0.2669 0.5031 2.1644 -0.9097 -0.0031 0.0261] xyz=359.36,-98.26,19.05 track=0.0463
adv t=3.563 leg=F idx=72 cmd=[-0.3203 0.5041 2.1238 -0.9282 -0.0031 0.0261] meas=[-0.2730 0.5077 2.1644 -0.9097 -0.0031 0.0261] xyz=358.83,-100.49,17.34 track=0.0472
adv t=3.610 leg=F idx=73 cmd=[-0.3273 0.5082 2.1188 -0.9273 -0.0031 0.0261] meas=[-0.2823 0.5154 2.1644 -0.9097 -0.0031 0.0261] xyz=358.01,-103.82,14.48 track=0.0457
adv t=3.657 leg=F idx=74 cmd=[-0.3344 0.5121 2.1135 -0.9260 -0.0031 0.0261] meas=[-0.2869 0.5185 2.1629 -0.9097 -0.0031 0.0261] xyz=357.83,-105.56,13.69 track=0.0494
adv t=3.704 leg=F idx=75 cmd=[-0.3414 0.5158 2.1079 -0.9241 -0.0031 0.0261] meas=[-0.2899 0.5216 2.1629 -0.9097 -0.0031 0.0261] xyz=357.54,-106.66,12.55 track=0.0550
adv t=3.750 leg=F idx=76 cmd=[-0.3484 0.5194 2.1021 -0.9219 -0.0031 0.0261] meas=[-0.2930 0.5262 2.1614 -0.9097 -0.0031 0.0261] xyz=357.52,-107.86,11.18 track=0.0593
adv t=3.797 leg=F idx=77 cmd=[-0.3554 0.5228 2.0960 -0.9191 -0.0031 0.0261] meas=[-0.3053 0.5338 2.1491 -0.9097 -0.0031 0.0261] xyz=358.34,-112.92,11.12 track=0.0531
adv t=3.860 leg=F idx=78 cmd=[-0.3624 0.5260 2.0896 -0.9160 -0.0031 0.0261] meas=[-0.3129 0.5354 2.1445 -0.9097 -0.0031 0.0261] xyz=358.26,-115.92,11.60 track=0.0549
adv t=3.907 leg=F idx=79 cmd=[-0.3693 0.5291 2.0829 -0.9124 -0.0031 0.0261] meas=[-0.3252 0.5384 2.1353 -0.9097 -0.0031 0.0261] xyz=358.38,-120.84,12.56 track=0.0524
adv t=3.954 leg=F idx=80 cmd=[-0.3763 0.5320 2.0760 -0.9084 -0.0031 0.0261] meas=[-0.3298 0.5430 2.1292 -0.9097 -0.0031 0.0261] xyz=358.89,-122.85,12.23 track=0.0531
adv t=4.000 leg=F idx=81 cmd=[-0.3831 0.5347 2.0689 -0.9040 -0.0031 0.0261] meas=[-0.3344 0.5446 2.1276 -0.9097 -0.0031 0.0261] xyz=358.59,-124.59,12.01 track=0.0588
adv t=4.063 leg=F idx=82 cmd=[-0.3900 0.5373 2.0614 -0.8991 -0.0031 0.0261] meas=[-0.3421 0.5522 2.1215 -0.9097 -0.0031 0.0261] xyz=358.72,-127.73,10.51 track=0.0601
adv t=4.094 leg=F idx=83 cmd=[-0.3968 0.5397 2.0538 -0.8938 -0.0031 0.0261] meas=[-0.3482 0.5538 2.1138 -0.9097 -0.0031 0.0261] xyz=359.20,-130.39,11.70 track=0.0601
adv t=4.157 leg=F idx=84 cmd=[-0.4036 0.5420 2.0458 -0.8882 -0.0031 0.0261] meas=[-0.3528 0.5538 2.1092 -0.9097 -0.0031 0.0261] xyz=359.35,-132.32,12.77 track=0.0634
adv t=4.204 leg=F idx=85 cmd=[-0.4103 0.5441 2.0377 -0.8821 -0.0031 0.0261] meas=[-0.3620 0.5599 2.0985 -0.9050 -0.0031 0.0261] xyz=359.73,-136.23,12.15 track=0.0608
adv t=4.250 leg=F idx=86 cmd=[-0.4170 0.5461 2.0293 -0.8757 -0.0031 0.0261] meas=[-0.3682 0.5630 2.0908 -0.9004 -0.0031 0.0261] xyz=359.96,-138.85,12.00 track=0.0615
adv t=4.297 leg=F idx=87 cmd=[-0.4236 0.5479 2.0206 -0.8689 -0.0031 0.0261] meas=[-0.3743 0.5630 2.0908 -0.8989 -0.0031 0.0261] xyz=359.04,-141.03,11.74 track=0.0702
adv t=4.360 leg=F idx=88 cmd=[-0.4302 0.5496 2.0118 -0.8617 -0.0031 0.0261] meas=[-0.3835 0.5660 2.0785 -0.8882 -0.0031 0.0261] xyz=359.27,-144.96,11.65 track=0.0668
adv t=4.391 leg=F idx=89 cmd=[-0.4367 0.5512 2.0027 -0.8542 -0.0031 0.0261] meas=[-0.3896 0.5706 2.0678 -0.8836 -0.0031 0.0261] xyz=359.94,-147.80,11.63 track=0.0651
adv t=4.454 leg=F idx=90 cmd=[-0.4431 0.5526 1.9933 -0.8463 -0.0031 0.0261] meas=[-0.3942 0.5706 2.0647 -0.8790 -0.0031 0.0261] xyz=359.55,-149.58,11.59 track=0.0714
adv t=4.500 leg=F idx=91 cmd=[-0.4495 0.5539 1.9838 -0.8380 -0.0031 0.0261] meas=[-0.4050 0.5706 2.0509 -0.8682 -0.0031 0.0261] xyz=359.65,-154.17,13.08 track=0.0672
adv t=4.563 leg=F idx=92 cmd=[-0.4559 0.5551 1.9740 -0.8294 -0.0031 0.0261] meas=[-0.4111 0.5706 2.0433 -0.8621 -0.0031 0.0261] xyz=359.64,-156.78,13.89 track=0.0693
adv t=4.610 leg=F idx=93 cmd=[-0.4622 0.5561 1.9640 -0.8205 -0.0031 0.0261] meas=[-0.4203 0.5706 2.0310 -0.8514 -0.0031 0.0261] xyz=359.64,-160.74,15.04 track=0.0670
adv t=4.657 leg=F idx=94 cmd=[-0.4684 0.5571 1.9538 -0.8112 -0.0031 0.0261] meas=[-0.4249 0.5706 2.0233 -0.8452 -0.0031 0.0261] xyz=359.82,-162.81,15.87 track=0.0695
adv t=4.704 leg=F idx=95 cmd=[-0.4745 0.5579 1.9434 -0.8017 -0.0031 0.0261] meas=[-0.4280 0.5706 2.0203 -0.8422 -0.0031 0.0261] xyz=359.66,-164.07,16.10 track=0.0769
adv t=4.750 leg=F idx=96 cmd=[-0.4806 0.5587 1.9328 -0.7918 -0.0031 0.0261] meas=[-0.4326 0.5706 2.0126 -0.8345 -0.0031 0.0261] xyz=359.76,-166.12,16.69 track=0.0798
adv t=4.797 leg=F idx=97 cmd=[-0.4866 0.5593 1.9219 -0.7816 -0.0031 0.0261] meas=[-0.4403 0.5737 1.9957 -0.8207 -0.0031 0.0261] xyz=360.50,-169.83,17.28 track=0.0738
adv t=4.844 leg=F idx=98 cmd=[-0.4926 0.5599 1.9109 -0.7711 -0.0031 0.0261] meas=[-0.4449 0.5798 1.9850 -0.8115 -0.0031 0.0261] xyz=361.05,-172.12,15.93 track=0.0741
adv t=4.907 leg=F idx=99 cmd=[-0.4984 0.5603 1.8997 -0.7603 -0.0031 0.0261] meas=[-0.4571 0.5814 1.9727 -0.7992 -0.0031 0.0261] xyz=360.26,-177.20,16.29 track=0.0730
adv t=4.954 leg=F idx=100 cmd=[-0.5042 0.5607 1.8882 -0.7492 -0.0031 0.0261] meas=[-0.4602 0.5844 1.9650 -0.7915 -0.0031 0.0261] xyz=360.58,-178.74,15.68 track=0.0768
# resume_index=1 resume_err=1.307 deg (gate=3.36 deg)

===== REVERSE LEG (known-good run_leg_tracked, 100 .. 0) =====
ts=40725.156 cmd_ts=0.000 fb_ts=0.000 leg=R idx=0 cmd=[-0.5042 0.5607 1.8882 -0.7492 -0.0031 0.0261] meas=[-0.4847 0.5875 1.9251 -0.7532 -0.0031 0.0261] xyz=360.37,-189.79,17.99 track=0.0369
ts=40725.156 cmd_ts=0.000 fb_ts=0.000 leg=R idx=1 cmd=[-0.4984 0.5603 1.8997 -0.7603 -0.0031 0.0261] meas=[-0.4847 0.5875 1.9251 -0.7532 -0.0031 0.0261] xyz=360.37,-189.79,17.99 track=0.0272
ts=40725.203 cmd_ts=0.047 fb_ts=0.047 leg=R idx=2 cmd=[-0.4926 0.5599 1.9109 -0.7711 -0.0031 0.0261] meas=[-0.4847 0.5875 1.9251 -0.7532 -0.0031 0.0261] xyz=360.37,-189.79,17.99 track=0.0277
ts=40725.265 cmd_ts=0.109 fb_ts=0.109 leg=R idx=3 cmd=[-0.4866 0.5593 1.9219 -0.7816 -0.0031 0.0261] meas=[-0.4847 0.5875 1.9251 -0.7532 -0.0031 0.0261] xyz=360.37,-189.79,17.99 track=0.0284
ts=40725.296 cmd_ts=0.140 fb_ts=0.140 leg=R idx=4 cmd=[-0.4806 0.5587 1.9328 -0.7918 -0.0031 0.0261] meas=[-0.4847 0.5875 1.9251 -0.7532 -0.0031 0.0261] xyz=360.37,-189.79,17.99 track=0.0386
ts=40725.359 cmd_ts=0.203 fb_ts=0.203 leg=R idx=5 cmd=[-0.4745 0.5579 1.9434 -0.8017 -0.0031 0.0261] meas=[-0.4847 0.5875 1.9251 -0.7532 -0.0031 0.0261] xyz=360.37,-189.79,17.99 track=0.0485
ts=40725.406 cmd_ts=0.250 fb_ts=0.250 leg=R idx=6 cmd=[-0.4684 0.5571 1.9538 -0.8112 -0.0031 0.0261] meas=[-0.4847 0.5875 1.9251 -0.7532 -0.0031 0.0261] xyz=360.37,-189.79,17.99 track=0.0581
ts=40725.468 cmd_ts=0.312 fb_ts=0.312 leg=R idx=7 cmd=[-0.4622 0.5561 1.9640 -0.8205 -0.0031 0.0261] meas=[-0.4847 0.5875 1.9251 -0.7532 -0.0031 0.0261] xyz=360.37,-189.79,17.99 track=0.0673
ts=40725.500 cmd_ts=0.344 fb_ts=0.344 leg=R idx=8 cmd=[-0.4559 0.5551 1.9740 -0.8294 -0.0031 0.0261] meas=[-0.4847 0.5875 1.9251 -0.7532 -0.0031 0.0261] xyz=360.37,-189.79,17.99 track=0.0762
ts=40725.562 cmd_ts=0.406 fb_ts=0.406 leg=R idx=9 cmd=[-0.4495 0.5539 1.9838 -0.8380 -0.0031 0.0261] meas=[-0.4847 0.5875 1.9251 -0.7532 -0.0031 0.0261] xyz=360.37,-189.79,17.99 track=0.0848
ts=40725.609 cmd_ts=0.453 fb_ts=0.453 leg=R idx=10 cmd=[-0.4431 0.5526 1.9933 -0.8463 -0.0031 0.0261] meas=[-0.4847 0.5875 1.9251 -0.7532 -0.0031 0.0261] xyz=360.37,-189.79,17.99 track=0.0931
ts=40725.656 cmd_ts=0.500 fb_ts=0.500 leg=R idx=11 cmd=[-0.4367 0.5512 2.0027 -0.8542 -0.0031 0.0261] meas=[-0.4847 0.5875 1.9251 -0.7532 -0.0031 0.0261] xyz=360.37,-189.79,17.99 track=0.1010
ts=40725.703 cmd_ts=0.547 fb_ts=0.547 leg=R idx=12 cmd=[-0.4302 0.5496 2.0118 -0.8617 -0.0031 0.0261] meas=[-0.4847 0.5875 1.9251 -0.7532 -0.0031 0.0261] xyz=360.37,-189.79,17.99 track=0.1085
ts=40725.750 cmd_ts=0.594 fb_ts=0.594 leg=R idx=13 cmd=[-0.4236 0.5479 2.0206 -0.8689 -0.0031 0.0261] meas=[-0.4847 0.5875 1.9251 -0.7532 -0.0031 0.0261] xyz=360.37,-189.79,17.99 track=0.1157
ts=40725.812 cmd_ts=0.656 fb_ts=0.656 leg=R idx=14 cmd=[-0.4170 0.5461 2.0293 -0.8757 -0.0031 0.0261] meas=[-0.4847 0.5875 1.9251 -0.7532 -0.0031 0.0261] xyz=360.37,-189.79,17.99 track=0.1225
ts=40725.859 cmd_ts=0.703 fb_ts=0.703 leg=R idx=15 cmd=[-0.4103 0.5441 2.0377 -0.8821 -0.0031 0.0261] meas=[-0.4847 0.5875 1.9251 -0.7532 -0.0031 0.0261] xyz=360.37,-189.79,17.99 track=0.1290
ts=40725.906 cmd_ts=0.750 fb_ts=0.750 leg=R idx=16 cmd=[-0.4036 0.5420 2.0458 -0.8882 -0.0031 0.0261] meas=[-0.4847 0.5875 1.9359 -0.7747 -0.0031 0.0261] xyz=359.68,-189.43,18.87 track=0.1135
ts=40725.953 cmd_ts=0.797 fb_ts=0.797 leg=R idx=17 cmd=[-0.3968 0.5397 2.0538 -0.8938 -0.0031 0.0261] meas=[-0.4817 0.5875 1.9558 -0.7946 -0.0031 0.0261] xyz=358.17,-187.23,17.23 track=0.0992
ts=40726.015 cmd_ts=0.859 fb_ts=0.859 leg=R idx=18 cmd=[-0.3900 0.5373 2.0614 -0.8991 -0.0031 0.0261] meas=[-0.4740 0.5890 1.9742 -0.8130 -0.0031 0.0261] xyz=357.65,-183.48,15.13 track=0.0872
ts=40726.046 cmd_ts=0.890 fb_ts=0.890 leg=R idx=19 cmd=[-0.3831 0.5347 2.0689 -0.9040 -0.0031 0.0261] meas=[-0.4602 0.5890 1.9942 -0.8299 -0.0031 0.0261] xyz=357.85,-177.38,13.07 track=0.0771
ts=40726.109 cmd_ts=0.953 fb_ts=0.953 leg=R idx=20 cmd=[-0.3763 0.5320 2.0760 -0.9084 -0.0031 0.0261] meas=[-0.4464 0.5875 2.0095 -0.8483 -0.0031 0.0261] xyz=358.66,-171.66,13.03 track=0.0701
ts=40726.156 cmd_ts=1.000 fb_ts=1.000 leg=R idx=21 cmd=[-0.3693 0.5291 2.0829 -0.9124 -0.0031 0.0261] meas=[-0.4295 0.5875 2.0371 -0.8636 -0.0031 0.0261] xyz=357.88,-163.92,8.97 track=0.0602
ts=40726.218 cmd_ts=1.062 fb_ts=1.062 leg=R idx=22 cmd=[-0.3624 0.5260 2.0896 -0.9160 -0.0031 0.0261] meas=[-0.4203 0.5875 2.0417 -0.8744 -0.0031 0.0261] xyz=359.10,-160.50,9.66 track=0.0615
ts=40726.250 cmd_ts=1.094 fb_ts=1.094 leg=R idx=23 cmd=[-0.3554 0.5228 2.0960 -0.9191 -0.0031 0.0261] meas=[-0.4096 0.5875 2.0617 -0.8851 -0.0031 0.0261] xyz=358.10,-155.46,6.75 track=0.0647
ts=40726.312 cmd_ts=1.156 fb_ts=1.156 leg=R idx=24 cmd=[-0.3484 0.5194 2.1021 -0.9219 -0.0031 0.0261] meas=[-0.3927 0.5875 2.0755 -0.8928 -0.0031 0.0261] xyz=358.78,-148.61,4.80 track=0.0681
ts=40726.359 cmd_ts=1.203 fb_ts=1.203 leg=R idx=25 cmd=[-0.3414 0.5158 2.1079 -0.9241 -0.0031 0.0261] meas=[-0.3820 0.5875 2.0908 -0.9004 -0.0031 0.0261] xyz=358.18,-143.88,2.53 track=0.0717
ts=40726.421 cmd_ts=1.265 fb_ts=1.265 leg=R idx=26 cmd=[-0.3344 0.5121 2.1135 -0.9260 -0.0031 0.0261] meas=[-0.3774 0.5875 2.0939 -0.9035 -0.0031 0.0261] xyz=358.47,-142.08,2.33 track=0.0754
ts=40726.453 cmd_ts=1.297 fb_ts=1.297 leg=R idx=27 cmd=[-0.3273 0.5082 2.1188 -0.9273 -0.0031 0.0261] meas=[-0.3728 0.5875 2.0970 -0.9035 -0.0031 0.0261] xyz=358.61,-140.23,1.63 track=0.0793
ts=40726.500 cmd_ts=1.344 fb_ts=1.344 leg=R idx=28 cmd=[-0.3203 0.5041 2.1238 -0.9282 -0.0031 0.0261] meas=[-0.3651 0.5875 2.1046 -0.9035 -0.0031 0.0261] xyz=358.38,-136.98,-0.12 track=0.0834
ts=40726.562 cmd_ts=1.406 fb_ts=1.406 leg=R idx=29 cmd=[-0.3132 0.4998 2.1285 -0.9287 -0.0031 0.0261] meas=[-0.3559 0.5860 2.1138 -0.9097 -0.0031 0.0261] xyz=358.36,-133.21,-0.61 track=0.0861
ts=40726.609 cmd_ts=1.453 fb_ts=1.453 leg=R idx=30 cmd=[-0.3061 0.4954 2.1329 -0.9286 -0.0031 0.0261] meas=[-0.3482 0.5860 2.1200 -0.9127 -0.0031 0.0261] xyz=358.47,-130.13,-1.50 track=0.0906
ts=40726.656 cmd_ts=1.500 fb_ts=1.500 leg=R idx=31 cmd=[-0.2991 0.4908 2.1370 -0.9281 -0.0031 0.0261] meas=[-0.3390 0.5844 2.1215 -0.9127 -0.0031 0.0261] xyz=359.39,-126.73,-1.26 track=0.0937
ts=40726.718 cmd_ts=1.562 fb_ts=1.562 leg=R idx=32 cmd=[-0.2920 0.4860 2.1408 -0.9272 -0.0031 0.0261] meas=[-0.3344 0.5844 2.1261 -0.9127 -0.0031 0.0261] xyz=359.17,-124.80,-2.29 track=0.0985
ts=40726.750 cmd_ts=1.594 fb_ts=1.609 leg=R idx=33 cmd=[-0.2849 0.4810 2.1443 -0.9257 -0.0031 0.0261] meas=[-0.3252 0.5829 2.1307 -0.9127 -0.0031 0.0261] xyz=359.51,-121.22,-2.74 track=0.1019
ts=40726.812 cmd_ts=1.656 fb_ts=1.656 leg=R idx=34 cmd=[-0.2779 0.4759 2.1475 -0.9238 -0.0031 0.0261] meas=[-0.3206 0.5829 2.1384 -0.9127 -0.0031 0.0261] xyz=358.72,-119.12,-4.45 track=0.1070
ts=40726.859 cmd_ts=1.703 fb_ts=1.703 leg=R idx=35 cmd=[-0.2709 0.4706 2.1504 -0.9214 -0.0031 0.0261] meas=[-0.3160 0.5814 2.1399 -0.9127 -0.0031 0.0261] xyz=359.00,-117.38,-4.22 track=0.1108
ts=40726.906 cmd_ts=1.750 fb_ts=1.750 leg=R idx=36 cmd=[-0.2638 0.4651 2.1530 -0.9185 -0.0031 0.0261] meas=[-0.3114 0.5783 2.1399 -0.9127 -0.0031 0.0261] xyz=359.55,-115.73,-3.06 track=0.1132
ts=40726.953 cmd_ts=1.797 fb_ts=1.797 leg=R idx=37 cmd=[-0.2568 0.4595 2.1552 -0.9151 -0.0031 0.0261] meas=[-0.3007 0.5722 2.1491 -0.9127 -0.0031 0.0261] xyz=359.16,-111.36,-2.80 track=0.1127
ts=40727.015 cmd_ts=1.859 fb_ts=1.859 leg=R idx=38 cmd=[-0.2499 0.4537 2.1572 -0.9112 -0.0031 0.0261] meas=[-0.2945 0.5660 2.1491 -0.9127 -0.0031 0.0261] xyz=359.84,-109.16,-0.49 track=0.1124
ts=40727.046 cmd_ts=1.890 fb_ts=1.906 leg=R idx=39 cmd=[-0.2429 0.4477 2.1588 -0.9068 -0.0031 0.0261] meas=[-0.2838 0.5553 2.1522 -0.9127 -0.0031 0.0261] xyz=360.44,-105.13,2.86 track=0.1076
ts=40727.109 cmd_ts=1.953 fb_ts=1.953 leg=R idx=40 cmd=[-0.2360 0.4416 2.1600 -0.9020 -0.0031 0.0261] meas=[-0.2792 0.5507 2.1568 -0.9127 -0.0031 0.0261] xyz=360.10,-103.23,3.55 track=0.1091
ts=40727.156 cmd_ts=2.000 fb_ts=2.000 leg=R idx=41 cmd=[-0.2291 0.4354 2.1610 -0.8967 -0.0031 0.0261] meas=[-0.2746 0.5507 2.1568 -0.9127 -0.0031 0.0261] xyz=360.57,-101.57,3.55 track=0.1153
ts=40727.203 cmd_ts=2.047 fb_ts=2.062 leg=R idx=42 cmd=[-0.2223 0.4290 2.1616 -0.8909 -0.0031 0.0261] meas=[-0.2638 0.5430 2.1583 -0.9097 -0.0031 0.0261] xyz=361.19,-97.57,5.57 track=0.1141
ts=40727.250 cmd_ts=2.094 fb_ts=2.094 leg=R idx=43 cmd=[-0.2155 0.4224 2.1618 -0.8846 -0.0031 0.0261] meas=[-0.2592 0.5400 2.1583 -0.9066 -0.0031 0.0261] xyz=361.46,-95.86,6.21 track=0.1175
ts=40727.312 cmd_ts=2.156 fb_ts=2.156 leg=R idx=44 cmd=[-0.2088 0.4157 2.1618 -0.8778 -0.0031 0.0261] meas=[-0.2546 0.5338 2.1583 -0.9066 -0.0031 0.0261] xyz=361.86,-94.19,8.51 track=0.1181
ts=40727.359 cmd_ts=2.203 fb_ts=2.203 leg=R idx=45 cmd=[-0.2021 0.4089 2.1613 -0.8706 -0.0031 0.0261] meas=[-0.2454 0.5231 2.1629 -0.8974 -0.0031 0.0261] xyz=361.36,-90.52,9.95 track=0.1142
ts=40727.406 cmd_ts=2.250 fb_ts=2.250 leg=R idx=46 cmd=[-0.1954 0.4020 2.1606 -0.8629 -0.0031 0.0261] meas=[-0.2393 0.5185 2.1644 -0.8912 -0.0031 0.0261] xyz=361.29,-88.15,10.30 track=0.1165
ts=40727.453 cmd_ts=2.297 fb_ts=2.297 leg=R idx=47 cmd=[-0.1889 0.3950 2.1595 -0.8548 -0.0031 0.0261] meas=[-0.2332 0.5123 2.1660 -0.8897 -0.0031 0.0261] xyz=361.41,-85.83,11.98 track=0.1174
ts=40727.515 cmd_ts=2.359 fb_ts=2.359 leg=R idx=48 cmd=[-0.1823 0.3878 2.1580 -0.8462 -0.0031 0.0261] meas=[-0.2240 0.5031 2.1660 -0.8774 -0.0031 0.0261] xyz=361.47,-82.34,13.37 track=0.1153
ts=40727.546 cmd_ts=2.390 fb_ts=2.390 leg=R idx=49 cmd=[-0.1759 0.3806 2.1562 -0.8371 -0.0031 0.0261] meas=[-0.2178 0.4985 2.1660 -0.8713 -0.0031 0.0261] xyz=361.60,-80.04,14.07 track=0.1179
ts=40727.609 cmd_ts=2.453 fb_ts=2.453 leg=R idx=50 cmd=[-0.1695 0.3733 2.1540 -0.8276 -0.0031 0.0261] meas=[-0.2132 0.4955 2.1660 -0.8682 -0.0031 0.0261] xyz=361.77,-78.33,14.70 track=0.1222
ts=40727.656 cmd_ts=2.500 fb_ts=2.500 leg=R idx=51 cmd=[-0.1632 0.3659 2.1515 -0.8177 -0.0031 0.0261] meas=[-0.2025 0.4847 2.1660 -0.8544 -0.0031 0.0261] xyz=361.73,-74.26,16.40 track=0.1189
ts=40727.718 cmd_ts=2.562 fb_ts=2.562 leg=R idx=52 cmd=[-0.1569 0.3584 2.1486 -0.8073 -0.0031 0.0261] meas=[-0.1979 0.4771 2.1660 -0.8468 -0.0031 0.0261] xyz=361.55,-72.49,17.97 track=0.1187
ts=40727.750 cmd_ts=2.594 fb_ts=2.609 leg=R idx=53 cmd=[-0.1508 0.3508 2.1454 -0.7966 -0.0031 0.0261] meas=[-0.1902 0.4663 2.1660 -0.8360 -0.0031 0.0261] xyz=361.35,-69.57,20.16 track=0.1155
ts=40727.812 cmd_ts=2.656 fb_ts=2.656 leg=R idx=54 cmd=[-0.1447 0.3432 2.1418 -0.7854 -0.0031 0.0261] meas=[-0.1856 0.4633 2.1660 -0.8268 -0.0031 0.0261] xyz=361.13,-67.81,19.78 track=0.1200
ts=40727.859 cmd_ts=2.703 fb_ts=2.703 leg=R idx=55 cmd=[-0.1387 0.3356 2.1379 -0.7738 -0.0031 0.0261] meas=[-0.1810 0.4587 2.1660 -0.8237 -0.0031 0.0261] xyz=361.19,-66.10,20.97 track=0.1231
ts=40727.906 cmd_ts=2.750 fb_ts=2.750 leg=R idx=56 cmd=[-0.1328 0.3279 2.1336 -0.7618 -0.0031 0.0261] meas=[-0.1749 0.4525 2.1660 -0.8145 -0.0031 0.0261] xyz=360.98,-63.78,21.71 track=0.1246
ts=40727.953 cmd_ts=2.797 fb_ts=2.797 leg=R idx=57 cmd=[-0.1270 0.3202 2.1289 -0.7494 -0.0031 0.0261] meas=[-0.1641 0.4387 2.1660 -0.7961 -0.0031 0.0261] xyz=360.36,-59.69,23.75 track=0.1186
ts=40728.000 cmd_ts=2.844 fb_ts=2.844 leg=R idx=58 cmd=[-0.1212 0.3124 2.1239 -0.7367 -0.0031 0.0261] meas=[-0.1580 0.4310 2.1660 -0.7854 -0.0031 0.0261] xyz=359.97,-57.35,24.79 track=0.1186
ts=40728.062 cmd_ts=2.906 fb_ts=2.906 leg=R idx=59 cmd=[-0.1156 0.3047 2.1186 -0.7236 -0.0031 0.0261] meas=[-0.1519 0.4218 2.1644 -0.7701 -0.0031 0.0261] xyz=359.52,-55.02,26.00 track=0.1171
ts=40728.109 cmd_ts=2.953 fb_ts=2.953 leg=R idx=60 cmd=[-0.1101 0.2970 2.1129 -0.7102 -0.0031 0.0261] meas=[-0.1488 0.4172 2.1644 -0.7624 -0.0031 0.0261] xyz=359.15,-53.84,26.43 track=0.1203
ts=40728.156 cmd_ts=3.000 fb_ts=3.000 leg=R idx=61 cmd=[-0.1047 0.2892 2.1068 -0.6964 -0.0031 0.0261] meas=[-0.1457 0.4142 2.1629 -0.7563 -0.0031 0.0261] xyz=359.17,-52.71,26.91 track=0.1249
ts=40728.203 cmd_ts=3.047 fb_ts=3.047 leg=R idx=62 cmd=[-0.0993 0.2815 2.1004 -0.6823 -0.0031 0.0261] meas=[-0.1381 0.3988 2.1614 -0.7363 -0.0031 0.0261] xyz=358.29,-49.78,29.59 track=0.1173
ts=40728.265 cmd_ts=3.109 fb_ts=3.109 leg=R idx=63 cmd=[-0.0941 0.2739 2.0937 -0.6679 -0.0031 0.0261] meas=[-0.1335 0.3912 2.1537 -0.7256 -0.0031 0.0261] xyz=359.03,-48.20,32.48 track=0.1173
ts=40728.312 cmd_ts=3.156 fb_ts=3.172 leg=R idx=64 cmd=[-0.0890 0.2662 2.0866 -0.6532 -0.0031 0.0261] meas=[-0.1243 0.3820 2.1430 -0.7087 -0.0031 0.0261] xyz=360.07,-44.97,35.70 track=0.1157
ts=40728.343 cmd_ts=3.187 fb_ts=3.203 leg=R idx=65 cmd=[-0.0840 0.2587 2.0791 -0.6381 -0.0031 0.0261] meas=[-0.1243 0.3758 2.1399 -0.6980 -0.0031 0.0261] xyz=359.79,-44.94,36.93 track=0.1172
ts=40728.406 cmd_ts=3.250 fb_ts=3.250 leg=R idx=66 cmd=[-0.0792 0.2511 2.0713 -0.6228 -0.0031 0.0261] meas=[-0.1212 0.3712 2.1368 -0.6903 -0.0031 0.0261] xyz=359.86,-43.82,38.11 track=0.1201
ts=40728.453 cmd_ts=3.297 fb_ts=3.297 leg=R idx=67 cmd=[-0.0744 0.2437 2.0632 -0.6073 -0.0031 0.0261] meas=[-0.1181 0.3636 2.1307 -0.6796 -0.0031 0.0261] xyz=360.14,-42.74,40.67 track=0.1199
ts=40728.515 cmd_ts=3.359 fb_ts=3.359 leg=R idx=68 cmd=[-0.0698 0.2363 2.0548 -0.5914 -0.0031 0.0261] meas=[-0.1074 0.3528 2.1200 -0.6550 -0.0031 0.0261] xyz=360.60,-38.87,43.26 track=0.1165
ts=40728.546 cmd_ts=3.390 fb_ts=3.390 leg=R idx=69 cmd=[-0.0653 0.2290 2.0460 -0.5754 -0.0031 0.0261] meas=[-0.1028 0.3467 2.1123 -0.6427 -0.0031 0.0261] xyz=361.11,-37.25,45.43 track=0.1177
ts=40728.609 cmd_ts=3.453 fb_ts=3.453 leg=R idx=70 cmd=[-0.0609 0.2218 2.0369 -0.5590 -0.0031 0.0261] meas=[-0.0997 0.3405 2.1077 -0.6320 -0.0031 0.0261] xyz=361.12,-36.13,47.08 track=0.1187
ts=40728.656 cmd_ts=3.500 fb_ts=3.500 leg=R idx=71 cmd=[-0.0566 0.2147 2.0274 -0.5425 -0.0031 0.0261] meas=[-0.0920 0.3283 2.1016 -0.6090 -0.0031 0.0261] xyz=360.54,-33.28,49.35 track=0.1135
ts=40728.718 cmd_ts=3.562 fb_ts=3.562 leg=R idx=72 cmd=[-0.0524 0.2078 2.0176 -0.5257 -0.0031 0.0261] meas=[-0.0890 0.3237 2.0939 -0.5952 -0.0031 0.0261] xyz=360.90,-32.19,50.75 track=0.1159
ts=40728.750 cmd_ts=3.594 fb_ts=3.609 leg=R idx=73 cmd=[-0.0484 0.2009 2.0075 -0.5088 -0.0031 0.0261] meas=[-0.0844 0.3145 2.0816 -0.5768 -0.0031 0.0261] xyz=361.53,-30.57,54.27 track=0.1136
ts=40728.796 cmd_ts=3.640 fb_ts=3.640 leg=R idx=74 cmd=[-0.0446 0.1942 1.9971 -0.4916 -0.0031 0.0261] meas=[-0.0828 0.3083 2.0739 -0.5614 -0.0031 0.0261] xyz=361.62,-30.02,56.01 track=0.1142
ts=40728.859 cmd_ts=3.703 fb_ts=3.703 leg=R idx=75 cmd=[-0.0408 0.1876 1.9864 -0.4743 -0.0031 0.0261] meas=[-0.0798 0.3053 2.0709 -0.5522 -0.0031 0.0261] xyz=361.52,-28.90,56.43 track=0.1177
ts=40728.906 cmd_ts=3.750 fb_ts=3.750 leg=R idx=76 cmd=[-0.0372 0.1811 1.9753 -0.4568 -0.0031 0.0261] meas=[-0.0736 0.2915 2.0586 -0.5277 -0.0031 0.0261] xyz=361.46,-26.66,60.68 track=0.1103
ts=40728.968 cmd_ts=3.812 fb_ts=3.812 leg=R idx=77 cmd=[-0.0337 0.1748 1.9639 -0.4391 -0.0031 0.0261] meas=[-0.0675 0.2869 2.0494 -0.5123 -0.0031 0.0261] xyz=361.91,-24.46,62.30 track=0.1120
ts=40729.000 cmd_ts=3.844 fb_ts=3.875 leg=R idx=78 cmd=[-0.0304 0.1687 1.9523 -0.4213 -0.0031 0.0261] meas=[-0.0614 0.2777 2.0325 -0.4909 -0.0031 0.0261] xyz=362.87,-22.29,66.67 track=0.1090
ts=40729.046 cmd_ts=3.890 fb_ts=3.906 leg=R idx=79 cmd=[-0.0272 0.1627 1.9403 -0.4033 -0.0031 0.0261] meas=[-0.0583 0.2730 2.0249 -0.4771 -0.0031 0.0261] xyz=363.03,-21.19,68.17 track=0.1104
ts=40729.109 cmd_ts=3.953 fb_ts=3.953 leg=R idx=80 cmd=[-0.0241 0.1568 1.9280 -0.3852 -0.0031 0.0261] meas=[-0.0568 0.2684 2.0203 -0.4679 -0.0031 0.0261] xyz=362.92,-20.62,69.59 track=0.1116
ts=40729.156 cmd_ts=4.000 fb_ts=4.000 leg=R idx=81 cmd=[-0.0212 0.1512 1.9154 -0.3669 -0.0031 0.0261] meas=[-0.0537 0.2623 2.0126 -0.4541 -0.0031 0.0261] xyz=362.93,-19.50,71.66 track=0.1111
ts=40729.203 cmd_ts=4.047 fb_ts=4.047 leg=R idx=82 cmd=[-0.0184 0.1457 1.9025 -0.3486 -0.0031 0.0261] meas=[-0.0506 0.2531 1.9911 -0.4249 -0.0031 0.0261] xyz=363.86,-18.43,76.16 track=0.1074
ts=40729.265 cmd_ts=4.109 fb_ts=4.109 leg=R idx=83 cmd=[-0.0158 0.1404 1.8894 -0.3301 -0.0031 0.0261] meas=[-0.0476 0.2470 1.9804 -0.4096 -0.0031 0.0261] xyz=364.14,-17.33,78.86 track=0.1066
ts=40729.312 cmd_ts=4.156 fb_ts=4.156 leg=R idx=84 cmd=[-0.0133 0.1353 1.8759 -0.3115 -0.0031 0.0261] meas=[-0.0460 0.2424 1.9650 -0.3866 -0.0031 0.0261] xyz=364.71,-16.80,81.06 track=0.1071
ts=40729.359 cmd_ts=4.203 fb_ts=4.203 leg=R idx=85 cmd=[-0.0110 0.1303 1.8622 -0.2928 -0.0031 0.0261] meas=[-0.0430 0.2378 1.9543 -0.3697 -0.0031 0.0261] xyz=364.95,-15.68,83.00 track=0.1074
ts=40729.406 cmd_ts=4.250 fb_ts=4.250 leg=R idx=86 cmd=[-0.0088 0.1256 1.8481 -0.2741 -0.0031 0.0261] meas=[-0.0414 0.2362 1.9497 -0.3590 -0.0031 0.0261] xyz=364.88,-15.12,83.10 track=0.1106
ts=40729.453 cmd_ts=4.297 fb_ts=4.312 leg=R idx=87 cmd=[-0.0067 0.1210 1.8338 -0.2552 -0.0031 0.0261] meas=[-0.0353 0.2255 1.9313 -0.3313 -0.0031 0.0261] xyz=365.03,-12.88,87.72 track=0.1045
ts=40729.500 cmd_ts=4.344 fb_ts=4.344 leg=R idx=88 cmd=[-0.0048 0.1167 1.8192 -0.2363 -0.0031 0.0261] meas=[-0.0337 0.2209 1.9205 -0.3175 -0.0031 0.0261] xyz=365.32,-12.33,90.20 track=0.1042
ts=40729.562 cmd_ts=4.406 fb_ts=4.406 leg=R idx=89 cmd=[-0.0031 0.1126 1.8044 -0.2173 -0.0031 0.0261] meas=[-0.0322 0.2163 1.9113 -0.3053 -0.0031 0.0261] xyz=365.46,-11.78,92.51 track=0.1070
ts=40729.609 cmd_ts=4.453 fb_ts=4.453 leg=R idx=90 cmd=[-0.0015 0.1086 1.7892 -0.1982 -0.0031 0.0261] meas=[-0.0291 0.2102 1.8929 -0.2777 -0.0031 0.0261] xyz=365.77,-10.66,95.53 track=0.1037
ts=40729.656 cmd_ts=4.500 fb_ts=4.500 leg=R idx=91 cmd=[-0.0001 0.1049 1.7738 -0.1791 -0.0031 0.0261] meas=[-0.0276 0.2086 1.8791 -0.2608 -0.0031 0.0261] xyz=366.47,-10.12,97.32 track=0.1053
ts=40729.718 cmd_ts=4.562 fb_ts=4.562 leg=R idx=92 cmd=[0.0012 0.1014 1.7581 -0.1599 -0.0031 0.0261] meas=[-0.0261 0.2071 1.8699 -0.2500 -0.0031 0.0261] xyz=366.89,-9.57,98.79 track=0.1118
ts=40729.750 cmd_ts=4.594 fb_ts=4.609 leg=R idx=93 cmd=[0.0024 0.0981 1.7421 -0.1406 -0.0031 0.0261] meas=[-0.0245 0.2010 1.8484 -0.2209 -0.0031 0.0261] xyz=367.32,-9.02,102.53 track=0.1063
ts=40729.796 cmd_ts=4.640 fb_ts=4.640 leg=R idx=94 cmd=[0.0034 0.0951 1.7259 -0.1213 -0.0031 0.0261] meas=[-0.0230 0.1979 1.8346 -0.2040 -0.0031 0.0261] xyz=367.75,-8.46,104.94 track=0.1087
ts=40729.859 cmd_ts=4.703 fb_ts=4.703 leg=R idx=95 cmd=[0.0042 0.0922 1.7094 -0.1020 -0.0031 0.0261] meas=[-0.0215 0.1933 1.8239 -0.1933 -0.0031 0.0261] xyz=367.95,-7.90,108.03 track=0.1145
ts=40729.906 cmd_ts=4.750 fb_ts=4.750 leg=R idx=96 cmd=[0.0049 0.0896 1.6926 -0.0826 -0.0031 0.0261] meas=[-0.0184 0.1841 1.8024 -0.1641 -0.0031 0.0261] xyz=367.82,-6.77,112.98 track=0.1098
ts=40729.968 cmd_ts=4.812 fb_ts=4.812 leg=R idx=97 cmd=[0.0054 0.0872 1.6756 -0.0631 -0.0031 0.0261] meas=[-0.0169 0.1841 1.7886 -0.1473 -0.0031 0.0261] xyz=368.45,-6.22,114.32 track=0.1130
ts=40730.000 cmd_ts=4.844 fb_ts=4.859 leg=R idx=98 cmd=[0.0058 0.0850 1.6583 -0.0437 -0.0031 0.0261] meas=[-0.0153 0.1779 1.7687 -0.1212 -0.0031 0.0261] xyz=368.49,-5.65,118.24 track=0.1103
ts=40730.062 cmd_ts=4.906 fb_ts=4.906 leg=R idx=99 cmd=[0.0061 0.0830 1.6408 -0.0242 -0.0031 0.0261] meas=[-0.0153 0.1779 1.7579 -0.1074 -0.0031 0.0261] xyz=368.88,-5.66,119.19 track=0.1172
ts=40730.109 cmd_ts=4.953 fb_ts=4.953 leg=R idx=100 cmd=[0.0061 0.0813 1.6230 -0.0046 -0.0031 0.0261] meas=[-0.0153 0.1779 1.7472 -0.0966 -0.0031 0.0261] xyz=369.43,-5.67,120.64 track=0.1242
