# 2026-08-25T21:43:40.746374+00:00  tag=run18  port=COM21  sdk=C:\Users\Mukund\AppData\Local\Programs\Python\Python312\Lib\site-packages\roarm_sdk  ik=C:\Users\Mukund\Documents\Ro-Arm\roarm_sdk\waveshare_ik.py  home_xyz=[360.10 2.76 180.92]  constX=360.10  envelope=3.0deg sweep_max=10.0s move_tol=0.5deg progress_tol=0.1deg progress_stable=2 resume_tol=3.36deg
# attempt 1: M=[0.0077 0.0767 1.6230 -0.0077 -0.0031 0.0261]  i_target=2  max_disp=2.240 deg  per_joint=[0.02 0.20 2.04 2.24 0.00] deg
t=0.000 att=1 phase=pump idx=0 cmd=[0.0077 0.0767 1.6230 -0.0077 -0.0031 0.0261] meas=[0.0077 0.0767 1.6230 -0.0077 -0.0031 0.0261] moved=0.000 dist_tgt=2.240
t=0.000 att=1 phase=pump idx=1 cmd=[0.0077 0.0768 1.6240 -0.0088 -0.0031 0.0261] meas=[0.0077 0.0767 1.6230 -0.0077 -0.0031 0.0261] moved=0.000 dist_tgt=2.240
t=0.109 att=1 phase=pump idx=2 cmd=[0.0077 0.0769 1.6250 -0.0099 -0.0031 0.0261] meas=[0.0077 0.0767 1.6230 -0.0077 -0.0031 0.0261] moved=0.000 dist_tgt=2.240
t=0.109 att=1 phase=pump idx=3 cmd=[0.0077 0.0770 1.6260 -0.0110 -0.0031 0.0261] meas=[0.0077 0.0767 1.6230 -0.0077 -0.0031 0.0261] moved=0.000 dist_tgt=2.240
t=0.141 att=1 phase=pump idx=4 cmd=[0.0077 0.0771 1.6271 -0.0121 -0.0031 0.0261] meas=[0.0077 0.0767 1.6230 -0.0077 -0.0031 0.0261] moved=0.000 dist_tgt=2.240
t=0.203 att=1 phase=pump idx=5 cmd=[0.0076 0.0772 1.6281 -0.0133 -0.0031 0.0261] meas=[0.0077 0.0767 1.6230 -0.0077 -0.0031 0.0261] moved=0.000 dist_tgt=2.240
t=0.250 att=1 phase=pump idx=6 cmd=[0.0076 0.0773 1.6291 -0.0144 -0.0031 0.0261] meas=[0.0077 0.0767 1.6230 -0.0077 -0.0031 0.0261] moved=0.000 dist_tgt=2.240
t=0.313 att=1 phase=pump idx=7 cmd=[0.0076 0.0774 1.6301 -0.0155 -0.0031 0.0261] meas=[0.0077 0.0767 1.6230 -0.0077 -0.0031 0.0261] moved=0.000 dist_tgt=2.240
t=0.344 att=1 phase=pump idx=8 cmd=[0.0076 0.0775 1.6311 -0.0166 -0.0031 0.0261] meas=[0.0077 0.0767 1.6230 -0.0077 -0.0031 0.0261] moved=0.000 dist_tgt=2.240
t=0.406 att=1 phase=pump idx=9 cmd=[0.0076 0.0776 1.6322 -0.0177 -0.0031 0.0261] meas=[0.0077 0.0767 1.6230 -0.0077 -0.0031 0.0261] moved=0.000 dist_tgt=2.240
t=0.453 att=1 phase=pump idx=10 cmd=[0.0076 0.0777 1.6332 -0.0189 -0.0031 0.0261] meas=[0.0077 0.0767 1.6230 -0.0077 -0.0031 0.0261] moved=0.000 dist_tgt=2.240
t=0.500 att=1 phase=pump idx=11 cmd=[0.0076 0.0777 1.6342 -0.0200 -0.0031 0.0261] meas=[0.0077 0.0767 1.6230 -0.0077 -0.0031 0.0261] moved=0.000 dist_tgt=2.240
t=0.547 att=1 phase=pump idx=12 cmd=[0.0076 0.0778 1.6352 -0.0211 -0.0031 0.0261] meas=[0.0077 0.0767 1.6230 -0.0077 -0.0031 0.0261] moved=0.000 dist_tgt=2.240
t=0.594 att=1 phase=pump idx=13 cmd=[0.0076 0.0779 1.6363 -0.0222 -0.0031 0.0261] meas=[0.0077 0.0767 1.6230 -0.0077 -0.0031 0.0261] moved=0.000 dist_tgt=2.240
t=0.656 att=1 phase=pump idx=14 cmd=[0.0076 0.0780 1.6373 -0.0233 -0.0031 0.0261] meas=[0.0077 0.0767 1.6230 -0.0077 -0.0031 0.0261] moved=0.000 dist_tgt=2.240
t=0.703 att=1 phase=pump idx=15 cmd=[0.0076 0.0781 1.6383 -0.0244 -0.0031 0.0261] meas=[0.0077 0.0767 1.6230 -0.0077 -0.0031 0.0261] moved=0.000 dist_tgt=2.240
t=0.750 att=1 phase=pump idx=16 cmd=[0.0076 0.0782 1.6393 -0.0256 -0.0031 0.0261] meas=[0.0077 0.0767 1.6230 -0.0077 -0.0031 0.0261] moved=0.000 dist_tgt=2.240
t=0.797 att=1 phase=pump idx=17 cmd=[0.0076 0.0783 1.6403 -0.0267 -0.0031 0.0261] meas=[0.0077 0.0767 1.6230 -0.0077 -0.0031 0.0261] moved=0.000 dist_tgt=2.240
t=0.859 att=1 phase=pump idx=18 cmd=[0.0076 0.0784 1.6414 -0.0278 -0.0031 0.0261] meas=[0.0077 0.0767 1.6230 -0.0077 -0.0031 0.0261] moved=0.000 dist_tgt=2.240
t=0.891 att=1 phase=pump idx=19 cmd=[0.0076 0.0785 1.6424 -0.0289 -0.0031 0.0261] meas=[0.0077 0.0813 1.6306 -0.0077 -0.0031 0.0261] moved=0.439 dist_tgt=2.240
t=0.953 att=1 phase=pump idx=20 cmd=[0.0076 0.0786 1.6434 -0.0300 -0.0031 0.0261] meas=[0.0077 0.1012 1.6368 -0.0077 -0.0031 0.0261] moved=1.406 dist_tgt=2.240
t=1.000 att=1 phase=pump idx=21 cmd=[0.0075 0.0787 1.6444 -0.0311 -0.0031 0.0261] meas=[0.0077 0.1012 1.6352 -0.0077 -0.0031 0.0276] moved=1.406 dist_tgt=2.240
t=1.047 att=1 phase=pump idx=22 cmd=[0.0075 0.0789 1.6454 -0.0323 -0.0031 0.0261] meas=[0.0077 0.1043 1.6368 -0.0077 -0.0031 0.0276] moved=1.582 dist_tgt=2.240
t=1.109 att=1 phase=pump idx=23 cmd=[0.0075 0.0790 1.6464 -0.0334 -0.0031 0.0261] meas=[0.0077 0.1043 1.6368 -0.0077 -0.0031 0.0276] moved=1.582 dist_tgt=2.240
t=1.156 att=1 phase=pump idx=24 cmd=[0.0075 0.0791 1.6474 -0.0345 -0.0031 0.0261] meas=[0.0077 0.1043 1.6444 -0.0077 -0.0031 0.0276] moved=1.582 dist_tgt=2.240
t=1.203 att=1 phase=pump idx=25 cmd=[0.0075 0.0792 1.6484 -0.0356 -0.0031 0.0261] meas=[0.0077 0.1043 1.6444 -0.0077 -0.0031 0.0276] moved=1.582 dist_tgt=2.240
t=1.250 att=1 phase=pump idx=26 cmd=[0.0075 0.0793 1.6494 -0.0367 -0.0031 0.0261] meas=[0.0077 0.1043 1.6444 -0.0077 -0.0031 0.0276] moved=1.582 dist_tgt=2.240
t=1.297 att=1 phase=pump idx=27 cmd=[0.0075 0.0794 1.6504 -0.0378 -0.0031 0.0261] meas=[0.0077 0.1043 1.6475 -0.0123 -0.0031 0.0276] moved=1.582 dist_tgt=1.976
t=1.344 att=1 phase=pump idx=28 cmd=[0.0075 0.0795 1.6514 -0.0390 -0.0031 0.0261] meas=[0.0077 0.1043 1.6475 -0.0169 -0.0031 0.0276] moved=1.582 dist_tgt=1.713
# attempt 1 COMMITTED in phase=pump at t=1.344 s meas=[0.0077 0.1043 1.6475 -0.0169 -0.0031 0.0276]  t102_continuous=True
===== CONTINUOUS FORWARD: direct transition to wp=1 compat_err=1.486deg (NO align hold, NO T102 gap) =====
adv t=0.000 leg=F idx=1 cmd=[0.0076 0.0784 1.6409 -0.0272 -0.0031 0.0261] meas=[0.0077 0.1043 1.6506 -0.0169 -0.0031 0.0276] xyz=363.53,2.79,163.89 track=0.0259
adv t=0.047 leg=F idx=2 cmd=[0.0074 0.0803 1.6585 -0.0468 -0.0031 0.0261] meas=[0.0077 0.1043 1.6552 -0.0169 -0.0031 0.0276] xyz=363.21,2.79,162.47 track=0.0299
adv t=0.110 leg=F idx=3 cmd=[0.0070 0.0824 1.6758 -0.0663 -0.0031 0.0261] meas=[0.0077 0.1043 1.6552 -0.0199 -0.0031 0.0276] xyz=363.34,2.79,162.98 track=0.0463
adv t=0.141 leg=F idx=4 cmd=[0.0064 0.0847 1.6929 -0.0857 -0.0031 0.0261] meas=[0.0077 0.1043 1.6552 -0.0261 -0.0031 0.0276] xyz=363.60,2.79,164.01 track=0.0596
adv t=0.203 leg=F idx=5 cmd=[0.0058 0.0873 1.7098 -0.1051 -0.0031 0.0261] meas=[0.0077 0.1043 1.6552 -0.0261 -0.0031 0.0276] xyz=363.60,2.79,164.01 track=0.0790
adv t=0.250 leg=F idx=6 cmd=[0.0049 0.0901 1.7264 -0.1245 -0.0031 0.0261] meas=[0.0077 0.1043 1.6644 -0.0322 -0.0031 0.0276] xyz=363.22,2.79,162.19 track=0.0923
adv t=0.297 leg=F idx=7 cmd=[0.0039 0.0931 1.7427 -0.1438 -0.0031 0.0261] meas=[0.0077 0.1043 1.6904 -0.0552 -0.0031 0.0276] xyz=362.30,2.78,157.99 track=0.0886
adv t=0.360 leg=F idx=8 cmd=[0.0028 0.0964 1.7587 -0.1631 -0.0031 0.0261] meas=[0.0077 0.1043 1.7073 -0.0706 -0.0031 0.0276] xyz=361.67,2.77,155.36 track=0.0925
adv t=0.422 leg=F idx=9 cmd=[0.0015 0.0998 1.7745 -0.1823 -0.0031 0.0261] meas=[0.0077 0.1058 1.7257 -0.0966 -0.0031 0.0276] xyz=361.57,2.77,153.51 track=0.0857
adv t=0.453 leg=F idx=10 cmd=[0.0000 0.1035 1.7900 -0.2015 -0.0031 0.0261] meas=[0.0077 0.1058 1.7395 -0.1104 -0.0031 0.0276] xyz=361.04,2.77,151.59 track=0.0910
adv t=0.500 leg=F idx=11 cmd=[-0.0016 0.1074 1.8052 -0.2206 -0.0031 0.0261] meas=[0.0077 0.1058 1.7441 -0.1227 -0.0031 0.0276] xyz=361.18,2.77,152.23 track=0.0979
adv t=0.547 leg=F idx=12 cmd=[-0.0033 0.1115 1.8201 -0.2396 -0.0031 0.0261] meas=[0.0077 0.1074 1.7549 -0.1365 -0.0031 0.0276] xyz=361.09,2.77,150.71 track=0.1031
adv t=0.610 leg=F idx=13 cmd=[-0.0052 0.1157 1.8348 -0.2586 -0.0031 0.0261] meas=[0.0077 0.1197 1.7856 -0.1672 -0.0031 0.0276] xyz=361.53,2.77,142.05 track=0.0914
adv t=0.641 leg=F idx=14 cmd=[-0.0073 0.1202 1.8492 -0.2775 -0.0031 0.0261] meas=[0.0077 0.1243 1.8009 -0.1841 -0.0031 0.0276] xyz=361.49,2.77,138.56 track=0.0934
adv t=0.703 leg=F idx=15 cmd=[-0.0095 0.1249 1.8633 -0.2963 -0.0031 0.0261] meas=[0.0077 0.1289 1.8101 -0.1963 -0.0031 0.0276] xyz=361.78,2.77,136.16 track=0.0999
adv t=0.750 leg=F idx=16 cmd=[-0.0118 0.1298 1.8772 -0.3150 -0.0031 0.0261] meas=[0.0077 0.1335 1.8331 -0.2255 -0.0031 0.0276] xyz=361.42,2.77,132.44 track=0.0895
adv t=0.797 leg=F idx=17 cmd=[-0.0143 0.1349 1.8907 -0.3336 -0.0031 0.0261] meas=[0.0077 0.1335 1.8469 -0.2439 -0.0031 0.0276] xyz=360.84,2.77,131.37 track=0.0897
adv t=0.860 leg=F idx=18 cmd=[-0.0170 0.1401 1.9040 -0.3521 -0.0031 0.0261] meas=[0.0077 0.1381 1.8623 -0.2684 -0.0031 0.0276] xyz=360.91,2.77,129.22 track=0.0837
adv t=0.907 leg=F idx=19 cmd=[-0.0197 0.1456 1.9169 -0.3705 -0.0031 0.0261] meas=[0.0077 0.1442 1.8761 -0.2823 -0.0031 0.0276] xyz=360.85,2.77,125.20 track=0.0883
adv t=0.953 leg=F idx=20 cmd=[-0.0227 0.1512 1.9296 -0.3888 -0.0031 0.0261] meas=[0.0077 0.1488 1.8807 -0.2930 -0.0031 0.0276] xyz=361.38,2.77,123.97 track=0.0958
adv t=1.000 leg=F idx=21 cmd=[-0.0257 0.1570 1.9419 -0.4069 -0.0031 0.0261] meas=[0.0077 0.1519 1.8899 -0.3068 -0.0031 0.0276] xyz=361.36,2.77,122.44 track=0.1001
adv t=1.047 leg=F idx=22 cmd=[-0.0289 0.1629 1.9540 -0.4250 -0.0031 0.0261] meas=[0.0077 0.1611 1.9175 -0.3375 -0.0031 0.0276] xyz=360.71,2.77,116.11 track=0.0875
adv t=1.094 leg=F idx=23 cmd=[-0.0323 0.1691 1.9658 -0.4428 -0.0031 0.0261] meas=[0.0046 0.1657 1.9313 -0.3543 -0.0031 0.0276] xyz=360.39,1.66,113.23 track=0.0885
adv t=1.157 leg=F idx=24 cmd=[-0.0358 0.1753 1.9772 -0.4606 -0.0031 0.0261] meas=[0.0031 0.1703 1.9436 -0.3774 -0.0031 0.0276] xyz=360.46,1.11,111.84 track=0.0832
adv t=1.203 leg=F idx=25 cmd=[-0.0394 0.1817 1.9884 -0.4781 -0.0031 0.0261] meas=[0.0015 0.1733 1.9543 -0.3927 -0.0031 0.0276] xyz=360.18,0.55,110.18 track=0.0854
adv t=1.250 leg=F idx=26 cmd=[-0.0431 0.1883 1.9992 -0.4955 -0.0031 0.0261] meas=[0.0000 0.1779 1.9574 -0.4050 -0.0031 0.0276] xyz=360.83,0.00,109.68 track=0.0905
adv t=1.297 leg=F idx=27 cmd=[-0.0470 0.1950 2.0097 -0.5127 -0.0031 0.0261] meas=[-0.0077 0.1887 1.9773 -0.4310 -0.0031 0.0276] xyz=360.65,-2.77,104.42 track=0.0817
adv t=1.360 leg=F idx=28 cmd=[-0.0510 0.2018 2.0199 -0.5297 -0.0031 0.0261] meas=[-0.0123 0.1948 1.9880 -0.4464 -0.0031 0.0276] xyz=360.57,-4.43,101.70 track=0.0833
adv t=1.422 leg=F idx=29 cmd=[-0.0552 0.2088 2.0298 -0.5465 -0.0031 0.0261] meas=[-0.0184 0.2025 2.0003 -0.4694 -0.0031 0.0276] xyz=360.72,-6.64,99.29 track=0.0771
adv t=1.453 leg=F idx=30 cmd=[-0.0595 0.2158 2.0393 -0.5631 -0.0031 0.0261] meas=[-0.0199 0.2071 2.0095 -0.4832 -0.0031 0.0276] xyz=360.56,-7.19,97.33 track=0.0799
adv t=1.500 leg=F idx=31 cmd=[-0.0639 0.2230 2.0485 -0.5795 -0.0031 0.0261] meas=[-0.0215 0.2102 2.0110 -0.4924 -0.0031 0.0276] xyz=361.03,-7.75,97.33 track=0.0871
adv t=1.547 leg=F idx=32 cmd=[-0.0684 0.2302 2.0574 -0.5957 -0.0031 0.0261] meas=[-0.0245 0.2178 2.0203 -0.5047 -0.0031 0.0276] xyz=361.05,-8.86,94.02 track=0.0910
adv t=1.610 leg=F idx=33 cmd=[-0.0730 0.2376 2.0659 -0.6116 -0.0031 0.0261] meas=[-0.0307 0.2301 2.0417 -0.5338 -0.0031 0.0276] xyz=360.47,-11.06,88.47 track=0.0777
adv t=1.641 leg=F idx=34 cmd=[-0.0778 0.2450 2.0742 -0.6272 -0.0031 0.0261] meas=[-0.0353 0.2378 2.0494 -0.5476 -0.0031 0.0276] xyz=360.62,-12.73,85.89 track=0.0796
adv t=1.703 leg=F idx=35 cmd=[-0.0827 0.2525 2.0820 -0.6426 -0.0031 0.0261] meas=[-0.0399 0.2424 2.0525 -0.5584 -0.0031 0.0276] xyz=360.98,-14.40,85.17 track=0.0842
adv t=1.750 leg=F idx=36 cmd=[-0.0877 0.2601 2.0896 -0.6577 -0.0031 0.0261] meas=[-0.0460 0.2531 2.0693 -0.5844 -0.0031 0.0276] xyz=360.52,-16.60,81.03 track=0.0732
adv t=1.813 leg=F idx=37 cmd=[-0.0928 0.2677 2.0967 -0.6725 -0.0031 0.0261] meas=[-0.0522 0.2608 2.0755 -0.5983 -0.0031 0.0276] xyz=360.74,-18.83,78.90 track=0.0742
adv t=1.860 leg=F idx=38 cmd=[-0.0980 0.2753 2.1036 -0.6869 -0.0031 0.0261] meas=[-0.0598 0.2715 2.0831 -0.6167 -0.0031 0.0276] xyz=361.09,-21.63,76.02 track=0.0703
adv t=1.907 leg=F idx=39 cmd=[-0.1034 0.2830 2.1101 -0.7011 -0.0031 0.0261] meas=[-0.0614 0.2777 2.0923 -0.6305 -0.0031 0.0276] xyz=360.76,-22.16,73.63 track=0.0707
adv t=1.938 leg=F idx=40 cmd=[-0.1088 0.2907 2.1162 -0.7150 -0.0031 0.0261] meas=[-0.0644 0.2792 2.0939 -0.6397 -0.0031 0.0276] xyz=360.97,-23.29,74.20 track=0.0753
adv t=2.016 leg=F idx=41 cmd=[-0.1143 0.2985 2.1220 -0.7285 -0.0031 0.0261] meas=[-0.0690 0.2838 2.1000 -0.6504 -0.0031 0.0276] xyz=360.75,-24.94,72.70 track=0.0781
adv t=2.047 leg=F idx=42 cmd=[-0.1200 0.3062 2.1275 -0.7417 -0.0031 0.0261] meas=[-0.0767 0.2976 2.1108 -0.6750 -0.0031 0.0276] xyz=360.95,-27.74,68.96 track=0.0667
adv t=2.094 leg=F idx=43 cmd=[-0.1257 0.3139 2.1325 -0.7545 -0.0031 0.0261] meas=[-0.0813 0.3053 2.1200 -0.6888 -0.0031 0.0276] xyz=360.53,-29.38,66.07 track=0.0657
adv t=2.157 leg=F idx=44 cmd=[-0.1316 0.3216 2.1373 -0.7669 -0.0031 0.0261] meas=[-0.0905 0.3160 2.1261 -0.7056 -0.0031 0.0276] xyz=360.72,-32.74,63.40 track=0.0613
adv t=2.203 leg=F idx=45 cmd=[-0.1375 0.3293 2.1417 -0.7790 -0.0031 0.0261] meas=[-0.0951 0.3206 2.1307 -0.7164 -0.0031 0.0276] xyz=360.60,-34.40,62.33 track=0.0626
adv t=2.250 leg=F idx=46 cmd=[-0.1435 0.3369 2.1457 -0.7906 -0.0031 0.0261] meas=[-0.0982 0.3237 2.1322 -0.7240 -0.0031 0.0276] xyz=360.76,-35.53,62.10 track=0.0666
adv t=2.313 leg=F idx=47 cmd=[-0.1496 0.3445 2.1494 -0.8019 -0.0031 0.0261] meas=[-0.1043 0.3375 2.1399 -0.7455 -0.0031 0.0276] xyz=361.07,-37.80,58.71 track=0.0564
adv t=2.344 leg=F idx=48 cmd=[-0.1558 0.3521 2.1527 -0.8128 -0.0031 0.0261] meas=[-0.1089 0.3436 2.1414 -0.7547 -0.0031 0.0276] xyz=361.38,-39.52,57.63 track=0.0581
adv t=2.407 leg=F idx=49 cmd=[-0.1620 0.3596 2.1556 -0.8232 -0.0031 0.0261] meas=[-0.1135 0.3497 2.1414 -0.7624 -0.0031 0.0276] xyz=361.86,-41.25,56.68 track=0.0608
adv t=2.453 leg=F idx=50 cmd=[-0.1684 0.3670 2.1582 -0.8332 -0.0031 0.0261] meas=[-0.1243 0.3590 2.1491 -0.7808 -0.0031 0.0276] xyz=361.45,-45.14,54.46 track=0.0524
adv t=2.500 leg=F idx=51 cmd=[-0.1748 0.3743 2.1605 -0.8428 -0.0031 0.0261] meas=[-0.1319 0.3666 2.1506 -0.7915 -0.0031 0.0276] xyz=361.69,-47.99,53.08 track=0.0513
adv t=2.547 leg=F idx=52 cmd=[-0.1812 0.3816 2.1624 -0.8520 -0.0031 0.0261] meas=[-0.1350 0.3728 2.1568 -0.7977 -0.0031 0.0276] xyz=361.14,-49.05,50.33 track=0.0543
adv t=2.610 leg=F idx=53 cmd=[-0.1878 0.3887 2.1639 -0.8607 -0.0031 0.0261] meas=[-0.1442 0.3835 2.1583 -0.8145 -0.0031 0.0276] xyz=361.64,-52.51,48.85 track=0.0461
adv t=2.641 leg=F idx=54 cmd=[-0.1944 0.3958 2.1651 -0.8689 -0.0031 0.0261] meas=[-0.1488 0.3896 2.1583 -0.8222 -0.0031 0.0276] xyz=361.99,-54.26,47.89 track=0.0467
adv t=2.703 leg=F idx=55 cmd=[-0.2010 0.4027 2.1660 -0.8767 -0.0031 0.0261] meas=[-0.1519 0.3927 2.1583 -0.8283 -0.0031 0.0276] xyz=362.21,-55.43,47.79 track=0.0491
adv t=2.750 leg=F idx=56 cmd=[-0.2077 0.4095 2.1665 -0.8840 -0.0031 0.0261] meas=[-0.1595 0.4050 2.1660 -0.8437 -0.0031 0.0276] xyz=361.72,-58.20,43.97 track=0.0482
adv t=2.797 leg=F idx=57 cmd=[-0.2145 0.4162 2.1666 -0.8908 -0.0031 0.0261] meas=[-0.1657 0.4126 2.1660 -0.8498 -0.0031 0.0276] xyz=361.92,-60.51,42.19 track=0.0488
adv t=2.860 leg=F idx=58 cmd=[-0.2213 0.4227 2.1664 -0.8972 -0.0031 0.0261] meas=[-0.1749 0.4234 2.1675 -0.8606 -0.0031 0.0276] xyz=361.97,-63.95,39.67 track=0.0464
adv t=2.891 leg=F idx=59 cmd=[-0.2281 0.4291 2.1659 -0.9031 -0.0031 0.0261] meas=[-0.1795 0.4280 2.1675 -0.8667 -0.0031 0.0276] xyz=362.09,-65.69,39.00 track=0.0487
adv t=2.953 leg=F idx=60 cmd=[-0.2350 0.4354 2.1650 -0.9085 -0.0031 0.0261] meas=[-0.1841 0.4295 2.1675 -0.8713 -0.0031 0.0276] xyz=362.03,-67.40,39.21 track=0.0510
adv t=3.000 leg=F idx=61 cmd=[-0.2420 0.4415 2.1638 -0.9134 -0.0031 0.0261] meas=[-0.1917 0.4418 2.1675 -0.8836 -0.0031 0.0276] xyz=362.44,-70.36,36.74 track=0.0502
adv t=3.063 leg=F idx=62 cmd=[-0.2489 0.4475 2.1623 -0.9178 -0.0031 0.0261] meas=[-0.1979 0.4464 2.1675 -0.8866 -0.0031 0.0276] xyz=362.28,-72.64,35.55 track=0.0510
adv t=3.125 leg=F idx=63 cmd=[-0.2559 0.4533 2.1604 -0.9218 -0.0031 0.0261] meas=[-0.2086 0.4541 2.1675 -0.8943 -0.0031 0.0276] xyz=362.05,-76.65,34.00 track=0.0473
adv t=3.157 leg=F idx=64 cmd=[-0.2629 0.4590 2.1582 -0.9252 -0.0031 0.0261] meas=[-0.2132 0.4587 2.1675 -0.8989 -0.0031 0.0276] xyz=362.02,-78.38,33.07 track=0.0497
adv t=3.188 leg=F idx=65 cmd=[-0.2700 0.4644 2.1557 -0.9282 -0.0031 0.0261] meas=[-0.2163 0.4602 2.1675 -0.9004 -0.0031 0.0276] xyz=361.89,-79.52,32.76 track=0.0537
adv t=3.250 leg=F idx=66 cmd=[-0.2770 0.4697 2.1529 -0.9307 -0.0031 0.0261] meas=[-0.2224 0.4648 2.1675 -0.9004 -0.0031 0.0276] xyz=361.54,-81.77,31.05 track=0.0546
adv t=3.313 leg=F idx=67 cmd=[-0.2841 0.4749 2.1498 -0.9327 -0.0031 0.0261] meas=[-0.2332 0.4755 2.1675 -0.9097 -0.0031 0.0276] xyz=361.32,-85.81,28.61 track=0.0509
adv t=3.344 leg=F idx=68 cmd=[-0.2912 0.4799 2.1463 -0.9342 -0.0031 0.0261] meas=[-0.2424 0.4817 2.1675 -0.9127 -0.0031 0.0276] xyz=360.80,-89.20,26.84 track=0.0488
adv t=3.407 leg=F idx=69 cmd=[-0.2982 0.4847 2.1426 -0.9352 -0.0031 0.0261] meas=[-0.2470 0.4832 2.1675 -0.9127 -0.0031 0.0276] xyz=360.43,-90.87,26.27 track=0.0513
adv t=3.453 leg=F idx=70 cmd=[-0.3053 0.4893 2.1385 -0.9358 -0.0031 0.0261] meas=[-0.2577 0.4893 2.1675 -0.9143 -0.0031 0.0276] xyz=359.64,-94.79,24.24 track=0.0476
adv t=3.500 leg=F idx=71 cmd=[-0.3124 0.4937 2.1341 -0.9359 -0.0031 0.0261] meas=[-0.2638 0.4955 2.1675 -0.9189 -0.0031 0.0276] xyz=359.39,-97.09,22.73 track=0.0486
adv t=3.547 leg=F idx=72 cmd=[-0.3195 0.4980 2.1295 -0.9355 -0.0031 0.0261] meas=[-0.2700 0.4985 2.1660 -0.9189 -0.0031 0.0276] xyz=359.10,-99.38,21.94 track=0.0495
adv t=3.610 leg=F idx=73 cmd=[-0.3266 0.5021 2.1245 -0.9346 -0.0031 0.0261] meas=[-0.2792 0.5047 2.1660 -0.9189 -0.0031 0.0276] xyz=358.30,-102.71,19.66 track=0.0474
adv t=3.641 leg=F idx=74 cmd=[-0.3336 0.5060 2.1193 -0.9333 -0.0031 0.0261] meas=[-0.2853 0.5093 2.1660 -0.9189 -0.0031 0.0276] xyz=357.74,-104.93,17.94 track=0.0483
adv t=3.703 leg=F idx=75 cmd=[-0.3407 0.5098 2.1138 -0.9316 -0.0031 0.0261] meas=[-0.2915 0.5154 2.1660 -0.9189 -0.0031 0.0276] xyz=357.19,-107.16,15.65 track=0.0522
adv t=3.750 leg=F idx=76 cmd=[-0.3477 0.5133 2.1080 -0.9293 -0.0031 0.0261] meas=[-0.3007 0.5231 2.1614 -0.9189 -0.0031 0.0276] xyz=357.07,-110.71,13.85 track=0.0534
adv t=3.797 leg=F idx=77 cmd=[-0.3547 0.5167 2.1019 -0.9267 -0.0031 0.0261] meas=[-0.3053 0.5262 2.1583 -0.9189 -0.0031 0.0276] xyz=357.11,-112.53,13.40 track=0.0564
adv t=3.860 leg=F idx=78 cmd=[-0.3617 0.5200 2.0956 -0.9235 -0.0031 0.0261] meas=[-0.3160 0.5277 2.1491 -0.9189 -0.0031 0.0276] xyz=357.44,-116.87,14.95 track=0.0536
adv t=3.907 leg=F idx=79 cmd=[-0.3687 0.5230 2.0889 -0.9200 -0.0031 0.0261] meas=[-0.3221 0.5292 2.1430 -0.9189 -0.0031 0.0276] xyz=357.75,-119.40,15.79 track=0.0540
adv t=3.938 leg=F idx=80 cmd=[-0.3756 0.5259 2.0821 -0.9160 -0.0031 0.0261] meas=[-0.3237 0.5292 2.1399 -0.9189 -0.0031 0.0276] xyz=358.07,-120.12,16.50 track=0.0578
adv t=4.000 leg=F idx=81 cmd=[-0.3825 0.5287 2.0749 -0.9116 -0.0031 0.0261] meas=[-0.3298 0.5338 2.1353 -0.9189 -0.0031 0.0276] xyz=358.15,-122.60,15.83 track=0.0604
adv t=4.063 leg=F idx=82 cmd=[-0.3894 0.5313 2.0675 -0.9068 -0.0031 0.0261] meas=[-0.3375 0.5446 2.1246 -0.9189 -0.0031 0.0276] xyz=359.10,-126.01,14.25 track=0.0570
adv t=4.110 leg=F idx=83 cmd=[-0.3962 0.5337 2.0599 -0.9016 -0.0031 0.0261] meas=[-0.3482 0.5507 2.1154 -0.9189 -0.0031 0.0276] xyz=359.30,-130.43,14.05 track=0.0555
adv t=4.157 leg=F idx=84 cmd=[-0.4030 0.5360 2.0520 -0.8960 -0.0031 0.0261] meas=[-0.3543 0.5522 2.1123 -0.9173 -0.0031 0.0276] xyz=358.95,-132.80,13.92 track=0.0603
adv t=4.203 leg=F idx=85 cmd=[-0.4097 0.5381 2.0439 -0.8900 -0.0031 0.0261] meas=[-0.3574 0.5522 2.1077 -0.9158 -0.0031 0.0276] xyz=359.21,-134.15,14.74 track=0.0638
adv t=4.250 leg=F idx=86 cmd=[-0.4164 0.5400 2.0355 -0.8835 -0.0031 0.0261] meas=[-0.3636 0.5522 2.1046 -0.9097 -0.0031 0.0276] xyz=358.63,-136.45,14.43 track=0.0691
adv t=4.297 leg=F idx=87 cmd=[-0.4231 0.5419 2.0269 -0.8768 -0.0031 0.0261] meas=[-0.3728 0.5522 2.0908 -0.9020 -0.0031 0.0276] xyz=359.24,-140.48,16.40 track=0.0639
adv t=4.360 leg=F idx=88 cmd=[-0.4297 0.5436 2.0180 -0.8696 -0.0031 0.0261] meas=[-0.3804 0.5538 2.0831 -0.8958 -0.0031 0.0276] xyz=359.14,-143.62,16.59 track=0.0651
adv t=4.407 leg=F idx=89 cmd=[-0.4362 0.5451 2.0089 -0.8621 -0.0031 0.0261] meas=[-0.3912 0.5599 2.0709 -0.8912 -0.0031 0.0276] xyz=359.40,-148.22,16.36 track=0.0619
adv t=4.453 leg=F idx=90 cmd=[-0.4427 0.5465 1.9996 -0.8542 -0.0031 0.0261] meas=[-0.3973 0.5645 2.0647 -0.8851 -0.0031 0.0276] xyz=359.27,-150.75,15.00 track=0.0651
adv t=4.500 leg=F idx=91 cmd=[-0.4491 0.5478 1.9901 -0.8460 -0.0031 0.0261] meas=[-0.4004 0.5660 2.0617 -0.8805 -0.0031 0.0276] xyz=359.12,-151.99,14.36 track=0.0716
adv t=4.563 leg=F idx=92 cmd=[-0.4555 0.5490 1.9803 -0.8374 -0.0031 0.0261] meas=[-0.4111 0.5660 2.0525 -0.8682 -0.0031 0.0276] xyz=358.40,-156.24,14.51 track=0.0721
adv t=4.594 leg=F idx=93 cmd=[-0.4617 0.5501 1.9704 -0.8285 -0.0031 0.0261] meas=[-0.4157 0.5676 2.0433 -0.8621 -0.0031 0.0276] xyz=358.87,-158.42,15.09 track=0.0729
adv t=4.657 leg=F idx=94 cmd=[-0.4680 0.5510 1.9602 -0.8192 -0.0031 0.0261] meas=[-0.4203 0.5706 2.0371 -0.8606 -0.0031 0.0276] xyz=359.06,-160.48,15.10 track=0.0769
adv t=4.703 leg=F idx=95 cmd=[-0.4741 0.5519 1.9498 -0.8097 -0.0031 0.0261] meas=[-0.4310 0.5706 2.0218 -0.8452 -0.0031 0.0276] xyz=359.04,-165.12,16.24 track=0.0720
adv t=4.750 leg=F idx=96 cmd=[-0.4802 0.5526 1.9392 -0.7998 -0.0031 0.0261] meas=[-0.4341 0.5706 2.0141 -0.8376 -0.0031 0.0276] xyz=359.39,-166.62,16.83 track=0.0749
adv t=4.797 leg=F idx=97 cmd=[-0.4863 0.5532 1.9284 -0.7896 -0.0031 0.0261] meas=[-0.4387 0.5706 2.0064 -0.8345 -0.0031 0.0276] xyz=359.65,-168.75,18.18 track=0.0781
adv t=4.860 leg=F idx=98 cmd=[-0.4922 0.5538 1.9173 -0.7791 -0.0031 0.0261] meas=[-0.4464 0.5706 1.9896 -0.8176 -0.0031 0.0276] xyz=360.19,-172.39,19.50 track=0.0722
adv t=4.907 leg=F idx=99 cmd=[-0.4981 0.5542 1.9061 -0.7683 -0.0031 0.0261] meas=[-0.4525 0.5706 1.9819 -0.8099 -0.0031 0.0276] xyz=359.96,-175.00,20.12 track=0.0758
adv t=4.938 leg=F idx=100 cmd=[-0.5039 0.5546 1.8947 -0.7573 -0.0031 0.0261] meas=[-0.4571 0.5706 1.9773 -0.8053 -0.0031 0.0276] xyz=359.65,-176.90,20.49 track=0.0826
# resume_index=1 resume_err=1.486 deg (gate=3.36 deg)

===== REVERSE LEG (known-good run_leg_tracked, 100 .. 0) =====
ts=41903.906 cmd_ts=0.000 fb_ts=0.000 leg=R idx=0 cmd=[-0.5039 0.5546 1.8947 -0.7573 -0.0031 0.0261] meas=[-0.4801 0.5798 1.9328 -0.7624 -0.0031 0.0276] xyz=360.38,-187.68,20.72 track=0.0382
ts=41903.906 cmd_ts=0.000 fb_ts=0.000 leg=R idx=1 cmd=[-0.4981 0.5542 1.9061 -0.7683 -0.0031 0.0261] meas=[-0.4801 0.5798 1.9328 -0.7624 -0.0031 0.0276] xyz=360.38,-187.68,20.72 track=0.0267
ts=41903.953 cmd_ts=0.047 fb_ts=0.047 leg=R idx=2 cmd=[-0.4922 0.5538 1.9173 -0.7791 -0.0031 0.0261] meas=[-0.4801 0.5798 1.9328 -0.7624 -0.0031 0.0276] xyz=360.38,-187.68,20.72 track=0.0261
ts=41904.015 cmd_ts=0.109 fb_ts=0.109 leg=R idx=3 cmd=[-0.4863 0.5532 1.9284 -0.7896 -0.0031 0.0261] meas=[-0.4801 0.5798 1.9328 -0.7624 -0.0031 0.0276] xyz=360.38,-187.68,20.72 track=0.0272
ts=41904.046 cmd_ts=0.140 fb_ts=0.140 leg=R idx=4 cmd=[-0.4802 0.5526 1.9392 -0.7998 -0.0031 0.0261] meas=[-0.4801 0.5798 1.9328 -0.7624 -0.0031 0.0276] xyz=360.38,-187.68,20.72 track=0.0374
ts=41904.109 cmd_ts=0.203 fb_ts=0.203 leg=R idx=5 cmd=[-0.4741 0.5519 1.9498 -0.8097 -0.0031 0.0261] meas=[-0.4801 0.5798 1.9328 -0.7624 -0.0031 0.0276] xyz=360.38,-187.68,20.72 track=0.0473
ts=41904.156 cmd_ts=0.250 fb_ts=0.250 leg=R idx=6 cmd=[-0.4680 0.5510 1.9602 -0.8192 -0.0031 0.0261] meas=[-0.4801 0.5798 1.9328 -0.7624 -0.0031 0.0276] xyz=360.38,-187.68,20.72 track=0.0568
ts=41904.218 cmd_ts=0.312 fb_ts=0.312 leg=R idx=7 cmd=[-0.4617 0.5501 1.9704 -0.8285 -0.0031 0.0261] meas=[-0.4801 0.5798 1.9328 -0.7624 -0.0031 0.0276] xyz=360.38,-187.68,20.72 track=0.0661
ts=41904.250 cmd_ts=0.344 fb_ts=0.344 leg=R idx=8 cmd=[-0.4555 0.5490 1.9803 -0.8374 -0.0031 0.0261] meas=[-0.4801 0.5798 1.9328 -0.7624 -0.0031 0.0276] xyz=360.38,-187.68,20.72 track=0.0750
ts=41904.312 cmd_ts=0.406 fb_ts=0.406 leg=R idx=9 cmd=[-0.4491 0.5478 1.9901 -0.8460 -0.0031 0.0261] meas=[-0.4801 0.5798 1.9328 -0.7624 -0.0031 0.0276] xyz=360.38,-187.68,20.72 track=0.0836
ts=41904.359 cmd_ts=0.453 fb_ts=0.453 leg=R idx=10 cmd=[-0.4427 0.5465 1.9996 -0.8542 -0.0031 0.0261] meas=[-0.4801 0.5798 1.9328 -0.7624 -0.0031 0.0276] xyz=360.38,-187.68,20.72 track=0.0918
ts=41904.406 cmd_ts=0.500 fb_ts=0.500 leg=R idx=11 cmd=[-0.4362 0.5451 2.0089 -0.8621 -0.0031 0.0261] meas=[-0.4801 0.5798 1.9328 -0.7624 -0.0031 0.0276] xyz=360.38,-187.68,20.72 track=0.0997
ts=41904.453 cmd_ts=0.547 fb_ts=0.547 leg=R idx=12 cmd=[-0.4297 0.5436 2.0180 -0.8696 -0.0031 0.0261] meas=[-0.4801 0.5798 1.9328 -0.7624 -0.0031 0.0276] xyz=360.38,-187.68,20.72 track=0.1072
ts=41904.515 cmd_ts=0.609 fb_ts=0.609 leg=R idx=13 cmd=[-0.4231 0.5419 2.0269 -0.8768 -0.0031 0.0261] meas=[-0.4801 0.5798 1.9328 -0.7624 -0.0031 0.0276] xyz=360.38,-187.68,20.72 track=0.1144
ts=41904.546 cmd_ts=0.640 fb_ts=0.640 leg=R idx=14 cmd=[-0.4164 0.5400 2.0355 -0.8835 -0.0031 0.0261] meas=[-0.4801 0.5798 1.9328 -0.7624 -0.0031 0.0276] xyz=360.38,-187.68,20.72 track=0.1212
ts=41904.609 cmd_ts=0.703 fb_ts=0.703 leg=R idx=15 cmd=[-0.4097 0.5381 2.0439 -0.8900 -0.0031 0.0261] meas=[-0.4801 0.5798 1.9359 -0.7747 -0.0031 0.0276] xyz=360.41,-187.70,21.99 track=0.1153
ts=41904.656 cmd_ts=0.750 fb_ts=0.750 leg=R idx=16 cmd=[-0.4030 0.5360 2.0520 -0.8960 -0.0031 0.0261] meas=[-0.4801 0.5798 1.9604 -0.7992 -0.0031 0.0276] xyz=357.84,-186.36,19.95 track=0.0968
ts=41904.703 cmd_ts=0.797 fb_ts=0.797 leg=R idx=17 cmd=[-0.3962 0.5337 2.0599 -0.9016 -0.0031 0.0261] meas=[-0.4786 0.5814 1.9696 -0.8115 -0.0031 0.0276] xyz=357.29,-185.38,19.10 track=0.0903
ts=41904.765 cmd_ts=0.859 fb_ts=0.859 leg=R idx=18 cmd=[-0.3894 0.5313 2.0675 -0.9068 -0.0031 0.0261] meas=[-0.4648 0.5814 1.9911 -0.8299 -0.0031 0.0276] xyz=357.38,-179.20,16.88 track=0.0769
ts=41904.812 cmd_ts=0.906 fb_ts=0.906 leg=R idx=19 cmd=[-0.3825 0.5287 2.0749 -0.9116 -0.0031 0.0261] meas=[-0.4495 0.5814 2.0172 -0.8529 -0.0031 0.0276] xyz=357.08,-172.25,14.38 track=0.0669
ts=41904.859 cmd_ts=0.953 fb_ts=0.953 leg=R idx=20 cmd=[-0.3756 0.5259 2.0821 -0.9160 -0.0031 0.0261] meas=[-0.4403 0.5814 2.0249 -0.8606 -0.0031 0.0276] xyz=357.79,-168.55,13.81 track=0.0646
ts=41904.906 cmd_ts=1.000 fb_ts=1.000 leg=R idx=21 cmd=[-0.3687 0.5230 2.0889 -0.9200 -0.0031 0.0261] meas=[-0.4249 0.5814 2.0417 -0.8744 -0.0031 0.0276] xyz=358.30,-162.12,12.08 track=0.0583
ts=41904.953 cmd_ts=1.047 fb_ts=1.047 leg=R idx=22 cmd=[-0.3617 0.5200 2.0956 -0.9235 -0.0031 0.0261] meas=[-0.4126 0.5814 2.0601 -0.8851 -0.0031 0.0276] xyz=357.82,-156.64,9.50 track=0.0614
ts=41905.000 cmd_ts=1.094 fb_ts=1.094 leg=R idx=23 cmd=[-0.3547 0.5167 2.1019 -0.9267 -0.0031 0.0261] meas=[-0.4019 0.5814 2.0755 -0.8943 -0.0031 0.0276] xyz=357.42,-151.92,7.44 track=0.0646
ts=41905.062 cmd_ts=1.156 fb_ts=1.156 leg=R idx=24 cmd=[-0.3477 0.5133 2.1080 -0.9293 -0.0031 0.0261] meas=[-0.3912 0.5814 2.0877 -0.9035 -0.0031 0.0276] xyz=357.45,-147.42,6.11 track=0.0680
ts=41905.109 cmd_ts=1.203 fb_ts=1.203 leg=R idx=25 cmd=[-0.3407 0.5098 2.1138 -0.9316 -0.0031 0.0261] meas=[-0.3820 0.5814 2.0970 -0.9097 -0.0031 0.0276] xyz=357.56,-143.63,5.00 track=0.0716
ts=41905.156 cmd_ts=1.250 fb_ts=1.250 leg=R idx=26 cmd=[-0.3336 0.5060 2.1193 -0.9333 -0.0031 0.0261] meas=[-0.3774 0.5798 2.1016 -0.9097 -0.0031 0.0276] xyz=357.45,-141.68,4.54 track=0.0738
ts=41905.218 cmd_ts=1.312 fb_ts=1.312 leg=R idx=27 cmd=[-0.3266 0.5021 2.1245 -0.9346 -0.0031 0.0261] meas=[-0.3728 0.5798 2.1031 -0.9112 -0.0031 0.0276] xyz=357.91,-139.96,4.44 track=0.0777
ts=41905.250 cmd_ts=1.344 fb_ts=1.359 leg=R idx=28 cmd=[-0.3195 0.4980 2.1295 -0.9355 -0.0031 0.0261] meas=[-0.3605 0.5798 2.1154 -0.9189 -0.0031 0.0276] xyz=357.90,-134.91,2.90 track=0.0818
ts=41905.296 cmd_ts=1.390 fb_ts=1.390 leg=R idx=29 cmd=[-0.3124 0.4937 2.1341 -0.9359 -0.0031 0.0261] meas=[-0.3543 0.5783 2.1184 -0.9189 -0.0031 0.0276] xyz=358.21,-132.52,2.79 track=0.0846
ts=41905.359 cmd_ts=1.453 fb_ts=1.453 leg=R idx=30 cmd=[-0.3053 0.4893 2.1385 -0.9358 -0.0031 0.0261] meas=[-0.3482 0.5783 2.1215 -0.9189 -0.0031 0.0276] xyz=358.50,-130.14,2.09 track=0.0890
ts=41905.406 cmd_ts=1.500 fb_ts=1.500 leg=R idx=31 cmd=[-0.2982 0.4847 2.1426 -0.9352 -0.0031 0.0261] meas=[-0.3375 0.5783 2.1307 -0.9189 -0.0031 0.0276] xyz=358.30,-125.73,0.01 track=0.0937
ts=41905.468 cmd_ts=1.562 fb_ts=1.562 leg=R idx=32 cmd=[-0.2912 0.4799 2.1463 -0.9342 -0.0031 0.0261] meas=[-0.3329 0.5783 2.1322 -0.9189 -0.0031 0.0276] xyz=358.61,-123.99,-0.33 track=0.0984
ts=41905.500 cmd_ts=1.594 fb_ts=1.609 leg=R idx=33 cmd=[-0.2841 0.4749 2.1498 -0.9327 -0.0031 0.0261] meas=[-0.3221 0.5768 2.1399 -0.9189 -0.0031 0.0276] xyz=358.59,-119.68,-1.47 track=0.1019
ts=41905.562 cmd_ts=1.656 fb_ts=1.656 leg=R idx=34 cmd=[-0.2770 0.4697 2.1529 -0.9307 -0.0031 0.0261] meas=[-0.3191 0.5768 2.1445 -0.9189 -0.0031 0.0276] xyz=358.15,-118.32,-2.50 track=0.1070
ts=41905.609 cmd_ts=1.703 fb_ts=1.703 leg=R idx=35 cmd=[-0.2700 0.4644 2.1557 -0.9282 -0.0031 0.0261] meas=[-0.3160 0.5768 2.1460 -0.9189 -0.0031 0.0276] xyz=358.25,-117.13,-2.84 track=0.1123
ts=41905.656 cmd_ts=1.750 fb_ts=1.750 leg=R idx=36 cmd=[-0.2629 0.4590 2.1582 -0.9252 -0.0031 0.0261] meas=[-0.3114 0.5768 2.1460 -0.9189 -0.0031 0.0276] xyz=358.78,-115.48,-2.84 track=0.1178
ts=41905.703 cmd_ts=1.797 fb_ts=1.797 leg=R idx=37 cmd=[-0.2559 0.4533 2.1604 -0.9218 -0.0031 0.0261] meas=[-0.3022 0.5676 2.1537 -0.9189 -0.0031 0.0276] xyz=358.49,-111.76,-1.09 track=0.1143
ts=41905.765 cmd_ts=1.859 fb_ts=1.859 leg=R idx=38 cmd=[-0.2489 0.4475 2.1623 -0.9178 -0.0031 0.0261] meas=[-0.2945 0.5614 2.1552 -0.9189 -0.0031 0.0276] xyz=359.07,-108.92,0.87 track=0.1139
ts=41905.796 cmd_ts=1.890 fb_ts=1.906 leg=R idx=39 cmd=[-0.2420 0.4415 2.1638 -0.9134 -0.0031 0.0261] meas=[-0.2838 0.5507 2.1568 -0.9189 -0.0031 0.0276] xyz=359.92,-104.97,4.56 track=0.1092
ts=41905.859 cmd_ts=1.953 fb_ts=1.953 leg=R idx=40 cmd=[-0.2350 0.4354 2.1650 -0.9085 -0.0031 0.0261] meas=[-0.2807 0.5476 2.1598 -0.9189 -0.0031 0.0276] xyz=359.69,-103.71,5.01 track=0.1122
ts=41905.906 cmd_ts=2.000 fb_ts=2.000 leg=R idx=41 cmd=[-0.2281 0.4291 2.1659 -0.9031 -0.0031 0.0261] meas=[-0.2746 0.5430 2.1598 -0.9189 -0.0031 0.0276] xyz=360.30,-101.49,6.74 track=0.1139
ts=41905.953 cmd_ts=2.047 fb_ts=2.062 leg=R idx=42 cmd=[-0.2213 0.4227 2.1664 -0.8972 -0.0031 0.0261] meas=[-0.2638 0.5369 2.1660 -0.9173 -0.0031 0.0276] xyz=360.18,-97.30,7.39 track=0.1142
ts=41906.000 cmd_ts=2.094 fb_ts=2.094 leg=R idx=43 cmd=[-0.2145 0.4162 2.1666 -0.8908 -0.0031 0.0261] meas=[-0.2592 0.5338 2.1660 -0.9143 -0.0031 0.0276] xyz=360.45,-95.60,8.03 track=0.1176
ts=41906.062 cmd_ts=2.156 fb_ts=2.156 leg=R idx=44 cmd=[-0.2077 0.4095 2.1665 -0.8840 -0.0031 0.0261] meas=[-0.2531 0.5308 2.1660 -0.9127 -0.0031 0.0276] xyz=360.93,-93.36,8.92 track=0.1213
ts=41906.109 cmd_ts=2.203 fb_ts=2.203 leg=R idx=45 cmd=[-0.2010 0.4027 2.1660 -0.8767 -0.0031 0.0261] meas=[-0.2439 0.5185 2.1660 -0.9020 -0.0031 0.0276] xyz=361.14,-89.87,11.72 track=0.1158
ts=41906.156 cmd_ts=2.250 fb_ts=2.250 leg=R idx=46 cmd=[-0.1944 0.3958 2.1651 -0.8689 -0.0031 0.0261] meas=[-0.2393 0.5123 2.1660 -0.8974 -0.0031 0.0276] xyz=361.25,-88.14,13.24 track=0.1166
ts=41906.203 cmd_ts=2.297 fb_ts=2.297 leg=R idx=47 cmd=[-0.1878 0.3887 2.1639 -0.8607 -0.0031 0.0261] meas=[-0.2332 0.5062 2.1660 -0.8958 -0.0031 0.0276] xyz=361.63,-85.88,15.27 track=0.1175
ts=41906.265 cmd_ts=2.359 fb_ts=2.359 leg=R idx=48 cmd=[-0.1812 0.3816 2.1624 -0.8520 -0.0031 0.0261] meas=[-0.2240 0.4985 2.1660 -0.8836 -0.0031 0.0276] xyz=361.70,-82.39,16.09 track=0.1170
ts=41906.312 cmd_ts=2.406 fb_ts=2.406 leg=R idx=49 cmd=[-0.1748 0.3743 2.1605 -0.8428 -0.0031 0.0261] meas=[-0.2178 0.4924 2.1660 -0.8759 -0.0031 0.0276] xyz=361.73,-80.06,17.10 track=0.1181
ts=41906.343 cmd_ts=2.437 fb_ts=2.437 leg=R idx=50 cmd=[-0.1684 0.3670 2.1582 -0.8332 -0.0031 0.0261] meas=[-0.2132 0.4878 2.1660 -0.8744 -0.0031 0.0276] xyz=361.94,-78.37,18.55 track=0.1208
ts=41906.421 cmd_ts=2.515 fb_ts=2.515 leg=R idx=51 cmd=[-0.1620 0.3596 2.1556 -0.8232 -0.0031 0.0261] meas=[-0.2025 0.4755 2.1660 -0.8590 -0.0031 0.0276] xyz=361.79,-74.27,20.56 track=0.1160
ts=41906.453 cmd_ts=2.547 fb_ts=2.547 leg=R idx=52 cmd=[-0.1558 0.3521 2.1527 -0.8128 -0.0031 0.0261] meas=[-0.1979 0.4694 2.1660 -0.8514 -0.0031 0.0276] xyz=361.63,-72.51,21.56 track=0.1173
ts=41906.500 cmd_ts=2.594 fb_ts=2.594 leg=R idx=53 cmd=[-0.1496 0.3445 2.1494 -0.8019 -0.0031 0.0261] meas=[-0.1933 0.4648 2.1660 -0.8468 -0.0031 0.0276] xyz=361.63,-70.78,22.50 track=0.1202
ts=41906.562 cmd_ts=2.656 fb_ts=2.656 leg=R idx=54 cmd=[-0.1435 0.3369 2.1457 -0.7906 -0.0031 0.0261] meas=[-0.1856 0.4556 2.1660 -0.8314 -0.0031 0.0276] xyz=361.20,-67.82,23.36 track=0.1186
ts=41906.609 cmd_ts=2.703 fb_ts=2.703 leg=R idx=55 cmd=[-0.1375 0.3293 2.1417 -0.7790 -0.0031 0.0261] meas=[-0.1779 0.4495 2.1660 -0.8237 -0.0031 0.0276] xyz=361.18,-64.96,24.35 track=0.1202
ts=41906.656 cmd_ts=2.750 fb_ts=2.765 leg=R idx=56 cmd=[-0.1316 0.3216 2.1373 -0.7669 -0.0031 0.0261] meas=[-0.1703 0.4372 2.1660 -0.8099 -0.0031 0.0276] xyz=360.67,-62.01,26.57 track=0.1156
ts=41906.703 cmd_ts=2.797 fb_ts=2.797 leg=R idx=57 cmd=[-0.1257 0.3139 2.1325 -0.7545 -0.0031 0.0261] meas=[-0.1672 0.4310 2.1660 -0.8007 -0.0031 0.0276] xyz=360.23,-60.80,27.31 track=0.1171
ts=41906.750 cmd_ts=2.844 fb_ts=2.844 leg=R idx=58 cmd=[-0.1200 0.3062 2.1275 -0.7417 -0.0031 0.0261] meas=[-0.1626 0.4295 2.1660 -0.7961 -0.0031 0.0276] xyz=360.22,-59.09,27.11 track=0.1233
ts=41906.812 cmd_ts=2.906 fb_ts=2.906 leg=R idx=59 cmd=[-0.1143 0.2985 2.1220 -0.7285 -0.0031 0.0261] meas=[-0.1549 0.4172 2.1660 -0.7762 -0.0031 0.0276] xyz=359.29,-56.12,28.31 track=0.1188
ts=41906.859 cmd_ts=2.953 fb_ts=2.953 leg=R idx=60 cmd=[-0.1088 0.2907 2.1162 -0.7150 -0.0031 0.0261] meas=[-0.1488 0.4096 2.1660 -0.7670 -0.0031 0.0276] xyz=358.92,-53.80,29.59 track=0.1188
ts=41906.906 cmd_ts=3.000 fb_ts=3.000 leg=R idx=61 cmd=[-0.1034 0.2830 2.1101 -0.7011 -0.0031 0.0261] meas=[-0.1442 0.4034 2.1660 -0.7609 -0.0031 0.0276] xyz=358.65,-52.08,30.81 track=0.1204
ts=41906.953 cmd_ts=3.047 fb_ts=3.047 leg=R idx=62 cmd=[-0.0980 0.2753 2.1036 -0.6869 -0.0031 0.0261] meas=[-0.1365 0.3912 2.1598 -0.7409 -0.0031 0.0276] xyz=358.65,-49.27,33.49 track=0.1158
ts=41907.015 cmd_ts=3.109 fb_ts=3.109 leg=R idx=63 cmd=[-0.0928 0.2677 2.0967 -0.6725 -0.0031 0.0261] meas=[-0.1335 0.3866 2.1552 -0.7302 -0.0031 0.0276] xyz=358.86,-48.18,34.52 track=0.1189
ts=41907.062 cmd_ts=3.156 fb_ts=3.172 leg=R idx=64 cmd=[-0.0877 0.2601 2.0896 -0.6577 -0.0031 0.0261] meas=[-0.1243 0.3743 2.1491 -0.7133 -0.0031 0.0276] xyz=358.99,-44.84,37.72 track=0.1142
ts=41907.109 cmd_ts=3.203 fb_ts=3.203 leg=R idx=65 cmd=[-0.0827 0.2525 2.0820 -0.6426 -0.0031 0.0261] meas=[-0.1227 0.3697 2.1430 -0.7026 -0.0031 0.0276] xyz=359.35,-44.32,39.15 track=0.1172
ts=41907.156 cmd_ts=3.250 fb_ts=3.250 leg=R idx=66 cmd=[-0.0778 0.2450 2.0742 -0.6272 -0.0031 0.0261] meas=[-0.1181 0.3636 2.1414 -0.6949 -0.0031 0.0276] xyz=359.16,-42.62,40.50 track=0.1185
ts=41907.203 cmd_ts=3.297 fb_ts=3.297 leg=R idx=67 cmd=[-0.0730 0.2376 2.0659 -0.6116 -0.0031 0.0261] meas=[-0.1150 0.3559 2.1353 -0.6842 -0.0031 0.0276] xyz=359.43,-41.54,43.05 track=0.1183
ts=41907.265 cmd_ts=3.359 fb_ts=3.359 leg=R idx=68 cmd=[-0.0684 0.2302 2.0574 -0.5957 -0.0031 0.0261] meas=[-0.1058 0.3467 2.1230 -0.6596 -0.0031 0.0276] xyz=360.13,-38.26,45.46 track=0.1164
ts=41907.296 cmd_ts=3.390 fb_ts=3.390 leg=R idx=69 cmd=[-0.0639 0.2230 2.0485 -0.5795 -0.0031 0.0261] meas=[-0.1012 0.3405 2.1169 -0.6458 -0.0031 0.0276] xyz=360.29,-36.60,46.99 track=0.1176
ts=41907.359 cmd_ts=3.453 fb_ts=3.453 leg=R idx=70 cmd=[-0.0595 0.2158 2.0393 -0.5631 -0.0031 0.0261] meas=[-0.0982 0.3359 2.1138 -0.6366 -0.0031 0.0276] xyz=360.19,-35.48,47.93 track=0.1201
ts=41907.406 cmd_ts=3.500 fb_ts=3.500 leg=R idx=71 cmd=[-0.0552 0.2088 2.0298 -0.5465 -0.0031 0.0261] meas=[-0.0936 0.3221 2.1016 -0.6136 -0.0031 0.0276] xyz=360.43,-33.83,52.32 track=0.1134
ts=41907.468 cmd_ts=3.562 fb_ts=3.562 leg=R idx=72 cmd=[-0.0510 0.2018 2.0199 -0.5297 -0.0031 0.0261] meas=[-0.0890 0.3175 2.0954 -0.5998 -0.0031 0.0276] xyz=360.59,-32.17,53.32 track=0.1157
ts=41907.500 cmd_ts=3.594 fb_ts=3.609 leg=R idx=73 cmd=[-0.0470 0.1950 2.0097 -0.5127 -0.0031 0.0261] meas=[-0.0828 0.3068 2.0831 -0.5798 -0.0031 0.0276] xyz=361.08,-29.98,57.15 track=0.1118
ts=41907.562 cmd_ts=3.656 fb_ts=3.656 leg=R idx=74 cmd=[-0.0431 0.1883 1.9992 -0.4955 -0.0031 0.0261] meas=[-0.0828 0.3022 2.0770 -0.5660 -0.0031 0.0276] xyz=361.04,-29.98,58.18 track=0.1139
ts=41907.609 cmd_ts=3.703 fb_ts=3.703 leg=R idx=75 cmd=[-0.0394 0.1817 1.9884 -0.4781 -0.0031 0.0261] meas=[-0.0782 0.2991 2.0709 -0.5568 -0.0031 0.0276] xyz=361.46,-28.34,59.40 track=0.1174
ts=41907.656 cmd_ts=3.750 fb_ts=3.750 leg=R idx=76 cmd=[-0.0358 0.1753 1.9772 -0.4606 -0.0031 0.0261] meas=[-0.0752 0.2899 2.0647 -0.5430 -0.0031 0.0276] xyz=361.20,-27.20,62.11 track=0.1146
ts=41907.703 cmd_ts=3.797 fb_ts=3.797 leg=R idx=77 cmd=[-0.0323 0.1691 1.9658 -0.4428 -0.0031 0.0261] meas=[-0.0675 0.2823 2.0494 -0.5154 -0.0031 0.0276] xyz=361.79,-24.46,64.47 track=0.1132
ts=41907.750 cmd_ts=3.844 fb_ts=3.844 leg=R idx=78 cmd=[-0.0289 0.1629 1.9540 -0.4250 -0.0031 0.0261] meas=[-0.0629 0.2746 2.0387 -0.5001 -0.0031 0.0276] xyz=362.20,-22.81,67.63 track=0.1116
ts=41907.812 cmd_ts=3.906 fb_ts=3.906 leg=R idx=79 cmd=[-0.0257 0.1570 1.9419 -0.4069 -0.0031 0.0261] meas=[-0.0583 0.2638 2.0264 -0.4786 -0.0031 0.0276] xyz=362.24,-21.14,71.35 track=0.1069
ts=41907.859 cmd_ts=3.953 fb_ts=3.953 leg=R idx=80 cmd=[-0.0227 0.1512 1.9296 -0.3888 -0.0031 0.0261] meas=[-0.0568 0.2577 2.0172 -0.4648 -0.0031 0.0276] xyz=362.44,-20.59,73.83 track=0.1065
ts=41907.906 cmd_ts=4.000 fb_ts=4.000 leg=R idx=81 cmd=[-0.0197 0.1456 1.9169 -0.3705 -0.0031 0.0261] meas=[-0.0552 0.2546 2.0095 -0.4541 -0.0031 0.0276] xyz=362.79,-20.06,75.29 track=0.1091
ts=41907.953 cmd_ts=4.047 fb_ts=4.047 leg=R idx=82 cmd=[-0.0170 0.1401 1.9040 -0.3521 -0.0031 0.0261] meas=[-0.0522 0.2454 1.9911 -0.4280 -0.0031 0.0276] xyz=363.40,-18.97,79.45 track=0.1053
ts=41908.015 cmd_ts=4.109 fb_ts=4.109 leg=R idx=83 cmd=[-0.0143 0.1349 1.8907 -0.3336 -0.0031 0.0261] meas=[-0.0476 0.2439 1.9819 -0.4126 -0.0031 0.0276] xyz=363.84,-17.32,80.06 track=0.1090
ts=41908.062 cmd_ts=4.156 fb_ts=4.172 leg=R idx=84 cmd=[-0.0118 0.1298 1.8772 -0.3150 -0.0031 0.0261] meas=[-0.0445 0.2362 1.9666 -0.3866 -0.0031 0.0276] xyz=364.01,-16.20,82.87 track=0.1064
ts=41908.093 cmd_ts=4.187 fb_ts=4.203 leg=R idx=85 cmd=[-0.0095 0.1249 1.8633 -0.2963 -0.0031 0.0261] meas=[-0.0414 0.2332 1.9574 -0.3743 -0.0031 0.0276] xyz=364.41,-15.10,84.57 track=0.1082
ts=41908.156 cmd_ts=4.250 fb_ts=4.250 leg=R idx=86 cmd=[-0.0073 0.1202 1.8492 -0.2775 -0.0031 0.0261] meas=[-0.0399 0.2286 1.9497 -0.3636 -0.0031 0.0276] xyz=364.51,-14.55,86.65 track=0.1083
ts=41908.203 cmd_ts=4.297 fb_ts=4.297 leg=R idx=87 cmd=[-0.0052 0.1157 1.8348 -0.2586 -0.0031 0.0261] meas=[-0.0368 0.2224 1.9420 -0.3497 -0.0031 0.0276] xyz=364.31,-13.42,88.80 track=0.1072
ts=41908.265 cmd_ts=4.359 fb_ts=4.359 leg=R idx=88 cmd=[-0.0033 0.1115 1.8201 -0.2396 -0.0031 0.0261] meas=[-0.0322 0.2148 1.9205 -0.3206 -0.0031 0.0276] xyz=364.95,-11.76,92.94 track=0.1033
ts=41908.296 cmd_ts=4.390 fb_ts=4.390 leg=R idx=89 cmd=[-0.0016 0.1074 1.8052 -0.2206 -0.0031 0.0261] meas=[-0.0291 0.2102 1.9083 -0.3037 -0.0031 0.0276] xyz=365.23,-10.65,95.38 track=0.1031
ts=41908.359 cmd_ts=4.453 fb_ts=4.453 leg=R idx=90 cmd=[0.0000 0.1035 1.7900 -0.2015 -0.0031 0.0261] meas=[-0.0276 0.2071 1.9006 -0.2915 -0.0031 0.0276] xyz=365.27,-10.09,96.70 track=0.1106
ts=41908.406 cmd_ts=4.500 fb_ts=4.500 leg=R idx=91 cmd=[0.0015 0.0998 1.7745 -0.1823 -0.0031 0.0261] meas=[-0.0261 0.2010 1.8791 -0.2623 -0.0031 0.0276] xyz=365.81,-9.54,100.38 track=0.1047
ts=41908.468 cmd_ts=4.562 fb_ts=4.562 leg=R idx=92 cmd=[0.0028 0.0964 1.7587 -0.1631 -0.0031 0.0261] meas=[-0.0245 0.1994 1.8669 -0.2470 -0.0031 0.0276] xyz=366.35,-8.99,101.99 track=0.1082
ts=41908.500 cmd_ts=4.594 fb_ts=4.609 leg=R idx=93 cmd=[0.0039 0.0931 1.7427 -0.1438 -0.0031 0.0261] meas=[-0.0215 0.1917 1.8469 -0.2209 -0.0031 0.0276] xyz=366.57,-7.87,106.36 track=0.1043
ts=41908.562 cmd_ts=4.656 fb_ts=4.656 leg=R idx=94 cmd=[0.0049 0.0901 1.7264 -0.1245 -0.0031 0.0261] meas=[-0.0199 0.1887 1.8346 -0.2056 -0.0031 0.0276] xyz=366.87,-7.32,108.57 track=0.1083
ts=41908.593 cmd_ts=4.687 fb_ts=4.687 leg=R idx=95 cmd=[0.0058 0.0873 1.7098 -0.1051 -0.0031 0.0261] meas=[-0.0184 0.1856 1.8254 -0.1948 -0.0031 0.0276] xyz=367.04,-6.76,110.65 track=0.1157
ts=41908.671 cmd_ts=4.765 fb_ts=4.765 leg=R idx=96 cmd=[0.0064 0.0847 1.6929 -0.0857 -0.0031 0.0261] meas=[-0.0169 0.1825 1.8132 -0.1810 -0.0031 0.0276] xyz=367.36,-6.20,113.13 track=0.1202
ts=41908.703 cmd_ts=4.797 fb_ts=4.844 leg=R idx=97 cmd=[0.0070 0.0824 1.6758 -0.0663 -0.0031 0.0261] meas=[-0.0169 0.1810 1.7886 -0.1503 -0.0031 0.0276] xyz=368.27,-6.21,115.95 track=0.1128
ts=41908.750 cmd_ts=4.844 fb_ts=4.875 leg=R idx=98 cmd=[0.0074 0.0803 1.6585 -0.0468 -0.0031 0.0261] meas=[-0.0153 0.1749 1.7656 -0.1197 -0.0031 0.0276] xyz=368.37,-5.65,120.04 track=0.1071
ts=41908.796 cmd_ts=4.890 fb_ts=4.906 leg=R idx=99 cmd=[0.0076 0.0784 1.6409 -0.0272 -0.0031 0.0261] meas=[-0.0153 0.1749 1.7549 -0.1074 -0.0031 0.0276] xyz=368.84,-5.66,121.24 track=0.1140
ts=41908.859 cmd_ts=4.953 fb_ts=4.953 leg=R idx=100 cmd=[0.0077 0.0767 1.6230 -0.0077 -0.0031 0.0261] meas=[-0.0153 0.1749 1.7411 -0.0905 -0.0031 0.0276] xyz=369.36,-5.67,122.61 track=0.1181
