=== environment ===
python          3.12.10 (C:\Users\Mukund\AppData\Local\Programs\Python\Python312\python.exe)
roarm-sdk       0.1.0
roarm_sdk file  C:\Users\Mukund\AppData\Local\Programs\Python\Python312\Lib\site-packages\roarm_sdk\__init__.py
pyserial        3.5
ik module       C:\Users\Mukund\Documents\Ro-Arm\roarm_sdk\waveshare_ik.py
platform        win32
mode            EXECUTE
arc             CONSTANT-X plane (Y-Z), R=150 mm, sweep=110 deg
opening COM21
serial settings {"port": "COM21", "baudrate": 115200, "timeout": 0.1, "rtscts": false, "dsrdtr": false, "xonxoff": false, "rts": false, "dtr": true, "is_open": true}
{'T': 1051, 'x': 349.8561341, 'y': 0, 'z': 199.9395175, 'tit': 0.069029135, 'b': 0, 's': 0.023009712, 'e': 1.621417693, 't': -0.004601942, 'r': -0.003067962, 'g': 3.11551498, 'tB': 0, 'tS': 76, 'tE': 144, 'tT': -20, 'tR': 24, 'tG': -64, 'torswitchB': 1, 'torswitchS': 1, 'torswitchE': 1, 'torswitchT': 1, 'torswitchR': 1, 'torswitchG': 1, 'v': 1212}
pre-home pose xyz=[349.86 0.00 199.94] joints=[0.0000 0.0230 1.6214 -0.0046 -0.0031 0.0261]
homing (move_init) ...
b'{"T": 102, "base": 0, "shoulder": 0, "elbow": 1.5708, "wrist": 0, "roll": 0, "hand": 3.141592653589793, "spd": 100, "acc": 0}\n'
{'T': 1051, 'x': 349.8561341, 'y': 0, 'z': 199.9395175, 'tit': 0.069029135, 'b': 0, 's': 0.023009712, 'e': 1.621417693, 't': -0.004601942, 'r': -0.003067962, 'g': 3.11551498, 'tB': 0, 'tS': 76, 'tE': 144, 'tT': -20, 'tR': 24, 'tG': -64, 'torswitchB': 1, 'torswitchS': 1, 'torswitchE': 1, 'torswitchT': 1, 'torswitchR': 1, 'torswitchG': 1, 'v': 1213}
{'T': 1051, 'x': 349.8561341, 'y': 0, 'z': 199.9395175, 'tit': 0.069029135, 'b': 0, 's': 0.023009712, 'e': 1.621417693, 't': -0.004601942, 'r': -0.003067962, 'g': 3.11551498, 'tB': 0, 'tS': 76, 'tE': 144, 'tT': -20, 'tR': 24, 'tG': -64, 'torswitchB': 1, 'torswitchS': 1, 'torswitchE': 1, 'torswitchT': 1, 'torswitchR': 1, 'torswitchG': 1, 'v': 1213}
{'T': 1051, 'x': 349.8561341, 'y': 0, 'z': 199.9395175, 'tit': 0.069029135, 'b': 0, 's': 0.023009712, 'e': 1.621417693, 't': -0.004601942, 'r': -0.003067962, 'g': 3.11551498, 'tB': 0, 'tS': 76, 'tE': 144, 'tT': -20, 'tR': 24, 'tG': -64, 'torswitchB': 1, 'torswitchS': 1, 'torswitchE': 1, 'torswitchT': 1, 'torswitchR': 1, 'torswitchG': 1, 'v': 1213}
{'T': 1051, 'x': 349.8561341, 'y': 0, 'z': 199.9395175, 'tit': 0.069029135, 'b': 0, 's': 0.023009712, 'e': 1.621417693, 't': -0.004601942, 'r': -0.003067962, 'g': 3.11551498, 'tB': 0, 'tS': 76, 'tE': 144, 'tT': -20, 'tR': 24, 'tG': -64, 'torswitchB': 1, 'torswitchS': 1, 'torswitchE': 1, 'torswitchT': 1, 'torswitchR': 1, 'torswitchG': 1, 'v': 1212}
home reached=True err=2.90 deg polls=4
reading 10 consecutive feedback frames at home (stability gate)
{'T': 1051, 'x': 349.8561341, 'y': 0, 'z': 199.9395175, 'tit': 0.069029135, 'b': 0, 's': 0.023009712, 'e': 1.621417693, 't': -0.004601942, 'r': -0.003067962, 'g': 3.11551498, 'tB': 0, 'tS': 76, 'tE': 144, 'tT': -20, 'tR': 24, 'tG': -64, 'torswitchB': 1, 'torswitchS': 1, 'torswitchE': 1, 'torswitchT': 1, 'torswitchR': 1, 'torswitchG': 1, 'v': 1213}
{'T': 1051, 'x': 349.8561341, 'y': 0, 'z': 199.9395175, 'tit': 0.069029135, 'b': 0, 's': 0.023009712, 'e': 1.621417693, 't': -0.004601942, 'r': -0.003067962, 'g': 3.11551498, 'tB': 0, 'tS': 76, 'tE': 144, 'tT': -20, 'tR': 24, 'tG': -64, 'torswitchB': 1, 'torswitchS': 1, 'torswitchE': 1, 'torswitchT': 1, 'torswitchR': 1, 'torswitchG': 1, 'v': 1213}
{'T': 1051, 'x': 349.8561341, 'y': 0, 'z': 199.9395175, 'tit': 0.069029135, 'b': 0, 's': 0.023009712, 'e': 1.621417693, 't': -0.004601942, 'r': -0.003067962, 'g': 3.11551498, 'tB': 0, 'tS': 76, 'tE': 144, 'tT': -20, 'tR': 24, 'tG': -64, 'torswitchB': 1, 'torswitchS': 1, 'torswitchE': 1, 'torswitchT': 1, 'torswitchR': 1, 'torswitchG': 1, 'v': 1214}
{'T': 1051, 'x': 349.8561341, 'y': 0, 'z': 199.9395175, 'tit': 0.069029135, 'b': 0, 's': 0.023009712, 'e': 1.621417693, 't': -0.004601942, 'r': -0.003067962, 'g': 3.11551498, 'tB': 0, 'tS': 76, 'tE': 144, 'tT': -20, 'tR': 24, 'tG': -64, 'torswitchB': 1, 'torswitchS': 1, 'torswitchE': 1, 'torswitchT': 1, 'torswitchR': 1, 'torswitchG': 1, 'v': 1213}
{'T': 1051, 'x': 349.8561341, 'y': 0, 'z': 199.9395175, 'tit': 0.069029135, 'b': 0, 's': 0.023009712, 'e': 1.621417693, 't': -0.004601942, 'r': -0.003067962, 'g': 3.11551498, 'tB': 0, 'tS': 76, 'tE': 144, 'tT': -20, 'tR': 24, 'tG': -64, 'torswitchB': 1, 'torswitchS': 1, 'torswitchE': 1, 'torswitchT': 1, 'torswitchR': 1, 'torswitchG': 1, 'v': 1213}
{'T': 1051, 'x': 349.8561341, 'y': 0, 'z': 199.9395175, 'tit': 0.069029135, 'b': 0, 's': 0.023009712, 'e': 1.621417693, 't': -0.004601942, 'r': -0.003067962, 'g': 3.11551498, 'tB': 0, 'tS': 76, 'tE': 144, 'tT': -20, 'tR': 24, 'tG': -64, 'torswitchB': 1, 'torswitchS': 1, 'torswitchE': 1, 'torswitchT': 1, 'torswitchR': 1, 'torswitchG': 1, 'v': 1213}
{'T': 1051, 'x': 349.8561341, 'y': 0, 'z': 199.9395175, 'tit': 0.069029135, 'b': 0, 's': 0.023009712, 'e': 1.621417693, 't': -0.004601942, 'r': -0.003067962, 'g': 3.11551498, 'tB': 0, 'tS': 76, 'tE': 144, 'tT': -20, 'tR': 24, 'tG': -64, 'torswitchB': 1, 'torswitchS': 1, 'torswitchE': 1, 'torswitchT': 1, 'torswitchR': 1, 'torswitchG': 1, 'v': 1213}
{'T': 1051, 'x': 349.8561341, 'y': 0, 'z': 199.9395175, 'tit': 0.069029135, 'b': 0, 's': 0.023009712, 'e': 1.621417693, 't': -0.004601942, 'r': -0.003067962, 'g': 3.11551498, 'tB': 0, 'tS': 76, 'tE': 144, 'tT': -20, 'tR': 24, 'tG': -64, 'torswitchB': 1, 'torswitchS': 1, 'torswitchE': 1, 'torswitchT': 1, 'torswitchR': 1, 'torswitchG': 1, 'v': 1213}
{'T': 1051, 'x': 349.8561341, 'y': 0, 'z': 199.9395175, 'tit': 0.069029135, 'b': 0, 's': 0.023009712, 'e': 1.621417693, 't': -0.004601942, 'r': -0.003067962, 'g': 3.11551498, 'tB': 0, 'tS': 76, 'tE': 144, 'tT': -20, 'tR': 24, 'tG': -64, 'torswitchB': 1, 'torswitchS': 1, 'torswitchE': 1, 'torswitchT': 1, 'torswitchR': 1, 'torswitchG': 1, 'v': 1214}
{'T': 1051, 'x': 349.8561341, 'y': 0, 'z': 199.9395175, 'tit': 0.069029135, 'b': 0, 's': 0.023009712, 'e': 1.621417693, 't': -0.004601942, 'r': -0.003067962, 'g': 3.11551498, 'tB': 0, 'tS': 76, 'tE': 144, 'tT': -20, 'tR': 24, 'tG': -64, 'torswitchB': 1, 'torswitchS': 1, 'torswitchE': 1, 'torswitchT': 1, 'torswitchR': 1, 'torswitchG': 1, 'v': 1213}
  frame  0 valid=True plausible=True xyz=[349.86 0.00 199.94]
  frame  1 valid=True plausible=True xyz=[349.86 0.00 199.94]
  frame  2 valid=True plausible=True xyz=[349.86 0.00 199.94]
  frame  3 valid=True plausible=True xyz=[349.86 0.00 199.94]
  frame  4 valid=True plausible=True xyz=[349.86 0.00 199.94]
  frame  5 valid=True plausible=True xyz=[349.86 0.00 199.94]
  frame  6 valid=True plausible=True xyz=[349.86 0.00 199.94]
  frame  7 valid=True plausible=True xyz=[349.86 0.00 199.94]
  frame  8 valid=True plausible=True xyz=[349.86 0.00 199.94]
  frame  9 valid=True plausible=True xyz=[349.86 0.00 199.94]
home pose   xyz=[349.86 0.00 199.94]  pitch=0.0690  roll=-0.0031  grip=0.0261
home joints [0.0000 0.0230 1.6214 -0.0046 -0.0031 0.0261]
planning CONSTANT-X arc  X=349.86 mm  R=150 mm / sweep=110 deg (all Y-Z center/direction combos)
  reject   center_yz=[0.0 349.9] sign=+1 reason=IK no finite solution
  reject   center_yz=[0.0 349.9] sign=-1 reason=IK no finite solution
  FEASIBLE center_yz=[0.0 49.9] sign=+1 base[-23.2..0.0] deg peak|base|=23.2 deg maxstep=1.04 deg path=288.0 mm
  FEASIBLE center_yz=[0.0 49.9] sign=-1 base[0.0..23.2] deg peak|base|=23.2 deg maxstep=1.04 deg path=288.0 mm
  FEASIBLE center_yz=[150.0 199.9] sign=+1 base[0.0..29.9] deg peak|base|=29.9 deg maxstep=1.13 deg path=288.0 mm
  reject   center_yz=[150.0 199.9] sign=-1 reason=IK no finite solution
  reject   center_yz=[-150.0 199.9] sign=+1 reason=IK no finite solution
  FEASIBLE center_yz=[-150.0 199.9] sign=-1 base[-29.9..0.0] deg peak|base|=29.9 deg maxstep=1.13 deg path=288.0 mm
selected     center_yz=[150.0 199.9] sign=+1  (min Z=49.9 mm, peak |base| = 29.9 deg)
path length  288.0 mm   waypoints=101   rate=20 Hz   duration=5.00 s
cartesian bbox mm  x=[349.86 349.86]  y=[0.00 201.30]  z=[49.94 199.94]
base range   [0.00, 29.92] deg (limit +/-189 deg)
max joint excursion  base 29.92 deg  shoulder 27.10 deg  elbow 33.59 deg  wrist 55.15 deg  roll 0.00 deg
max adjacent step  1.132 deg
constant X=349.86 mm  pitch=0.0690  roll=-0.0031  grip=0.0261 (unchanged)
--- validation passed; executing forward leg ---
{'T': 1051, 'x': 349.8561341, 'y': 0, 'z': 199.9395175, 'tit': 0.069029135, 'b': 0, 's': 0.023009712, 'e': 1.621417693, 't': -0.004601942, 'r': -0.003067962, 'g': 3.11551498, 'tB': 0, 'tS': 76, 'tE': 144, 'tT': -20, 'tR': 24, 'tG': -64, 'torswitchB': 1, 'torswitchS': 1, 'torswitchE': 1, 'torswitchT': 1, 'torswitchR': 1, 'torswitchG': 1, 'v': 1214}
b'{"T": 102, "base": 0.0, "shoulder": 0.02300931382955118, "elbow": 1.6214268724691157, "wrist": -0.004610724503770383, "roll": -0.003067962, "hand": 3.11551498, "spd": 1000, "acc": 50}\n'
{'T': 1051, 'x': 349.8561341, 'y': 0, 'z': 199.9395175, 'tit': 0.069029135, 'b': 0, 's': 0.023009712, 'e': 1.621417693, 't': -0.004601942, 'r': -0.003067962, 'g': 3.11551498, 'tB': 0, 'tS': 76, 'tE': 144, 'tT': -20, 'tR': 24, 'tG': -64, 'torswitchB': 1, 'torswitchS': 1, 'torswitchE': 1, 'torswitchT': 1, 'torswitchR': 1, 'torswitchG': 1, 'v': 1213}
b'{"T": 102, "base": 7.901299706224088e-05, "shoulder": 0.024017795580372425, "elbow": 1.6401688761308417, "wrist": -0.024361209916317586, "roll": -0.003067962, "hand": 3.11551498, "spd": 1000, "acc": 50}\n'
{'T': 1051, 'x': 349.8561341, 'y': 0, 'z': 199.9395175, 'tit': 0.069029135, 'b': 0, 's': 0.023009712, 'e': 1.621417693, 't': -0.004601942, 'r': -0.003067962, 'g': 3.11551498, 'tB': 0, 'tS': 76, 'tE': 144, 'tT': -20, 'tR': 24, 'tG': -64, 'torswitchB': 1, 'torswitchS': 1, 'torswitchE': 1, 'torswitchT': 1, 'torswitchR': 1, 'torswitchG': 1, 'v': 1212}
b'{"T": 102, "base": 0.000316022856110806, "shoulder": 0.0252621053610107, "elbow": 1.6586435527139058, "wrist": -0.04408019628001998, "roll": -0.003067962, "hand": 3.11551498, "spd": 1000, "acc": 50}\n'
{'T': 1051, 'x': 349.8561341, 'y': 0, 'z': 199.9395175, 'tit': 0.069029135, 'b': 0, 's': 0.023009712, 'e': 1.621417693, 't': -0.004601942, 'r': -0.003067962, 'g': 3.11551498, 'tB': 0, 'tS': 76, 'tE': 144, 'tT': -20, 'tR': 24, 'tG': -64, 'torswitchB': 1, 'torswitchS': 1, 'torswitchE': 1, 'torswitchT': 1, 'torswitchR': 1, 'torswitchG': 1, 'v': 1213}
b'{"T": 102, "base": 0.000710942132342751, "shoulder": 0.026740845128721213, "elbow": 1.676851296912141, "wrist": -0.06376668024596562, "roll": -0.003067962, "hand": 3.11551498, "spd": 1000, "acc": 50}\n'
{'T': 1051, 'x': 349.8561341, 'y': 0, 'z': 199.9395175, 'tit': 0.069029135, 'b': 0, 's': 0.023009712, 'e': 1.621417693, 't': -0.004601942, 'r': -0.003067962, 'g': 3.11551498, 'tB': 0, 'tS': 76, 'tE': 144, 'tT': -20, 'tR': 24, 'tG': -64, 'torswitchB': 1, 'torswitchS': 1, 'torswitchE': 1, 'torswitchT': 1, 'torswitchR': 1, 'torswitchG': 1, 'v': 1214}
b'{"T": 102, "base": 0.001263624923423483, "shoulder": 0.02845258904748238, "elbow": 1.6947921826917145, "wrist": -0.08341930994430043, "roll": -0.003067962, "hand": 3.11551498, "spd": 1000, "acc": 50}\n'
{'T': 1051, 'x': 349.8561341, 'y': 0, 'z': 199.9395175, 'tit': 0.069029135, 'b': 0, 's': 0.023009712, 'e': 1.621417693, 't': -0.004601942, 'r': -0.003067962, 'g': 3.11551498, 'tB': 0, 'tS': 76, 'tE': 144, 'tT': -20, 'tR': 24, 'tG': -64, 'torswitchB': 1, 'torswitchS': 1, 'torswitchE': 1, 'torswitchT': 1, 'torswitchR': 1, 'torswitchG': 1, 'v': 1213}
b'{"T": 102, "base": 0.001973866629048715, "shoulder": 0.030395865354395757, "elbow": 1.7124659832614515, "wrist": -0.10303638682095058, "roll": -0.003067962, "hand": 3.11551498, "spd": 1000, "acc": 50}\n'
{'T': 1051, 'x': 349.8561341, 'y': 0, 'z': 199.9395175, 'tit': 0.069029135, 'b': 0, 's': 0.023009712, 'e': 1.621417693, 't': -0.004601942, 'r': -0.003067962, 'g': 3.11551498, 'tB': 0, 'tS': 76, 'tE': 144, 'tT': -20, 'tR': 24, 'tG': -64, 'torswitchB': 1, 'torswitchS': 1, 'torswitchE': 1, 'torswitchT': 1, 'torswitchR': 1, 'torswitchG': 1, 'v': 1213}
b'{"T": 102, "base": 0.0028414036164403, "shoulder": 0.0325691385430984, "elbow": 1.7298721894094766, "wrist": -0.12261586615767846, "roll": -0.003067962, "hand": 3.11551498, "spd": 1000, "acc": 50}\n'
{'T': 1051, 'x': 349.8561341, 'y': 0, 'z': 199.9395175, 'tit': 0.069029135, 'b': 0, 's': 0.023009712, 'e': 1.621417693, 't': -0.004601942, 'r': -0.003067962, 'g': 3.11551498, 'tB': 0, 'tS': 76, 'tE': 144, 'tT': -20, 'tR': 24, 'tG': -64, 'torswitchB': 1, 'torswitchS': 1, 'torswitchE': 1, 'torswitchT': 1, 'torswitchR': 1, 'torswitchG': 1, 'v': 1214}
b'{"T": 102, "base": 0.0038659127938863703, "shoulder": 0.03497079181332552, "elbow": 1.7470100264356823, "wrist": -0.1421553564541112, "roll": -0.003067962, "hand": 3.11551498, "spd": 1000, "acc": 50}\n'
{'T': 1051, 'x': 349.8561341, 'y': 0, 'z': 199.9395175, 'tit': 0.069029135, 'b': 0, 's': 0.023009712, 'e': 1.621417693, 't': -0.004601942, 'r': -0.003067962, 'g': 3.11551498, 'tB': 0, 'tS': 76, 'tE': 144, 'tT': -20, 'tR': 24, 'tG': -64, 'torswitchB': 1, 'torswitchS': 1, 'torswitchE': 1, 'torswitchT': 1, 'torswitchR': 1, 'torswitchG': 1, 'v': 1213}
b'{"T": 102, "base": 0.005047011095036589, "shoulder": 0.03759910975225489, "elbow": 1.763878469883027, "wrist": -0.1616521178403854, "roll": -0.003067962, "hand": 3.11551498, "spd": 1000, "acc": 50}\n'
{'T': 1051, 'x': 349.8561341, 'y': 0, 'z': 199.9395175, 'tit': 0.069029135, 'b': 0, 's': 0.023009712, 'e': 1.621417693, 't': -0.004601942, 'r': -0.003067962, 'g': 3.11551498, 'tB': 0, 'tS': 76, 'tE': 144, 'tT': -20, 'tR': 24, 'tG': -64, 'torswitchB': 1, 'torswitchS': 1, 'torswitchE': 1, 'torswitchT': 1, 'torswitchR': 1, 'torswitchG': 1, 'v': 1213}
b'{"T": 102, "base": 0.006384254877263146, "shoulder": 0.040452261228601794, "elbow": 1.7804762602481645, "wrist": -0.18110305968186974, "roll": -0.003067962, "hand": 3.11551498, "spd": 1000, "acc": 50}\n'
{'T': 1051, 'x': 349.8561341, 'y': 0, 'z': 199.9395175, 'tit': 0.069029135, 'b': 0, 's': 0.023009712, 'e': 1.621417693, 't': -0.004601942, 'r': -0.003067962, 'g': 3.11551498, 'tB': 0, 'tS': 76, 'tE': 144, 'tT': -20, 'tR': 24, 'tG': -64, 'torswitchB': 1, 'torswitchS': 1, 'torswitchE': 1, 'torswitchT': 1, 'torswitchR': 1, 'torswitchG': 1, 'v': 1213}
b'{"T": 102, "base": 0.00787713923799845, "shoulder": 0.04352828249500762, "elbow": 1.7968019168325353, "wrist": -0.20050473753264636, "roll": -0.003067962, "hand": 3.11551498, "spd": 1000, "acc": 50}\n'
{'T': 1051, 'x': 349.8561341, 'y': 0, 'z': 199.9395175, 'tit': 0.069029135, 'b': 0, 's': 0.023009712, 'e': 1.621417693, 't': -0.004601942, 'r': -0.003067962, 'g': 3.11551498, 'tB': 0, 'tS': 76, 'tE': 144, 'tT': -20, 'tR': 24, 'tG': -64, 'torswitchB': 1, 'torswitchS': 1, 'torswitchE': 1, 'torswitchT': 1, 'torswitchR': 1, 'torswitchG': 1, 'v': 1213}
b'{"T": 102, "base": 0.009525097253553964, "shoulder": 0.046825060508155825, "elbow": 1.812853750878395, "wrist": -0.21985334959165442, "roll": -0.003067962, "hand": 3.11551498, "spd": 1000, "acc": 50}\n'
{'T': 1051, 'x': 349.8561341, 'y': 0, 'z': 199.9395175, 'tit': 0.069029135, 'b': 0, 's': 0.023009712, 'e': 1.621417693, 't': -0.004601942, 'r': -0.003067962, 'g': 3.11551498, 'tB': 0, 'tS': 76, 'tE': 144, 'tT': -20, 'tR': 24, 'tG': -64, 'torswitchB': 1, 'torswitchS': 1, 'torswitchE': 1, 'torswitchT': 1, 'torswitchR': 1, 'torswitchG': 1, 'v': 1213}
b'{"T": 102, "base": 0.011327499145518852, "shoulder": 0.050340316489421055, "elbow": 1.8286298781197727, "wrist": -0.23914473281429732, "roll": -0.003067962, "hand": 3.11551498, "spd": 1000, "acc": 50}\n'
{'T': 1051, 'x': 349.8561341, 'y': 0, 'z': 199.9395175, 'tit': 0.069029135, 'b': 0, 's': 0.023009712, 'e': 1.621417693, 't': -0.004601942, 'r': -0.003067962, 'g': 3.11551498, 'tB': 0, 'tS': 76, 'tE': 144, 'tT': -20, 'tR': 24, 'tG': -64, 'torswitchB': 1, 'torswitchS': 1, 'torswitchE': 1, 'torswitchT': 1, 'torswitchR': 1, 'torswitchG': 1, 'v': 1213}
b'{"T": 102, "base": 0.013283651380424928, "shoulder": 0.054071589761728656, "elbow": 1.8441282308657403, "wrist": -0.2583743588325725, "roll": -0.003067962, "hand": 3.11551498, "spd": 1000, "acc": 50}\n'
{'T': 1051, 'x': 349.8561341, 'y': 0, 'z': 199.9395175, 'tit': 0.069029135, 'b': 0, 's': 0.023009712, 'e': 1.621417693, 't': -0.004601942, 'r': -0.003067962, 'g': 3.11551498, 'tB': 0, 'tS': 76, 'tE': 144, 'tT': -20, 'tR': 24, 'tG': -64, 'torswitchB': 1, 'torswitchS': 1, 'torswitchE': 1, 'torswitchT': 1, 'torswitchR': 1, 'torswitchG': 1, 'v': 1213}
b'{"T": 102, "base": 0.015392795708943622, "shoulder": 0.058016221910811905, "elbow": 1.8593465697221438, "wrist": -0.27753732983805907, "roll": -0.003067962, "hand": 3.11551498, "spd": 1000, "acc": 50}\n'
{'T': 1051, 'x': 349.8561341, 'y': 0, 'z': 199.9395175, 'tit': 0.069029135, 'b': 0, 's': 0.023009712, 'e': 1.621417693, 't': -0.004601942, 'r': -0.003067962, 'g': 3.11551498, 'tB': 0, 'tS': 76, 'tE': 144, 'tT': -20, 'tR': 24, 'tG': -64, 'torswitchB': 1, 'torswitchS': 1, 'torswitchE': 1, 'torswitchT': 1, 'torswitchR': 1, 'torswitchG': 1, 'v': 1213}
b'{"T": 102, "base": 0.0176541081514554, "shoulder": 0.06217134133109048, "elbow": 1.8742824950480663, "wrist": -0.2966283745842602, "roll": -0.003067962, "hand": 3.11551498, "spd": 1000, "acc": 50}\n'
{'T': 1051, 'x': 349.8561341, 'y': 0, 'z': 199.9395175, 'tit': 0.069029135, 'b': 0, 's': 0.023009712, 'e': 1.621417693, 't': -0.004601942, 'r': -0.003067962, 'g': 3.11551498, 'tB': 0, 'tS': 76, 'tE': 144, 'tT': -20, 'tR': 24, 'tG': -64, 'torswitchB': 1, 'torswitchS': 1, 'torswitchE': 1, 'torswitchT': 1, 'torswitchR': 1, 'torswitchG': 1, 'v': 1214}
b'{"T": 102, "base": 0.02006669793739516, "shoulder": 0.06653384822801922, "elbow": 1.8889334582342252, "wrist": -0.31564184466734774, "roll": -0.003067962, "hand": 3.11551498, "spd": 1000, "acc": 50}\n'
{'T': 1051, 'x': 349.8561341, 'y': 0, 'z': 199.9395175, 'tit': 0.069029135, 'b': 0, 's': 0.023009712, 'e': 1.621417693, 't': -0.004601942, 'r': -0.003067962, 'g': 3.11551498, 'tB': 0, 'tS': 76, 'tE': 144, 'tT': -20, 'tR': 24, 'tG': -64, 'torswitchB': 1, 'torswitchS': 1, 'torswitchE': 1, 'torswitchT': 1, 'torswitchR': 1, 'torswitchG': 1, 'v': 1213}
b'{"T": 102, "base": 0.022629606406323947, "shoulder": 0.07110040015986185, "elbow": 1.903296772882293, "wrist": -0.3345717112472582, "roll": -0.003067962, "hand": 3.11551498, "spd": 1000, "acc": 50}\n'
{'T': 1051, 'x': 349.8561341, 'y': 0, 'z': 199.9395175, 'tit': 0.069029135, 'b': 0, 's': 0.023009712, 'e': 1.621417693, 't': -0.004601942, 'r': -0.003067962, 'g': 3.11551498, 'tB': 0, 'tS': 76, 'tE': 144, 'tT': -20, 'tR': 24, 'tG': -64, 'torswitchB': 1, 'torswitchS': 1, 'torswitchE': 1, 'torswitchT': 1, 'torswitchR': 1, 'torswitchG': 1, 'v': 1213}
b'{"T": 102, "base": 0.025341805879216334, "shoulder": 0.07586739821236255, "elbow": 1.9173696259564255, "wrist": -0.35341156237389143, "roll": -0.003067962, "hand": 3.11551498, "spd": 1000, "acc": 50}\n'
{'T': 1051, 'x': 349.8561341, 'y': 0, 'z': 199.9395175, 'tit': 0.069029135, 'b': 0, 's': 0.023009712, 'e': 1.621417693, 't': -0.004601942, 'r': -0.003067962, 'g': 3.11551498, 'tB': 0, 'tS': 76, 'tE': 144, 'tT': -20, 'tR': 24, 'tG': -64, 'torswitchB': 1, 'torswitchS': 1, 'torswitchE': 1, 'torswitchT': 1, 'torswitchR': 1, 'torswitchG': 1, 'v': 1213}
b'{"T": 102, "base": 0.02820219850896311, "shoulder": 0.08083097390958083, "elbow": 1.9311490889710101, "wrist": -0.37215460108569426, "roll": -0.003067962, "hand": 3.11551498, "spd": 1000, "acc": 50}\n'
{'T': 1051, 'x': 349.8561341, 'y': 0, 'z': 199.9395175, 'tit': 0.069029135, 'b': 0, 's': 0.023009712, 'e': 1.621417693, 't': -0.004601942, 'r': -0.003067962, 'g': 3.11551498, 'tB': 0, 'tS': 76, 'tE': 144, 'tT': -20, 'tR': 24, 'tG': -64, 'torswitchB': 1, 'torswitchS': 1, 'torswitchE': 1, 'torswitchT': 1, 'torswitchR': 1, 'torswitchG': 1, 'v': 1213}
b'{"T": 102, "base": 0.031209615119585782, "shoulder": 0.08598697697312019, "elbow": 1.9446321292716136, "wrist": -0.3907936444498373, "roll": -0.003067962, "hand": 3.11551498, "spd": 1000, "acc": 50}\n'
{'T': 1051, 'x': 349.8561341, 'y': 0, 'z': 199.9395175, 'tit': 0.069029135, 'b': 0, 's': 0.023009712, 'e': 1.621417693, 't': -0.004601942, 'r': -0.003067962, 'g': 3.11551498, 'tB': 0, 'tS': 76, 'tE': 144, 'tT': -20, 'tR': 24, 'tG': -64, 'torswitchB': 1, 'torswitchS': 1, 'torswitchE': 1, 'torswitchT': 1, 'torswitchR': 1, 'torswitchG': 1, 'v': 1214}
{'T': 1051, 'x': 349.8561341, 'y': 0, 'z': 199.9395175, 'tit': 0.069029135, 'b': 0, 's': 0.023009712, 'e': 1.621417693, 't': -0.004601942, 'r': -0.003067962, 'g': 3.11551498, 'tB': 0, 'tS': 48, 'tE': 108, 'tT': 0, 'tR': -20, 'tG': -36, 'torswitchB': 1, 'torswitchS': 1, 'torswitchE': 1, 'torswitchT': 1, 'torswitchR': 1, 'torswitchG': 1, 'v': 1212}
{'T': 1051, 'x': 351.5603208, 'y': 0, 'z': 195.7476907, 'tit': 0.081300982, 'b': 0, 's': 0.032213597, 'e': 1.624485654, 't': -0.004601942, 'r': -0.003067962, 'g': 3.11551498, 'tB': 0, 'tS': 36, 'tE': -52, 'tT': 56, 'tR': 0, 'tG': 0, 'torswitchB': 1, 'torswitchS': 1, 'torswitchE': 1, 'torswitchT': 1, 'torswitchR': 1, 'torswitchG': 1, 'v': 1214}
{'T': 1051, 'x': 351.3307863, 'y': 0, 'z': 178.8156229, 'tit': 0.118116521, 'b': 0, 's': 0.041417481, 'e': 1.687378867, 't': -0.0398835, 'r': -0.003067962, 'g': 3.11551498, 'tB': 20, 'tS': 40, 'tE': -48, 'tT': 136, 'tR': 0, 'tG': 0, 'torswitchB': 1, 'torswitchS': 1, 'torswitchE': 1, 'torswitchT': 1, 'torswitchR': 1, 'torswitchG': 1, 'v': 1214}
{'T': 1051, 'x': 350.5430194, 'y': 0, 'z': 174.3146985, 'tit': 0.115048559, 'b': 0, 's': 0.041417481, 'e': 1.722660425, 't': -0.07823302, 'r': -0.003067962, 'g': 3.11551498, 'tB': 32, 'tS': 28, 'tE': -52, 'tT': 148, 'tR': 0, 'tG': 0, 'torswitchB': 1, 'torswitchS': 1, 'torswitchE': 1, 'torswitchT': 1, 'torswitchR': 1, 'torswitchG': 1, 'v': 1214}
{'T': 1051, 'x': 350.0221274, 'y': 0, 'z': 171.9669669, 'tit': 0.105844674, 'b': 0, 's': 0.041417481, 'e': 1.750272079, 't': -0.115048559, 'r': -0.003067962, 'g': 3.11551498, 'tB': 28, 'tS': 20, 'tE': -40, 'tT': 120, 'tR': 0, 'tG': 0, 'torswitchB': 1, 'torswitchS': 1, 'torswitchE': 1, 'torswitchT': 1, 'torswitchR': 1, 'torswitchG': 1, 'v': 1214}
{'T': 1051, 'x': 351.1074975, 'y': 0, 'z': 162.6242564, 'tit': 0.111980598, 'b': 0, 's': 0.055223308, 'e': 1.79168956, 't': -0.164135944, 'r': -0.003067962, 'g': 3.11551498, 'tB': 36, 'tS': 52, 'tE': 0, 'tT': 100, 'tR': 0, 'tG': 0, 'torswitchB': 1, 'torswitchS': 1, 'torswitchE': 1, 'torswitchT': 1, 'torswitchR': 1, 'torswitchG': 1, 'v': 1213}
{'T': 1051, 'x': 351.393589, 'y': 0, 'z': 160.0141113, 'tit': 0.107378655, 'b': 0, 's': 0.059825251, 'e': 1.81009733, 't': -0.191747598, 'r': -0.003067962, 'g': 3.11551498, 'tB': 44, 'tS': 36, 'tE': -48, 'tT': 120, 'tR': 0, 'tG': 0, 'torswitchB': 1, 'torswitchS': 1, 'torswitchE': 1, 'torswitchT': 1, 'torswitchR': 1, 'torswitchG': 1, 'v': 1214}
{'T': 1051, 'x': 349.8050958, 'y': 0, 'z': 155.5307002, 'tit': 0.102776713, 'b': 0, 's': 0.059825251, 'e': 1.848446849, 't': -0.234699061, 'r': -0.003067962, 'g': 3.11551498, 'tB': 56, 'tS': -20, 'tE': -24, 'tT': 108, 'tR': 0, 'tG': 0, 'torswitchB': 1, 'torswitchS': 1, 'torswitchE': 1, 'torswitchT': 1, 'torswitchR': 1, 'torswitchG': 1, 'v': 1213}
{'T': 1051, 'x': 351.0408593, 'y': 0, 'z': 149.134525, 'tit': 0.107378655, 'b': 0, 's': 0.073631078, 'e': 1.871456561, 't': -0.266912657, 'r': -0.003067962, 'g': 3.11551498, 'tB': 68, 'tS': 40, 'tE': -44, 'tT': 128, 'tR': 0, 'tG': 0, 'torswitchB': 1, 'torswitchS': 1, 'torswitchE': 1, 'torswitchT': 1, 'torswitchR': 1, 'torswitchG': 1, 'v': 1214}
{'T': 1051, 'x': 351.1164678, 'y': 0.538606338, 'z': 143.8311277, 'tit': 0.105844674, 'b': 0.001533981, 's': 0.082834963, 'e': 1.900602196, 't': -0.306796158, 'r': -0.003067962, 'g': 3.11551498, 'tB': 88, 'tS': 36, 'tE': -52, 'tT': 120, 'tR': 0, 'tG': 0, 'torswitchB': 1, 'torswitchS': 1, 'torswitchE': 1, 'torswitchT': 1, 'torswitchR': 1, 'torswitchG': 1, 'v': 1214}
forward  aborted=True reason=no motion start after 1 s (moved 0.00 deg) fb_ok=21 fb_invalid=0 max_track=22.13 deg rate=19.937 Hz
wrote C:\Users\Mukund\Documents\Ro-Arm\investigation\windows-constX-arc\constX-result.json
wrote C:\Users\Mukund\Documents\Ro-Arm\investigation\windows-constX-arc\constX.log
RESULT: ABORTED
