# 2026-08-25T21:23:23.765425+00:00  tag=run13  port=COM21  sdk=C:\Users\Mukund\AppData\Local\Programs\Python\Python312\Lib\site-packages\roarm_sdk  ik=C:\Users\Mukund\Documents\Ro-Arm\roarm_sdk\waveshare_ik.py  home_xyz=[361.04 -6.65 178.19]  constX=361.04  envelope=3.0deg sweep_max=10.0s move_tol=0.5deg progress_tol=0.1deg progress_stable=2 resume_tol=3.36deg
# attempt 1: M=[-0.0184 0.0828 1.6230 -0.0046 -0.0031 0.0261]  i_target=2  max_disp=2.237 deg  per_joint=[0.02 0.21 2.02 2.24 0.00] deg
t=0.000 att=1 phase=pump idx=0 cmd=[-0.0184 0.0828 1.6230 -0.0046 -0.0031 0.0261] meas=[-0.0184 0.0828 1.6230 -0.0046 -0.0031 0.0261] moved=0.000 dist_tgt=2.237
t=0.000 att=1 phase=pump idx=1 cmd=[-0.0184 0.0829 1.6240 -0.0057 -0.0031 0.0261] meas=[-0.0184 0.0828 1.6230 -0.0046 -0.0031 0.0261] moved=0.000 dist_tgt=2.237
t=0.109 att=1 phase=pump idx=2 cmd=[-0.0184 0.0830 1.6250 -0.0068 -0.0031 0.0261] meas=[-0.0184 0.0828 1.6230 -0.0046 -0.0031 0.0261] moved=0.000 dist_tgt=2.237
t=0.109 att=1 phase=pump idx=3 cmd=[-0.0184 0.0831 1.6260 -0.0080 -0.0031 0.0261] meas=[-0.0184 0.0828 1.6230 -0.0046 -0.0031 0.0261] moved=0.000 dist_tgt=2.237
t=0.156 att=1 phase=pump idx=4 cmd=[-0.0184 0.0832 1.6270 -0.0091 -0.0031 0.0261] meas=[-0.0184 0.0828 1.6230 -0.0046 -0.0031 0.0261] moved=0.000 dist_tgt=2.237
t=0.187 att=1 phase=pump idx=5 cmd=[-0.0184 0.0833 1.6280 -0.0102 -0.0031 0.0261] meas=[-0.0184 0.0828 1.6230 -0.0046 -0.0031 0.0261] moved=0.000 dist_tgt=2.237
t=0.250 att=1 phase=pump idx=6 cmd=[-0.0184 0.0834 1.6291 -0.0113 -0.0031 0.0261] meas=[-0.0184 0.0828 1.6230 -0.0046 -0.0031 0.0261] moved=0.000 dist_tgt=2.237
t=0.312 att=1 phase=pump idx=7 cmd=[-0.0184 0.0835 1.6301 -0.0124 -0.0031 0.0261] meas=[-0.0184 0.0828 1.6230 -0.0046 -0.0031 0.0261] moved=0.000 dist_tgt=2.237
t=0.343 att=1 phase=pump idx=8 cmd=[-0.0184 0.0836 1.6311 -0.0135 -0.0031 0.0261] meas=[-0.0184 0.0828 1.6230 -0.0046 -0.0031 0.0261] moved=0.000 dist_tgt=2.237
t=0.406 att=1 phase=pump idx=9 cmd=[-0.0184 0.0837 1.6321 -0.0147 -0.0031 0.0261] meas=[-0.0184 0.0828 1.6230 -0.0046 -0.0031 0.0261] moved=0.000 dist_tgt=2.237
t=0.453 att=1 phase=pump idx=10 cmd=[-0.0184 0.0838 1.6331 -0.0158 -0.0031 0.0261] meas=[-0.0184 0.0828 1.6230 -0.0046 -0.0031 0.0261] moved=0.000 dist_tgt=2.237
t=0.500 att=1 phase=pump idx=11 cmd=[-0.0184 0.0839 1.6341 -0.0169 -0.0031 0.0261] meas=[-0.0184 0.0828 1.6230 -0.0046 -0.0031 0.0261] moved=0.000 dist_tgt=2.237
t=0.547 att=1 phase=pump idx=12 cmd=[-0.0184 0.0840 1.6352 -0.0180 -0.0031 0.0261] meas=[-0.0184 0.0828 1.6230 -0.0046 -0.0031 0.0261] moved=0.000 dist_tgt=2.237
t=0.609 att=1 phase=pump idx=13 cmd=[-0.0184 0.0841 1.6362 -0.0191 -0.0031 0.0261] meas=[-0.0184 0.0828 1.6230 -0.0046 -0.0031 0.0261] moved=0.000 dist_tgt=2.237
t=0.640 att=1 phase=pump idx=14 cmd=[-0.0183 0.0842 1.6372 -0.0202 -0.0031 0.0261] meas=[-0.0184 0.0828 1.6230 -0.0046 -0.0031 0.0261] moved=0.000 dist_tgt=2.237
t=0.703 att=1 phase=pump idx=15 cmd=[-0.0183 0.0843 1.6382 -0.0214 -0.0031 0.0261] meas=[-0.0184 0.0828 1.6230 -0.0046 -0.0031 0.0261] moved=0.000 dist_tgt=2.237
t=0.750 att=1 phase=pump idx=16 cmd=[-0.0183 0.0844 1.6392 -0.0225 -0.0031 0.0261] meas=[-0.0184 0.0828 1.6230 -0.0046 -0.0031 0.0261] moved=0.000 dist_tgt=2.237
t=0.812 att=1 phase=pump idx=17 cmd=[-0.0183 0.0845 1.6402 -0.0236 -0.0031 0.0261] meas=[-0.0184 0.0828 1.6230 -0.0046 -0.0031 0.0261] moved=0.000 dist_tgt=2.237
t=0.843 att=1 phase=pump idx=18 cmd=[-0.0183 0.0846 1.6413 -0.0247 -0.0031 0.0261] meas=[-0.0184 0.0828 1.6230 -0.0046 -0.0031 0.0261] moved=0.000 dist_tgt=2.237
t=0.906 att=1 phase=pump idx=19 cmd=[-0.0183 0.0847 1.6423 -0.0258 -0.0031 0.0261] meas=[-0.0184 0.0828 1.6230 -0.0046 -0.0031 0.0261] moved=0.000 dist_tgt=2.237
t=0.953 att=1 phase=pump idx=20 cmd=[-0.0183 0.0849 1.6433 -0.0269 -0.0031 0.0261] meas=[-0.0184 0.1043 1.6352 -0.0046 -0.0031 0.0261] moved=1.230 dist_tgt=2.237
t=1.000 att=1 phase=pump idx=21 cmd=[-0.0183 0.0850 1.6443 -0.0280 -0.0031 0.0261] meas=[-0.0184 0.1074 1.6368 -0.0046 -0.0031 0.0261] moved=1.406 dist_tgt=2.237
t=1.047 att=1 phase=pump idx=22 cmd=[-0.0183 0.0851 1.6453 -0.0292 -0.0031 0.0261] meas=[-0.0184 0.1058 1.6352 -0.0046 -0.0031 0.0261] moved=1.318 dist_tgt=2.237
t=1.093 att=1 phase=pump idx=23 cmd=[-0.0183 0.0852 1.6463 -0.0303 -0.0031 0.0261] meas=[-0.0184 0.1074 1.6398 -0.0046 -0.0031 0.0261] moved=1.406 dist_tgt=2.237
t=1.156 att=1 phase=pump idx=24 cmd=[-0.0182 0.0853 1.6473 -0.0314 -0.0031 0.0261] meas=[-0.0184 0.1074 1.6398 -0.0061 -0.0031 0.0261] moved=1.406 dist_tgt=2.149
t=1.203 att=1 phase=pump idx=25 cmd=[-0.0182 0.0854 1.6483 -0.0325 -0.0031 0.0261] meas=[-0.0184 0.1074 1.6460 -0.0061 -0.0031 0.0261] moved=1.406 dist_tgt=2.149
t=1.250 att=1 phase=pump idx=26 cmd=[-0.0182 0.0855 1.6493 -0.0336 -0.0031 0.0261] meas=[-0.0184 0.1074 1.6444 -0.0077 -0.0031 0.0261] moved=1.406 dist_tgt=2.061
t=1.297 att=1 phase=pump idx=27 cmd=[-0.0182 0.0856 1.6503 -0.0347 -0.0031 0.0261] meas=[-0.0184 0.1074 1.6444 -0.0077 -0.0031 0.0261] moved=1.406 dist_tgt=2.061
t=1.359 att=1 phase=pump idx=28 cmd=[-0.0182 0.0858 1.6513 -0.0358 -0.0031 0.0261] meas=[-0.0184 0.1074 1.6490 -0.0107 -0.0031 0.0261] moved=1.494 dist_tgt=1.886
t=1.406 att=1 phase=pump idx=29 cmd=[-0.0182 0.0859 1.6523 -0.0370 -0.0031 0.0261] meas=[-0.0184 0.1074 1.6521 -0.0123 -0.0031 0.0261] moved=1.670 dist_tgt=1.798
t=1.437 att=1 phase=pump idx=30 cmd=[-0.0182 0.0860 1.6533 -0.0381 -0.0031 0.0261] meas=[-0.0184 0.1074 1.6536 -0.0169 -0.0031 0.0261] moved=1.758 dist_tgt=1.534
t=1.500 att=1 phase=pump idx=31 cmd=[-0.0182 0.0861 1.6543 -0.0392 -0.0031 0.0261] meas=[-0.0184 0.1074 1.6536 -0.0169 -0.0031 0.0261] moved=1.758 dist_tgt=1.534
t=1.562 att=1 phase=pump idx=32 cmd=[-0.0181 0.0862 1.6553 -0.0403 -0.0031 0.0261] meas=[-0.0184 0.1074 1.6552 -0.0169 -0.0031 0.0261] moved=1.846 dist_tgt=1.534
t=1.593 att=1 phase=pump idx=33 cmd=[-0.0181 0.0863 1.6563 -0.0414 -0.0031 0.0261] meas=[-0.0184 0.1074 1.6598 -0.0199 -0.0031 0.0261] moved=2.109 dist_tgt=1.358
t=1.656 att=1 phase=pump idx=34 cmd=[-0.0181 0.0864 1.6573 -0.0425 -0.0031 0.0261] meas=[-0.0184 0.1074 1.6598 -0.0261 -0.0031 0.0261] moved=2.109 dist_tgt=1.194
# attempt 1 COMMITTED in phase=pump at t=1.656 s meas=[-0.0184 0.1074 1.6598 -0.0261 -0.0031 0.0261]  t102_continuous=True
===== CONTINUOUS FORWARD: direct transition to wp=2 compat_err=1.194deg (NO align hold, NO T102 gap) =====
adv t=0.000 leg=F idx=2 cmd=[-0.0181 0.0865 1.6583 -0.0436 -0.0031 0.0261] meas=[-0.0184 0.1074 1.6598 -0.0261 -0.0031 0.0261] xyz=363.73,-6.70,161.47 track=0.0208
adv t=0.047 leg=F idx=3 cmd=[-0.0177 0.0887 1.6756 -0.0631 -0.0031 0.0261] meas=[-0.0184 0.1074 1.6598 -0.0261 -0.0031 0.0261] xyz=363.73,-6.70,161.47 track=0.0370
adv t=0.109 leg=F idx=4 cmd=[-0.0172 0.0912 1.6926 -0.0825 -0.0031 0.0261] meas=[-0.0184 0.1074 1.6598 -0.0261 -0.0031 0.0261] xyz=363.73,-6.70,161.47 track=0.0565
adv t=0.140 leg=F idx=5 cmd=[-0.0165 0.0938 1.7093 -0.1019 -0.0031 0.0261] meas=[-0.0184 0.1074 1.6644 -0.0261 -0.0031 0.0261] xyz=363.40,-6.69,160.05 track=0.0759
adv t=0.203 leg=F idx=6 cmd=[-0.0157 0.0966 1.7258 -0.1213 -0.0031 0.0261] meas=[-0.0184 0.1074 1.6644 -0.0261 -0.0031 0.0261] xyz=363.40,-6.69,160.05 track=0.0952
adv t=0.250 leg=F idx=7 cmd=[-0.0147 0.0997 1.7421 -0.1406 -0.0031 0.0261] meas=[-0.0184 0.1074 1.6874 -0.0506 -0.0031 0.0261] xyz=362.76,-6.68,157.06 track=0.0900
adv t=0.312 leg=F idx=8 cmd=[-0.0135 0.1030 1.7580 -0.1598 -0.0031 0.0261] meas=[-0.0184 0.1074 1.7043 -0.0675 -0.0031 0.0261] xyz=362.20,-6.67,154.68 track=0.0923
adv t=0.359 leg=F idx=9 cmd=[-0.0122 0.1065 1.7737 -0.1790 -0.0031 0.0261] meas=[-0.0184 0.1150 1.7211 -0.0905 -0.0031 0.0261] xyz=363.03,-6.68,150.57 track=0.0885
adv t=0.390 leg=F idx=10 cmd=[-0.0108 0.1102 1.7892 -0.1982 -0.0031 0.0261] meas=[-0.0184 0.1197 1.7380 -0.1058 -0.0031 0.0261] xyz=362.98,-6.68,146.29 track=0.0923
adv t=0.453 leg=F idx=11 cmd=[-0.0092 0.1141 1.8043 -0.2173 -0.0031 0.0261] meas=[-0.0184 0.1212 1.7441 -0.1197 -0.0031 0.0261] xyz=363.29,-6.69,146.16 track=0.0976
adv t=0.500 leg=F idx=12 cmd=[-0.0074 0.1183 1.8192 -0.2363 -0.0031 0.0261] meas=[-0.0184 0.1243 1.7702 -0.1473 -0.0031 0.0261] xyz=362.65,-6.68,141.72 track=0.0890
adv t=0.562 leg=F idx=13 cmd=[-0.0055 0.1226 1.8338 -0.2552 -0.0031 0.0261] meas=[-0.0184 0.1243 1.7840 -0.1626 -0.0031 0.0261] xyz=362.07,-6.67,140.09 track=0.0926
adv t=0.609 leg=F idx=14 cmd=[-0.0035 0.1271 1.8482 -0.2741 -0.0031 0.0261] meas=[-0.0184 0.1335 1.8009 -0.1902 -0.0031 0.0261] xyz=362.97,-6.68,136.25 track=0.0839
adv t=0.656 leg=F idx=15 cmd=[-0.0013 0.1318 1.8622 -0.2929 -0.0031 0.0261] meas=[-0.0184 0.1335 1.8178 -0.2025 -0.0031 0.0261] xyz=361.88,-6.66,133.21 track=0.0904
adv t=0.703 leg=F idx=16 cmd=[0.0010 0.1367 1.8760 -0.3116 -0.0031 0.0261] meas=[-0.0184 0.1335 1.8224 -0.2132 -0.0031 0.0261] xyz=361.90,-6.66,133.62 track=0.0983
adv t=0.750 leg=F idx=17 cmd=[0.0035 0.1418 1.8895 -0.3301 -0.0031 0.0261] meas=[-0.0184 0.1365 1.8316 -0.2286 -0.0031 0.0261] xyz=362.06,-6.67,132.30 track=0.1016
adv t=0.797 leg=F idx=18 cmd=[0.0062 0.1471 1.9027 -0.3486 -0.0031 0.0261] meas=[-0.0184 0.1457 1.8592 -0.2592 -0.0031 0.0261] xyz=361.77,-6.66,125.83 track=0.0894
adv t=0.859 leg=F idx=19 cmd=[0.0089 0.1526 1.9156 -0.3670 -0.0031 0.0261] meas=[-0.0184 0.1503 1.8669 -0.2700 -0.0031 0.0261] xyz=362.00,-6.66,123.67 track=0.0970
adv t=0.906 leg=F idx=20 cmd=[0.0118 0.1582 1.9283 -0.3853 -0.0031 0.0261] meas=[-0.0184 0.1580 1.8899 -0.2991 -0.0031 0.0261] xyz=361.72,-6.66,118.94 track=0.0861
adv t=0.953 leg=F idx=21 cmd=[0.0149 0.1640 1.9406 -0.4034 -0.0031 0.0261] meas=[-0.0184 0.1611 1.9006 -0.3145 -0.0031 0.0261] xyz=361.56,-6.66,117.23 track=0.0889
adv t=1.000 leg=F idx=22 cmd=[0.0181 0.1699 1.9527 -0.4214 -0.0031 0.0261] meas=[-0.0184 0.1626 1.9083 -0.3252 -0.0031 0.0261] xyz=361.35,-6.65,116.21 track=0.0962
adv t=1.062 leg=F idx=23 cmd=[0.0214 0.1761 1.9644 -0.4393 -0.0031 0.0261] meas=[-0.0138 0.1718 1.9297 -0.3543 -0.0031 0.0261] xyz=361.23,-4.99,111.46 track=0.0849
adv t=1.094 leg=F idx=24 cmd=[0.0249 0.1823 1.9758 -0.4570 -0.0031 0.0261] meas=[-0.0107 0.1779 1.9390 -0.3697 -0.0031 0.0261] xyz=361.50,-3.88,109.12 track=0.0873
adv t=1.156 leg=F idx=25 cmd=[0.0285 0.1887 1.9870 -0.4745 -0.0031 0.0261] meas=[-0.0092 0.1810 1.9436 -0.3804 -0.0031 0.0261] xyz=361.76,-3.33,108.47 track=0.0941
adv t=1.203 leg=F idx=26 cmd=[0.0323 0.1953 1.9978 -0.4919 -0.0031 0.0261] meas=[-0.0015 0.1917 1.9650 -0.4096 -0.0031 0.0261] xyz=361.57,-0.55,103.25 track=0.0823
adv t=1.250 leg=F idx=27 cmd=[0.0362 0.2020 2.0083 -0.5091 -0.0031 0.0261] meas=[0.0015 0.1963 1.9758 -0.4249 -0.0031 0.0261] xyz=361.37,0.55,101.07 track=0.0842
adv t=1.297 leg=F idx=28 cmd=[0.0402 0.2088 2.0185 -0.5261 -0.0031 0.0261] meas=[0.0031 0.1994 1.9834 -0.4357 -0.0031 0.0261] xyz=361.18,1.11,99.56 track=0.0904
adv t=1.359 leg=F idx=29 cmd=[0.0443 0.2157 2.0283 -0.5429 -0.0031 0.0261] meas=[0.0092 0.2086 2.0003 -0.4617 -0.0031 0.0261] xyz=361.04,3.32,95.79 track=0.0811
adv t=1.390 leg=F idx=30 cmd=[0.0486 0.2228 2.0379 -0.5595 -0.0031 0.0261] meas=[0.0107 0.2148 2.0080 -0.4771 -0.0031 0.0261] xyz=361.28,3.88,93.97 track=0.0824
adv t=1.453 leg=F idx=31 cmd=[0.0530 0.2299 2.0471 -0.5758 -0.0031 0.0261] meas=[0.0138 0.2209 2.0126 -0.4878 -0.0031 0.0261] xyz=361.70,4.99,92.25 track=0.0880
adv t=1.500 leg=F idx=32 cmd=[0.0575 0.2372 2.0560 -0.5920 -0.0031 0.0261] meas=[0.0199 0.2316 2.0310 -0.5139 -0.0031 0.0261] xyz=361.30,7.21,87.57 track=0.0781
adv t=1.562 leg=F idx=33 cmd=[0.0621 0.2445 2.0645 -0.6078 -0.0031 0.0261] meas=[0.0230 0.2378 2.0371 -0.5292 -0.0031 0.0261] xyz=361.64,8.32,86.21 track=0.0786
adv t=1.609 leg=F idx=34 cmd=[0.0669 0.2519 2.0728 -0.6235 -0.0031 0.0261] meas=[0.0307 0.2454 2.0463 -0.5492 -0.0031 0.0261] xyz=361.81,11.10,84.22 track=0.0743
adv t=1.656 leg=F idx=35 cmd=[0.0718 0.2593 2.0807 -0.6388 -0.0031 0.0261] meas=[0.0322 0.2516 2.0571 -0.5630 -0.0031 0.0261] xyz=361.40,11.65,81.35 track=0.0759
adv t=1.703 leg=F idx=36 cmd=[0.0768 0.2669 2.0882 -0.6539 -0.0031 0.0261] meas=[0.0337 0.2577 2.0586 -0.5737 -0.0031 0.0261] xyz=362.12,12.23,80.50 track=0.0802
adv t=1.750 leg=F idx=37 cmd=[0.0819 0.2745 2.0955 -0.6687 -0.0031 0.0261] meas=[0.0383 0.2638 2.0693 -0.5844 -0.0031 0.0261] xyz=361.49,13.87,77.15 track=0.0843
adv t=1.797 leg=F idx=38 cmd=[0.0871 0.2821 2.1023 -0.6832 -0.0031 0.0261] meas=[0.0445 0.2761 2.0816 -0.6105 -0.0031 0.0261] xyz=361.68,16.10,73.74 track=0.0727
adv t=1.844 leg=F idx=39 cmd=[0.0924 0.2897 2.1089 -0.6974 -0.0031 0.0261] meas=[0.0506 0.2823 2.0908 -0.6228 -0.0031 0.0261] xyz=361.21,18.30,71.10 track=0.0746
adv t=1.906 leg=F idx=40 cmd=[0.0979 0.2974 2.1151 -0.7113 -0.0031 0.0261] meas=[0.0583 0.2930 2.0970 -0.6443 -0.0031 0.0261] xyz=361.84,21.12,69.16 track=0.0670
adv t=1.953 leg=F idx=41 cmd=[0.1034 0.3051 2.1209 -0.7248 -0.0031 0.0261] meas=[0.0629 0.2976 2.1046 -0.6550 -0.0031 0.0261] xyz=361.37,22.76,67.25 track=0.0698
adv t=2.000 leg=F idx=42 cmd=[0.1091 0.3128 2.1264 -0.7380 -0.0031 0.0261] meas=[0.0629 0.3007 2.1077 -0.6642 -0.0031 0.0261] xyz=361.51,22.77,66.86 track=0.0738
adv t=2.047 leg=F idx=43 cmd=[0.1148 0.3204 2.1315 -0.7508 -0.0031 0.0261] meas=[0.0706 0.3129 2.1169 -0.6872 -0.0031 0.0261] xyz=361.72,25.57,63.84 track=0.0636
adv t=2.109 leg=F idx=44 cmd=[0.1206 0.3281 2.1363 -0.7633 -0.0031 0.0261] meas=[0.0752 0.3191 2.1215 -0.6995 -0.0031 0.0261] xyz=361.81,27.25,62.46 track=0.0638
adv t=2.172 leg=F idx=45 cmd=[0.1266 0.3357 2.1408 -0.7753 -0.0031 0.0261] meas=[0.0859 0.3298 2.1292 -0.7148 -0.0031 0.0261] xyz=361.63,31.14,59.13 track=0.0605
adv t=2.203 leg=F idx=46 cmd=[0.1326 0.3433 2.1449 -0.7870 -0.0031 0.0261] meas=[0.0905 0.3344 2.1338 -0.7271 -0.0031 0.0261] xyz=361.56,32.81,58.33 track=0.0599
adv t=2.250 leg=F idx=47 cmd=[0.1387 0.3509 2.1486 -0.7983 -0.0031 0.0261] meas=[0.0936 0.3390 2.1368 -0.7332 -0.0031 0.0261] xyz=361.51,33.93,56.89 track=0.0651
adv t=2.297 leg=F idx=48 cmd=[0.1448 0.3584 2.1520 -0.8092 -0.0031 0.0261] meas=[0.0982 0.3436 2.1414 -0.7424 -0.0031 0.0261] xyz=361.28,35.58,55.58 track=0.0668
adv t=2.359 leg=F idx=49 cmd=[0.1511 0.3658 2.1551 -0.8197 -0.0031 0.0261] meas=[0.1058 0.3574 2.1476 -0.7639 -0.0031 0.0261] xyz=361.68,38.43,52.59 track=0.0558
adv t=2.390 leg=F idx=50 cmd=[0.1574 0.3732 2.1577 -0.8297 -0.0031 0.0261] meas=[0.1120 0.3651 2.1491 -0.7747 -0.0031 0.0261] xyz=362.05,40.71,51.20 track=0.0551
adv t=2.453 leg=F idx=51 cmd=[0.1639 0.3805 2.1601 -0.8394 -0.0031 0.0261] meas=[0.1150 0.3712 2.1491 -0.7808 -0.0031 0.0261] xyz=362.49,41.89,49.99 track=0.0586
adv t=2.500 leg=F idx=52 cmd=[0.1703 0.3877 2.1621 -0.8486 -0.0031 0.0261] meas=[0.1258 0.3835 2.1568 -0.7992 -0.0031 0.0261] xyz=362.16,45.80,46.67 track=0.0493
adv t=2.562 leg=F idx=53 cmd=[0.1769 0.3947 2.1637 -0.8573 -0.0031 0.0261] meas=[0.1304 0.3896 2.1583 -0.8084 -0.0031 0.0261] xyz=362.36,47.52,45.58 track=0.0489
adv t=2.609 leg=F idx=54 cmd=[0.1835 0.4017 2.1650 -0.8656 -0.0031 0.0261] meas=[0.1411 0.3988 2.1583 -0.8207 -0.0031 0.0261] xyz=362.75,51.54,44.26 track=0.0449
adv t=2.656 leg=F idx=55 cmd=[0.1901 0.4086 2.1660 -0.8734 -0.0031 0.0261] meas=[0.1442 0.4050 2.1598 -0.8299 -0.0031 0.0261] xyz=362.99,52.71,43.17 track=0.0460
adv t=2.687 leg=F idx=56 cmd=[0.1969 0.4154 2.1666 -0.8808 -0.0031 0.0261] meas=[0.1457 0.4080 2.1644 -0.8330 -0.0031 0.0261] xyz=362.42,53.19,41.43 track=0.0511
adv t=2.765 leg=F idx=57 cmd=[0.2036 0.4220 2.1669 -0.8877 -0.0031 0.0261] meas=[0.1503 0.4157 2.1660 -0.8406 -0.0031 0.0261] xyz=362.55,54.92,39.53 track=0.0533
adv t=2.844 leg=F idx=58 cmd=[0.2105 0.4285 2.1668 -0.8941 -0.0031 0.0261] meas=[0.1611 0.4280 2.1660 -0.8560 -0.0031 0.0261] xyz=363.05,58.99,37.58 track=0.0494
adv t=2.875 leg=F idx=59 cmd=[0.2173 0.4348 2.1664 -0.9000 -0.0031 0.0261] meas=[0.1718 0.4387 2.1660 -0.8652 -0.0031 0.0261] xyz=363.16,63.01,35.16 track=0.0455
adv t=2.906 leg=F idx=60 cmd=[0.2242 0.4410 2.1657 -0.9055 -0.0031 0.0261] meas=[0.1764 0.4418 2.1660 -0.8728 -0.0031 0.0261] xyz=363.29,64.76,35.31 track=0.0478
adv t=2.953 leg=F idx=61 cmd=[0.2312 0.4471 2.1646 -0.9105 -0.0031 0.0261] meas=[0.1795 0.4464 2.1660 -0.8774 -0.0031 0.0261] xyz=363.44,65.94,34.38 track=0.0517
adv t=3.000 leg=F idx=62 cmd=[0.2382 0.4530 2.1632 -0.9150 -0.0031 0.0261] meas=[0.1841 0.4479 2.1660 -0.8820 -0.0031 0.0261] xyz=363.37,67.65,34.59 track=0.0541
adv t=3.047 leg=F idx=63 cmd=[0.2452 0.4587 2.1615 -0.9190 -0.0031 0.0261] meas=[0.1948 0.4587 2.1660 -0.8912 -0.0031 0.0261] xyz=363.35,71.69,32.15 track=0.0504
adv t=3.109 leg=F idx=64 cmd=[0.2522 0.4643 2.1594 -0.9225 -0.0031 0.0261] meas=[0.2010 0.4633 2.1660 -0.8943 -0.0031 0.0261] xyz=363.17,73.98,30.96 track=0.0513
adv t=3.156 leg=F idx=65 cmd=[0.2593 0.4697 2.1570 -0.9256 -0.0031 0.0261] meas=[0.2117 0.4663 2.1675 -0.9004 -0.0031 0.0261] xyz=362.44,77.89,30.48 track=0.0476
adv t=3.203 leg=F idx=66 cmd=[0.2663 0.4750 2.1544 -0.9282 -0.0031 0.0261] meas=[0.2148 0.4709 2.1675 -0.9020 -0.0031 0.0261] xyz=362.40,79.05,29.03 track=0.0516
adv t=3.250 leg=F idx=67 cmd=[0.2734 0.4800 2.1514 -0.9302 -0.0031 0.0261] meas=[0.2194 0.4771 2.1675 -0.9066 -0.0031 0.0261] xyz=362.39,80.79,27.52 track=0.0541
adv t=3.312 leg=F idx=68 cmd=[0.2805 0.4849 2.1481 -0.9318 -0.0031 0.0261] meas=[0.2316 0.4878 2.1675 -0.9097 -0.0031 0.0261] xyz=361.76,85.33,24.05 track=0.0489
adv t=3.344 leg=F idx=69 cmd=[0.2876 0.4897 2.1445 -0.9330 -0.0031 0.0261] meas=[0.2378 0.4924 2.1675 -0.9097 -0.0031 0.0261] xyz=361.34,87.57,22.34 track=0.0499
adv t=3.406 leg=F idx=70 cmd=[0.2948 0.4942 2.1406 -0.9336 -0.0031 0.0261] meas=[0.2424 0.4970 2.1675 -0.9112 -0.0031 0.0261] xyz=361.09,89.27,20.88 track=0.0524
adv t=3.453 leg=F idx=71 cmd=[0.3019 0.4986 2.1364 -0.9338 -0.0031 0.0261] meas=[0.2516 0.5016 2.1675 -0.9173 -0.0031 0.0261] xyz=360.61,92.68,20.19 track=0.0503
adv t=3.500 leg=F idx=72 cmd=[0.3090 0.5028 2.1319 -0.9335 -0.0031 0.0261] meas=[0.2577 0.5062 2.1660 -0.9189 -0.0031 0.0261] xyz=360.45,95.00,19.09 track=0.0513
adv t=3.547 leg=F idx=73 cmd=[0.3161 0.5068 2.1271 -0.9327 -0.0031 0.0261] meas=[0.2623 0.5093 2.1660 -0.9189 -0.0031 0.0261] xyz=360.06,96.68,17.94 track=0.0538
adv t=3.609 leg=F idx=74 cmd=[0.3232 0.5107 2.1220 -0.9315 -0.0031 0.0261] meas=[0.2730 0.5185 2.1660 -0.9189 -0.0031 0.0261] xyz=359.15,100.58,14.51 track=0.0501
adv t=3.656 leg=F idx=75 cmd=[0.3303 0.5143 2.1167 -0.9298 -0.0031 0.0261] meas=[0.2792 0.5231 2.1660 -0.9189 -0.0031 0.0261] xyz=358.58,102.80,12.79 track=0.0511
adv t=3.687 leg=F idx=76 cmd=[0.3373 0.5178 2.1110 -0.9277 -0.0031 0.0261] meas=[0.2838 0.5262 2.1629 -0.9189 -0.0031 0.0261] xyz=358.67,104.61,12.35 track=0.0536
adv t=3.765 leg=F idx=77 cmd=[0.3444 0.5211 2.1051 -0.9251 -0.0031 0.0261] meas=[0.2884 0.5262 2.1629 -0.9189 -0.0031 0.0261] xyz=358.18,106.26,12.35 track=0.0578
adv t=3.797 leg=F idx=78 cmd=[0.3514 0.5243 2.0990 -0.9221 -0.0031 0.0261] meas=[0.3007 0.5338 2.1537 -0.9189 -0.0031 0.0261] xyz=358.49,111.15,11.58 track=0.0547
adv t=3.844 leg=F idx=79 cmd=[0.3584 0.5273 2.0925 -0.9186 -0.0031 0.0261] meas=[0.3083 0.5354 2.1476 -0.9189 -0.0031 0.0261] xyz=358.68,114.24,12.41 track=0.0550
adv t=3.906 leg=F idx=80 cmd=[0.3654 0.5301 2.0858 -0.9147 -0.0031 0.0261] meas=[0.3191 0.5430 2.1414 -0.9189 -0.0031 0.0261] xyz=358.54,118.45,10.93 track=0.0556
adv t=3.953 leg=F idx=81 cmd=[0.3723 0.5327 2.0789 -0.9104 -0.0031 0.0261] meas=[0.3221 0.5446 2.1338 -0.9189 -0.0031 0.0261] xyz=359.47,119.98,12.12 track=0.0549
adv t=4.000 leg=F idx=82 cmd=[0.3792 0.5352 2.0717 -0.9057 -0.0031 0.0261] meas=[0.3267 0.5476 2.1322 -0.9189 -0.0031 0.0261] xyz=359.21,121.73,11.31 track=0.0606
adv t=4.047 leg=F idx=83 cmd=[0.3861 0.5375 2.0642 -0.9006 -0.0031 0.0261] meas=[0.3359 0.5522 2.1200 -0.9173 -0.0031 0.0261] xyz=360.08,125.73,12.14 track=0.0557
adv t=4.109 leg=F idx=84 cmd=[0.3929 0.5397 2.0565 -0.8950 -0.0031 0.0261] meas=[0.3421 0.5538 2.1154 -0.9173 -0.0031 0.0261] xyz=360.07,128.21,12.62 track=0.0588
adv t=4.156 leg=F idx=85 cmd=[0.3997 0.5417 2.0486 -0.8891 -0.0031 0.0261] meas=[0.3528 0.5538 2.1062 -0.9097 -0.0031 0.0261] xyz=359.84,132.50,13.48 track=0.0576
adv t=4.203 leg=F idx=86 cmd=[0.4064 0.5436 2.0404 -0.8828 -0.0031 0.0261] meas=[0.3559 0.5538 2.1016 -0.9050 -0.0031 0.0261] xyz=359.99,133.81,13.79 track=0.0612
adv t=4.250 leg=F idx=87 cmd=[0.4131 0.5453 2.0320 -0.8761 -0.0031 0.0261] meas=[0.3590 0.5538 2.0985 -0.9050 -0.0031 0.0261] xyz=360.07,135.10,14.51 track=0.0665
adv t=4.312 leg=F idx=88 cmd=[0.4197 0.5469 2.0233 -0.8690 -0.0031 0.0261] meas=[0.3682 0.5630 2.0862 -0.8958 -0.0031 0.0261] xyz=360.51,139.06,12.31 track=0.0629
adv t=4.344 leg=F idx=89 cmd=[0.4263 0.5484 2.0144 -0.8616 -0.0031 0.0261] meas=[0.3743 0.5676 2.0785 -0.8897 -0.0031 0.0261] xyz=360.67,141.68,11.31 track=0.0641
adv t=4.406 leg=F idx=90 cmd=[0.4328 0.5497 2.0053 -0.8538 -0.0031 0.0261] meas=[0.3789 0.5691 2.0755 -0.8882 -0.0031 0.0261] xyz=360.46,143.51,11.18 track=0.0702
adv t=4.453 leg=F idx=91 cmd=[0.4393 0.5509 1.9960 -0.8457 -0.0031 0.0261] meas=[0.3896 0.5706 2.0632 -0.8759 -0.0031 0.0261] xyz=360.35,147.97,11.44 track=0.0673
adv t=4.500 leg=F idx=92 cmd=[0.4457 0.5519 1.9864 -0.8372 -0.0031 0.0261] meas=[0.3942 0.5706 2.0540 -0.8698 -0.0031 0.0261] xyz=360.86,150.12,12.60 track=0.0676
adv t=4.547 leg=F idx=93 cmd=[0.4520 0.5529 1.9766 -0.8283 -0.0031 0.0261] meas=[0.3988 0.5706 2.0494 -0.8652 -0.0031 0.0261] xyz=360.70,152.01,12.93 track=0.0728
adv t=4.609 leg=F idx=94 cmd=[0.4583 0.5537 1.9666 -0.8192 -0.0031 0.0261] meas=[0.4080 0.5706 2.0341 -0.8529 -0.0031 0.0261] xyz=361.17,156.13,14.56 track=0.0674
adv t=4.640 leg=F idx=95 cmd=[0.4645 0.5545 1.9564 -0.8097 -0.0031 0.0261] meas=[0.4157 0.5706 2.0264 -0.8452 -0.0031 0.0261] xyz=360.83,159.28,15.13 track=0.0700
adv t=4.703 leg=F idx=96 cmd=[0.4707 0.5551 1.9460 -0.7999 -0.0031 0.0261] meas=[0.4203 0.5706 2.0218 -0.8422 -0.0031 0.0261] xyz=360.67,161.20,15.73 track=0.0758
adv t=4.750 leg=F idx=97 cmd=[0.4767 0.5556 1.9354 -0.7898 -0.0031 0.0261] meas=[0.4295 0.5706 2.0080 -0.8268 -0.0031 0.0261] xyz=360.65,165.19,16.53 track=0.0726
adv t=4.812 leg=F idx=98 cmd=[0.4827 0.5560 1.9246 -0.7794 -0.0031 0.0261] meas=[0.4341 0.5706 1.9972 -0.8191 -0.0031 0.0261] xyz=361.20,167.46,17.88 track=0.0727
adv t=4.859 leg=F idx=99 cmd=[0.4886 0.5563 1.9135 -0.7687 -0.0031 0.0261] meas=[0.4433 0.5706 1.9850 -0.8069 -0.0031 0.0261] xyz=360.98,171.41,18.85 track=0.0714
adv t=4.906 leg=F idx=100 cmd=[0.4945 0.5566 1.9023 -0.7577 -0.0031 0.0261] meas=[0.4479 0.5722 1.9773 -0.7992 -0.0031 0.0261] xyz=361.05,173.48,18.85 track=0.0750
# resume_index=2 resume_err=1.194 deg (gate=3.36 deg)

===== REVERSE LEG (known-good run_leg_tracked, 100 .. 0) =====
ts=40687.156 cmd_ts=0.000 fb_ts=0.000 leg=R idx=0 cmd=[0.4945 0.5566 1.9023 -0.7577 -0.0031 0.0261] meas=[0.4679 0.5814 1.9420 -0.7624 -0.0031 0.0261] xyz=361.35,182.58,17.79 track=0.0397
ts=40687.156 cmd_ts=0.000 fb_ts=0.000 leg=R idx=1 cmd=[0.4886 0.5563 1.9135 -0.7687 -0.0031 0.0261] meas=[0.4679 0.5814 1.9420 -0.7624 -0.0031 0.0261] xyz=361.35,182.58,17.79 track=0.0285
ts=40687.218 cmd_ts=0.062 fb_ts=0.062 leg=R idx=2 cmd=[0.4827 0.5560 1.9246 -0.7794 -0.0031 0.0261] meas=[0.4679 0.5814 1.9420 -0.7624 -0.0031 0.0261] xyz=361.35,182.58,17.79 track=0.0254
ts=40687.250 cmd_ts=0.094 fb_ts=0.094 leg=R idx=3 cmd=[0.4767 0.5556 1.9354 -0.7898 -0.0031 0.0261] meas=[0.4679 0.5814 1.9420 -0.7624 -0.0031 0.0261] xyz=361.35,182.58,17.79 track=0.0274
ts=40687.312 cmd_ts=0.156 fb_ts=0.156 leg=R idx=4 cmd=[0.4707 0.5551 1.9460 -0.7999 -0.0031 0.0261] meas=[0.4679 0.5814 1.9420 -0.7624 -0.0031 0.0261] xyz=361.35,182.58,17.79 track=0.0375
ts=40687.359 cmd_ts=0.203 fb_ts=0.203 leg=R idx=5 cmd=[0.4645 0.5545 1.9564 -0.8097 -0.0031 0.0261] meas=[0.4679 0.5814 1.9420 -0.7624 -0.0031 0.0261] xyz=361.35,182.58,17.79 track=0.0473
ts=40687.406 cmd_ts=0.250 fb_ts=0.250 leg=R idx=6 cmd=[0.4583 0.5537 1.9666 -0.8192 -0.0031 0.0261] meas=[0.4679 0.5814 1.9420 -0.7624 -0.0031 0.0261] xyz=361.35,182.58,17.79 track=0.0568
ts=40687.453 cmd_ts=0.297 fb_ts=0.297 leg=R idx=7 cmd=[0.4520 0.5529 1.9766 -0.8283 -0.0031 0.0261] meas=[0.4679 0.5814 1.9420 -0.7624 -0.0031 0.0261] xyz=361.35,182.58,17.79 track=0.0659
ts=40687.500 cmd_ts=0.344 fb_ts=0.344 leg=R idx=8 cmd=[0.4457 0.5519 1.9864 -0.8372 -0.0031 0.0261] meas=[0.4679 0.5814 1.9420 -0.7624 -0.0031 0.0261] xyz=361.35,182.58,17.79 track=0.0748
ts=40687.562 cmd_ts=0.406 fb_ts=0.406 leg=R idx=9 cmd=[0.4393 0.5509 1.9960 -0.8457 -0.0031 0.0261] meas=[0.4679 0.5814 1.9420 -0.7624 -0.0031 0.0261] xyz=361.35,182.58,17.79 track=0.0833
ts=40687.609 cmd_ts=0.453 fb_ts=0.453 leg=R idx=10 cmd=[0.4328 0.5497 2.0053 -0.8538 -0.0031 0.0261] meas=[0.4679 0.5814 1.9420 -0.7624 -0.0031 0.0261] xyz=361.35,182.58,17.79 track=0.0914
ts=40687.656 cmd_ts=0.500 fb_ts=0.500 leg=R idx=11 cmd=[0.4263 0.5484 2.0144 -0.8616 -0.0031 0.0261] meas=[0.4679 0.5814 1.9420 -0.7624 -0.0031 0.0261] xyz=361.35,182.58,17.79 track=0.0992
ts=40687.703 cmd_ts=0.547 fb_ts=0.547 leg=R idx=12 cmd=[0.4197 0.5469 2.0233 -0.8690 -0.0031 0.0261] meas=[0.4679 0.5814 1.9420 -0.7624 -0.0031 0.0261] xyz=361.35,182.58,17.79 track=0.1066
ts=40687.765 cmd_ts=0.609 fb_ts=0.609 leg=R idx=13 cmd=[0.4131 0.5453 2.0320 -0.8761 -0.0031 0.0261] meas=[0.4679 0.5814 1.9420 -0.7624 -0.0031 0.0261] xyz=361.35,182.58,17.79 track=0.1137
ts=40687.812 cmd_ts=0.656 fb_ts=0.656 leg=R idx=14 cmd=[0.4064 0.5436 2.0404 -0.8828 -0.0031 0.0261] meas=[0.4679 0.5814 1.9420 -0.7624 -0.0031 0.0261] xyz=361.35,182.58,17.79 track=0.1204
ts=40687.843 cmd_ts=0.687 fb_ts=0.687 leg=R idx=15 cmd=[0.3997 0.5417 2.0486 -0.8891 -0.0031 0.0261] meas=[0.4679 0.5814 1.9420 -0.7624 -0.0031 0.0261] xyz=361.35,182.58,17.79 track=0.1267
ts=40687.921 cmd_ts=0.765 fb_ts=0.765 leg=R idx=16 cmd=[0.3929 0.5397 2.0565 -0.8950 -0.0031 0.0261] meas=[0.4679 0.5814 1.9420 -0.7624 -0.0031 0.0261] xyz=361.35,182.58,17.79 track=0.1327
ts=40687.953 cmd_ts=0.797 fb_ts=0.797 leg=R idx=17 cmd=[0.3861 0.5375 2.0642 -0.9006 -0.0031 0.0261] meas=[0.4679 0.5814 1.9558 -0.7854 -0.0031 0.0261] xyz=360.26,182.03,18.17 track=0.1152
ts=40688.000 cmd_ts=0.844 fb_ts=0.844 leg=R idx=18 cmd=[0.3792 0.5352 2.0717 -0.9057 -0.0031 0.0261] meas=[0.4679 0.5814 1.9758 -0.8084 -0.0031 0.0261] xyz=358.25,181.02,17.07 track=0.0973
ts=40688.062 cmd_ts=0.906 fb_ts=0.906 leg=R idx=19 cmd=[0.3723 0.5327 2.0789 -0.9104 -0.0031 0.0261] meas=[0.4679 0.5814 1.9865 -0.8191 -0.0031 0.0261] xyz=357.09,180.43,16.22 track=0.0955
ts=40688.109 cmd_ts=0.953 fb_ts=0.953 leg=R idx=20 cmd=[0.3654 0.5301 2.0858 -0.9147 -0.0031 0.0261] meas=[0.4602 0.5814 2.0126 -0.8437 -0.0031 0.0261] xyz=355.54,176.24,13.96 track=0.0948
ts=40688.156 cmd_ts=1.000 fb_ts=1.000 leg=R idx=21 cmd=[0.3584 0.5273 2.0925 -0.9186 -0.0031 0.0261] meas=[0.4449 0.5814 2.0341 -0.8606 -0.0031 0.0261] xyz=355.61,169.53,11.61 track=0.0864
ts=40688.203 cmd_ts=1.047 fb_ts=1.047 leg=R idx=22 cmd=[0.3514 0.5243 2.0990 -0.9221 -0.0031 0.0261] meas=[0.4341 0.5814 2.0494 -0.8713 -0.0031 0.0261] xyz=355.48,164.80,9.75 track=0.0827
ts=40688.265 cmd_ts=1.109 fb_ts=1.109 leg=R idx=23 cmd=[0.3444 0.5211 2.1051 -0.9251 -0.0031 0.0261] meas=[0.4203 0.5814 2.0632 -0.8836 -0.0031 0.0261] xyz=356.06,159.14,8.53 track=0.0759
ts=40688.296 cmd_ts=1.140 fb_ts=1.140 leg=R idx=24 cmd=[0.3373 0.5178 2.1110 -0.9277 -0.0031 0.0261] meas=[0.4065 0.5814 2.0785 -0.8943 -0.0031 0.0261] xyz=356.23,153.35,6.72 track=0.0692
ts=40688.359 cmd_ts=1.203 fb_ts=1.203 leg=R idx=25 cmd=[0.3303 0.5143 2.1167 -0.9298 -0.0031 0.0261] meas=[0.3958 0.5814 2.0877 -0.9004 -0.0031 0.0261] xyz=356.63,149.01,5.60 track=0.0671
ts=40688.406 cmd_ts=1.250 fb_ts=1.250 leg=R idx=26 cmd=[0.3232 0.5107 2.1220 -0.9315 -0.0031 0.0261] meas=[0.3804 0.5814 2.1000 -0.9081 -0.0031 0.0261] xyz=357.20,142.85,4.04 track=0.0707
ts=40688.468 cmd_ts=1.312 fb_ts=1.312 leg=R idx=27 cmd=[0.3161 0.5068 2.1271 -0.9327 -0.0031 0.0261] meas=[0.3697 0.5814 2.1123 -0.9143 -0.0031 0.0261] xyz=356.95,138.32,2.25 track=0.0746
ts=40688.500 cmd_ts=1.344 fb_ts=1.344 leg=R idx=28 cmd=[0.3090 0.5028 2.1319 -0.9335 -0.0031 0.0261] meas=[0.3636 0.5814 2.1154 -0.9158 -0.0031 0.0261] xyz=357.35,135.96,1.81 track=0.0786
ts=40688.562 cmd_ts=1.406 fb_ts=1.406 leg=R idx=29 cmd=[0.3019 0.4986 2.1364 -0.9338 -0.0031 0.0261] meas=[0.3574 0.5814 2.1169 -0.9158 -0.0031 0.0261] xyz=357.92,133.67,1.46 track=0.0828
ts=40688.609 cmd_ts=1.453 fb_ts=1.453 leg=R idx=30 cmd=[0.2948 0.4942 2.1406 -0.9336 -0.0031 0.0261] meas=[0.3482 0.5798 2.1276 -0.9189 -0.0031 0.0261] xyz=357.45,129.76,0.12 track=0.0856
ts=40688.656 cmd_ts=1.500 fb_ts=1.500 leg=R idx=31 cmd=[0.2876 0.4897 2.1445 -0.9330 -0.0031 0.0261] meas=[0.3421 0.5783 2.1338 -0.9189 -0.0031 0.0261] xyz=357.19,127.19,-0.68 track=0.0886
ts=40688.703 cmd_ts=1.547 fb_ts=1.547 leg=R idx=32 cmd=[0.2805 0.4849 2.1481 -0.9318 -0.0031 0.0261] meas=[0.3375 0.5783 2.1338 -0.9189 -0.0031 0.0261] xyz=357.77,125.54,-0.68 track=0.0934
ts=40688.765 cmd_ts=1.609 fb_ts=1.609 leg=R idx=33 cmd=[0.2734 0.4800 2.1514 -0.9302 -0.0031 0.0261] meas=[0.3283 0.5783 2.1399 -0.9189 -0.0031 0.0261] xyz=357.85,121.88,-2.05 track=0.0983
ts=40688.812 cmd_ts=1.656 fb_ts=1.656 leg=R idx=34 cmd=[0.2663 0.4750 2.1544 -0.9282 -0.0031 0.0261] meas=[0.3221 0.5783 2.1430 -0.9189 -0.0031 0.0261] xyz=358.05,119.50,-2.74 track=0.1033
ts=40688.843 cmd_ts=1.687 fb_ts=1.687 leg=R idx=35 cmd=[0.2593 0.4697 2.1570 -0.9256 -0.0031 0.0261] meas=[0.3175 0.5768 2.1460 -0.9189 -0.0031 0.0261] xyz=358.07,117.68,-2.84 track=0.1071
ts=40688.906 cmd_ts=1.750 fb_ts=1.750 leg=R idx=36 cmd=[0.2522 0.4643 2.1594 -0.9225 -0.0031 0.0261] meas=[0.3053 0.5768 2.1506 -0.9189 -0.0031 0.0261] xyz=358.67,113.02,-3.86 track=0.1125
ts=40688.968 cmd_ts=1.812 fb_ts=1.812 leg=R idx=37 cmd=[0.2452 0.4587 2.1615 -0.9190 -0.0031 0.0261] meas=[0.3007 0.5722 2.1537 -0.9189 -0.0031 0.0261] xyz=358.65,111.20,-2.81 track=0.1134
ts=40689.000 cmd_ts=1.844 fb_ts=1.859 leg=R idx=38 cmd=[0.2382 0.4530 2.1632 -0.9150 -0.0031 0.0261] meas=[0.2915 0.5630 2.1552 -0.9189 -0.0031 0.0261] xyz=359.40,107.82,0.30 track=0.1100
ts=40689.062 cmd_ts=1.906 fb_ts=1.906 leg=R idx=39 cmd=[0.2312 0.4471 2.1646 -0.9105 -0.0031 0.0261] meas=[0.2853 0.5584 2.1583 -0.9189 -0.0031 0.0261] xyz=359.51,105.45,1.34 track=0.1113
ts=40689.109 cmd_ts=1.953 fb_ts=1.953 leg=R idx=40 cmd=[0.2242 0.4410 2.1657 -0.9055 -0.0031 0.0261] meas=[0.2807 0.5538 2.1598 -0.9189 -0.0031 0.0261] xyz=359.72,103.72,2.72 track=0.1127
ts=40689.156 cmd_ts=2.000 fb_ts=2.000 leg=R idx=41 cmd=[0.2173 0.4348 2.1664 -0.9000 -0.0031 0.0261] meas=[0.2746 0.5492 2.1598 -0.9189 -0.0031 0.0261] xyz=360.33,101.50,4.44 track=0.1143
ts=40689.203 cmd_ts=2.047 fb_ts=2.047 leg=R idx=42 cmd=[0.2105 0.4285 2.1668 -0.8941 -0.0031 0.0261] meas=[0.2638 0.5400 2.1629 -0.9173 -0.0031 0.0261] xyz=360.74,97.45,6.94 track=0.1115
ts=40689.250 cmd_ts=2.094 fb_ts=2.094 leg=R idx=43 cmd=[0.2036 0.4220 2.1669 -0.8877 -0.0031 0.0261] meas=[0.2562 0.5369 2.1660 -0.9112 -0.0031 0.0261] xyz=360.62,94.46,6.38 track=0.1149
ts=40689.312 cmd_ts=2.156 fb_ts=2.156 leg=R idx=44 cmd=[0.1969 0.4154 2.1666 -0.8808 -0.0031 0.0261] meas=[0.2470 0.5292 2.1675 -0.9050 -0.0031 0.0261] xyz=360.84,90.98,7.88 track=0.1139
ts=40689.359 cmd_ts=2.203 fb_ts=2.203 leg=R idx=45 cmd=[0.1901 0.4086 2.1660 -0.8734 -0.0031 0.0261] meas=[0.2424 0.5262 2.1675 -0.8989 -0.0031 0.0261] xyz=360.93,89.23,8.01 track=0.1176
ts=40689.406 cmd_ts=2.250 fb_ts=2.250 leg=R idx=46 cmd=[0.1835 0.4017 2.1650 -0.8656 -0.0031 0.0261] meas=[0.2393 0.5216 2.1690 -0.8989 -0.0031 0.0261] xyz=360.89,88.05,9.37 track=0.1198
ts=40689.453 cmd_ts=2.297 fb_ts=2.297 leg=R idx=47 cmd=[0.1769 0.3947 2.1637 -0.8573 -0.0031 0.0261] meas=[0.2286 0.5093 2.1690 -0.8866 -0.0031 0.0261] xyz=361.08,84.00,11.91 track=0.1145
ts=40689.515 cmd_ts=2.359 fb_ts=2.359 leg=R idx=48 cmd=[0.1703 0.3877 2.1621 -0.8486 -0.0031 0.0261] meas=[0.2240 0.5047 2.1690 -0.8805 -0.0031 0.0261] xyz=361.10,82.25,12.60 track=0.1170
ts=40689.562 cmd_ts=2.406 fb_ts=2.422 leg=R idx=49 cmd=[0.1639 0.3805 2.1601 -0.8394 -0.0031 0.0261] meas=[0.2132 0.4955 2.1690 -0.8713 -0.0031 0.0261] xyz=361.38,78.24,14.50 track=0.1150
ts=40689.593 cmd_ts=2.437 fb_ts=2.453 leg=R idx=50 cmd=[0.1574 0.3732 2.1577 -0.8297 -0.0031 0.0261] meas=[0.2086 0.4909 2.1690 -0.8652 -0.0031 0.0261] xyz=361.36,76.50,15.19 track=0.1177
ts=40689.656 cmd_ts=2.500 fb_ts=2.500 leg=R idx=51 cmd=[0.1511 0.3658 2.1551 -0.8197 -0.0031 0.0261] meas=[0.2040 0.4878 2.1690 -0.8636 -0.0031 0.0261] xyz=361.59,74.81,16.07 track=0.1220
ts=40689.703 cmd_ts=2.547 fb_ts=2.547 leg=R idx=52 cmd=[0.1448 0.3584 2.1520 -0.8092 -0.0031 0.0261] meas=[0.1979 0.4801 2.1690 -0.8544 -0.0031 0.0261] xyz=361.45,72.47,17.39 track=0.1217
ts=40689.765 cmd_ts=2.609 fb_ts=2.609 leg=R idx=53 cmd=[0.1387 0.3509 2.1486 -0.7983 -0.0031 0.0261] meas=[0.1887 0.4679 2.1690 -0.8391 -0.0031 0.0261] xyz=361.10,68.95,19.39 track=0.1170
ts=40689.796 cmd_ts=2.640 fb_ts=2.640 leg=R idx=54 cmd=[0.1326 0.3433 2.1449 -0.7870 -0.0031 0.0261] meas=[0.1825 0.4617 2.1690 -0.8299 -0.0031 0.0261] xyz=360.93,66.63,20.13 track=0.1184
ts=40689.859 cmd_ts=2.703 fb_ts=2.703 leg=R idx=55 cmd=[0.1266 0.3357 2.1408 -0.7753 -0.0031 0.0261] meas=[0.1779 0.4571 2.1690 -0.8237 -0.0031 0.0261] xyz=360.82,64.89,20.81 track=0.1214
ts=40689.906 cmd_ts=2.750 fb_ts=2.750 leg=R idx=56 cmd=[0.1206 0.3281 2.1363 -0.7633 -0.0031 0.0261] meas=[0.1672 0.4464 2.1690 -0.8069 -0.0031 0.0261] xyz=360.38,60.83,21.98 track=0.1183
ts=40689.968 cmd_ts=2.812 fb_ts=2.812 leg=R idx=57 cmd=[0.1148 0.3204 2.1315 -0.7508 -0.0031 0.0261] meas=[0.1611 0.4403 2.1690 -0.7977 -0.0031 0.0261] xyz=360.12,58.51,22.71 track=0.1198
ts=40690.000 cmd_ts=2.844 fb_ts=2.859 leg=R idx=58 cmd=[0.1091 0.3128 2.1264 -0.7380 -0.0031 0.0261] meas=[0.1534 0.4295 2.1690 -0.7839 -0.0031 0.0261] xyz=359.57,55.59,24.37 track=0.1167
ts=40690.046 cmd_ts=2.890 fb_ts=2.890 leg=R idx=59 cmd=[0.1034 0.3051 2.1209 -0.7248 -0.0031 0.0261] meas=[0.1503 0.4249 2.1690 -0.7747 -0.0031 0.0261] xyz=359.12,54.40,24.54 track=0.1198
ts=40690.109 cmd_ts=2.953 fb_ts=2.953 leg=R idx=60 cmd=[0.0979 0.2974 2.1151 -0.7113 -0.0031 0.0261] meas=[0.1488 0.4203 2.1690 -0.7685 -0.0031 0.0261] xyz=358.76,53.78,25.21 track=0.1229
ts=40690.156 cmd_ts=3.000 fb_ts=3.000 leg=R idx=61 cmd=[0.0924 0.2897 2.1089 -0.6974 -0.0031 0.0261] meas=[0.1411 0.4080 2.1690 -0.7501 -0.0031 0.0261] xyz=357.82,50.84,26.66 track=0.1183
ts=40690.218 cmd_ts=3.062 fb_ts=3.062 leg=R idx=62 cmd=[0.0871 0.2821 2.1023 -0.6832 -0.0031 0.0261] meas=[0.1335 0.4004 2.1629 -0.7394 -0.0031 0.0261] xyz=358.47,48.13,29.16 track=0.1183
ts=40690.250 cmd_ts=3.094 fb_ts=3.109 leg=R idx=63 cmd=[0.0819 0.2745 2.0955 -0.6687 -0.0031 0.0261] meas=[0.1243 0.3896 2.1522 -0.7225 -0.0031 0.0261] xyz=359.50,44.90,32.91 track=0.1152
ts=40690.312 cmd_ts=3.156 fb_ts=3.156 leg=R idx=64 cmd=[0.0768 0.2669 2.0882 -0.6539 -0.0031 0.0261] meas=[0.1212 0.3850 2.1476 -0.7118 -0.0031 0.0261] xyz=359.69,43.80,33.96 track=0.1182
ts=40690.359 cmd_ts=3.203 fb_ts=3.203 leg=R idx=65 cmd=[0.0718 0.2593 2.0807 -0.6388 -0.0031 0.0261] meas=[0.1181 0.3789 2.1460 -0.7056 -0.0031 0.0261] xyz=359.54,42.67,35.56 track=0.1195
ts=40690.406 cmd_ts=3.250 fb_ts=3.250 leg=R idx=66 cmd=[0.0669 0.2519 2.0728 -0.6235 -0.0031 0.0261] meas=[0.1150 0.3728 2.1430 -0.6949 -0.0031 0.0261] xyz=359.38,41.53,36.79 track=0.1209
ts=40690.453 cmd_ts=3.297 fb_ts=3.297 leg=R idx=67 cmd=[0.0621 0.2445 2.0645 -0.6078 -0.0031 0.0261] meas=[0.1074 0.3605 2.1292 -0.6703 -0.0031 0.0261] xyz=360.21,38.83,40.67 track=0.1160
ts=40690.515 cmd_ts=3.359 fb_ts=3.359 leg=R idx=68 cmd=[0.0575 0.2372 2.0560 -0.5920 -0.0031 0.0261] meas=[0.1058 0.3543 2.1246 -0.6611 -0.0031 0.0261] xyz=360.29,38.28,42.55 track=0.1172
ts=40690.562 cmd_ts=3.406 fb_ts=3.406 leg=R idx=69 cmd=[0.0530 0.2299 2.0471 -0.5758 -0.0031 0.0261] meas=[0.0966 0.3451 2.1123 -0.6397 -0.0031 0.0261] xyz=361.10,35.01,45.49 track=0.1152
ts=40690.609 cmd_ts=3.453 fb_ts=3.453 leg=R idx=70 cmd=[0.0486 0.2228 2.0379 -0.5595 -0.0031 0.0261] meas=[0.0905 0.3390 2.1062 -0.6259 -0.0031 0.0261] xyz=361.28,32.79,47.03 track=0.1162
ts=40690.656 cmd_ts=3.500 fb_ts=3.500 leg=R idx=71 cmd=[0.0443 0.2157 2.0283 -0.5429 -0.0031 0.0261] meas=[0.0874 0.3329 2.1046 -0.6182 -0.0031 0.0261] xyz=360.92,31.64,48.40 track=0.1171
ts=40690.703 cmd_ts=3.547 fb_ts=3.562 leg=R idx=72 cmd=[0.0402 0.2088 2.0185 -0.5261 -0.0031 0.0261] meas=[0.0798 0.3237 2.0908 -0.5921 -0.0031 0.0261] xyz=361.51,28.90,51.04 track=0.1149
ts=40690.750 cmd_ts=3.594 fb_ts=3.594 leg=R idx=73 cmd=[0.0362 0.2020 2.0083 -0.5091 -0.0031 0.0261] meas=[0.0767 0.3175 2.0831 -0.5798 -0.0031 0.0261] xyz=361.84,27.81,53.26 track=0.1155
ts=40690.812 cmd_ts=3.656 fb_ts=3.656 leg=R idx=74 cmd=[0.0323 0.1953 1.9978 -0.4919 -0.0031 0.0261] meas=[0.0752 0.3129 2.0770 -0.5706 -0.0031 0.0261] xyz=362.12,27.27,55.03 track=0.1176
ts=40690.859 cmd_ts=3.703 fb_ts=3.703 leg=R idx=75 cmd=[0.0285 0.1887 1.9870 -0.4745 -0.0031 0.0261] meas=[0.0675 0.3007 2.0647 -0.5461 -0.0031 0.0261] xyz=362.22,24.49,58.71 track=0.1119
ts=40690.906 cmd_ts=3.750 fb_ts=3.750 leg=R idx=76 cmd=[0.0249 0.1823 1.9758 -0.4570 -0.0031 0.0261] meas=[0.0629 0.2945 2.0571 -0.5308 -0.0031 0.0261] xyz=362.32,22.82,60.47 track=0.1122
ts=40690.953 cmd_ts=3.797 fb_ts=3.797 leg=R idx=77 cmd=[0.0214 0.1761 1.9644 -0.4393 -0.0031 0.0261] meas=[0.0598 0.2884 2.0509 -0.5200 -0.0031 0.0261] xyz=362.37,21.70,62.58 track=0.1123
ts=40691.015 cmd_ts=3.859 fb_ts=3.859 leg=R idx=78 cmd=[0.0181 0.1699 1.9527 -0.4214 -0.0031 0.0261] meas=[0.0537 0.2823 2.0341 -0.4955 -0.0031 0.0261] xyz=363.35,19.53,65.34 track=0.1123
ts=40691.062 cmd_ts=3.906 fb_ts=3.906 leg=R idx=79 cmd=[0.0149 0.1640 1.9406 -0.4034 -0.0031 0.0261] meas=[0.0522 0.2746 2.0249 -0.4786 -0.0031 0.0261] xyz=363.34,18.97,67.86 track=0.1106
ts=40691.093 cmd_ts=3.937 fb_ts=3.937 leg=R idx=80 cmd=[0.0118 0.1582 1.9283 -0.3853 -0.0031 0.0261] meas=[0.0491 0.2700 2.0203 -0.4679 -0.0031 0.0261] xyz=363.18,17.84,69.03 track=0.1118
ts=40691.171 cmd_ts=4.015 fb_ts=4.015 leg=R idx=81 cmd=[0.0089 0.1526 1.9156 -0.3670 -0.0031 0.0261] meas=[0.0460 0.2592 2.0018 -0.4403 -0.0031 0.0261] xyz=363.68,16.75,73.47 track=0.1067
ts=40691.203 cmd_ts=4.047 fb_ts=4.047 leg=R idx=82 cmd=[0.0062 0.1471 1.9027 -0.3486 -0.0031 0.0261] meas=[0.0430 0.2546 1.9911 -0.4264 -0.0031 0.0261] xyz=364.19,15.65,75.85 track=0.1075
ts=40691.250 cmd_ts=4.094 fb_ts=4.094 leg=R idx=83 cmd=[0.0035 0.1418 1.8895 -0.3301 -0.0031 0.0261] meas=[0.0399 0.2516 1.9850 -0.4157 -0.0031 0.0261] xyz=364.30,14.54,76.91 track=0.1098
ts=40691.312 cmd_ts=4.156 fb_ts=4.156 leg=R idx=84 cmd=[0.0010 0.1367 1.8760 -0.3116 -0.0031 0.0261] meas=[0.0337 0.2454 1.9666 -0.3881 -0.0031 0.0261] xyz=365.00,12.32,79.76 track=0.1087
ts=40691.359 cmd_ts=4.203 fb_ts=4.203 leg=R idx=85 cmd=[-0.0013 0.1318 1.8622 -0.2929 -0.0031 0.0261] meas=[0.0322 0.2424 1.9558 -0.3728 -0.0031 0.0261] xyz=365.43,11.78,81.38 track=0.1106
ts=40691.406 cmd_ts=4.250 fb_ts=4.265 leg=R idx=86 cmd=[-0.0035 0.1271 1.8482 -0.2741 -0.0031 0.0261] meas=[0.0276 0.2316 1.9420 -0.3467 -0.0031 0.0261] xyz=365.04,10.08,84.94 track=0.1045
ts=40691.453 cmd_ts=4.297 fb_ts=4.297 leg=R idx=87 cmd=[-0.0055 0.1226 1.8338 -0.2552 -0.0031 0.0261] meas=[0.0245 0.2270 1.9313 -0.3344 -0.0031 0.0261] xyz=365.46,8.97,87.66 track=0.1045
ts=40691.500 cmd_ts=4.344 fb_ts=4.344 leg=R idx=88 cmd=[-0.0074 0.1183 1.8192 -0.2363 -0.0031 0.0261] meas=[0.0230 0.2255 1.9221 -0.3237 -0.0031 0.0261] xyz=365.98,8.42,89.08 track=0.1072
ts=40691.562 cmd_ts=4.406 fb_ts=4.406 leg=R idx=89 cmd=[-0.0092 0.1141 1.8043 -0.2173 -0.0031 0.0261] meas=[0.0215 0.2163 1.9067 -0.2945 -0.0031 0.0261] xyz=365.56,7.85,92.08 track=0.1024
ts=40691.609 cmd_ts=4.453 fb_ts=4.453 leg=R idx=90 cmd=[-0.0108 0.1102 1.7892 -0.1982 -0.0031 0.0261] meas=[0.0215 0.2148 1.8945 -0.2792 -0.0031 0.0261] xyz=366.17,7.86,93.65 track=0.1053
ts=40691.656 cmd_ts=4.500 fb_ts=4.500 leg=R idx=91 cmd=[-0.0122 0.1065 1.7737 -0.1790 -0.0031 0.0261] meas=[0.0215 0.2102 1.8837 -0.2684 -0.0031 0.0261] xyz=366.51,7.87,96.68 track=0.1100
ts=40691.703 cmd_ts=4.547 fb_ts=4.547 leg=R idx=92 cmd=[-0.0135 0.1030 1.7580 -0.1598 -0.0031 0.0261] meas=[0.0153 0.2071 1.8638 -0.2393 -0.0031 0.0261] xyz=367.14,5.63,98.82 track=0.1058
ts=40691.765 cmd_ts=4.609 fb_ts=4.609 leg=R idx=93 cmd=[-0.0147 0.0997 1.7421 -0.1406 -0.0031 0.0261] meas=[0.0123 0.2025 1.8484 -0.2240 -0.0031 0.0261] xyz=367.74,4.51,102.47 track=0.1064
ts=40691.812 cmd_ts=4.656 fb_ts=4.672 leg=R idx=94 cmd=[-0.0157 0.0966 1.7258 -0.1213 -0.0031 0.0261] meas=[0.0107 0.1948 1.8300 -0.1979 -0.0031 0.0261] xyz=367.70,3.95,106.42 track=0.1042
ts=40691.859 cmd_ts=4.703 fb_ts=4.703 leg=R idx=95 cmd=[-0.0165 0.0938 1.7093 -0.1019 -0.0031 0.0261] meas=[0.0107 0.1917 1.8162 -0.1841 -0.0031 0.0261] xyz=368.23,3.95,109.34 track=0.1069
ts=40691.906 cmd_ts=4.750 fb_ts=4.750 leg=R idx=96 cmd=[-0.0172 0.0912 1.6926 -0.0825 -0.0031 0.0261] meas=[0.0092 0.1902 1.8070 -0.1718 -0.0031 0.0261] xyz=368.45,3.39,110.62 track=0.1145
ts=40691.953 cmd_ts=4.797 fb_ts=4.797 leg=R idx=97 cmd=[-0.0177 0.0887 1.6756 -0.0631 -0.0031 0.0261] meas=[0.0092 0.1856 1.7978 -0.1580 -0.0031 0.0261] xyz=368.22,3.39,112.78 track=0.1223
ts=40692.015 cmd_ts=4.859 fb_ts=4.859 leg=R idx=98 cmd=[-0.0181 0.0865 1.6583 -0.0436 -0.0031 0.0261] meas=[0.0077 0.1825 1.7717 -0.1273 -0.0031 0.0261] xyz=369.07,2.83,116.64 track=0.1135
ts=40692.046 cmd_ts=4.890 fb_ts=4.890 leg=R idx=99 cmd=[-0.0183 0.0846 1.6408 -0.0241 -0.0031 0.0261] meas=[0.0077 0.1795 1.7579 -0.1104 -0.0031 0.0261] xyz=369.27,2.83,119.12 track=0.1172
ts=40692.109 cmd_ts=4.953 fb_ts=4.953 leg=R idx=100 cmd=[-0.0184 0.0828 1.6230 -0.0046 -0.0031 0.0261] meas=[0.0077 0.1779 1.7472 -0.0982 -0.0031 0.0261] xyz=369.55,2.83,120.89 track=0.1242
