# 2026-08-25T16:27:39.585454+00:00  port=COM21  sdk=C:\Users\Mukund\AppData\Local\Programs\Python\Python312\Lib\site-packages\roarm_sdk  ik=C:\Users\Mukund\Documents\Ro-Arm\roarm_sdk\waveshare_ik.py  serial={"port": "COM21", "baudrate": 115200, "timeout": 0.1, "rtscts": false, "dsrdtr": false, "xonxoff": false, "rts": false, "dtr": true, "is_open": true}  home_xyz=[347.92 7.47 203.15]
ts=22933.421 cmd_ts=0.000 fb_ts=0.000 leg=F idx=0 cmd=[0.0215 0.0138 1.6214 -0.0046 -0.0031 0.0261] meas=[0.0215 0.0138 1.6214 -0.0046 -0.0031 0.0261] xyz=347.92,7.47,203.15 track=0.0000
ts=22933.421 cmd_ts=0.000 fb_ts=0.000 leg=F idx=1 cmd=[0.0132 0.0135 1.6218 -0.0047 -0.0031 0.0261] meas=[0.0215 0.0138 1.6214 -0.0046 -0.0031 0.0261] xyz=347.92,7.47,203.15 track=0.0083
ts=22933.468 cmd_ts=0.047 fb_ts=0.047 leg=F idx=2 cmd=[0.0049 0.0130 1.6224 -0.0048 -0.0031 0.0261] meas=[0.0215 0.0138 1.6214 -0.0046 -0.0031 0.0261] xyz=347.92,7.47,203.15 track=0.0165
ts=22933.531 cmd_ts=0.110 fb_ts=0.110 leg=F idx=3 cmd=[-0.0033 0.0124 1.6231 -0.0049 -0.0031 0.0261] meas=[0.0215 0.0138 1.6214 -0.0046 -0.0031 0.0261] xyz=347.92,7.47,203.15 track=0.0248
ts=22933.562 cmd_ts=0.141 fb_ts=0.141 leg=F idx=4 cmd=[-0.0116 0.0117 1.6240 -0.0051 -0.0031 0.0261] meas=[0.0215 0.0138 1.6214 -0.0046 -0.0031 0.0261] xyz=347.92,7.47,203.15 track=0.0331
ts=22933.625 cmd_ts=0.204 fb_ts=0.204 leg=F idx=5 cmd=[-0.0199 0.0109 1.6250 -0.0053 -0.0031 0.0261] meas=[0.0215 0.0138 1.6214 -0.0046 -0.0031 0.0261] xyz=347.92,7.47,203.15 track=0.0414
ts=22933.671 cmd_ts=0.250 fb_ts=0.250 leg=F idx=6 cmd=[-0.0281 0.0099 1.6262 -0.0055 -0.0031 0.0261] meas=[0.0215 0.0138 1.6214 -0.0046 -0.0031 0.0261] xyz=347.92,7.47,203.15 track=0.0496
ts=22933.718 cmd_ts=0.297 fb_ts=0.297 leg=F idx=7 cmd=[-0.0364 0.0088 1.6276 -0.0058 -0.0031 0.0261] meas=[0.0215 0.0138 1.6214 -0.0046 -0.0031 0.0261] xyz=347.92,7.47,203.15 track=0.0579
ts=22933.781 cmd_ts=0.360 fb_ts=0.360 leg=F idx=8 cmd=[-0.0447 0.0075 1.6291 -0.0060 -0.0031 0.0261] meas=[0.0215 0.0138 1.6214 -0.0046 -0.0031 0.0261] xyz=347.92,7.47,203.15 track=0.0662
ts=22933.828 cmd_ts=0.407 fb_ts=0.407 leg=F idx=9 cmd=[-0.0529 0.0061 1.6308 -0.0063 -0.0031 0.0261] meas=[0.0215 0.0138 1.6214 -0.0046 -0.0031 0.0261] xyz=347.92,7.47,203.15 track=0.0744
ts=22933.859 cmd_ts=0.438 fb_ts=0.438 leg=F idx=10 cmd=[-0.0612 0.0046 1.6326 -0.0067 -0.0031 0.0261] meas=[0.0215 0.0138 1.6214 -0.0046 -0.0031 0.0261] xyz=347.92,7.47,203.15 track=0.0827
ts=22933.921 cmd_ts=0.500 fb_ts=0.500 leg=F idx=11 cmd=[-0.0694 0.0030 1.6346 -0.0070 -0.0031 0.0261] meas=[0.0215 0.0138 1.6214 -0.0046 -0.0031 0.0261] xyz=347.92,7.47,203.15 track=0.0909
ts=22933.984 cmd_ts=0.563 fb_ts=0.563 leg=F idx=12 cmd=[-0.0777 0.0012 1.6368 -0.0074 -0.0031 0.0261] meas=[0.0215 0.0138 1.6214 -0.0046 -0.0031 0.0261] xyz=347.92,7.47,203.15 track=0.0992
ts=22934.015 cmd_ts=0.594 fb_ts=0.594 leg=F idx=13 cmd=[-0.0859 -0.0007 1.6391 -0.0078 -0.0031 0.0261] meas=[0.0215 0.0138 1.6214 -0.0046 -0.0031 0.0261] xyz=347.92,7.47,203.15 track=0.1074
ts=22934.078 cmd_ts=0.657 fb_ts=0.657 leg=F idx=14 cmd=[-0.0942 -0.0027 1.6415 -0.0082 -0.0031 0.0261] meas=[0.0215 0.0138 1.6214 -0.0046 -0.0031 0.0261] xyz=347.92,7.47,203.15 track=0.1157
ts=22934.125 cmd_ts=0.704 fb_ts=0.704 leg=F idx=15 cmd=[-0.1024 -0.0049 1.6441 -0.0086 -0.0031 0.0261] meas=[0.0215 0.0138 1.6214 -0.0046 -0.0031 0.0261] xyz=347.92,7.47,203.15 track=0.1239
ts=22934.171 cmd_ts=0.750 fb_ts=0.750 leg=F idx=16 cmd=[-0.1107 -0.0071 1.6469 -0.0091 -0.0031 0.0261] meas=[0.0215 0.0138 1.6214 -0.0046 -0.0031 0.0261] xyz=347.92,7.47,203.15 track=0.1321
ts=22934.218 cmd_ts=0.797 fb_ts=0.797 leg=F idx=17 cmd=[-0.1189 -0.0096 1.6497 -0.0096 -0.0031 0.0261] meas=[0.0215 0.0199 1.6214 -0.0046 -0.0031 0.0261] xyz=349.16,7.50,201.01 track=0.1404
ts=22934.265 cmd_ts=0.844 fb_ts=0.844 leg=F idx=18 cmd=[-0.1271 -0.0121 1.6528 -0.0100 -0.0031 0.0261] meas=[0.0215 0.0245 1.6306 -0.0046 -0.0031 0.0307] xyz=349.73,7.51,196.51 track=0.1486
ts=22934.328 cmd_ts=0.907 fb_ts=0.907 leg=F idx=19 cmd=[-0.1354 -0.0148 1.6559 -0.0105 -0.0031 0.0261] meas=[0.0184 0.0261 1.6352 -0.0046 -0.0031 0.0337] xyz=349.87,6.44,194.53 track=0.1538
ts=22934.375 cmd_ts=0.954 fb_ts=0.954 leg=F idx=20 cmd=[-0.1436 -0.0176 1.6593 -0.0110 -0.0031 0.0261] meas=[0.0077 0.0261 1.6352 -0.0046 -0.0031 0.0337] xyz=349.92,2.68,194.53 track=0.1512
ts=22934.421 cmd_ts=1.000 fb_ts=1.000 leg=F idx=21 cmd=[-0.1518 -0.0205 1.6627 -0.0116 -0.0031 0.0261] meas=[-0.0107 0.0261 1.6352 -0.0046 -0.0031 0.0337] xyz=349.91,-3.76,194.53 track=0.1410
ts=22934.468 cmd_ts=1.047 fb_ts=1.047 leg=F idx=22 cmd=[-0.1600 -0.0236 1.6663 -0.0121 -0.0031 0.0261] meas=[-0.0307 0.0261 1.6352 -0.0046 -0.0031 0.0337] xyz=349.76,-10.73,194.53 track=0.1293
ts=22934.515 cmd_ts=1.094 fb_ts=1.094 leg=F idx=23 cmd=[-0.1682 -0.0268 1.6700 -0.0126 -0.0031 0.0261] meas=[-0.0414 0.0261 1.6414 -0.0046 -0.0031 0.0337] xyz=349.37,-14.48,192.61 track=0.1268
ts=22934.578 cmd_ts=1.157 fb_ts=1.157 leg=F idx=24 cmd=[-0.1764 -0.0301 1.6739 -0.0132 -0.0031 0.0261] meas=[-0.0598 0.0261 1.6444 -0.0046 -0.0031 0.0337] xyz=348.91,-20.90,191.64 track=0.1166
ts=22934.625 cmd_ts=1.204 fb_ts=1.204 leg=F idx=25 cmd=[-0.1846 -0.0335 1.6778 -0.0137 -0.0031 0.0261] meas=[-0.0798 0.0261 1.6536 -0.0046 -0.0031 0.0337] xyz=348.00,-27.82,188.76 track=0.1048
ts=22934.671 cmd_ts=1.250 fb_ts=1.250 leg=F idx=26 cmd=[-0.1927 -0.0371 1.6819 -0.0142 -0.0031 0.0261] meas=[-0.1028 0.0261 1.6598 -0.0046 -0.0031 0.0337] xyz=346.97,-35.79,186.84 track=0.0900
ts=22934.718 cmd_ts=1.297 fb_ts=1.297 leg=F idx=27 cmd=[-0.2009 -0.0408 1.6862 -0.0148 -0.0031 0.0261] meas=[-0.1120 0.0261 1.6628 -0.0046 -0.0031 0.0337] xyz=346.48,-38.96,185.88 track=0.0889
ts=22934.781 cmd_ts=1.360 fb_ts=1.360 leg=F idx=28 cmd=[-0.2091 -0.0446 1.6905 -0.0153 -0.0031 0.0261] meas=[-0.1304 0.0261 1.6705 -0.0046 -0.0031 0.0337] xyz=345.31,-45.28,183.49 track=0.0787
ts=22934.812 cmd_ts=1.391 fb_ts=1.391 leg=F idx=29 cmd=[-0.2172 -0.0485 1.6950 -0.0158 -0.0031 0.0261] meas=[-0.1473 0.0245 1.6812 -0.0046 -0.0031 0.0337] xyz=343.65,-50.98,180.67 track=0.0731
ts=22934.875 cmd_ts=1.454 fb_ts=1.454 leg=F idx=30 cmd=[-0.2254 -0.0526 1.6995 -0.0163 -0.0031 0.0261] meas=[-0.1672 0.0230 1.6874 -0.0046 -0.0031 0.0337] xyz=341.95,-57.72,179.29 track=0.0756
ts=22934.921 cmd_ts=1.500 fb_ts=1.500 leg=F idx=31 cmd=[-0.2335 -0.0568 1.7042 -0.0168 -0.0031 0.0261] meas=[-0.1764 0.0230 1.6950 -0.0061 -0.0031 0.0337] xyz=341.03,-60.79,177.17 track=0.0798
ts=22934.968 cmd_ts=1.547 fb_ts=1.563 leg=F idx=32 cmd=[-0.2417 -0.0611 1.7090 -0.0173 -0.0031 0.0261] meas=[-0.1887 0.0215 1.7043 -0.0061 -0.0031 0.0337] xyz=339.45,-64.82,174.84 track=0.0826
ts=22935.015 cmd_ts=1.594 fb_ts=1.594 leg=F idx=33 cmd=[-0.2498 -0.0656 1.7139 -0.0177 -0.0031 0.0261] meas=[-0.1963 0.0169 1.7058 -0.0061 -0.0031 0.0337] xyz=338.06,-67.24,175.95 track=0.0824
ts=22935.078 cmd_ts=1.657 fb_ts=1.657 leg=F idx=34 cmd=[-0.2579 -0.0701 1.7189 -0.0182 -0.0031 0.0261] meas=[-0.2025 0.0138 1.7058 -0.0061 -0.0031 0.0337] xyz=337.11,-69.21,177.00 track=0.0839
ts=22935.125 cmd_ts=1.704 fb_ts=1.704 leg=F idx=35 cmd=[-0.2660 -0.0748 1.7240 -0.0186 -0.0031 0.0261] meas=[-0.2148 0.0077 1.7150 -0.0061 -0.0031 0.0337] xyz=334.64,-72.99,176.25 track=0.0825
ts=22935.171 cmd_ts=1.750 fb_ts=1.750 leg=F idx=36 cmd=[-0.2741 -0.0796 1.7292 -0.0190 -0.0031 0.0261] meas=[-0.2224 0.0077 1.7196 -0.0061 -0.0031 0.0337] xyz=333.79,-75.49,174.82 track=0.0873
ts=22935.218 cmd_ts=1.797 fb_ts=1.797 leg=F idx=37 cmd=[-0.2822 -0.0846 1.7345 -0.0194 -0.0031 0.0261] meas=[-0.2270 0.0015 1.7211 -0.0061 -0.0031 0.0337] xyz=332.30,-76.77,176.44 track=0.0861
ts=22935.281 cmd_ts=1.860 fb_ts=1.860 leg=F idx=38 cmd=[-0.2902 -0.0896 1.7399 -0.0197 -0.0031 0.0261] meas=[-0.2393 -0.0046 1.7334 -0.0061 -0.0031 0.0337] xyz=329.56,-80.40,174.72 track=0.0850
ts=22935.312 cmd_ts=1.891 fb_ts=1.891 leg=F idx=39 cmd=[-0.2983 -0.0948 1.7454 -0.0200 -0.0031 0.0261] meas=[-0.2454 -0.0092 1.7349 -0.0061 -0.0031 0.0337] xyz=328.18,-82.21,175.80 track=0.0856
ts=22935.375 cmd_ts=1.954 fb_ts=1.954 leg=F idx=40 cmd=[-0.3063 -0.1001 1.7509 -0.0202 -0.0031 0.0261] meas=[-0.2516 -0.0107 1.7365 -0.0061 -0.0031 0.0337] xyz=327.32,-84.13,175.84 track=0.0894
ts=22935.421 cmd_ts=2.000 fb_ts=2.000 leg=F idx=41 cmd=[-0.3144 -0.1055 1.7566 -0.0204 -0.0031 0.0261] meas=[-0.2623 -0.0199 1.7472 -0.0061 -0.0031 0.0337] xyz=324.20,-87.05,175.61 track=0.0856
ts=22935.484 cmd_ts=2.063 fb_ts=2.063 leg=F idx=42 cmd=[-0.3224 -0.1111 1.7623 -0.0206 -0.0031 0.0261] meas=[-0.2700 -0.0245 1.7503 -0.0061 -0.0031 0.0337] xyz=322.56,-89.26,176.20 track=0.0865
ts=22935.515 cmd_ts=2.094 fb_ts=2.141 leg=F idx=43 cmd=[-0.3304 -0.1167 1.7681 -0.0207 -0.0031 0.0261] meas=[-0.2823 -0.0322 1.7564 -0.0061 -0.0031 0.0337] xyz=319.78,-92.73,176.85 track=0.0845
ts=22935.578 cmd_ts=2.157 fb_ts=2.188 leg=F idx=44 cmd=[-0.3384 -0.1225 1.7739 -0.0208 -0.0031 0.0261] meas=[-0.2915 -0.0383 1.7641 -0.0061 -0.0031 0.0337] xyz=317.42,-95.23,176.51 track=0.0842
ts=22935.625 cmd_ts=2.204 fb_ts=2.219 leg=F idx=45 cmd=[-0.3464 -0.1284 1.7798 -0.0208 -0.0031 0.0261] meas=[-0.2976 -0.0430 1.7687 -0.0077 -0.0031 0.0337] xyz=315.85,-96.87,176.86 track=0.0855
ts=22935.671 cmd_ts=2.250 fb_ts=2.266 leg=F idx=46 cmd=[-0.3543 -0.1345 1.7858 -0.0207 -0.0031 0.0261] meas=[-0.3037 -0.0491 1.7763 -0.0077 -0.0031 0.0337] xyz=313.76,-98.34,176.50 track=0.0854
ts=22935.718 cmd_ts=2.297 fb_ts=2.297 leg=F idx=47 cmd=[-0.3623 -0.1406 1.7918 -0.0206 -0.0031 0.0261] meas=[-0.3099 -0.0537 1.7794 -0.0077 -0.0031 0.0337] xyz=312.20,-99.96,177.06 track=0.0869
ts=22935.781 cmd_ts=2.360 fb_ts=2.360 leg=F idx=48 cmd=[-0.3702 -0.1469 1.7979 -0.0204 -0.0031 0.0261] meas=[-0.3191 -0.0583 1.7856 -0.0077 -0.0031 0.0337] xyz=310.14,-102.45,176.66 track=0.0886
ts=22935.812 cmd_ts=2.391 fb_ts=2.407 leg=F idx=49 cmd=[-0.3781 -0.1533 1.8041 -0.0202 -0.0031 0.0261] meas=[-0.3298 -0.0675 1.7917 -0.0092 -0.0031 0.0337] xyz=307.18,-105.15,178.01 track=0.0858
ts=22935.875 cmd_ts=2.454 fb_ts=2.454 leg=F idx=50 cmd=[-0.3860 -0.1598 1.8103 -0.0198 -0.0031 0.0261] meas=[-0.3344 -0.0736 1.7994 -0.0092 -0.0031 0.0337] xyz=305.22,-106.05,177.61 track=0.0862
ts=22935.921 cmd_ts=2.500 fb_ts=2.500 leg=F idx=51 cmd=[-0.3939 -0.1664 1.8165 -0.0194 -0.0031 0.0261] meas=[-0.3375 -0.0767 1.7994 -0.0092 -0.0031 0.0337] xyz=304.38,-106.81,178.61 track=0.0897
ts=22935.968 cmd_ts=2.547 fb_ts=2.563 leg=F idx=52 cmd=[-0.4018 -0.1732 1.8227 -0.0189 -0.0031 0.0261] meas=[-0.3497 -0.0859 1.8132 -0.0092 -0.0031 0.0337] xyz=300.72,-109.69,177.27 track=0.0873
ts=22936.015 cmd_ts=2.594 fb_ts=2.594 leg=F idx=53 cmd=[-0.4096 -0.1801 1.8290 -0.0184 -0.0031 0.0261] meas=[-0.3574 -0.0890 1.8147 -0.0092 -0.0031 0.0337] xyz=299.27,-111.77,177.78 track=0.0911
ts=22936.078 cmd_ts=2.657 fb_ts=2.657 leg=F idx=54 cmd=[-0.4174 -0.1870 1.8354 -0.0177 -0.0031 0.0261] meas=[-0.3620 -0.0936 1.8178 -0.0092 -0.0031 0.0337] xyz=297.81,-112.79,178.29 track=0.0935
ts=22936.125 cmd_ts=2.704 fb_ts=2.704 leg=F idx=55 cmd=[-0.4252 -0.1942 1.8417 -0.0169 -0.0031 0.0261] meas=[-0.3743 -0.1058 1.8300 -0.0092 -0.0031 0.0337] xyz=293.68,-115.36,178.37 track=0.0883
ts=22936.171 cmd_ts=2.750 fb_ts=2.750 leg=F idx=56 cmd=[-0.4330 -0.2014 1.8481 -0.0161 -0.0031 0.0261] meas=[-0.3820 -0.1120 1.8346 -0.0092 -0.0031 0.0337] xyz=291.52,-117.10,178.87 track=0.0894
ts=22936.218 cmd_ts=2.797 fb_ts=2.797 leg=F idx=57 cmd=[-0.4408 -0.2087 1.8545 -0.0151 -0.0031 0.0261] meas=[-0.3896 -0.1150 1.8362 -0.0092 -0.0031 0.0337] xyz=290.02,-119.09,179.36 track=0.0937
ts=22936.281 cmd_ts=2.860 fb_ts=2.860 leg=F idx=58 cmd=[-0.4485 -0.2162 1.8609 -0.0140 -0.0031 0.0261] meas=[-0.3988 -0.1258 1.8515 -0.0092 -0.0031 0.0337] xyz=286.29,-120.65,177.94 track=0.0904
ts=22936.312 cmd_ts=2.891 fb_ts=2.891 leg=F idx=59 cmd=[-0.4562 -0.2238 1.8673 -0.0129 -0.0031 0.0261] meas=[-0.4050 -0.1319 1.8546 -0.0092 -0.0031 0.0337] xyz=284.37,-121.90,178.89 track=0.0919
ts=22936.375 cmd_ts=2.954 fb_ts=2.954 leg=F idx=60 cmd=[-0.4639 -0.2315 1.8737 -0.0116 -0.0031 0.0261] meas=[-0.4111 -0.1350 1.8546 -0.0092 -0.0031 0.0337] xyz=283.11,-123.42,179.84 track=0.0965
ts=22936.421 cmd_ts=3.000 fb_ts=3.000 leg=F idx=61 cmd=[-0.4716 -0.2393 1.8801 -0.0102 -0.0031 0.0261] meas=[-0.4218 -0.1488 1.8669 -0.0092 -0.0031 0.0337] xyz=278.85,-125.14,180.26 track=0.0905
ts=22936.468 cmd_ts=3.047 fb_ts=3.047 leg=F idx=62 cmd=[-0.4793 -0.2472 1.8865 -0.0086 -0.0031 0.0261] meas=[-0.4280 -0.1549 1.8715 -0.0092 -0.0031 0.0337] xyz=276.82,-126.28,180.70 track=0.0923
ts=22936.531 cmd_ts=3.110 fb_ts=3.110 leg=F idx=63 cmd=[-0.4869 -0.2553 1.8929 -0.0069 -0.0031 0.0261] meas=[-0.4387 -0.1657 1.8761 -0.0092 -0.0031 0.0337] xyz=273.45,-128.31,182.53 track=0.0896
ts=22936.578 cmd_ts=3.157 fb_ts=3.157 leg=F idx=64 cmd=[-0.4945 -0.2635 1.8992 -0.0051 -0.0031 0.0261] meas=[-0.4418 -0.1718 1.8853 -0.0077 -0.0031 0.0337] xyz=271.52,-128.42,181.25 track=0.0917
ts=22936.625 cmd_ts=3.204 fb_ts=3.204 leg=F idx=65 cmd=[-0.5020 -0.2718 1.9056 -0.0032 -0.0031 0.0261] meas=[-0.4464 -0.1749 1.8868 -0.0077 -0.0031 0.0337] xyz=270.35,-129.39,181.69 track=0.0969
ts=22936.671 cmd_ts=3.250 fb_ts=3.250 leg=F idx=66 cmd=[-0.5096 -0.2802 1.9119 -0.0011 -0.0031 0.0261] meas=[-0.4541 -0.1825 1.8945 -0.0077 -0.0031 0.0337] xyz=267.70,-130.66,181.60 track=0.0976
ts=22936.718 cmd_ts=3.297 fb_ts=3.297 leg=F idx=67 cmd=[-0.5171 -0.2887 1.9182 0.0011 -0.0031 0.0261] meas=[-0.4679 -0.1948 1.9052 -0.0077 -0.0031 0.0337] xyz=263.34,-133.06,181.89 track=0.0939
ts=22936.765 cmd_ts=3.344 fb_ts=3.344 leg=F idx=68 cmd=[-0.5246 -0.2973 1.9245 0.0035 -0.0031 0.0261] meas=[-0.4755 -0.2040 1.9113 -0.0077 -0.0031 0.0337] xyz=260.52,-134.15,182.69 track=0.0933
ts=22936.828 cmd_ts=3.407 fb_ts=3.407 leg=F idx=69 cmd=[-0.5320 -0.3061 1.9307 0.0060 -0.0031 0.0261] meas=[-0.4863 -0.2163 1.9175 -0.0077 -0.0031 0.0337] xyz=256.78,-135.73,184.35 track=0.0898
ts=22936.875 cmd_ts=3.454 fb_ts=3.454 leg=F idx=70 cmd=[-0.5394 -0.3150 1.9369 0.0087 -0.0031 0.0261] meas=[-0.4924 -0.2224 1.9251 -0.0046 -0.0031 0.0337] xyz=254.49,-136.53,183.22 track=0.0926
ts=22936.921 cmd_ts=3.500 fb_ts=3.500 leg=F idx=71 cmd=[-0.5468 -0.3240 1.9430 0.0116 -0.0031 0.0261] meas=[-0.4970 -0.2270 1.9267 -0.0015 -0.0031 0.0337] xyz=252.94,-137.20,183.55 track=0.0970
ts=22936.968 cmd_ts=3.547 fb_ts=3.563 leg=F idx=72 cmd=[-0.5541 -0.3331 1.9491 0.0146 -0.0031 0.0261] meas=[-0.5093 -0.2393 1.9390 0.0031 -0.0031 0.0337] xyz=248.56,-138.80,182.46 track=0.0938
ts=22937.015 cmd_ts=3.594 fb_ts=3.594 leg=F idx=73 cmd=[-0.5614 -0.3423 1.9551 0.0178 -0.0031 0.0261] meas=[-0.5154 -0.2470 1.9436 0.0046 -0.0031 0.0337] xyz=246.21,-139.48,182.95 track=0.0953
ts=22937.078 cmd_ts=3.657 fb_ts=3.657 leg=F idx=74 cmd=[-0.5687 -0.3517 1.9611 0.0212 -0.0031 0.0261] meas=[-0.5216 -0.2531 1.9451 0.0046 -0.0031 0.0337] xyz=244.31,-140.38,184.20 track=0.0986
ts=22937.109 cmd_ts=3.688 fb_ts=3.704 leg=F idx=75 cmd=[-0.5760 -0.3611 1.9670 0.0248 -0.0031 0.0261] meas=[-0.5308 -0.2669 1.9558 0.0123 -0.0031 0.0337] xyz=240.09,-140.92,183.43 track=0.0942
ts=22937.171 cmd_ts=3.750 fb_ts=3.750 leg=F idx=76 cmd=[-0.5831 -0.3707 1.9728 0.0285 -0.0031 0.0261] meas=[-0.5369 -0.2746 1.9620 0.0138 -0.0031 0.0337] xyz=237.69,-141.48,183.38 track=0.0961
ts=22937.218 cmd_ts=3.797 fb_ts=3.797 leg=F idx=77 cmd=[-0.5903 -0.3804 1.9785 0.0325 -0.0031 0.0261] meas=[-0.5415 -0.2807 1.9635 0.0138 -0.0031 0.0337] xyz=236.00,-141.94,184.60 track=0.0997
ts=22937.281 cmd_ts=3.860 fb_ts=3.860 leg=F idx=78 cmd=[-0.5974 -0.3902 1.9842 0.0366 -0.0031 0.0261] meas=[-0.5507 -0.2945 1.9773 0.0215 -0.0031 0.0337] xyz=231.68,-142.26,182.77 track=0.0956
ts=22937.312 cmd_ts=3.891 fb_ts=3.891 leg=F idx=79 cmd=[-0.6045 -0.4001 1.9897 0.0410 -0.0031 0.0261] meas=[-0.5568 -0.3037 1.9788 0.0245 -0.0031 0.0337] xyz=229.20,-142.69,184.27 track=0.0963
ts=22937.375 cmd_ts=3.954 fb_ts=3.954 leg=F idx=80 cmd=[-0.6115 -0.4101 1.9952 0.0455 -0.0031 0.0261] meas=[-0.5630 -0.3099 1.9804 0.0261 -0.0031 0.0337] xyz=227.25,-143.42,185.19 track=0.1002
ts=22937.421 cmd_ts=4.000 fb_ts=4.000 leg=F idx=81 cmd=[-0.6184 -0.4202 2.0005 0.0503 -0.0031 0.0261] meas=[-0.5722 -0.3267 1.9926 0.0337 -0.0031 0.0337] xyz=222.56,-143.34,184.56 track=0.0935
ts=22937.468 cmd_ts=4.047 fb_ts=4.047 leg=F idx=82 cmd=[-0.6254 -0.4305 2.0058 0.0553 -0.0031 0.0261] meas=[-0.5783 -0.3344 1.9942 0.0383 -0.0031 0.0337] xyz=220.29,-143.80,185.33 track=0.0961
ts=22937.531 cmd_ts=4.110 fb_ts=4.110 leg=F idx=83 cmd=[-0.6322 -0.4408 2.0109 0.0605 -0.0031 0.0261] meas=[-0.5860 -0.3497 2.0003 0.0414 -0.0031 0.0337] xyz=216.48,-143.69,186.91 track=0.0911
ts=22937.578 cmd_ts=4.157 fb_ts=4.157 leg=F idx=84 cmd=[-0.6390 -0.4513 2.0159 0.0659 -0.0031 0.0261] meas=[-0.5921 -0.3574 2.0080 0.0476 -0.0031 0.0337] xyz=213.93,-143.90,185.46 track=0.0938
ts=22937.609 cmd_ts=4.188 fb_ts=4.188 leg=F idx=85 cmd=[-0.6458 -0.4618 2.0208 0.0716 -0.0031 0.0261] meas=[-0.5967 -0.3620 2.0080 0.0476 -0.0031 0.0337] xyz=212.56,-144.40,186.64 track=0.0998
ts=22937.687 cmd_ts=4.266 fb_ts=4.266 leg=F idx=86 cmd=[-0.6525 -0.4725 2.0256 0.0775 -0.0031 0.0261] meas=[-0.6013 -0.3697 2.0157 0.0491 -0.0031 0.0337] xyz=210.38,-144.34,185.95 track=0.1028
ts=22937.718 cmd_ts=4.297 fb_ts=4.344 leg=F idx=87 cmd=[-0.6591 -0.4832 2.0303 0.0836 -0.0031 0.0261] meas=[-0.6136 -0.3866 2.0203 0.0614 -0.0031 0.0337] xyz=205.51,-144.73,186.71 track=0.0967
ts=22937.765 cmd_ts=4.344 fb_ts=4.375 leg=F idx=88 cmd=[-0.6657 -0.4941 2.0347 0.0900 -0.0031 0.0261] meas=[-0.6243 -0.4050 2.0279 0.0675 -0.0031 0.0337] xyz=200.71,-144.60,187.87 track=0.0891
ts=22937.812 cmd_ts=4.391 fb_ts=4.407 leg=F idx=89 cmd=[-0.6722 -0.5051 2.0391 0.0966 -0.0031 0.0261] meas=[-0.6274 -0.4126 2.0279 0.0721 -0.0031 0.0337] xyz=198.96,-144.28,188.98 track=0.0924
ts=22937.875 cmd_ts=4.454 fb_ts=4.454 leg=F idx=90 cmd=[-0.6786 -0.5161 2.0433 0.1035 -0.0031 0.0261] meas=[-0.6335 -0.4203 2.0371 0.0782 -0.0031 0.0337] xyz=196.44,-144.29,186.94 track=0.0958
ts=22937.921 cmd_ts=4.500 fb_ts=4.500 leg=F idx=91 cmd=[-0.6850 -0.5273 2.0473 0.1106 -0.0031 0.0261] meas=[-0.6381 -0.4264 2.0387 0.0798 -0.0031 0.0337] xyz=194.76,-144.44,187.69 track=0.1009
ts=22937.968 cmd_ts=4.547 fb_ts=4.547 leg=F idx=92 cmd=[-0.6913 -0.5386 2.0512 0.1180 -0.0031 0.0261] meas=[-0.6489 -0.4433 2.0463 0.0920 -0.0031 0.0337] xyz=190.09,-144.17,187.28 track=0.0952
ts=22938.031 cmd_ts=4.610 fb_ts=4.610 leg=F idx=93 cmd=[-0.6975 -0.5499 2.0549 0.1256 -0.0031 0.0261] meas=[-0.6519 -0.4510 2.0494 0.0966 -0.0031 0.0337] xyz=188.29,-143.71,187.37 track=0.0989
ts=22938.078 cmd_ts=4.657 fb_ts=4.657 leg=F idx=94 cmd=[-0.7036 -0.5613 2.0585 0.1335 -0.0031 0.0261] meas=[-0.6596 -0.4679 2.0509 0.1043 -0.0031 0.0337] xyz=184.41,-143.01,189.56 track=0.0935
ts=22938.125 cmd_ts=4.704 fb_ts=4.704 leg=F idx=95 cmd=[-0.7097 -0.5728 2.0619 0.1416 -0.0031 0.0261] meas=[-0.6657 -0.4755 2.0601 0.1120 -0.0031 0.0337] xyz=181.93,-142.88,187.17 track=0.0973
ts=22938.171 cmd_ts=4.750 fb_ts=4.750 leg=F idx=96 cmd=[-0.7156 -0.5844 2.0650 0.1500 -0.0031 0.0261] meas=[-0.6688 -0.4832 2.0586 0.1135 -0.0031 0.0337] xyz=180.36,-142.54,189.16 track=0.1012
ts=22938.218 cmd_ts=4.797 fb_ts=4.813 leg=F idx=97 cmd=[-0.7215 -0.5961 2.0680 0.1587 -0.0031 0.0261] meas=[-0.6780 -0.5016 2.0709 0.1289 -0.0031 0.0337] xyz=175.59,-141.42,186.92 track=0.0945
ts=22938.265 cmd_ts=4.844 fb_ts=4.844 leg=F idx=98 cmd=[-0.7273 -0.6078 2.0708 0.1676 -0.0031 0.0261] meas=[-0.6826 -0.5108 2.0678 0.1335 -0.0031 0.0337] xyz=173.56,-141.10,189.17 track=0.0970
ts=22938.328 cmd_ts=4.907 fb_ts=4.907 leg=F idx=99 cmd=[-0.7330 -0.6197 2.0735 0.1768 -0.0031 0.0261] meas=[-0.6857 -0.5185 2.0678 0.1381 -0.0031 0.0337] xyz=171.88,-140.61,190.10 track=0.1012
ts=22938.375 cmd_ts=4.954 fb_ts=4.954 leg=F idx=100 cmd=[-0.7385 -0.6315 2.0759 0.1863 -0.0031 0.0261] meas=[-0.6934 -0.5354 2.0755 0.1519 -0.0031 0.0337] xyz=167.79,-139.44,189.08 track=0.0962
ts=22940.531 cmd_ts=0.000 fb_ts=0.000 leg=R idx=0 cmd=[-0.7385 -0.6315 2.0759 0.1863 -0.0031 0.0261] meas=[-0.7148 -0.5829 2.0831 0.1825 -0.0031 0.0337] xyz=156.99,-136.27,191.63 track=0.0486
ts=22940.531 cmd_ts=0.000 fb_ts=0.000 leg=R idx=1 cmd=[-0.7330 -0.6197 2.0735 0.1768 -0.0031 0.0261] meas=[-0.7148 -0.5829 2.0831 0.1825 -0.0031 0.0337] xyz=156.99,-136.27,191.63 track=0.0367
ts=22940.593 cmd_ts=0.062 fb_ts=0.062 leg=R idx=2 cmd=[-0.7273 -0.6078 2.0708 0.1676 -0.0031 0.0261] meas=[-0.7148 -0.5829 2.0831 0.1825 -0.0031 0.0337] xyz=156.99,-136.27,191.63 track=0.0249
ts=22940.625 cmd_ts=0.094 fb_ts=0.094 leg=R idx=3 cmd=[-0.7215 -0.5961 2.0680 0.1587 -0.0031 0.0261] meas=[-0.7148 -0.5829 2.0831 0.1825 -0.0031 0.0337] xyz=156.99,-136.27,191.63 track=0.0239
ts=22940.687 cmd_ts=0.156 fb_ts=0.156 leg=R idx=4 cmd=[-0.7156 -0.5844 2.0650 0.1500 -0.0031 0.0261] meas=[-0.7148 -0.5829 2.0831 0.1825 -0.0031 0.0337] xyz=156.99,-136.27,191.63 track=0.0325
ts=22940.734 cmd_ts=0.203 fb_ts=0.203 leg=R idx=5 cmd=[-0.7097 -0.5728 2.0619 0.1416 -0.0031 0.0261] meas=[-0.7148 -0.5829 2.0831 0.1825 -0.0031 0.0337] xyz=156.99,-136.27,191.63 track=0.0409
ts=22940.781 cmd_ts=0.250 fb_ts=0.250 leg=R idx=6 cmd=[-0.7036 -0.5613 2.0585 0.1335 -0.0031 0.0261] meas=[-0.7148 -0.5829 2.0831 0.1825 -0.0031 0.0337] xyz=156.99,-136.27,191.63 track=0.0491
ts=22940.828 cmd_ts=0.297 fb_ts=0.297 leg=R idx=7 cmd=[-0.6975 -0.5499 2.0549 0.1256 -0.0031 0.0261] meas=[-0.7148 -0.5829 2.0831 0.1825 -0.0031 0.0337] xyz=156.99,-136.27,191.63 track=0.0570
ts=22940.875 cmd_ts=0.344 fb_ts=0.344 leg=R idx=8 cmd=[-0.6913 -0.5386 2.0512 0.1180 -0.0031 0.0261] meas=[-0.7148 -0.5829 2.0831 0.1825 -0.0031 0.0337] xyz=156.99,-136.27,191.63 track=0.0646
ts=22940.937 cmd_ts=0.406 fb_ts=0.406 leg=R idx=9 cmd=[-0.6850 -0.5273 2.0473 0.1106 -0.0031 0.0261] meas=[-0.7148 -0.5829 2.0831 0.1825 -0.0031 0.0337] xyz=156.99,-136.27,191.63 track=0.0720
ts=22940.984 cmd_ts=0.453 fb_ts=0.453 leg=R idx=10 cmd=[-0.6786 -0.5161 2.0433 0.1035 -0.0031 0.0261] meas=[-0.7148 -0.5829 2.0831 0.1825 -0.0031 0.0337] xyz=156.99,-136.27,191.63 track=0.0791
ts=22941.031 cmd_ts=0.500 fb_ts=0.500 leg=R idx=11 cmd=[-0.6722 -0.5051 2.0391 0.0966 -0.0031 0.0261] meas=[-0.7148 -0.5829 2.0831 0.1825 -0.0031 0.0337] xyz=156.99,-136.27,191.63 track=0.0859
ts=22941.078 cmd_ts=0.547 fb_ts=0.547 leg=R idx=12 cmd=[-0.6657 -0.4941 2.0347 0.0900 -0.0031 0.0261] meas=[-0.7148 -0.5829 2.0831 0.1825 -0.0031 0.0337] xyz=156.99,-136.27,191.63 track=0.0926
ts=22941.140 cmd_ts=0.609 fb_ts=0.609 leg=R idx=13 cmd=[-0.6591 -0.4832 2.0303 0.0836 -0.0031 0.0261] meas=[-0.7148 -0.5829 2.0831 0.1825 -0.0031 0.0337] xyz=156.99,-136.27,191.63 track=0.0997
ts=22941.171 cmd_ts=0.640 fb_ts=0.640 leg=R idx=14 cmd=[-0.6525 -0.4725 2.0256 0.0775 -0.0031 0.0261] meas=[-0.7148 -0.5829 2.0831 0.1825 -0.0031 0.0337] xyz=156.99,-136.27,191.63 track=0.1104
ts=22941.234 cmd_ts=0.703 fb_ts=0.703 leg=R idx=15 cmd=[-0.6458 -0.4618 2.0208 0.0716 -0.0031 0.0261] meas=[-0.7148 -0.5829 2.0831 0.1718 -0.0031 0.0337] xyz=157.25,-136.49,193.44 track=0.1211
ts=22941.281 cmd_ts=0.750 fb_ts=0.750 leg=R idx=16 cmd=[-0.6390 -0.4513 2.0159 0.0659 -0.0031 0.0261] meas=[-0.7148 -0.5737 2.0831 0.1595 -0.0031 0.0337] xyz=158.88,-137.90,193.60 track=0.1224
ts=22941.343 cmd_ts=0.812 fb_ts=0.812 leg=R idx=17 cmd=[-0.6322 -0.4408 2.0109 0.0605 -0.0031 0.0261] meas=[-0.7133 -0.5507 2.0831 0.1411 -0.0031 0.0337] xyz=162.87,-140.93,191.82 track=0.1099
ts=22941.375 cmd_ts=0.844 fb_ts=0.844 leg=R idx=18 cmd=[-0.6254 -0.4305 2.0058 0.0553 -0.0031 0.0261] meas=[-0.7056 -0.5262 2.0831 0.1289 -0.0031 0.0337] xyz=167.81,-142.96,188.54 track=0.0957
ts=22941.437 cmd_ts=0.906 fb_ts=0.906 leg=R idx=19 cmd=[-0.6184 -0.4202 2.0005 0.0503 -0.0031 0.0261] meas=[-0.6888 -0.5016 2.0831 0.1104 -0.0031 0.0337] xyz=174.23,-143.43,186.18 track=0.0826
ts=22941.484 cmd_ts=0.953 fb_ts=0.953 leg=R idx=20 cmd=[-0.6115 -0.4101 1.9952 0.0455 -0.0031 0.0261] meas=[-0.6780 -0.4817 2.0816 0.0997 -0.0031 0.0337] xyz=178.97,-144.14,183.93 track=0.0864
ts=22941.531 cmd_ts=1.000 fb_ts=1.000 leg=R idx=21 cmd=[-0.6045 -0.4001 1.9897 0.0410 -0.0031 0.0261] meas=[-0.6627 -0.4587 2.0801 0.0874 -0.0031 0.0337] xyz=184.87,-144.28,181.13 track=0.0904
ts=22941.578 cmd_ts=1.047 fb_ts=1.047 leg=R idx=22 cmd=[-0.5974 -0.3902 1.9842 0.0366 -0.0031 0.0261] meas=[-0.6489 -0.4372 2.0663 0.0721 -0.0031 0.0337] xyz=190.90,-144.78,182.94 track=0.0821
ts=22941.625 cmd_ts=1.094 fb_ts=1.094 leg=R idx=23 cmd=[-0.5903 -0.3804 1.9785 0.0325 -0.0031 0.0261] meas=[-0.6335 -0.4142 2.0540 0.0644 -0.0031 0.0337] xyz=197.15,-144.82,182.49 track=0.0755
ts=22941.687 cmd_ts=1.156 fb_ts=1.156 leg=R idx=24 cmd=[-0.5831 -0.3707 1.9728 0.0285 -0.0031 0.0261] meas=[-0.6243 -0.3973 2.0494 0.0552 -0.0031 0.0337] xyz=201.42,-145.12,181.32 track=0.0766
ts=22941.734 cmd_ts=1.203 fb_ts=1.203 leg=R idx=25 cmd=[-0.5760 -0.3611 1.9670 0.0248 -0.0031 0.0261] meas=[-0.6167 -0.3881 2.0402 0.0522 -0.0031 0.0337] xyz=204.35,-144.86,182.42 track=0.0732
ts=22941.781 cmd_ts=1.250 fb_ts=1.265 leg=R idx=26 cmd=[-0.5687 -0.3517 1.9611 0.0212 -0.0031 0.0261] meas=[-0.6075 -0.3758 2.0325 0.0460 -0.0031 0.0337] xyz=208.00,-144.59,182.75 track=0.0714
ts=22941.828 cmd_ts=1.297 fb_ts=1.297 leg=R idx=27 cmd=[-0.5614 -0.3423 1.9551 0.0178 -0.0031 0.0261] meas=[-0.6029 -0.3697 2.0279 0.0430 -0.0031 0.0337] xyz=209.86,-144.46,183.15 track=0.0728
ts=22941.875 cmd_ts=1.344 fb_ts=1.344 leg=R idx=28 cmd=[-0.5541 -0.3331 1.9491 0.0146 -0.0031 0.0261] meas=[-0.5983 -0.3636 2.0233 0.0430 -0.0031 0.0337] xyz=211.64,-144.25,183.02 track=0.0742
ts=22941.937 cmd_ts=1.406 fb_ts=1.406 leg=R idx=29 cmd=[-0.5468 -0.3240 1.9430 0.0116 -0.0031 0.0261] meas=[-0.5875 -0.3467 2.0126 0.0368 -0.0031 0.0337] xyz=216.37,-144.10,183.05 track=0.0695
ts=22941.984 cmd_ts=1.453 fb_ts=1.453 leg=R idx=30 cmd=[-0.5394 -0.3150 1.9369 0.0087 -0.0031 0.0261] meas=[-0.5814 -0.3390 2.0080 0.0337 -0.0031 0.0337] xyz=218.71,-143.72,183.00 track=0.0711
ts=22942.031 cmd_ts=1.500 fb_ts=1.500 leg=R idx=31 cmd=[-0.5320 -0.3061 1.9307 0.0060 -0.0031 0.0261] meas=[-0.5768 -0.3359 2.0034 0.0307 -0.0031 0.0337] xyz=220.13,-143.21,184.15 track=0.0727
ts=22942.078 cmd_ts=1.547 fb_ts=1.562 leg=R idx=32 cmd=[-0.5246 -0.2973 1.9245 0.0035 -0.0031 0.0261] meas=[-0.5660 -0.3191 1.9957 0.0276 -0.0031 0.0337] xyz=224.68,-142.76,182.60 track=0.0712
ts=22942.125 cmd_ts=1.594 fb_ts=1.594 leg=R idx=33 cmd=[-0.5171 -0.2887 1.9182 0.0011 -0.0031 0.0261] meas=[-0.5584 -0.3099 1.9911 0.0245 -0.0031 0.0337] xyz=227.49,-142.11,182.09 track=0.0729
ts=22942.187 cmd_ts=1.656 fb_ts=1.656 leg=R idx=34 cmd=[-0.5096 -0.2802 1.9119 -0.0011 -0.0031 0.0261] meas=[-0.5538 -0.3068 1.9896 0.0245 -0.0031 0.0337] xyz=228.69,-141.40,181.75 track=0.0776
ts=22942.218 cmd_ts=1.687 fb_ts=1.703 leg=R idx=35 cmd=[-0.5020 -0.2718 1.9056 -0.0032 -0.0031 0.0261] meas=[-0.5446 -0.2930 1.9788 0.0169 -0.0031 0.0337] xyz=232.86,-141.03,182.65 track=0.0732
ts=22942.281 cmd_ts=1.750 fb_ts=1.750 leg=R idx=36 cmd=[-0.4945 -0.2635 1.8992 -0.0051 -0.0031 0.0261] meas=[-0.5384 -0.2853 1.9696 0.0153 -0.0031 0.0337] xyz=235.39,-140.59,183.69 track=0.0704
ts=22942.328 cmd_ts=1.797 fb_ts=1.797 leg=R idx=37 cmd=[-0.4869 -0.2553 1.8929 -0.0069 -0.0031 0.0261] meas=[-0.5338 -0.2807 1.9650 0.0153 -0.0031 0.0337] xyz=236.97,-140.06,183.86 track=0.0722
ts=22942.390 cmd_ts=1.859 fb_ts=1.859 leg=R idx=38 cmd=[-0.4793 -0.2472 1.8865 -0.0086 -0.0031 0.0261] meas=[-0.5231 -0.2654 1.9574 0.0138 -0.0031 0.0337] xyz=241.29,-139.14,182.26 track=0.0709
ts=22942.421 cmd_ts=1.890 fb_ts=1.890 leg=R idx=39 cmd=[-0.4716 -0.2393 1.8801 -0.0102 -0.0031 0.0261] meas=[-0.5154 -0.2592 1.9528 0.0092 -0.0031 0.0337] xyz=243.69,-138.05,182.76 track=0.0727
ts=22942.484 cmd_ts=1.953 fb_ts=1.953 leg=R idx=40 cmd=[-0.4639 -0.2315 1.8737 -0.0116 -0.0031 0.0261] meas=[-0.5093 -0.2546 1.9528 0.0092 -0.0031 0.0337] xyz=245.26,-136.96,181.47 track=0.0791
ts=22942.531 cmd_ts=2.000 fb_ts=2.000 leg=R idx=41 cmd=[-0.4562 -0.2238 1.8673 -0.0129 -0.0031 0.0261] meas=[-0.5001 -0.2408 1.9420 0.0061 -0.0031 0.0337] xyz=249.33,-136.23,181.43 track=0.0748
ts=22942.593 cmd_ts=2.062 fb_ts=2.062 leg=R idx=42 cmd=[-0.4485 -0.2162 1.8609 -0.0140 -0.0031 0.0261] meas=[-0.4939 -0.2332 1.9328 0.0061 -0.0031 0.0337] xyz=251.84,-135.61,182.11 track=0.0720
ts=22942.625 cmd_ts=2.094 fb_ts=2.109 leg=R idx=43 cmd=[-0.4408 -0.2087 1.8545 -0.0151 -0.0031 0.0261] meas=[-0.4832 -0.2240 1.9267 0.0031 -0.0031 0.0337] xyz=255.16,-133.88,181.89 track=0.0722
ts=22942.687 cmd_ts=2.156 fb_ts=2.156 leg=R idx=44 cmd=[-0.4330 -0.2014 1.8481 -0.0161 -0.0031 0.0261] meas=[-0.4786 -0.2178 1.9221 0.0000 -0.0031 0.0337] xyz=257.10,-133.39,182.07 track=0.0740
ts=22942.718 cmd_ts=2.187 fb_ts=2.187 leg=R idx=45 cmd=[-0.4252 -0.1942 1.8417 -0.0169 -0.0031 0.0261] meas=[-0.4755 -0.2163 1.9190 0.0000 -0.0031 0.0337] xyz=257.90,-132.81,182.58 track=0.0773
ts=22942.796 cmd_ts=2.265 fb_ts=2.265 leg=R idx=46 cmd=[-0.4174 -0.1870 1.8354 -0.0177 -0.0031 0.0261] meas=[-0.4679 -0.2086 1.9159 0.0000 -0.0031 0.0337] xyz=260.31,-131.53,181.31 track=0.0806
ts=22942.828 cmd_ts=2.297 fb_ts=2.297 leg=R idx=47 cmd=[-0.4096 -0.1801 1.8290 -0.0184 -0.0031 0.0261] meas=[-0.4556 -0.1948 1.9067 0.0000 -0.0031 0.0337] xyz=264.62,-129.66,180.12 track=0.0777
ts=22942.875 cmd_ts=2.344 fb_ts=2.344 leg=R idx=48 cmd=[-0.4018 -0.1732 1.8227 -0.0189 -0.0031 0.0261] meas=[-0.4479 -0.1871 1.8991 0.0000 -0.0031 0.0337] xyz=267.26,-128.41,180.24 track=0.0763
ts=22942.937 cmd_ts=2.406 fb_ts=2.406 leg=R idx=49 cmd=[-0.3939 -0.1664 1.8165 -0.0194 -0.0031 0.0261] meas=[-0.4387 -0.1764 1.8883 0.0000 -0.0031 0.0337] xyz=270.74,-127.04,180.39 track=0.0719
ts=22942.984 cmd_ts=2.453 fb_ts=2.453 leg=R idx=50 cmd=[-0.3860 -0.1598 1.8103 -0.0198 -0.0031 0.0261] meas=[-0.4341 -0.1733 1.8822 -0.0031 -0.0031 0.0337] xyz=272.25,-126.22,181.89 track=0.0719
ts=22943.031 cmd_ts=2.500 fb_ts=2.500 leg=R idx=51 cmd=[-0.3781 -0.1533 1.8041 -0.0202 -0.0031 0.0261] meas=[-0.4280 -0.1703 1.8791 -0.0046 -0.0031 0.0337] xyz=273.74,-124.87,182.18 track=0.0751
ts=22943.078 cmd_ts=2.547 fb_ts=2.562 leg=R idx=52 cmd=[-0.3702 -0.1469 1.7979 -0.0204 -0.0031 0.0261] meas=[-0.4157 -0.1580 1.8730 -0.0046 -0.0031 0.0337] xyz=277.61,-122.54,180.39 track=0.0751
ts=22943.125 cmd_ts=2.594 fb_ts=2.594 leg=R idx=53 cmd=[-0.3623 -0.1406 1.7918 -0.0206 -0.0031 0.0261] meas=[-0.4096 -0.1534 1.8653 -0.0061 -0.0031 0.0337] xyz=279.57,-121.37,181.63 track=0.0735
ts=22943.187 cmd_ts=2.656 fb_ts=2.656 leg=R idx=54 cmd=[-0.3543 -0.1345 1.7858 -0.0207 -0.0031 0.0261] meas=[-0.4034 -0.1519 1.8592 -0.0061 -0.0031 0.0337] xyz=280.89,-119.90,183.07 track=0.0734
ts=22943.234 cmd_ts=2.703 fb_ts=2.703 leg=R idx=55 cmd=[-0.3464 -0.1284 1.7798 -0.0208 -0.0031 0.0261] meas=[-0.3927 -0.1411 1.8469 -0.0061 -0.0031 0.0337] xyz=284.61,-117.89,183.60 track=0.0671
ts=22943.281 cmd_ts=2.750 fb_ts=2.750 leg=R idx=56 cmd=[-0.3384 -0.1225 1.7739 -0.0208 -0.0031 0.0261] meas=[-0.3866 -0.1365 1.8423 -0.0061 -0.0031 0.0337] xyz=286.34,-116.55,183.62 track=0.0684
ts=22943.328 cmd_ts=2.797 fb_ts=2.797 leg=R idx=57 cmd=[-0.3304 -0.1167 1.7681 -0.0207 -0.0031 0.0261] meas=[-0.3804 -0.1335 1.8423 -0.0061 -0.0031 0.0337] xyz=287.57,-115.00,182.67 track=0.0742
ts=22943.390 cmd_ts=2.859 fb_ts=2.859 leg=R idx=58 cmd=[-0.3224 -0.1111 1.7623 -0.0206 -0.0031 0.0261] meas=[-0.3697 -0.1227 1.8331 -0.0077 -0.0031 0.0337] xyz=291.15,-112.82,182.45 track=0.0708
ts=22943.421 cmd_ts=2.890 fb_ts=2.890 leg=R idx=59 cmd=[-0.3144 -0.1055 1.7566 -0.0204 -0.0031 0.0261] meas=[-0.3636 -0.1166 1.8254 -0.0077 -0.0031 0.0337] xyz=293.29,-111.59,182.92 track=0.0689
ts=22943.484 cmd_ts=2.953 fb_ts=2.953 leg=R idx=60 cmd=[-0.3063 -0.1001 1.7509 -0.0202 -0.0031 0.0261] meas=[-0.3574 -0.1150 1.8208 -0.0077 -0.0031 0.0337] xyz=294.47,-109.97,183.88 track=0.0699
ts=22943.531 cmd_ts=3.000 fb_ts=3.000 leg=R idx=61 cmd=[-0.2983 -0.0948 1.7454 -0.0200 -0.0031 0.0261] meas=[-0.3451 -0.1043 1.8116 -0.0077 -0.0031 0.0337] xyz=298.13,-107.19,183.36 track=0.0662
ts=22943.578 cmd_ts=3.047 fb_ts=3.047 leg=R idx=62 cmd=[-0.2902 -0.0896 1.7399 -0.0197 -0.0031 0.0261] meas=[-0.3375 -0.0997 1.8086 -0.0077 -0.0031 0.0337] xyz=299.90,-105.23,182.85 track=0.0686
ts=22943.640 cmd_ts=3.109 fb_ts=3.109 leg=R idx=63 cmd=[-0.2822 -0.0846 1.7345 -0.0194 -0.0031 0.0261] meas=[-0.3267 -0.0936 1.8055 -0.0077 -0.0031 0.0337] xyz=302.23,-102.42,181.85 track=0.0710
ts=22943.687 cmd_ts=3.156 fb_ts=3.156 leg=R idx=64 cmd=[-0.2741 -0.0796 1.7292 -0.0190 -0.0031 0.0261] meas=[-0.3206 -0.0890 1.8009 -0.0077 -0.0031 0.0337] xyz=303.90,-100.91,181.81 track=0.0716
ts=22943.734 cmd_ts=3.203 fb_ts=3.203 leg=R idx=65 cmd=[-0.2660 -0.0748 1.7240 -0.0186 -0.0031 0.0261] meas=[-0.3175 -0.0874 1.7978 -0.0077 -0.0031 0.0337] xyz=304.64,-100.12,182.28 track=0.0738
ts=22943.781 cmd_ts=3.250 fb_ts=3.250 leg=R idx=66 cmd=[-0.2579 -0.0701 1.7189 -0.0182 -0.0031 0.0261] meas=[-0.3099 -0.0813 1.7932 -0.0077 -0.0031 0.0337] xyz=306.71,-98.20,181.74 track=0.0743
ts=22943.828 cmd_ts=3.297 fb_ts=3.297 leg=R idx=67 cmd=[-0.2498 -0.0656 1.7139 -0.0177 -0.0031 0.0261] meas=[-0.2991 -0.0721 1.7810 -0.0077 -0.0031 0.0337] xyz=310.01,-95.60,182.59 track=0.0670
ts=22943.875 cmd_ts=3.344 fb_ts=3.344 leg=R idx=68 cmd=[-0.2417 -0.0611 1.7090 -0.0173 -0.0031 0.0261] meas=[-0.2899 -0.0675 1.7779 -0.0077 -0.0031 0.0337] xyz=311.84,-93.03,182.05 track=0.0689
ts=22943.937 cmd_ts=3.406 fb_ts=3.406 leg=R idx=69 cmd=[-0.2335 -0.0568 1.7042 -0.0168 -0.0031 0.0261] meas=[-0.2792 -0.0629 1.7748 -0.0077 -0.0031 0.0337] xyz=313.79,-89.96,181.50 track=0.0706
ts=22943.984 cmd_ts=3.453 fb_ts=3.453 leg=R idx=70 cmd=[-0.2254 -0.0526 1.6995 -0.0163 -0.0031 0.0261] meas=[-0.2746 -0.0583 1.7702 -0.0077 -0.0031 0.0337] xyz=315.26,-88.81,181.43 track=0.0707
ts=22944.031 cmd_ts=3.500 fb_ts=3.500 leg=R idx=71 cmd=[-0.2172 -0.0485 1.6950 -0.0158 -0.0031 0.0261] meas=[-0.2700 -0.0568 1.7671 -0.0077 -0.0031 0.0337] xyz=316.10,-87.48,181.88 track=0.0722
ts=22944.078 cmd_ts=3.547 fb_ts=3.547 leg=R idx=72 cmd=[-0.2091 -0.0446 1.6905 -0.0153 -0.0031 0.0261] meas=[-0.2577 -0.0491 1.7610 -0.0077 -0.0031 0.0337] xyz=318.83,-84.03,181.27 track=0.0705
ts=22944.140 cmd_ts=3.609 fb_ts=3.609 leg=R idx=73 cmd=[-0.2009 -0.0408 1.6862 -0.0148 -0.0031 0.0261] meas=[-0.2516 -0.0445 1.7533 -0.0077 -0.0031 0.0337] xyz=320.57,-82.39,182.14 track=0.0672
ts=22944.171 cmd_ts=3.640 fb_ts=3.672 leg=R idx=74 cmd=[-0.1927 -0.0371 1.6819 -0.0142 -0.0031 0.0261] meas=[-0.2393 -0.0383 1.7472 -0.0077 -0.0031 0.0337] xyz=322.97,-78.80,182.02 track=0.0653
ts=22944.218 cmd_ts=3.687 fb_ts=3.703 leg=R idx=75 cmd=[-0.1846 -0.0335 1.6778 -0.0137 -0.0031 0.0261] meas=[-0.2347 -0.0337 1.7426 -0.0077 -0.0031 0.0337] xyz=324.40,-77.56,181.92 track=0.0648
ts=22944.281 cmd_ts=3.750 fb_ts=3.750 leg=R idx=76 cmd=[-0.1764 -0.0301 1.6739 -0.0132 -0.0031 0.0261] meas=[-0.2332 -0.0337 1.7411 -0.0077 -0.0031 0.0337] xyz=324.60,-77.09,182.40 track=0.0672
ts=22944.328 cmd_ts=3.797 fb_ts=3.797 leg=R idx=77 cmd=[-0.1682 -0.0268 1.6700 -0.0126 -0.0031 0.0261] meas=[-0.2270 -0.0322 1.7395 -0.0077 -0.0031 0.0337] xyz=325.42,-75.18,182.36 track=0.0695
ts=22944.390 cmd_ts=3.859 fb_ts=3.859 leg=R idx=78 cmd=[-0.1600 -0.0236 1.6663 -0.0121 -0.0031 0.0261] meas=[-0.2132 -0.0245 1.7303 -0.0077 -0.0031 0.0337] xyz=328.29,-71.08,182.66 track=0.0640
ts=22944.421 cmd_ts=3.890 fb_ts=3.890 leg=R idx=79 cmd=[-0.1518 -0.0205 1.6627 -0.0116 -0.0031 0.0261] meas=[-0.2056 -0.0215 1.7257 -0.0077 -0.0031 0.0337] xyz=329.62,-68.73,183.07 track=0.0630
ts=22944.484 cmd_ts=3.953 fb_ts=3.953 leg=R idx=80 cmd=[-0.1436 -0.0176 1.6593 -0.0110 -0.0031 0.0261] meas=[-0.1979 -0.0199 1.7242 -0.0077 -0.0031 0.0337] xyz=330.50,-66.27,183.03 track=0.0649
ts=22944.531 cmd_ts=4.000 fb_ts=4.000 leg=R idx=81 cmd=[-0.1354 -0.0148 1.6559 -0.0105 -0.0031 0.0261] meas=[-0.1871 -0.0138 1.7211 -0.0077 -0.0031 0.0337] xyz=332.45,-62.95,181.91 track=0.0652
ts=22944.578 cmd_ts=4.047 fb_ts=4.047 leg=R idx=82 cmd=[-0.1271 -0.0121 1.6528 -0.0100 -0.0031 0.0261] meas=[-0.1810 -0.0107 1.7150 -0.0077 -0.0031 0.0337] xyz=333.71,-61.07,182.78 track=0.0622
ts=22944.640 cmd_ts=4.109 fb_ts=4.109 leg=R idx=83 cmd=[-0.1189 -0.0096 1.6497 -0.0096 -0.0031 0.0261] meas=[-0.1672 -0.0061 1.7104 -0.0077 -0.0031 0.0337] xyz=335.60,-56.64,182.66 track=0.0606
ts=22944.687 cmd_ts=4.156 fb_ts=4.156 leg=R idx=84 cmd=[-0.1107 -0.0071 1.6469 -0.0091 -0.0031 0.0261] meas=[-0.1611 -0.0046 1.7073 -0.0077 -0.0031 0.0337] xyz=336.38,-54.65,183.09 track=0.0605
ts=22944.718 cmd_ts=4.187 fb_ts=4.187 leg=R idx=85 cmd=[-0.1024 -0.0049 1.6441 -0.0086 -0.0031 0.0261] meas=[-0.1580 -0.0046 1.7058 -0.0077 -0.0031 0.0337] xyz=336.63,-53.63,183.57 track=0.0617
ts=22944.796 cmd_ts=4.265 fb_ts=4.265 leg=R idx=86 cmd=[-0.0942 -0.0027 1.6415 -0.0082 -0.0031 0.0261] meas=[-0.1503 -0.0046 1.7058 -0.0077 -0.0031 0.0337] xyz=337.03,-51.05,183.57 track=0.0643
ts=22944.828 cmd_ts=4.297 fb_ts=4.297 leg=R idx=87 cmd=[-0.0859 -0.0007 1.6391 -0.0078 -0.0031 0.0261] meas=[-0.1365 0.0015 1.6981 -0.0077 -0.0031 0.0337] xyz=339.23,-46.60,183.86 track=0.0590
ts=22944.875 cmd_ts=4.344 fb_ts=4.344 leg=R idx=88 cmd=[-0.0777 0.0012 1.6368 -0.0074 -0.0031 0.0261] meas=[-0.1289 0.0046 1.6950 -0.0077 -0.0031 0.0337] xyz=340.29,-44.09,183.77 track=0.0583
ts=22944.937 cmd_ts=4.406 fb_ts=4.406 leg=R idx=89 cmd=[-0.0694 0.0030 1.6346 -0.0070 -0.0031 0.0261] meas=[-0.1166 0.0046 1.6950 -0.0077 -0.0031 0.0337] xyz=340.81,-39.91,183.77 track=0.0604
ts=22944.984 cmd_ts=4.453 fb_ts=4.453 leg=R idx=90 cmd=[-0.0612 0.0046 1.6326 -0.0067 -0.0031 0.0261] meas=[-0.1135 0.0077 1.6935 -0.0077 -0.0031 0.0337] xyz=341.57,-38.94,183.20 track=0.0609
ts=22945.031 cmd_ts=4.500 fb_ts=4.500 leg=R idx=91 cmd=[-0.0529 0.0061 1.6308 -0.0063 -0.0031 0.0261] meas=[-0.1104 0.0092 1.6935 -0.0077 -0.0031 0.0337] xyz=341.97,-37.92,182.67 track=0.0627
ts=22945.078 cmd_ts=4.547 fb_ts=4.547 leg=R idx=92 cmd=[-0.0447 0.0075 1.6291 -0.0060 -0.0031 0.0261] meas=[-0.0982 0.0138 1.6874 -0.0077 -0.0031 0.0337] xyz=343.57,-33.84,183.00 track=0.0582
ts=22945.140 cmd_ts=4.609 fb_ts=4.609 leg=R idx=93 cmd=[-0.0364 0.0088 1.6276 -0.0058 -0.0031 0.0261] meas=[-0.0905 0.0138 1.6874 -0.0077 -0.0031 0.0337] xyz=343.82,-31.20,183.00 track=0.0598
ts=22945.171 cmd_ts=4.640 fb_ts=4.656 leg=R idx=94 cmd=[-0.0281 0.0099 1.6262 -0.0055 -0.0031 0.0261] meas=[-0.0782 0.0138 1.6828 -0.0077 -0.0031 0.0337] xyz=344.42,-27.00,184.43 track=0.0565
ts=22945.234 cmd_ts=4.703 fb_ts=4.703 leg=R idx=95 cmd=[-0.0199 0.0109 1.6250 -0.0053 -0.0031 0.0261] meas=[-0.0736 0.0138 1.6782 -0.0077 -0.0031 0.0337] xyz=344.77,-25.43,185.87 track=0.0538
ts=22945.281 cmd_ts=4.750 fb_ts=4.750 leg=R idx=96 cmd=[-0.0116 0.0117 1.6240 -0.0051 -0.0031 0.0261] meas=[-0.0675 0.0138 1.6766 -0.0077 -0.0031 0.0337] xyz=345.00,-23.32,186.35 track=0.0559
ts=22945.343 cmd_ts=4.812 fb_ts=4.812 leg=R idx=97 cmd=[-0.0033 0.0124 1.6231 -0.0049 -0.0031 0.0261] meas=[-0.0552 0.0153 1.6766 -0.0077 -0.0031 0.0337] xyz=345.55,-19.10,185.82 track=0.0535
ts=22945.375 cmd_ts=4.844 fb_ts=4.844 leg=R idx=98 cmd=[0.0049 0.0130 1.6224 -0.0048 -0.0031 0.0261] meas=[-0.0491 0.0199 1.6751 -0.0077 -0.0031 0.0337] xyz=346.59,-17.03,184.70 track=0.0540
ts=22945.437 cmd_ts=4.906 fb_ts=4.906 leg=R idx=99 cmd=[0.0132 0.0135 1.6218 -0.0047 -0.0031 0.0261] meas=[-0.0445 0.0215 1.6751 -0.0077 -0.0031 0.0337] xyz=346.94,-15.44,184.17 track=0.0577
ts=22945.484 cmd_ts=4.953 fb_ts=4.953 leg=R idx=100 cmd=[0.0215 0.0138 1.6214 -0.0046 -0.0031 0.0261] meas=[-0.0322 0.0215 1.6751 -0.0077 -0.0031 0.0337] xyz=347.11,-11.19,184.17 track=0.0537
