# constZ-continuous tag=reg5 port=COM21 ik=C:\Users\Mukund\Documents\Ro-Arm\roarm_sdk\waveshare_ik.py home_xyz=[360.51 -5.53 179.29] z0=179.29 R=150 sweep=110 waypoints=101 envelope=3.0deg sweep_max=10.0s move_tol=0.5deg progress_tol=0.1deg resume_tol=3.00deg
# attempt 1: M=[-0.0153 0.0798 1.6230 -0.0046 -0.0031 0.0261] i_target=6 max_disp=2.744 deg per_joint=[2.74 0.20 0.27 0.07 0.00] deg
t=0.000 att=1 phase=pump idx=0 cmd=[-0.0153 0.0798 1.6230 -0.0046 -0.0031 0.0261] meas=[-0.0153 0.0798 1.6230 -0.0046 -0.0031 0.0261] moved=0.000 dist_tgt=2.744
t=0.000 att=1 phase=pump idx=1 cmd=[-0.0140 0.0797 1.6230 -0.0046 -0.0031 0.0261] meas=[-0.0153 0.0798 1.6230 -0.0046 -0.0031 0.0261] moved=0.000 dist_tgt=2.744
t=0.109 att=1 phase=pump idx=2 cmd=[-0.0126 0.0797 1.6231 -0.0046 -0.0031 0.0261] meas=[-0.0153 0.0798 1.6230 -0.0046 -0.0031 0.0261] moved=0.000 dist_tgt=2.744
t=0.109 att=1 phase=pump idx=3 cmd=[-0.0112 0.0796 1.6231 -0.0047 -0.0031 0.0261] meas=[-0.0153 0.0798 1.6230 -0.0046 -0.0031 0.0261] moved=0.000 dist_tgt=2.744
t=0.141 att=1 phase=pump idx=4 cmd=[-0.0099 0.0796 1.6232 -0.0047 -0.0031 0.0261] meas=[-0.0153 0.0798 1.6230 -0.0046 -0.0031 0.0261] moved=0.000 dist_tgt=2.744
t=0.203 att=1 phase=pump idx=5 cmd=[-0.0085 0.0796 1.6232 -0.0047 -0.0031 0.0261] meas=[-0.0153 0.0798 1.6230 -0.0046 -0.0031 0.0261] moved=0.000 dist_tgt=2.744
t=0.250 att=1 phase=pump idx=6 cmd=[-0.0071 0.0795 1.6233 -0.0047 -0.0031 0.0261] meas=[-0.0153 0.0798 1.6230 -0.0046 -0.0031 0.0261] moved=0.000 dist_tgt=2.744
t=0.313 att=1 phase=pump idx=7 cmd=[-0.0058 0.0794 1.6234 -0.0047 -0.0031 0.0261] meas=[-0.0153 0.0798 1.6230 -0.0046 -0.0031 0.0261] moved=0.000 dist_tgt=2.744
t=0.344 att=1 phase=pump idx=8 cmd=[-0.0044 0.0794 1.6235 -0.0047 -0.0031 0.0261] meas=[-0.0153 0.0798 1.6230 -0.0046 -0.0031 0.0261] moved=0.000 dist_tgt=2.744
t=0.406 att=1 phase=pump idx=9 cmd=[-0.0030 0.0793 1.6236 -0.0048 -0.0031 0.0261] meas=[-0.0153 0.0798 1.6230 -0.0046 -0.0031 0.0261] moved=0.000 dist_tgt=2.744
t=0.453 att=1 phase=pump idx=10 cmd=[-0.0017 0.0792 1.6237 -0.0048 -0.0031 0.0261] meas=[-0.0153 0.0798 1.6230 -0.0046 -0.0031 0.0261] moved=0.000 dist_tgt=2.744
t=0.500 att=1 phase=pump idx=11 cmd=[-0.0003 0.0792 1.6238 -0.0048 -0.0031 0.0261] meas=[-0.0153 0.0798 1.6230 -0.0046 -0.0031 0.0261] moved=0.000 dist_tgt=2.744
t=0.547 att=1 phase=pump idx=12 cmd=[0.0011 0.0791 1.6239 -0.0048 -0.0031 0.0261] meas=[-0.0153 0.0798 1.6230 -0.0046 -0.0031 0.0261] moved=0.000 dist_tgt=2.744
t=0.594 att=1 phase=pump idx=13 cmd=[0.0025 0.0790 1.6240 -0.0049 -0.0031 0.0261] meas=[-0.0153 0.0798 1.6230 -0.0046 -0.0031 0.0261] moved=0.000 dist_tgt=2.744
t=0.656 att=1 phase=pump idx=14 cmd=[0.0038 0.0789 1.6241 -0.0049 -0.0031 0.0261] meas=[-0.0153 0.0798 1.6230 -0.0046 -0.0031 0.0261] moved=0.000 dist_tgt=2.744
t=0.703 att=1 phase=pump idx=15 cmd=[0.0052 0.0788 1.6242 -0.0049 -0.0031 0.0261] meas=[-0.0153 0.0798 1.6230 -0.0046 -0.0031 0.0261] moved=0.000 dist_tgt=2.744
t=0.750 att=1 phase=pump idx=16 cmd=[0.0066 0.0787 1.6243 -0.0050 -0.0031 0.0261] meas=[-0.0153 0.0798 1.6230 -0.0046 -0.0031 0.0261] moved=0.000 dist_tgt=2.744
t=0.797 att=1 phase=pump idx=17 cmd=[0.0079 0.0787 1.6245 -0.0050 -0.0031 0.0261] meas=[-0.0153 0.0798 1.6230 -0.0046 -0.0031 0.0261] moved=0.000 dist_tgt=2.744
t=0.859 att=1 phase=pump idx=18 cmd=[0.0093 0.0786 1.6246 -0.0050 -0.0031 0.0261] meas=[-0.0153 0.0798 1.6230 -0.0046 -0.0031 0.0261] moved=0.000 dist_tgt=2.744
t=0.891 att=1 phase=pump idx=19 cmd=[0.0107 0.0784 1.6247 -0.0051 -0.0031 0.0261] meas=[-0.0153 0.0798 1.6230 -0.0046 -0.0031 0.0261] moved=0.000 dist_tgt=2.744
t=0.953 att=1 phase=pump idx=20 cmd=[0.0120 0.0783 1.6249 -0.0051 -0.0031 0.0261] meas=[-0.0153 0.1012 1.6322 -0.0046 -0.0031 0.0261] moved=1.230 dist_tgt=2.744
t=1.000 att=1 phase=pump idx=21 cmd=[0.0134 0.0782 1.6250 -0.0051 -0.0031 0.0261] meas=[-0.0153 0.1058 1.6337 -0.0046 -0.0031 0.0261] moved=1.494 dist_tgt=2.744
t=1.063 att=1 phase=pump idx=22 cmd=[0.0148 0.0781 1.6252 -0.0052 -0.0031 0.0261] meas=[-0.0153 0.1058 1.6322 -0.0046 -0.0031 0.0261] moved=1.494 dist_tgt=2.744
t=1.094 att=1 phase=pump idx=23 cmd=[0.0161 0.0780 1.6253 -0.0052 -0.0031 0.0261] meas=[-0.0153 0.1058 1.6322 -0.0046 -0.0031 0.0261] moved=1.494 dist_tgt=2.744
t=1.156 att=1 phase=pump idx=24 cmd=[0.0175 0.0779 1.6255 -0.0053 -0.0031 0.0261] meas=[-0.0153 0.1058 1.6322 -0.0046 -0.0031 0.0261] moved=1.494 dist_tgt=2.744
t=1.188 att=1 phase=pump idx=25 cmd=[0.0189 0.0777 1.6257 -0.0053 -0.0031 0.0261] meas=[-0.0153 0.1058 1.6322 -0.0046 -0.0031 0.0261] moved=1.494 dist_tgt=2.744
t=1.266 att=1 phase=pump idx=26 cmd=[0.0202 0.0776 1.6259 -0.0053 -0.0031 0.0261] meas=[-0.0153 0.1058 1.6322 -0.0046 -0.0031 0.0261] moved=1.494 dist_tgt=2.744
t=1.344 att=1 phase=pump idx=27 cmd=[0.0216 0.0775 1.6260 -0.0054 -0.0031 0.0261] meas=[-0.0153 0.1058 1.6322 -0.0046 -0.0031 0.0261] moved=1.494 dist_tgt=2.744
t=1.344 att=1 phase=pump idx=28 cmd=[0.0230 0.0773 1.6262 -0.0054 -0.0031 0.0261] meas=[-0.0153 0.1058 1.6322 -0.0046 -0.0031 0.0261] moved=1.494 dist_tgt=2.744
t=1.406 att=1 phase=pump idx=29 cmd=[0.0244 0.0772 1.6264 -0.0055 -0.0031 0.0261] meas=[-0.0107 0.1058 1.6322 -0.0046 -0.0031 0.0261] moved=1.494 dist_tgt=2.481
t=1.453 att=1 phase=pump idx=30 cmd=[0.0257 0.0770 1.6266 -0.0055 -0.0031 0.0261] meas=[-0.0061 0.1058 1.6322 -0.0046 -0.0031 0.0261] moved=1.494 dist_tgt=2.217
# attempt 1 COMMITTED phase=pump t=1.453 t102_continuous=True
===== CONTINUOUS FORWARD: direct transition to wp=0 compat_err=1.494deg (NO align hold, NO T102 gap) =====
adv t=0.000 leg=F idx=0 cmd=[-0.0153 0.0798 1.6230 -0.0046 -0.0031 0.0261] meas=[-0.0031 0.1058 1.6322 -0.0046 -0.0031 0.0261] xyz=364.51,-1.12,166.98 track=0.0261
adv t=0.047 leg=F idx=1 cmd=[-0.0074 0.0795 1.6233 -0.0047 -0.0031 0.0261] meas=[0.0000 0.1058 1.6322 -0.0046 -0.0031 0.0261] xyz=364.52,0.00,166.98 track=0.0263
adv t=0.109 leg=F idx=2 cmd=[0.0006 0.0791 1.6238 -0.0048 -0.0031 0.0261] meas=[0.0031 0.1058 1.6322 -0.0046 -0.0031 0.0261] xyz=364.51,1.12,166.98 track=0.0267
adv t=0.141 leg=F idx=3 cmd=[0.0086 0.0786 1.6245 -0.0050 -0.0031 0.0261] meas=[0.0031 0.1058 1.6322 -0.0046 -0.0031 0.0261] xyz=364.51,1.12,166.98 track=0.0272
adv t=0.203 leg=F idx=4 cmd=[0.0166 0.0780 1.6254 -0.0052 -0.0031 0.0261] meas=[0.0031 0.1058 1.6322 -0.0046 -0.0031 0.0261] xyz=364.51,1.12,166.98 track=0.0279
adv t=0.250 leg=F idx=5 cmd=[0.0246 0.0772 1.6264 -0.0055 -0.0031 0.0261] meas=[0.0031 0.1058 1.6322 -0.0046 -0.0031 0.0261] xyz=364.51,1.12,166.98 track=0.0287
adv t=0.313 leg=F idx=6 cmd=[0.0326 0.0762 1.6277 -0.0058 -0.0031 0.0261] meas=[0.0031 0.1058 1.6322 -0.0046 -0.0031 0.0261] xyz=364.51,1.12,166.98 track=0.0296
adv t=0.344 leg=F idx=7 cmd=[0.0405 0.0752 1.6291 -0.0062 -0.0031 0.0261] meas=[0.0031 0.1058 1.6322 -0.0046 -0.0031 0.0261] xyz=364.51,1.12,166.98 track=0.0375
adv t=0.406 leg=F idx=8 cmd=[0.0485 0.0740 1.6307 -0.0065 -0.0031 0.0261] meas=[0.0031 0.1058 1.6322 -0.0046 -0.0031 0.0261] xyz=364.51,1.12,166.98 track=0.0454
adv t=0.453 leg=F idx=9 cmd=[0.0565 0.0727 1.6324 -0.0070 -0.0031 0.0261] meas=[0.0077 0.1058 1.6322 -0.0046 -0.0031 0.0261] xyz=364.51,2.80,166.98 track=0.0488
adv t=0.500 leg=F idx=10 cmd=[0.0645 0.0712 1.6344 -0.0075 -0.0031 0.0261] meas=[0.0107 0.1058 1.6322 -0.0046 -0.0031 0.0261] xyz=364.49,3.91,166.98 track=0.0537
adv t=0.547 leg=F idx=11 cmd=[0.0724 0.0696 1.6365 -0.0080 -0.0031 0.0261] meas=[0.0230 0.1058 1.6368 -0.0046 -0.0031 0.0261] xyz=364.12,8.38,165.55 track=0.0494
adv t=0.609 leg=F idx=12 cmd=[0.0804 0.0679 1.6387 -0.0085 -0.0031 0.0261] meas=[0.0291 0.1058 1.6368 -0.0046 -0.0031 0.0261] xyz=364.06,10.61,165.55 track=0.0512
adv t=0.672 leg=F idx=13 cmd=[0.0883 0.0661 1.6412 -0.0091 -0.0031 0.0261] meas=[0.0399 0.1058 1.6368 -0.0046 -0.0031 0.0261] xyz=363.92,14.52,165.55 track=0.0485
adv t=0.703 leg=F idx=14 cmd=[0.0963 0.0641 1.6438 -0.0098 -0.0031 0.0261] meas=[0.0445 0.1058 1.6383 -0.0046 -0.0031 0.0261] xyz=363.75,16.19,165.08 track=0.0518
adv t=0.750 leg=F idx=15 cmd=[0.1042 0.0619 1.6466 -0.0104 -0.0031 0.0261] meas=[0.0476 0.1058 1.6429 -0.0046 -0.0031 0.0261] xyz=363.38,17.29,163.66 track=0.0567
adv t=0.797 leg=F idx=16 cmd=[0.1122 0.0597 1.6495 -0.0111 -0.0031 0.0261] meas=[0.0552 0.1058 1.6444 -0.0046 -0.0031 0.0261] xyz=363.14,20.07,163.18 track=0.0570
adv t=0.859 leg=F idx=17 cmd=[0.1201 0.0573 1.6527 -0.0119 -0.0031 0.0261] meas=[0.0675 0.1058 1.6475 -0.0046 -0.0031 0.0261] xyz=362.65,24.51,162.24 track=0.0526
adv t=0.891 leg=F idx=18 cmd=[0.1281 0.0548 1.6559 -0.0126 -0.0031 0.0261] meas=[0.0752 0.1058 1.6521 -0.0046 -0.0031 0.0261] xyz=362.13,27.27,160.82 track=0.0529
adv t=0.953 leg=F idx=19 cmd=[0.1360 0.0521 1.6594 -0.0134 -0.0031 0.0261] meas=[0.0828 0.1058 1.6536 -0.0046 -0.0031 0.0261] xyz=361.80,30.04,160.34 track=0.0537
adv t=1.000 leg=F idx=20 cmd=[0.1439 0.0494 1.6630 -0.0142 -0.0031 0.0261] meas=[0.0936 0.1058 1.6552 -0.0046 -0.0031 0.0261] xyz=361.34,33.91,159.87 track=0.0565
adv t=1.063 leg=F idx=21 cmd=[0.1518 0.0465 1.6667 -0.0151 -0.0031 0.0261] meas=[0.1012 0.1058 1.6628 -0.0046 -0.0031 0.0261] xyz=360.51,36.62,157.51 track=0.0594
adv t=1.109 leg=F idx=22 cmd=[0.1597 0.0434 1.6706 -0.0159 -0.0031 0.0261] meas=[0.1104 0.1058 1.6644 -0.0046 -0.0031 0.0261] xyz=360.04,39.93,157.04 track=0.0624
adv t=1.156 leg=F idx=23 cmd=[0.1676 0.0403 1.6747 -0.0168 -0.0031 0.0261] meas=[0.1166 0.1058 1.6705 -0.0046 -0.0031 0.0261] xyz=359.33,42.08,155.15 track=0.0656
adv t=1.188 leg=F idx=24 cmd=[0.1755 0.0370 1.6788 -0.0177 -0.0031 0.0261] meas=[0.1227 0.1058 1.6705 -0.0046 -0.0031 0.0261] xyz=359.06,44.29,155.15 track=0.0689
adv t=1.250 leg=F idx=25 cmd=[0.1834 0.0335 1.6832 -0.0186 -0.0031 0.0261] meas=[0.1289 0.1043 1.6751 -0.0046 -0.0031 0.0261] xyz=358.19,46.41,154.30 track=0.0708
adv t=1.313 leg=F idx=26 cmd=[0.1913 0.0300 1.6877 -0.0195 -0.0031 0.0261] meas=[0.1396 0.1043 1.6812 -0.0046 -0.0031 0.0261] xyz=357.19,50.19,152.42 track=0.0743
adv t=1.375 leg=F idx=27 cmd=[0.1992 0.0263 1.6923 -0.0205 -0.0031 0.0261] meas=[0.1503 0.1043 1.6843 -0.0046 -0.0031 0.0261] xyz=356.39,53.98,151.48 track=0.0780
adv t=1.406 leg=F idx=28 cmd=[0.2070 0.0225 1.6971 -0.0214 -0.0031 0.0261] meas=[0.1565 0.1043 1.6889 -0.0046 -0.0031 0.0261] xyz=355.68,56.11,150.07 track=0.0818
adv t=1.453 leg=F idx=29 cmd=[0.2149 0.0186 1.7020 -0.0224 -0.0031 0.0261] meas=[0.1595 0.1028 1.6904 -0.0046 -0.0031 0.0261] xyz=355.16,57.15,150.15 track=0.0842
adv t=1.500 leg=F idx=30 cmd=[0.2227 0.0145 1.7070 -0.0234 -0.0031 0.0261] meas=[0.1641 0.1028 1.6950 -0.0061 -0.0031 0.0261] xyz=354.59,58.73,149.00 track=0.0883
adv t=1.547 leg=F idx=31 cmd=[0.2305 0.0103 1.7121 -0.0243 -0.0031 0.0261] meas=[0.1764 0.1028 1.7012 -0.0061 -0.0031 0.0261] xyz=353.33,62.99,147.13 track=0.0925
adv t=1.609 leg=F idx=32 cmd=[0.2384 0.0060 1.7174 -0.0253 -0.0031 0.0261] meas=[0.1825 0.1012 1.7089 -0.0077 -0.0031 0.0261] xyz=352.15,65.01,145.59 track=0.0952
adv t=1.656 leg=F idx=33 cmd=[0.2462 0.0016 1.7228 -0.0263 -0.0031 0.0261] meas=[0.1963 0.0966 1.7150 -0.0092 -0.0031 0.0261] xyz=350.11,69.64,145.62 track=0.0951
adv t=1.703 leg=F idx=34 cmd=[0.2540 -0.0030 1.7283 -0.0272 -0.0031 0.0261] meas=[0.2010 0.0951 1.7181 -0.0107 -0.0031 0.0261] xyz=349.39,71.17,145.49 track=0.0981
adv t=1.750 leg=F idx=35 cmd=[0.2618 -0.0077 1.7340 -0.0282 -0.0031 0.0261] meas=[0.2040 0.0951 1.7181 -0.0107 -0.0031 0.0261] xyz=349.17,72.24,145.49 track=0.1028
adv t=1.813 leg=F idx=36 cmd=[0.2695 -0.0125 1.7397 -0.0291 -0.0031 0.0261] meas=[0.2132 0.0844 1.7288 -0.0107 -0.0031 0.0261] xyz=346.04,74.92,146.04 track=0.0969
adv t=1.844 leg=F idx=37 cmd=[0.2773 -0.0175 1.7456 -0.0300 -0.0031 0.0261] meas=[0.2224 0.0813 1.7334 -0.0107 -0.0031 0.0261] xyz=344.51,77.92,145.72 track=0.0988
adv t=1.906 leg=F idx=38 cmd=[0.2850 -0.0225 1.7516 -0.0309 -0.0031 0.0261] meas=[0.2286 0.0767 1.7349 -0.0107 -0.0031 0.0261] xyz=343.24,79.85,146.88 track=0.0992
adv t=1.953 leg=F idx=39 cmd=[0.2928 -0.0277 1.7576 -0.0318 -0.0031 0.0261] meas=[0.2408 0.0675 1.7441 -0.0107 -0.0031 0.0261] xyz=340.14,83.54,147.31 track=0.0952
adv t=2.000 leg=F idx=40 cmd=[0.3005 -0.0330 1.7638 -0.0326 -0.0031 0.0261] meas=[0.2470 0.0644 1.7472 -0.0107 -0.0031 0.0261] xyz=338.92,85.45,147.45 track=0.0975
adv t=2.063 leg=F idx=41 cmd=[0.3082 -0.0385 1.7701 -0.0335 -0.0031 0.0261] meas=[0.2516 0.0644 1.7518 -0.0107 -0.0031 0.0261] xyz=338.13,86.91,146.05 track=0.1029
adv t=2.109 leg=F idx=42 cmd=[0.3159 -0.0441 1.7764 -0.0342 -0.0031 0.0261] meas=[0.2623 0.0568 1.7625 -0.0153 -0.0031 0.0261] xyz=335.42,90.06,146.21 track=0.1008
adv t=2.141 leg=F idx=43 cmd=[0.3236 -0.0497 1.7828 -0.0350 -0.0031 0.0261] meas=[0.2684 0.0522 1.7687 -0.0169 -0.0031 0.0261] xyz=333.77,91.81,146.20 track=0.1019
adv t=2.203 leg=F idx=44 cmd=[0.3312 -0.0555 1.7894 -0.0357 -0.0031 0.0261] meas=[0.2746 0.0460 1.7702 -0.0169 -0.0031 0.0261] xyz=332.20,93.58,147.85 track=0.1016
adv t=2.250 leg=F idx=45 cmd=[0.3389 -0.0615 1.7960 -0.0364 -0.0031 0.0261] meas=[0.2853 0.0353 1.7840 -0.0184 -0.0031 0.0261] xyz=328.57,96.38,147.59 track=0.0968
adv t=2.297 leg=F idx=46 cmd=[0.3465 -0.0675 1.8027 -0.0370 -0.0031 0.0261] meas=[0.2915 0.0322 1.7856 -0.0184 -0.0031 0.0261] xyz=327.41,98.22,148.18 track=0.0998
adv t=2.359 leg=F idx=47 cmd=[0.3541 -0.0737 1.8094 -0.0376 -0.0031 0.0261] meas=[0.2991 0.0291 1.7902 -0.0184 -0.0031 0.0261] xyz=325.82,100.48,147.82 track=0.1029
adv t=2.406 leg=F idx=48 cmd=[0.3617 -0.0800 1.8162 -0.0381 -0.0031 0.0261] meas=[0.3099 0.0215 1.8024 -0.0199 -0.0031 0.0261] xyz=322.69,103.32,146.95 track=0.1015
adv t=2.438 leg=F idx=49 cmd=[0.3692 -0.0865 1.8231 -0.0385 -0.0031 0.0261] meas=[0.3175 0.0153 1.8070 -0.0215 -0.0031 0.0261] xyz=320.72,105.41,147.88 track=0.1018
adv t=2.516 leg=F idx=50 cmd=[0.3768 -0.0930 1.8301 -0.0389 -0.0031 0.0261] meas=[0.3221 0.0123 1.8101 -0.0215 -0.0031 0.0261] xyz=319.54,106.65,147.98 track=0.1053
adv t=2.594 leg=F idx=51 cmd=[0.3843 -0.0997 1.8371 -0.0393 -0.0031 0.0261] meas=[0.3329 0.0000 1.8224 -0.0245 -0.0031 0.0261] xyz=315.78,109.18,148.87 track=0.0997
adv t=2.625 leg=F idx=52 cmd=[0.3918 -0.1065 1.8441 -0.0395 -0.0031 0.0261] meas=[0.3436 -0.0107 1.8285 -0.0261 -0.0031 0.0261] xyz=312.65,111.87,150.83 track=0.0957
adv t=2.656 leg=F idx=53 cmd=[0.3993 -0.1134 1.8512 -0.0397 -0.0031 0.0261] meas=[0.3482 -0.0138 1.8300 -0.0261 -0.0031 0.0261] xyz=311.57,113.10,151.39 track=0.0996
adv t=2.703 leg=F idx=54 cmd=[0.4068 -0.1204 1.8584 -0.0398 -0.0031 0.0261] meas=[0.3513 -0.0215 1.8423 -0.0261 -0.0031 0.0261] xyz=309.14,113.29,150.18 track=0.0989
adv t=2.750 leg=F idx=55 cmd=[0.4142 -0.1276 1.8656 -0.0399 -0.0031 0.0261] meas=[0.3543 -0.0261 1.8454 -0.0261 -0.0031 0.0261] xyz=307.89,113.91,150.76 track=0.1015
adv t=2.813 leg=F idx=56 cmd=[0.4216 -0.1349 1.8728 -0.0398 -0.0031 0.0261] meas=[0.3651 -0.0353 1.8561 -0.0261 -0.0031 0.0261] xyz=304.48,116.38,150.50 track=0.0996
adv t=2.844 leg=F idx=57 cmd=[0.4290 -0.1423 1.8800 -0.0396 -0.0031 0.0261] meas=[0.3712 -0.0414 1.8623 -0.0261 -0.0031 0.0261] xyz=302.40,117.72,150.63 track=0.1009
adv t=2.906 leg=F idx=58 cmd=[0.4364 -0.1498 1.8873 -0.0394 -0.0031 0.0261] meas=[0.3774 -0.0460 1.8638 -0.0261 -0.0031 0.0261] xyz=300.91,119.26,151.66 track=0.1038
adv t=2.953 leg=F idx=59 cmd=[0.4437 -0.1575 1.8946 -0.0390 -0.0031 0.0261] meas=[0.3881 -0.0598 1.8776 -0.0261 -0.0031 0.0261] xyz=296.56,121.25,151.90 track=0.0976
adv t=3.000 leg=F idx=60 cmd=[0.4510 -0.1652 1.9019 -0.0386 -0.0031 0.0261] meas=[0.3958 -0.0660 1.8837 -0.0261 -0.0031 0.0261] xyz=294.28,122.95,151.99 track=0.0993
adv t=3.047 leg=F idx=61 cmd=[0.4583 -0.1731 1.9092 -0.0380 -0.0031 0.0261] meas=[0.4004 -0.0675 1.8883 -0.0261 -0.0031 0.0261] xyz=293.13,124.06,151.08 track=0.1056
adv t=3.109 leg=F idx=62 cmd=[0.4656 -0.1812 1.9166 -0.0373 -0.0031 0.0261] meas=[0.4111 -0.0798 1.9006 -0.0261 -0.0031 0.0261] xyz=289.10,126.03,151.23 track=0.1014
adv t=3.141 leg=F idx=63 cmd=[0.4728 -0.1893 1.9239 -0.0365 -0.0031 0.0261] meas=[0.4172 -0.0874 1.9067 -0.0261 -0.0031 0.0261] xyz=286.77,127.12,151.77 track=0.1019
adv t=3.203 leg=F idx=64 cmd=[0.4800 -0.1976 1.9313 -0.0356 -0.0031 0.0261] meas=[0.4218 -0.0920 1.9083 -0.0261 -0.0031 0.0261] xyz=285.42,128.09,152.75 track=0.1055
adv t=3.250 leg=F idx=65 cmd=[0.4871 -0.2060 1.9386 -0.0345 -0.0031 0.0261] meas=[0.4310 -0.1058 1.9236 -0.0261 -0.0031 0.0261] xyz=281.11,129.28,152.37 track=0.1001
adv t=3.313 leg=F idx=66 cmd=[0.4942 -0.2145 1.9459 -0.0333 -0.0031 0.0261] meas=[0.4403 -0.1120 1.9282 -0.0261 -0.0031 0.0261] xyz=278.71,131.30,152.86 track=0.1025
adv t=3.359 leg=F idx=67 cmd=[0.5013 -0.2231 1.9532 -0.0320 -0.0031 0.0261] meas=[0.4525 -0.1227 1.9328 -0.0261 -0.0031 0.0261] xyz=275.24,133.81,154.76 track=0.1004
adv t=3.406 leg=F idx=68 cmd=[0.5084 -0.2319 1.9605 -0.0305 -0.0031 0.0261] meas=[0.4571 -0.1289 1.9436 -0.0261 -0.0031 0.0261] xyz=272.96,134.26,153.35 track=0.1030
adv t=3.453 leg=F idx=69 cmd=[0.5154 -0.2408 1.9677 -0.0288 -0.0031 0.0261] meas=[0.4617 -0.1335 1.9466 -0.0261 -0.0031 0.0261] xyz=271.47,135.08,153.82 track=0.1073
adv t=3.500 leg=F idx=70 cmd=[0.5224 -0.2498 1.9750 -0.0271 -0.0031 0.0261] meas=[0.4648 -0.1396 1.9528 -0.0261 -0.0031 0.0261] xyz=269.74,135.26,153.80 track=0.1102
adv t=3.547 leg=F idx=71 cmd=[0.5293 -0.2589 1.9821 -0.0251 -0.0031 0.0261] meas=[0.4755 -0.1549 1.9666 -0.0261 -0.0031 0.0261] xyz=265.14,136.53,154.19 track=0.1040
adv t=3.594 leg=F idx=72 cmd=[0.5362 -0.2682 1.9893 -0.0230 -0.0031 0.0261] meas=[0.4817 -0.1641 1.9727 -0.0261 -0.0031 0.0261] xyz=262.58,137.26,155.05 track=0.1041
adv t=3.656 leg=F idx=73 cmd=[0.5431 -0.2776 1.9964 -0.0207 -0.0031 0.0261] meas=[0.4909 -0.1764 1.9819 -0.0261 -0.0031 0.0261] xyz=258.95,138.41,155.86 track=0.1012
adv t=3.703 leg=F idx=74 cmd=[0.5499 -0.2871 2.0034 -0.0182 -0.0031 0.0261] meas=[0.4955 -0.1856 1.9896 -0.0261 -0.0031 0.0261] xyz=256.49,138.62,156.21 track=0.1015
adv t=3.750 leg=F idx=75 cmd=[0.5567 -0.2967 2.0104 -0.0155 -0.0031 0.0261] meas=[0.4970 -0.1887 1.9896 -0.0261 -0.0031 0.0261] xyz=255.85,138.78,157.10 track=0.1081
adv t=3.813 leg=F idx=76 cmd=[0.5634 -0.3065 2.0173 -0.0127 -0.0031 0.0261] meas=[0.5093 -0.2056 2.0018 -0.0261 -0.0031 0.0261] xyz=250.94,140.13,158.23 track=0.1009
adv t=3.844 leg=F idx=77 cmd=[0.5701 -0.3164 2.0242 -0.0097 -0.0031 0.0261] meas=[0.5154 -0.2132 2.0064 -0.0245 -0.0031 0.0261] xyz=248.64,140.85,158.76 track=0.1032
adv t=3.906 leg=F idx=78 cmd=[0.5767 -0.3264 2.0309 -0.0064 -0.0031 0.0261] meas=[0.5200 -0.2194 2.0095 -0.0230 -0.0031 0.0261] xyz=246.87,141.36,159.31 track=0.1070
adv t=3.953 leg=F idx=79 cmd=[0.5832 -0.3365 2.0376 -0.0030 -0.0031 0.0261] meas=[0.5277 -0.2332 2.0233 -0.0184 -0.0031 0.0261] xyz=242.76,141.48,158.22 track=0.1034
adv t=4.000 leg=F idx=80 cmd=[0.5898 -0.3468 2.0442 0.0007 -0.0031 0.0261] meas=[0.5354 -0.2408 2.0279 -0.0138 -0.0031 0.0261] xyz=240.12,142.42,158.20 track=0.1060
adv t=4.047 leg=F idx=81 cmd=[0.5962 -0.3572 2.0507 0.0046 -0.0031 0.0261] meas=[0.5400 -0.2485 2.0310 -0.0138 -0.0031 0.0261] xyz=238.21,142.78,159.39 track=0.1087
adv t=4.109 leg=F idx=82 cmd=[0.6026 -0.3677 2.0572 0.0087 -0.0031 0.0261] meas=[0.5522 -0.2638 2.0417 -0.0092 -0.0031 0.0261] xyz=233.47,143.86,159.57 track=0.1038
adv t=4.141 leg=F idx=83 cmd=[0.6090 -0.3783 2.0635 0.0130 -0.0031 0.0261] meas=[0.5584 -0.2715 2.0463 -0.0061 -0.0031 0.0261] xyz=231.12,144.38,159.74 track=0.1068
adv t=4.203 leg=F idx=84 cmd=[0.6152 -0.3891 2.0697 0.0175 -0.0031 0.0261] meas=[0.5614 -0.2792 2.0509 -0.0046 -0.0031 0.0261] xyz=229.28,144.21,160.16 track=0.1099
adv t=4.250 leg=F idx=85 cmd=[0.6215 -0.4000 2.0757 0.0223 -0.0031 0.0261] meas=[0.5722 -0.2945 2.0647 0.0046 -0.0031 0.0261] xyz=224.41,144.53,158.52 track=0.1054
adv t=4.297 leg=F idx=86 cmd=[0.6276 -0.4110 2.0817 0.0274 -0.0031 0.0261] meas=[0.5783 -0.3037 2.0693 0.0077 -0.0031 0.0261] xyz=221.88,144.83,159.05 track=0.1072
adv t=4.359 leg=F idx=87 cmd=[0.6337 -0.4221 2.0875 0.0327 -0.0031 0.0261] meas=[0.5860 -0.3206 2.0770 0.0123 -0.0031 0.0261] xyz=217.85,144.60,160.37 track=0.1015
adv t=4.406 leg=F idx=88 cmd=[0.6397 -0.4333 2.0932 0.0382 -0.0031 0.0261] meas=[0.5906 -0.3298 2.0831 0.0184 -0.0031 0.0261] xyz=215.34,144.37,159.86 track=0.1035
adv t=4.438 leg=F idx=89 cmd=[0.6456 -0.4447 2.0988 0.0440 -0.0031 0.0261] meas=[0.5921 -0.3329 2.0831 0.0199 -0.0031 0.0261] xyz=214.65,144.38,160.40 track=0.1118
adv t=4.516 leg=F idx=90 cmd=[0.6515 -0.4561 2.1042 0.0501 -0.0031 0.0261] meas=[0.5983 -0.3436 2.0877 0.0199 -0.0031 0.0261] xyz=212.06,144.54,161.75 track=0.1125
adv t=4.594 leg=F idx=91 cmd=[0.6572 -0.4677 2.1095 0.0564 -0.0031 0.0261] meas=[0.6059 -0.3620 2.1000 0.0322 -0.0031 0.0261] xyz=207.31,143.64,160.62 track=0.1057
adv t=4.625 leg=F idx=92 cmd=[0.6629 -0.4794 2.1146 0.0630 -0.0031 0.0261] meas=[0.6151 -0.3804 2.1046 0.0399 -0.0031 0.0261] xyz=203.00,143.43,162.54 track=0.0990
adv t=4.656 leg=F idx=93 cmd=[0.6685 -0.4913 2.1195 0.0699 -0.0031 0.0261] meas=[0.6197 -0.3881 2.1092 0.0445 -0.0031 0.0261] xyz=200.89,143.33,162.26 track=0.1032
adv t=4.703 leg=F idx=94 cmd=[0.6740 -0.5032 2.1243 0.0770 -0.0031 0.0261] meas=[0.6228 -0.3973 2.1169 0.0522 -0.0031 0.0261] xyz=198.52,142.56,160.88 track=0.1059
adv t=4.750 leg=F idx=95 cmd=[0.6794 -0.5152 2.1289 0.0845 -0.0031 0.0261] meas=[0.6259 -0.4034 2.1169 0.0522 -0.0031 0.0261] xyz=197.28,142.59,162.38 track=0.1118
adv t=4.797 leg=F idx=96 cmd=[0.6847 -0.5273 2.1333 0.0922 -0.0031 0.0261] meas=[0.6351 -0.4234 2.1276 0.0660 -0.0031 0.0261] xyz=192.25,141.67,161.58 track=0.1040
adv t=4.859 leg=F idx=97 cmd=[0.6899 -0.5396 2.1375 0.1002 -0.0031 0.0261] meas=[0.6397 -0.4326 2.1307 0.0706 -0.0031 0.0261] xyz=190.07,141.42,162.06 track=0.1070
adv t=4.906 leg=F idx=98 cmd=[0.6950 -0.5519 2.1415 0.1085 -0.0031 0.0261] meas=[0.6427 -0.4479 2.1353 0.0782 -0.0031 0.0261] xyz=187.11,140.11,162.98 track=0.1040
adv t=4.953 leg=F idx=99 cmd=[0.7000 -0.5644 2.1454 0.1171 -0.0031 0.0261] meas=[0.6473 -0.4571 2.1430 0.0859 -0.0031 0.0261] xyz=184.60,139.56,161.48 track=0.1072
adv t=5.000 leg=F idx=100 cmd=[0.7049 -0.5769 2.1490 0.1260 -0.0031 0.0261] meas=[0.6504 -0.4648 2.1430 0.0859 -0.0031 0.0261] xyz=183.18,139.37,163.25 track=0.1121

===== REVERSE LEG (continuous, 100 .. 0) =====
ts=41406.500 cmd_ts=0.000 fb_ts=0.000 leg=R idx=0 cmd=[0.7049 -0.5769 2.1490 0.1260 -0.0031 0.0261] meas=[0.6703 -0.5185 2.1568 0.1227 -0.0031 0.0261] xyz=171.49,135.96,164.92 track=0.0584
ts=41406.500 cmd_ts=0.000 fb_ts=0.000 leg=R idx=1 cmd=[0.7000 -0.5644 2.1454 0.1171 -0.0031 0.0261] meas=[0.6703 -0.5185 2.1568 0.1227 -0.0031 0.0261] xyz=171.49,135.96,164.92 track=0.0459
ts=41406.546 cmd_ts=0.046 fb_ts=0.046 leg=R idx=2 cmd=[0.6950 -0.5519 2.1415 0.1085 -0.0031 0.0261] meas=[0.6703 -0.5185 2.1568 0.1227 -0.0031 0.0261] xyz=171.49,135.96,164.92 track=0.0334
ts=41406.593 cmd_ts=0.093 fb_ts=0.109 leg=R idx=3 cmd=[0.6899 -0.5396 2.1375 0.1002 -0.0031 0.0261] meas=[0.6703 -0.5185 2.1568 0.1227 -0.0031 0.0261] xyz=171.49,135.96,164.92 track=0.0225
ts=41406.640 cmd_ts=0.140 fb_ts=0.140 leg=R idx=4 cmd=[0.6847 -0.5273 2.1333 0.0922 -0.0031 0.0261] meas=[0.6703 -0.5185 2.1568 0.1227 -0.0031 0.0261] xyz=171.49,135.96,164.92 track=0.0305
ts=41406.703 cmd_ts=0.203 fb_ts=0.203 leg=R idx=5 cmd=[0.6794 -0.5152 2.1289 0.0845 -0.0031 0.0261] meas=[0.6703 -0.5185 2.1568 0.1227 -0.0031 0.0261] xyz=171.49,135.96,164.92 track=0.0383
ts=41406.750 cmd_ts=0.250 fb_ts=0.250 leg=R idx=6 cmd=[0.6740 -0.5032 2.1243 0.0770 -0.0031 0.0261] meas=[0.6703 -0.5185 2.1568 0.1227 -0.0031 0.0261] xyz=171.49,135.96,164.92 track=0.0457
ts=41406.796 cmd_ts=0.296 fb_ts=0.296 leg=R idx=7 cmd=[0.6685 -0.4913 2.1195 0.0699 -0.0031 0.0261] meas=[0.6703 -0.5185 2.1568 0.1227 -0.0031 0.0261] xyz=171.49,135.96,164.92 track=0.0529
ts=41406.859 cmd_ts=0.359 fb_ts=0.359 leg=R idx=8 cmd=[0.6629 -0.4794 2.1146 0.0630 -0.0031 0.0261] meas=[0.6703 -0.5185 2.1568 0.1227 -0.0031 0.0261] xyz=171.49,135.96,164.92 track=0.0597
ts=41406.906 cmd_ts=0.406 fb_ts=0.406 leg=R idx=9 cmd=[0.6572 -0.4677 2.1095 0.0564 -0.0031 0.0261] meas=[0.6703 -0.5185 2.1568 0.1227 -0.0031 0.0261] xyz=171.49,135.96,164.92 track=0.0663
ts=41406.953 cmd_ts=0.453 fb_ts=0.453 leg=R idx=10 cmd=[0.6515 -0.4561 2.1042 0.0501 -0.0031 0.0261] meas=[0.6703 -0.5185 2.1568 0.1227 -0.0031 0.0261] xyz=171.49,135.96,164.92 track=0.0727
ts=41407.000 cmd_ts=0.500 fb_ts=0.500 leg=R idx=11 cmd=[0.6456 -0.4447 2.0988 0.0440 -0.0031 0.0261] meas=[0.6703 -0.5185 2.1568 0.1227 -0.0031 0.0261] xyz=171.49,135.96,164.92 track=0.0787
ts=41407.046 cmd_ts=0.546 fb_ts=0.546 leg=R idx=12 cmd=[0.6397 -0.4333 2.0932 0.0382 -0.0031 0.0261] meas=[0.6703 -0.5185 2.1568 0.1227 -0.0031 0.0261] xyz=171.49,135.96,164.92 track=0.0852
ts=41407.093 cmd_ts=0.593 fb_ts=0.593 leg=R idx=13 cmd=[0.6337 -0.4221 2.0875 0.0327 -0.0031 0.0261] meas=[0.6703 -0.5185 2.1568 0.1227 -0.0031 0.0261] xyz=171.49,135.96,164.92 track=0.0964
ts=41407.156 cmd_ts=0.656 fb_ts=0.656 leg=R idx=14 cmd=[0.6276 -0.4110 2.0817 0.0274 -0.0031 0.0261] meas=[0.6703 -0.5185 2.1568 0.1166 -0.0031 0.1687] xyz=171.71,136.13,165.94 track=0.1075
ts=41407.203 cmd_ts=0.703 fb_ts=0.703 leg=R idx=15 cmd=[0.6215 -0.4000 2.0757 0.0223 -0.0031 0.0261] meas=[0.6703 -0.5062 2.1568 0.0997 -0.0031 0.3267] xyz=173.89,137.86,166.04 track=0.1063
ts=41407.250 cmd_ts=0.750 fb_ts=0.750 leg=R idx=16 cmd=[0.6152 -0.3891 2.0697 0.0175 -0.0031 0.0261] meas=[0.6703 -0.4893 2.1568 0.0890 -0.0031 0.3804] xyz=176.45,139.89,164.05 track=0.1003
ts=41407.296 cmd_ts=0.796 fb_ts=0.796 leg=R idx=17 cmd=[0.6090 -0.3783 2.0635 0.0130 -0.0031 0.0261] meas=[0.6703 -0.4648 2.1552 0.0706 -0.0031 0.3958] xyz=180.31,142.96,162.00 track=0.0918
ts=41407.359 cmd_ts=0.859 fb_ts=0.859 leg=R idx=18 cmd=[0.6026 -0.3677 2.0572 0.0087 -0.0031 0.0261] meas=[0.6703 -0.4357 2.1522 0.0598 -0.0031 0.3007] xyz=184.52,146.29,157.94 track=0.0950
ts=41407.390 cmd_ts=0.890 fb_ts=0.890 leg=R idx=19 cmd=[0.5962 -0.3572 2.0507 0.0046 -0.0031 0.0261] meas=[0.6627 -0.4157 2.1399 0.0460 -0.0031 0.1411] xyz=189.33,147.75,159.26 track=0.0892
ts=41407.453 cmd_ts=0.953 fb_ts=0.953 leg=R idx=20 cmd=[0.5898 -0.3468 2.0442 0.0007 -0.0031 0.0261] meas=[0.6581 -0.3973 2.1307 0.0368 -0.0031 0.0690] xyz=193.18,149.33,159.16 track=0.0865
ts=41407.500 cmd_ts=1.000 fb_ts=1.000 leg=R idx=21 cmd=[0.5832 -0.3365 2.0376 -0.0030 -0.0031 0.0261] meas=[0.6412 -0.3728 2.1169 0.0276 -0.0031 0.0383] xyz=199.94,149.24,158.88 track=0.0793
ts=41407.562 cmd_ts=1.062 fb_ts=1.062 leg=R idx=22 cmd=[0.5767 -0.3264 2.0309 -0.0064 -0.0031 0.0261] meas=[0.6289 -0.3543 2.1046 0.0199 -0.0031 0.0383] xyz=205.15,149.24,159.30 track=0.0737
ts=41407.593 cmd_ts=1.093 fb_ts=1.109 leg=R idx=23 cmd=[0.5701 -0.3164 2.0242 -0.0097 -0.0031 0.0261] meas=[0.6243 -0.3390 2.1016 0.0184 -0.0031 0.0383] xyz=208.04,149.89,156.58 track=0.0774
ts=41407.656 cmd_ts=1.156 fb_ts=1.156 leg=R idx=24 cmd=[0.5634 -0.3065 2.0173 -0.0127 -0.0031 0.0261] meas=[0.6182 -0.3313 2.0970 0.0138 -0.0031 0.0383] xyz=210.41,149.64,156.78 track=0.0796
ts=41407.703 cmd_ts=1.203 fb_ts=1.203 leg=R idx=25 cmd=[0.5567 -0.2967 2.0104 -0.0155 -0.0031 0.0261] meas=[0.6151 -0.3267 2.0908 0.0092 -0.0031 0.0383] xyz=212.03,149.81,158.23 track=0.0804
ts=41407.750 cmd_ts=1.250 fb_ts=1.250 leg=R idx=26 cmd=[0.5499 -0.2871 2.0034 -0.0182 -0.0031 0.0261] meas=[0.6090 -0.3175 2.0862 0.0092 -0.0031 0.0383] xyz=214.42,149.54,157.25 track=0.0828
ts=41407.796 cmd_ts=1.296 fb_ts=1.296 leg=R idx=27 cmd=[0.5431 -0.2776 1.9964 -0.0207 -0.0031 0.0261] meas=[0.5983 -0.3007 2.0709 0.0015 -0.0031 0.0383] xyz=219.50,149.60,158.78 track=0.0745
ts=41407.859 cmd_ts=1.359 fb_ts=1.359 leg=R idx=28 cmd=[0.5362 -0.2682 1.9893 -0.0230 -0.0031 0.0261] meas=[0.5906 -0.2899 2.0647 0.0000 -0.0031 0.0383] xyz=222.50,149.17,158.05 track=0.0755
ts=41407.906 cmd_ts=1.406 fb_ts=1.406 leg=R idx=29 cmd=[0.5293 -0.2589 1.9821 -0.0251 -0.0031 0.0261] meas=[0.5844 -0.2807 2.0632 -0.0015 -0.0031 0.0383] xyz=224.78,148.70,156.30 track=0.0811
ts=41407.953 cmd_ts=1.453 fb_ts=1.453 leg=R idx=30 cmd=[0.5224 -0.2498 1.9750 -0.0271 -0.0031 0.0261] meas=[0.5798 -0.2730 2.0571 -0.0031 -0.0031 0.0383] xyz=226.94,148.63,156.36 track=0.0821
ts=41408.000 cmd_ts=1.500 fb_ts=1.500 leg=R idx=31 cmd=[0.5154 -0.2408 1.9677 -0.0288 -0.0031 0.0261] meas=[0.5768 -0.2700 2.0509 -0.0046 -0.0031 0.0383] xyz=228.27,148.50,157.66 track=0.0832
ts=41408.046 cmd_ts=1.546 fb_ts=1.562 leg=R idx=32 cmd=[0.5084 -0.2319 1.9605 -0.0305 -0.0031 0.0261] meas=[0.5645 -0.2531 2.0341 -0.0092 -0.0031 0.0383] xyz=233.63,147.95,158.96 track=0.0736
ts=41408.093 cmd_ts=1.593 fb_ts=1.593 leg=R idx=33 cmd=[0.5013 -0.2231 1.9532 -0.0320 -0.0031 0.0261] meas=[0.5584 -0.2439 2.0279 -0.0107 -0.0031 0.0383] xyz=236.24,147.58,158.55 track=0.0747
ts=41408.156 cmd_ts=1.656 fb_ts=1.656 leg=R idx=34 cmd=[0.4942 -0.2145 1.9459 -0.0333 -0.0031 0.0261] meas=[0.5553 -0.2393 2.0264 -0.0123 -0.0031 0.0383] xyz=237.48,147.34,157.99 track=0.0805
ts=41408.203 cmd_ts=1.703 fb_ts=1.703 leg=R idx=35 cmd=[0.4871 -0.2060 1.9386 -0.0345 -0.0031 0.0261] meas=[0.5461 -0.2255 2.0172 -0.0123 -0.0031 0.0383] xyz=241.31,146.66,156.93 track=0.0786
ts=41408.250 cmd_ts=1.750 fb_ts=1.750 leg=R idx=36 cmd=[0.4800 -0.1976 1.9313 -0.0356 -0.0031 0.0261] meas=[0.5384 -0.2163 2.0080 -0.0169 -0.0031 0.0383] xyz=244.50,146.04,157.89 track=0.0767
ts=41408.296 cmd_ts=1.796 fb_ts=1.796 leg=R idx=37 cmd=[0.4728 -0.1893 1.9239 -0.0365 -0.0031 0.0261] meas=[0.5323 -0.2117 2.0018 -0.0169 -0.0031 0.0383] xyz=246.44,145.15,158.46 track=0.0779
ts=41408.359 cmd_ts=1.859 fb_ts=1.859 leg=R idx=38 cmd=[0.4656 -0.1812 1.9166 -0.0373 -0.0031 0.0261] meas=[0.5216 -0.1979 1.9926 -0.0169 -0.0031 0.0383] xyz=250.51,143.95,157.31 track=0.0761
ts=41408.406 cmd_ts=1.906 fb_ts=1.906 leg=R idx=39 cmd=[0.4583 -0.1731 1.9092 -0.0380 -0.0031 0.0261] meas=[0.5139 -0.1902 1.9850 -0.0184 -0.0031 0.0383] xyz=253.26,142.96,157.69 track=0.0757
ts=41408.453 cmd_ts=1.953 fb_ts=1.953 leg=R idx=40 cmd=[0.4510 -0.1652 1.9019 -0.0386 -0.0031 0.0261] meas=[0.5108 -0.1887 1.9819 -0.0199 -0.0031 0.0383] xyz=254.19,142.46,158.44 track=0.0800
ts=41408.500 cmd_ts=2.000 fb_ts=2.000 leg=R idx=41 cmd=[0.4437 -0.1575 1.8946 -0.0390 -0.0031 0.0261] meas=[0.5001 -0.1718 1.9696 -0.0199 -0.0031 0.0383] xyz=258.91,141.47,157.25 track=0.0750
ts=41408.562 cmd_ts=2.062 fb_ts=2.062 leg=R idx=42 cmd=[0.4364 -0.1498 1.8873 -0.0394 -0.0031 0.0261] meas=[0.4939 -0.1657 1.9620 -0.0199 -0.0031 0.0383] xyz=261.17,140.63,157.78 track=0.0747
ts=41408.593 cmd_ts=2.093 fb_ts=2.109 leg=R idx=43 cmd=[0.4290 -0.1423 1.8800 -0.0396 -0.0031 0.0261] meas=[0.4832 -0.1565 1.9558 -0.0199 -0.0031 0.0383] xyz=264.39,138.72,156.92 track=0.0758
ts=41408.656 cmd_ts=2.156 fb_ts=2.156 leg=R idx=44 cmd=[0.4216 -0.1349 1.8728 -0.0398 -0.0031 0.0261] meas=[0.4786 -0.1503 1.9497 -0.0199 -0.0031 0.0383] xyz=266.33,138.18,156.96 track=0.0769
ts=41408.703 cmd_ts=2.203 fb_ts=2.203 leg=R idx=45 cmd=[0.4142 -0.1276 1.8656 -0.0399 -0.0031 0.0261] meas=[0.4740 -0.1473 1.9451 -0.0215 -0.0031 0.0383] xyz=267.79,137.38,157.70 track=0.0795
ts=41408.750 cmd_ts=2.250 fb_ts=2.250 leg=R idx=46 cmd=[0.4068 -0.1204 1.8584 -0.0398 -0.0031 0.0261] meas=[0.4679 -0.1396 1.9436 -0.0261 -0.0031 0.0383] xyz=270.01,136.43,156.61 track=0.0852
ts=41408.796 cmd_ts=2.296 fb_ts=2.296 leg=R idx=47 cmd=[0.3993 -0.1134 1.8512 -0.0397 -0.0031 0.0261] meas=[0.4556 -0.1273 1.9267 -0.0261 -0.0031 0.0383] xyz=274.63,134.56,158.04 track=0.0755
ts=41408.859 cmd_ts=2.359 fb_ts=2.359 leg=R idx=48 cmd=[0.3918 -0.1065 1.8441 -0.0395 -0.0031 0.0261] meas=[0.4495 -0.1212 1.9205 -0.0261 -0.0031 0.0383] xyz=276.77,133.51,158.04 track=0.0764
ts=41408.890 cmd_ts=2.390 fb_ts=2.406 leg=R idx=49 cmd=[0.3843 -0.0997 1.8371 -0.0393 -0.0031 0.0261] meas=[0.4403 -0.1120 1.9144 -0.0261 -0.0031 0.0383] xyz=279.75,131.79,157.08 track=0.0773
ts=41408.953 cmd_ts=2.453 fb_ts=2.453 leg=R idx=50 cmd=[0.3768 -0.0930 1.8301 -0.0389 -0.0031 0.0261] meas=[0.4357 -0.1058 1.9098 -0.0261 -0.0031 0.0383] xyz=281.57,131.06,156.58 track=0.0797
ts=41409.000 cmd_ts=2.500 fb_ts=2.500 leg=R idx=51 cmd=[0.3692 -0.0865 1.8231 -0.0385 -0.0031 0.0261] meas=[0.4310 -0.1028 1.9067 -0.0261 -0.0031 0.0383] xyz=282.84,130.07,156.57 track=0.0836
ts=41409.062 cmd_ts=2.562 fb_ts=2.562 leg=R idx=52 cmd=[0.3617 -0.0800 1.8162 -0.0381 -0.0031 0.0261] meas=[0.4188 -0.0905 1.8914 -0.0261 -0.0031 0.0383] xyz=287.31,127.89,157.42 track=0.0752
ts=41409.093 cmd_ts=2.593 fb_ts=2.593 leg=R idx=53 cmd=[0.3541 -0.0737 1.8094 -0.0376 -0.0031 0.0261] meas=[0.4126 -0.0859 1.8853 -0.0261 -0.0031 0.0383] xyz=289.21,126.61,157.85 track=0.0759
ts=41409.156 cmd_ts=2.656 fb_ts=2.656 leg=R idx=54 cmd=[0.3465 -0.0675 1.8027 -0.0370 -0.0031 0.0261] meas=[0.4080 -0.0828 1.8822 -0.0261 -0.0031 0.0383] xyz=290.46,125.57,157.82 track=0.0795
ts=41409.203 cmd_ts=2.703 fb_ts=2.703 leg=R idx=55 cmd=[0.3389 -0.0615 1.7960 -0.0364 -0.0031 0.0261] meas=[0.3973 -0.0706 1.8715 -0.0261 -0.0031 0.0383] xyz=294.38,123.53,157.20 track=0.0755
ts=41409.250 cmd_ts=2.750 fb_ts=2.750 leg=R idx=56 cmd=[0.3312 -0.0555 1.7894 -0.0357 -0.0031 0.0261] meas=[0.3896 -0.0644 1.8638 -0.0261 -0.0031 0.0383] xyz=296.79,121.87,157.59 track=0.0744
ts=41409.296 cmd_ts=2.796 fb_ts=2.796 leg=R idx=57 cmd=[0.3236 -0.0497 1.7828 -0.0350 -0.0031 0.0261] meas=[0.3850 -0.0598 1.8592 -0.0261 -0.0031 0.0383] xyz=298.36,120.91,157.52 track=0.0763
ts=41409.359 cmd_ts=2.859 fb_ts=2.859 leg=R idx=58 cmd=[0.3159 -0.0441 1.7764 -0.0342 -0.0031 0.0261] meas=[0.3728 -0.0506 1.8469 -0.0261 -0.0031 0.0383] xyz=302.09,118.13,158.30 track=0.0705
ts=41409.406 cmd_ts=2.906 fb_ts=2.906 leg=R idx=59 cmd=[0.3082 -0.0385 1.7701 -0.0335 -0.0031 0.0261] meas=[0.3666 -0.0460 1.8408 -0.0261 -0.0031 0.0383] xyz=303.95,116.71,158.69 track=0.0707
ts=41409.453 cmd_ts=2.953 fb_ts=2.953 leg=R idx=60 cmd=[0.3005 -0.0330 1.7638 -0.0326 -0.0031 0.0261] meas=[0.3605 -0.0414 1.8377 -0.0261 -0.0031 0.0383] xyz=305.57,115.19,158.13 track=0.0739
ts=41409.500 cmd_ts=3.000 fb_ts=3.000 leg=R idx=61 cmd=[0.2928 -0.0277 1.7576 -0.0318 -0.0031 0.0261] meas=[0.3482 -0.0307 1.8270 -0.0261 -0.0031 0.0383] xyz=309.36,112.30,157.90 track=0.0693
ts=41409.546 cmd_ts=3.046 fb_ts=3.062 leg=R idx=62 cmd=[0.2850 -0.0225 1.7516 -0.0309 -0.0031 0.0261] meas=[0.3421 -0.0261 1.8224 -0.0261 -0.0031 0.0383] xyz=311.07,110.76,157.79 track=0.0708
ts=41409.593 cmd_ts=3.093 fb_ts=3.109 leg=R idx=63 cmd=[0.2773 -0.0175 1.7456 -0.0300 -0.0031 0.0261] meas=[0.3313 -0.0215 1.8147 -0.0261 -0.0031 0.0383] xyz=313.51,107.85,158.62 track=0.0691
ts=41409.656 cmd_ts=3.156 fb_ts=3.156 leg=R idx=64 cmd=[0.2695 -0.0125 1.7397 -0.0291 -0.0031 0.0261] meas=[0.3283 -0.0153 1.8116 -0.0261 -0.0031 0.0383] xyz=314.98,107.28,157.52 track=0.0719
ts=41409.703 cmd_ts=3.203 fb_ts=3.203 leg=R idx=65 cmd=[0.2618 -0.0077 1.7340 -0.0282 -0.0031 0.0261] meas=[0.3237 -0.0138 1.8101 -0.0261 -0.0031 0.0383] xyz=315.82,105.95,157.48 track=0.0761
ts=41409.750 cmd_ts=3.250 fb_ts=3.250 leg=R idx=66 cmd=[0.2540 -0.0030 1.7283 -0.0272 -0.0031 0.0261] meas=[0.3175 -0.0107 1.8055 -0.0261 -0.0031 0.0383] xyz=317.27,104.27,157.87 track=0.0772
ts=41409.796 cmd_ts=3.296 fb_ts=3.296 leg=R idx=67 cmd=[0.2462 0.0016 1.7228 -0.0263 -0.0031 0.0261] meas=[0.3068 0.0000 1.7948 -0.0261 -0.0031 0.0383] xyz=320.80,101.63,157.56 track=0.0719
ts=41409.859 cmd_ts=3.359 fb_ts=3.359 leg=R idx=68 cmd=[0.2384 0.0060 1.7174 -0.0253 -0.0031 0.0261] meas=[0.3022 0.0031 1.7902 -0.0261 -0.0031 0.0383] xyz=322.07,100.40,157.93 track=0.0727
ts=41409.890 cmd_ts=3.390 fb_ts=3.406 leg=R idx=69 cmd=[0.2305 0.0103 1.7121 -0.0243 -0.0031 0.0261] meas=[0.2915 0.0092 1.7810 -0.0261 -0.0031 0.0383] xyz=324.75,97.43,158.68 track=0.0688
ts=41409.953 cmd_ts=3.453 fb_ts=3.453 leg=R idx=70 cmd=[0.2227 0.0145 1.7070 -0.0234 -0.0031 0.0261] meas=[0.2838 0.0138 1.7748 -0.0261 -0.0031 0.0383] xyz=326.65,95.27,159.00 track=0.0678
ts=41410.000 cmd_ts=3.500 fb_ts=3.500 leg=R idx=71 cmd=[0.2149 0.0186 1.7020 -0.0224 -0.0031 0.0261] meas=[0.2761 0.0153 1.7748 -0.0261 -0.0031 0.0383] xyz=327.60,92.83,158.48 track=0.0729
ts=41410.046 cmd_ts=3.546 fb_ts=3.562 leg=R idx=72 cmd=[0.2070 0.0225 1.6971 -0.0214 -0.0031 0.0261] meas=[0.2623 0.0184 1.7702 -0.0261 -0.0031 0.0383] xyz=329.67,88.52,158.85 track=0.0732
ts=41410.093 cmd_ts=3.593 fb_ts=3.593 leg=R idx=73 cmd=[0.1992 0.0263 1.6923 -0.0205 -0.0031 0.0261] meas=[0.2562 0.0245 1.7656 -0.0261 -0.0031 0.0383] xyz=331.49,86.83,158.16 track=0.0733
ts=41410.156 cmd_ts=3.656 fb_ts=3.656 leg=R idx=74 cmd=[0.1913 0.0300 1.6877 -0.0195 -0.0031 0.0261] meas=[0.2516 0.0261 1.7610 -0.0261 -0.0031 0.0383] xyz=332.47,85.45,159.05 track=0.0733
ts=41410.203 cmd_ts=3.703 fb_ts=3.703 leg=R idx=75 cmd=[0.1834 0.0335 1.6832 -0.0186 -0.0031 0.0261] meas=[0.2408 0.0353 1.7503 -0.0261 -0.0031 0.0383] xyz=335.59,82.42,159.18 track=0.0671
ts=41410.250 cmd_ts=3.750 fb_ts=3.750 leg=R idx=76 cmd=[0.1755 0.0370 1.6788 -0.0177 -0.0031 0.0261] meas=[0.2332 0.0399 1.7457 -0.0261 -0.0031 0.0383] xyz=337.27,80.10,159.00 track=0.0668
ts=41410.296 cmd_ts=3.796 fb_ts=3.796 leg=R idx=77 cmd=[0.1676 0.0403 1.6747 -0.0168 -0.0031 0.0261] meas=[0.2286 0.0399 1.7426 -0.0261 -0.0031 0.0383] xyz=337.86,78.60,159.94 track=0.0680
ts=41410.359 cmd_ts=3.859 fb_ts=3.859 leg=R idx=78 cmd=[0.1597 0.0434 1.6706 -0.0159 -0.0031 0.0261] meas=[0.2163 0.0414 1.7395 -0.0261 -0.0031 0.0383] xyz=339.26,74.55,160.35 track=0.0689
ts=41410.406 cmd_ts=3.906 fb_ts=3.906 leg=R idx=79 cmd=[0.1518 0.0465 1.6667 -0.0151 -0.0031 0.0261] meas=[0.2102 0.0430 1.7334 -0.0261 -0.0031 0.0383] xyz=340.40,72.61,161.71 track=0.0667
ts=41410.437 cmd_ts=3.937 fb_ts=3.937 leg=R idx=80 cmd=[0.1439 0.0494 1.6630 -0.0142 -0.0031 0.0261] meas=[0.2040 0.0491 1.7303 -0.0261 -0.0031 0.0383] xyz=342.03,70.77,160.51 track=0.0674
ts=41410.515 cmd_ts=4.015 fb_ts=4.015 leg=R idx=81 cmd=[0.1360 0.0521 1.6594 -0.0134 -0.0031 0.0261] meas=[0.1917 0.0568 1.7242 -0.0199 -0.0031 0.0383] xyz=344.26,66.83,158.69 track=0.0648
ts=41410.546 cmd_ts=4.046 fb_ts=4.046 leg=R idx=82 cmd=[0.1281 0.0548 1.6559 -0.0126 -0.0031 0.0261] meas=[0.1856 0.0598 1.7227 -0.0199 -0.0031 0.0383] xyz=345.25,64.83,158.09 track=0.0667
ts=41410.593 cmd_ts=4.093 fb_ts=4.093 leg=R idx=83 cmd=[0.1201 0.0573 1.6527 -0.0119 -0.0031 0.0261] meas=[0.1810 0.0598 1.7211 -0.0199 -0.0031 0.0383] xyz=345.66,63.26,158.56 track=0.0685
ts=41410.656 cmd_ts=4.156 fb_ts=4.156 leg=R idx=84 cmd=[0.1122 0.0597 1.6495 -0.0111 -0.0031 0.0261] meas=[0.1672 0.0644 1.7119 -0.0169 -0.0031 0.0383] xyz=347.77,58.70,159.26 track=0.0624
ts=41410.703 cmd_ts=4.203 fb_ts=4.203 leg=R idx=85 cmd=[0.1042 0.0619 1.6466 -0.0104 -0.0031 0.0261] meas=[0.1595 0.0690 1.7058 -0.0169 -0.0031 0.0383] xyz=349.39,56.22,159.52 track=0.0592
ts=41410.750 cmd_ts=4.250 fb_ts=4.265 leg=R idx=86 cmd=[0.0963 0.0641 1.6438 -0.0098 -0.0031 0.0261] meas=[0.1488 0.0721 1.7058 -0.0169 -0.0031 0.0383] xyz=350.45,52.53,158.43 track=0.0620
ts=41410.796 cmd_ts=4.296 fb_ts=4.296 leg=R idx=87 cmd=[0.0883 0.0661 1.6412 -0.0091 -0.0031 0.0261] meas=[0.1427 0.0752 1.7027 -0.0169 -0.0031 0.0383] xyz=351.48,50.49,158.29 track=0.0615
ts=41410.843 cmd_ts=4.343 fb_ts=4.343 leg=R idx=88 cmd=[0.0804 0.0679 1.6387 -0.0085 -0.0031 0.0261] meas=[0.1396 0.0767 1.6997 -0.0169 -0.0031 0.0383] xyz=352.10,49.47,158.69 track=0.0609
ts=41410.906 cmd_ts=4.406 fb_ts=4.406 leg=R idx=89 cmd=[0.0724 0.0696 1.6365 -0.0080 -0.0031 0.0261] meas=[0.1273 0.0782 1.6966 -0.0169 -0.0031 0.0383] xyz=353.15,45.21,159.09 track=0.0601
ts=41410.953 cmd_ts=4.453 fb_ts=4.453 leg=R idx=90 cmd=[0.0645 0.0712 1.6344 -0.0075 -0.0031 0.0261] meas=[0.1212 0.0782 1.6966 -0.0169 -0.0031 0.0383] xyz=353.42,43.04,159.09 track=0.0622
ts=41411.000 cmd_ts=4.500 fb_ts=4.500 leg=R idx=91 cmd=[0.0565 0.0727 1.6324 -0.0070 -0.0031 0.0261] meas=[0.1166 0.0782 1.6966 -0.0169 -0.0031 0.0383] xyz=353.62,41.41,159.09 track=0.0642
ts=41411.046 cmd_ts=4.546 fb_ts=4.546 leg=R idx=92 cmd=[0.0485 0.0740 1.6307 -0.0065 -0.0031 0.0261] meas=[0.1058 0.0782 1.6920 -0.0169 -0.0031 0.0383] xyz=354.38,37.65,160.50 track=0.0613
ts=41411.109 cmd_ts=4.609 fb_ts=4.609 leg=R idx=93 cmd=[0.0405 0.0752 1.6291 -0.0062 -0.0031 0.0261] meas=[0.0982 0.0813 1.6858 -0.0153 -0.0031 0.0383] xyz=355.53,35.02,161.04 track=0.0576
ts=41411.156 cmd_ts=4.656 fb_ts=4.671 leg=R idx=94 cmd=[0.0326 0.0762 1.6277 -0.0058 -0.0031 0.0261] meas=[0.0844 0.0859 1.6797 -0.0138 -0.0031 0.0383] xyz=357.09,30.20,161.03 track=0.0520
ts=41411.203 cmd_ts=4.703 fb_ts=4.703 leg=R idx=95 cmd=[0.0246 0.0772 1.6264 -0.0055 -0.0031 0.0261] meas=[0.0798 0.0874 1.6782 -0.0138 -0.0031 0.0383] xyz=357.58,28.58,160.95 track=0.0552
ts=41411.250 cmd_ts=4.750 fb_ts=4.750 leg=R idx=96 cmd=[0.0166 0.0780 1.6254 -0.0052 -0.0031 0.0261] meas=[0.0752 0.0874 1.6782 -0.0138 -0.0031 0.0383] xyz=357.71,26.94,160.95 track=0.0586
ts=41411.296 cmd_ts=4.796 fb_ts=4.796 leg=R idx=97 cmd=[0.0086 0.0786 1.6245 -0.0050 -0.0031 0.0261] meas=[0.0675 0.0874 1.6782 -0.0138 -0.0031 0.0383] xyz=357.91,24.19,160.95 track=0.0589
ts=41411.359 cmd_ts=4.859 fb_ts=4.859 leg=R idx=98 cmd=[0.0006 0.0791 1.6238 -0.0048 -0.0031 0.0261] meas=[0.0552 0.0874 1.6782 -0.0138 -0.0031 0.0383] xyz=358.18,19.80,160.95 track=0.0546
ts=41411.390 cmd_ts=4.890 fb_ts=4.890 leg=R idx=99 cmd=[-0.0074 0.0795 1.6233 -0.0047 -0.0031 0.0261] meas=[0.0476 0.0874 1.6782 -0.0107 -0.0031 0.0383] xyz=358.18,17.05,160.44 track=0.0549
ts=41411.453 cmd_ts=4.953 fb_ts=4.953 leg=R idx=100 cmd=[-0.0153 0.0798 1.6230 -0.0046 -0.0031 0.0261] meas=[0.0430 0.0920 1.6782 -0.0077 -0.0031 0.0383] xyz=358.85,15.42,158.28 track=0.0583
