# constZ-continuous tag=reg3 port=COM21 ik=C:\Users\Mukund\Documents\Ro-Arm\roarm_sdk\waveshare_ik.py home_xyz=[360.51 -5.53 179.29] z0=179.29 R=150 sweep=110 waypoints=101 envelope=3.0deg sweep_max=10.0s move_tol=0.5deg progress_tol=0.1deg resume_tol=3.00deg
# attempt 1: M=[-0.0153 0.0798 1.6230 -0.0046 -0.0031 0.0261] i_target=6 max_disp=2.744 deg per_joint=[2.74 0.20 0.27 0.07 0.00] deg
t=0.000 att=1 phase=pump idx=0 cmd=[-0.0153 0.0798 1.6230 -0.0046 -0.0031 0.0261] meas=[-0.0153 0.0798 1.6230 -0.0046 -0.0031 0.0261] moved=0.000 dist_tgt=2.744
t=0.000 att=1 phase=pump idx=1 cmd=[-0.0140 0.0797 1.6230 -0.0046 -0.0031 0.0261] meas=[-0.0153 0.0798 1.6230 -0.0046 -0.0031 0.0261] moved=0.000 dist_tgt=2.744
t=0.062 att=1 phase=pump idx=2 cmd=[-0.0126 0.0797 1.6231 -0.0046 -0.0031 0.0261] meas=[-0.0153 0.0798 1.6230 -0.0046 -0.0031 0.0261] moved=0.000 dist_tgt=2.744
t=0.093 att=1 phase=pump idx=3 cmd=[-0.0112 0.0796 1.6231 -0.0047 -0.0031 0.0261] meas=[-0.0153 0.0798 1.6230 -0.0046 -0.0031 0.0261] moved=0.000 dist_tgt=2.744
t=0.156 att=1 phase=pump idx=4 cmd=[-0.0099 0.0796 1.6232 -0.0047 -0.0031 0.0261] meas=[-0.0153 0.0798 1.6230 -0.0046 -0.0031 0.0261] moved=0.000 dist_tgt=2.744
t=0.203 att=1 phase=pump idx=5 cmd=[-0.0085 0.0796 1.6232 -0.0047 -0.0031 0.0261] meas=[-0.0153 0.0798 1.6230 -0.0046 -0.0031 0.0261] moved=0.000 dist_tgt=2.744
t=0.250 att=1 phase=pump idx=6 cmd=[-0.0071 0.0795 1.6233 -0.0047 -0.0031 0.0261] meas=[-0.0153 0.0798 1.6230 -0.0046 -0.0031 0.0261] moved=0.000 dist_tgt=2.744
t=0.297 att=1 phase=pump idx=7 cmd=[-0.0058 0.0794 1.6234 -0.0047 -0.0031 0.0261] meas=[-0.0153 0.0798 1.6230 -0.0046 -0.0031 0.0261] moved=0.000 dist_tgt=2.744
t=0.343 att=1 phase=pump idx=8 cmd=[-0.0044 0.0794 1.6235 -0.0047 -0.0031 0.0261] meas=[-0.0153 0.0798 1.6230 -0.0046 -0.0031 0.0261] moved=0.000 dist_tgt=2.744
t=0.406 att=1 phase=pump idx=9 cmd=[-0.0030 0.0793 1.6236 -0.0048 -0.0031 0.0261] meas=[-0.0153 0.0798 1.6230 -0.0046 -0.0031 0.0261] moved=0.000 dist_tgt=2.744
t=0.453 att=1 phase=pump idx=10 cmd=[-0.0017 0.0792 1.6237 -0.0048 -0.0031 0.0261] meas=[-0.0153 0.0798 1.6230 -0.0046 -0.0031 0.0261] moved=0.000 dist_tgt=2.744
t=0.500 att=1 phase=pump idx=11 cmd=[-0.0003 0.0792 1.6238 -0.0048 -0.0031 0.0261] meas=[-0.0153 0.0798 1.6230 -0.0046 -0.0031 0.0261] moved=0.000 dist_tgt=2.744
t=0.547 att=1 phase=pump idx=12 cmd=[0.0011 0.0791 1.6239 -0.0048 -0.0031 0.0261] meas=[-0.0153 0.0798 1.6230 -0.0046 -0.0031 0.0261] moved=0.000 dist_tgt=2.744
t=0.609 att=1 phase=pump idx=13 cmd=[0.0025 0.0790 1.6240 -0.0049 -0.0031 0.0261] meas=[-0.0153 0.0798 1.6230 -0.0046 -0.0031 0.0261] moved=0.000 dist_tgt=2.744
t=0.640 att=1 phase=pump idx=14 cmd=[0.0038 0.0789 1.6241 -0.0049 -0.0031 0.0261] meas=[-0.0153 0.0798 1.6230 -0.0046 -0.0031 0.0261] moved=0.000 dist_tgt=2.744
t=0.703 att=1 phase=pump idx=15 cmd=[0.0052 0.0788 1.6242 -0.0049 -0.0031 0.0261] meas=[-0.0153 0.0798 1.6230 -0.0046 -0.0031 0.0261] moved=0.000 dist_tgt=2.744
t=0.750 att=1 phase=pump idx=16 cmd=[0.0066 0.0787 1.6243 -0.0050 -0.0031 0.0261] meas=[-0.0153 0.0798 1.6230 -0.0046 -0.0031 0.0261] moved=0.000 dist_tgt=2.744
t=0.812 att=1 phase=pump idx=17 cmd=[0.0079 0.0787 1.6245 -0.0050 -0.0031 0.0261] meas=[-0.0153 0.0798 1.6230 -0.0046 -0.0031 0.0261] moved=0.000 dist_tgt=2.744
t=0.843 att=1 phase=pump idx=18 cmd=[0.0093 0.0786 1.6246 -0.0050 -0.0031 0.0261] meas=[-0.0153 0.0798 1.6230 -0.0046 -0.0031 0.0261] moved=0.000 dist_tgt=2.744
t=0.906 att=1 phase=pump idx=19 cmd=[0.0107 0.0784 1.6247 -0.0051 -0.0031 0.0261] meas=[-0.0153 0.0798 1.6230 -0.0046 -0.0031 0.0261] moved=0.000 dist_tgt=2.744
t=0.953 att=1 phase=pump idx=20 cmd=[0.0120 0.0783 1.6249 -0.0051 -0.0031 0.0261] meas=[-0.0153 0.0813 1.6230 -0.0046 -0.0031 0.0261] moved=0.088 dist_tgt=2.744
t=1.000 att=1 phase=pump idx=21 cmd=[0.0134 0.0782 1.6250 -0.0051 -0.0031 0.0261] meas=[-0.0153 0.0936 1.6306 -0.0046 -0.0031 0.0261] moved=0.791 dist_tgt=2.744
t=1.047 att=1 phase=pump idx=22 cmd=[0.0148 0.0781 1.6252 -0.0052 -0.0031 0.0261] meas=[-0.0153 0.1058 1.6322 -0.0046 -0.0031 0.0261] moved=1.494 dist_tgt=2.744
t=1.109 att=1 phase=pump idx=23 cmd=[0.0161 0.0780 1.6253 -0.0052 -0.0031 0.0261] meas=[-0.0153 0.1058 1.6322 -0.0046 -0.0031 0.0261] moved=1.494 dist_tgt=2.744
t=1.140 att=1 phase=pump idx=24 cmd=[0.0175 0.0779 1.6255 -0.0053 -0.0031 0.0261] meas=[-0.0153 0.1058 1.6322 -0.0046 -0.0031 0.0261] moved=1.494 dist_tgt=2.744
t=1.203 att=1 phase=pump idx=25 cmd=[0.0189 0.0777 1.6257 -0.0053 -0.0031 0.0261] meas=[-0.0153 0.1058 1.6322 -0.0046 -0.0031 0.0261] moved=1.494 dist_tgt=2.744
t=1.250 att=1 phase=pump idx=26 cmd=[0.0202 0.0776 1.6259 -0.0053 -0.0031 0.0261] meas=[-0.0153 0.1058 1.6322 -0.0046 -0.0031 0.0261] moved=1.494 dist_tgt=2.744
t=1.312 att=1 phase=pump idx=27 cmd=[0.0216 0.0775 1.6260 -0.0054 -0.0031 0.0261] meas=[-0.0153 0.1058 1.6322 -0.0046 -0.0031 0.0261] moved=1.494 dist_tgt=2.744
t=1.343 att=1 phase=pump idx=28 cmd=[0.0230 0.0773 1.6262 -0.0054 -0.0031 0.0261] meas=[-0.0153 0.1058 1.6322 -0.0046 -0.0031 0.0261] moved=1.494 dist_tgt=2.744
t=1.406 att=1 phase=pump idx=29 cmd=[0.0244 0.0772 1.6264 -0.0055 -0.0031 0.0261] meas=[-0.0153 0.1058 1.6322 -0.0046 -0.0031 0.0261] moved=1.494 dist_tgt=2.744
t=1.453 att=1 phase=pump idx=30 cmd=[0.0257 0.0770 1.6266 -0.0055 -0.0031 0.0261] meas=[-0.0107 0.1058 1.6322 -0.0046 -0.0031 0.0261] moved=1.494 dist_tgt=2.481
t=1.500 att=1 phase=pump idx=31 cmd=[0.0271 0.0769 1.6268 -0.0056 -0.0031 0.0261] meas=[-0.0061 0.1058 1.6322 -0.0046 -0.0031 0.0261] moved=1.494 dist_tgt=2.217
# attempt 1 COMMITTED phase=pump t=1.500 t102_continuous=True
===== CONTINUOUS FORWARD: direct transition to wp=0 compat_err=1.494deg (NO align hold, NO T102 gap) =====
adv t=0.000 leg=F idx=0 cmd=[-0.0153 0.0798 1.6230 -0.0046 -0.0031 0.0261] meas=[-0.0031 0.1058 1.6322 -0.0046 -0.0031 0.0261] xyz=364.51,-1.12,166.98 track=0.0261
adv t=0.046 leg=F idx=1 cmd=[-0.0074 0.0795 1.6233 -0.0047 -0.0031 0.0261] meas=[0.0000 0.1058 1.6322 -0.0046 -0.0031 0.0261] xyz=364.52,0.00,166.98 track=0.0263
adv t=0.109 leg=F idx=2 cmd=[0.0006 0.0791 1.6238 -0.0048 -0.0031 0.0261] meas=[0.0031 0.1058 1.6322 -0.0046 -0.0031 0.0261] xyz=364.51,1.12,166.98 track=0.0267
adv t=0.140 leg=F idx=3 cmd=[0.0086 0.0786 1.6245 -0.0050 -0.0031 0.0261] meas=[0.0031 0.1058 1.6322 -0.0046 -0.0031 0.0261] xyz=364.51,1.12,166.98 track=0.0272
adv t=0.203 leg=F idx=4 cmd=[0.0166 0.0780 1.6254 -0.0052 -0.0031 0.0261] meas=[0.0031 0.1058 1.6322 -0.0046 -0.0031 0.0261] xyz=364.51,1.12,166.98 track=0.0279
adv t=0.250 leg=F idx=5 cmd=[0.0246 0.0772 1.6264 -0.0055 -0.0031 0.0261] meas=[0.0031 0.1058 1.6322 -0.0046 -0.0031 0.0261] xyz=364.51,1.12,166.98 track=0.0287
adv t=0.312 leg=F idx=6 cmd=[0.0326 0.0762 1.6277 -0.0058 -0.0031 0.0261] meas=[0.0031 0.1058 1.6322 -0.0046 -0.0031 0.0261] xyz=364.51,1.12,166.98 track=0.0296
adv t=0.359 leg=F idx=7 cmd=[0.0405 0.0752 1.6291 -0.0062 -0.0031 0.0261] meas=[0.0031 0.1058 1.6322 -0.0046 -0.0031 0.0261] xyz=364.51,1.12,166.98 track=0.0375
adv t=0.390 leg=F idx=8 cmd=[0.0485 0.0740 1.6307 -0.0065 -0.0031 0.0261] meas=[0.0031 0.1058 1.6322 -0.0046 -0.0031 0.0261] xyz=364.51,1.12,166.98 track=0.0454
adv t=0.453 leg=F idx=9 cmd=[0.0565 0.0727 1.6324 -0.0070 -0.0031 0.0261] meas=[0.0031 0.1058 1.6322 -0.0046 -0.0031 0.0261] xyz=364.51,1.12,166.98 track=0.0534
adv t=0.500 leg=F idx=10 cmd=[0.0645 0.0712 1.6344 -0.0075 -0.0031 0.0261] meas=[0.0123 0.1058 1.6337 -0.0046 -0.0031 0.0261] xyz=364.39,4.47,166.50 track=0.0522
adv t=0.562 leg=F idx=11 cmd=[0.0724 0.0696 1.6365 -0.0080 -0.0031 0.0261] meas=[0.0199 0.1058 1.6352 -0.0046 -0.0031 0.0261] xyz=364.24,7.26,166.03 track=0.0525
adv t=0.593 leg=F idx=12 cmd=[0.0804 0.0679 1.6387 -0.0085 -0.0031 0.0261] meas=[0.0276 0.1058 1.6352 -0.0046 -0.0031 0.0261] xyz=364.17,10.06,166.03 track=0.0528
adv t=0.656 leg=F idx=13 cmd=[0.0883 0.0661 1.6412 -0.0091 -0.0031 0.0261] meas=[0.0337 0.1058 1.6352 -0.0046 -0.0031 0.0261] xyz=364.11,12.29,166.03 track=0.0546
adv t=0.703 leg=F idx=14 cmd=[0.0963 0.0641 1.6438 -0.0098 -0.0031 0.0261] meas=[0.0445 0.1058 1.6429 -0.0046 -0.0031 0.0261] xyz=363.44,16.18,163.66 track=0.0518
adv t=0.750 leg=F idx=15 cmd=[0.1042 0.0619 1.6466 -0.0104 -0.0031 0.0261] meas=[0.0491 0.1058 1.6429 -0.0046 -0.0031 0.0261] xyz=363.36,17.85,163.66 track=0.0552
adv t=0.796 leg=F idx=16 cmd=[0.1122 0.0597 1.6495 -0.0111 -0.0031 0.0261] meas=[0.0614 0.1058 1.6460 -0.0046 -0.0031 0.0261] xyz=362.90,22.30,162.71 track=0.0508
adv t=0.859 leg=F idx=17 cmd=[0.1201 0.0573 1.6527 -0.0119 -0.0031 0.0261] meas=[0.0675 0.1058 1.6490 -0.0046 -0.0031 0.0261] xyz=362.54,24.51,161.76 track=0.0526
adv t=0.906 leg=F idx=18 cmd=[0.1281 0.0548 1.6559 -0.0126 -0.0031 0.0261] meas=[0.0798 0.1058 1.6521 -0.0046 -0.0031 0.0261] xyz=362.00,28.94,160.82 track=0.0511
adv t=0.953 leg=F idx=19 cmd=[0.1360 0.0521 1.6594 -0.0134 -0.0031 0.0261] meas=[0.0844 0.1058 1.6552 -0.0046 -0.0031 0.0261] xyz=361.64,30.58,159.87 track=0.0537
adv t=1.000 leg=F idx=20 cmd=[0.1439 0.0494 1.6630 -0.0142 -0.0031 0.0261] meas=[0.0905 0.1058 1.6552 -0.0046 -0.0031 0.0261] xyz=361.44,32.80,159.87 track=0.0565
adv t=1.062 leg=F idx=21 cmd=[0.1518 0.0465 1.6667 -0.0151 -0.0031 0.0261] meas=[0.1012 0.1058 1.6644 -0.0046 -0.0031 0.0261] xyz=360.40,36.61,157.04 track=0.0594
adv t=1.093 leg=F idx=22 cmd=[0.1597 0.0434 1.6706 -0.0159 -0.0031 0.0261] meas=[0.1074 0.1058 1.6644 -0.0046 -0.0031 0.0261] xyz=360.16,38.82,157.04 track=0.0624
adv t=1.156 leg=F idx=23 cmd=[0.1676 0.0403 1.6747 -0.0168 -0.0031 0.0261] meas=[0.1135 0.1058 1.6644 -0.0046 -0.0031 0.0261] xyz=359.92,41.03,157.04 track=0.0656
adv t=1.203 leg=F idx=24 cmd=[0.1755 0.0370 1.6788 -0.0177 -0.0031 0.0261] meas=[0.1273 0.1043 1.6736 -0.0061 -0.0031 0.0261] xyz=358.46,45.89,155.02 track=0.0673
adv t=1.250 leg=F idx=25 cmd=[0.1834 0.0335 1.6832 -0.0186 -0.0031 0.0261] meas=[0.1319 0.1043 1.6720 -0.0061 -0.0031 0.0261] xyz=358.36,47.55,155.49 track=0.0708
adv t=1.296 leg=F idx=26 cmd=[0.1913 0.0300 1.6877 -0.0195 -0.0031 0.0261] meas=[0.1365 0.1043 1.6782 -0.0061 -0.0031 0.0261] xyz=357.66,49.14,153.61 track=0.0743
adv t=1.359 leg=F idx=27 cmd=[0.1992 0.0263 1.6923 -0.0205 -0.0031 0.0261] meas=[0.1473 0.1043 1.6812 -0.0061 -0.0031 0.0261] xyz=356.87,52.94,152.67 track=0.0780
adv t=1.406 leg=F idx=28 cmd=[0.2070 0.0225 1.6971 -0.0214 -0.0031 0.0261] meas=[0.1534 0.1043 1.6889 -0.0061 -0.0031 0.0261] xyz=355.93,55.03,150.32 track=0.0818
adv t=1.453 leg=F idx=29 cmd=[0.2149 0.0186 1.7020 -0.0224 -0.0031 0.0261] meas=[0.1580 0.1028 1.6904 -0.0061 -0.0031 0.0261] xyz=355.32,56.61,150.41 track=0.0842
adv t=1.500 leg=F idx=30 cmd=[0.2227 0.0145 1.7070 -0.0234 -0.0031 0.0261] meas=[0.1703 0.1028 1.6997 -0.0061 -0.0031 0.0261] xyz=353.84,60.84,147.60 track=0.0883
adv t=1.562 leg=F idx=31 cmd=[0.2305 0.0103 1.7121 -0.0243 -0.0031 0.0261] meas=[0.1749 0.1028 1.7027 -0.0061 -0.0031 0.0261] xyz=353.30,62.42,146.66 track=0.0925
adv t=1.609 leg=F idx=32 cmd=[0.2384 0.0060 1.7174 -0.0253 -0.0031 0.0261] meas=[0.1871 0.1012 1.7089 -0.0077 -0.0031 0.0261] xyz=351.84,66.63,145.59 track=0.0952
adv t=1.656 leg=F idx=33 cmd=[0.2462 0.0016 1.7228 -0.0263 -0.0031 0.0261] meas=[0.1933 0.0982 1.7150 -0.0077 -0.0031 0.0261] xyz=350.47,68.59,144.82 track=0.0966
adv t=1.703 leg=F idx=34 cmd=[0.2540 -0.0030 1.7283 -0.0272 -0.0031 0.0261] meas=[0.1979 0.0982 1.7150 -0.0092 -0.0031 0.0261] xyz=350.23,70.22,145.08 track=0.1012
adv t=1.750 leg=F idx=35 cmd=[0.2618 -0.0077 1.7340 -0.0282 -0.0031 0.0261] meas=[0.2056 0.0936 1.7165 -0.0092 -0.0031 0.0261] xyz=348.89,72.74,146.25 track=0.1013
adv t=1.796 leg=F idx=36 cmd=[0.2695 -0.0125 1.7397 -0.0291 -0.0031 0.0261] meas=[0.2163 0.0844 1.7288 -0.0092 -0.0031 0.0261] xyz=345.73,75.97,145.79 track=0.0969
adv t=1.859 leg=F idx=37 cmd=[0.2773 -0.0175 1.7456 -0.0300 -0.0031 0.0261] meas=[0.2240 0.0798 1.7334 -0.0092 -0.0031 0.0261] xyz=344.09,78.38,146.01 track=0.0972
adv t=1.906 leg=F idx=38 cmd=[0.2850 -0.0225 1.7516 -0.0309 -0.0031 0.0261] meas=[0.2362 0.0736 1.7411 -0.0123 -0.0031 0.0261] xyz=341.73,82.26,146.34 track=0.0962
adv t=1.953 leg=F idx=39 cmd=[0.2928 -0.0277 1.7576 -0.0318 -0.0031 0.0261] meas=[0.2408 0.0706 1.7457 -0.0138 -0.0031 0.0261] xyz=340.60,83.65,146.27 track=0.0983
adv t=2.000 leg=F idx=40 cmd=[0.3005 -0.0330 1.7638 -0.0326 -0.0031 0.0261] meas=[0.2454 0.0675 1.7457 -0.0153 -0.0031 0.0261] xyz=339.85,85.13,147.60 track=0.1005
adv t=2.062 leg=F idx=41 cmd=[0.3082 -0.0385 1.7701 -0.0335 -0.0031 0.0261] meas=[0.2546 0.0614 1.7564 -0.0169 -0.0031 0.0261] xyz=337.35,87.81,146.73 track=0.0998
adv t=2.093 leg=F idx=42 cmd=[0.3159 -0.0441 1.7764 -0.0342 -0.0031 0.0261] meas=[0.2608 0.0568 1.7625 -0.0169 -0.0031 0.0261] xyz=335.63,89.57,146.46 track=0.1008
adv t=2.156 leg=F idx=43 cmd=[0.3236 -0.0497 1.7828 -0.0350 -0.0031 0.0261] meas=[0.2669 0.0552 1.7625 -0.0169 -0.0031 0.0261] xyz=334.86,91.56,147.00 track=0.1050
adv t=2.203 leg=F idx=44 cmd=[0.3312 -0.0555 1.7894 -0.0357 -0.0031 0.0261] meas=[0.2792 0.0445 1.7763 -0.0169 -0.0031 0.0261] xyz=331.03,94.90,146.51 track=0.1000
adv t=2.250 leg=F idx=45 cmd=[0.3389 -0.0615 1.7960 -0.0364 -0.0031 0.0261] meas=[0.2853 0.0399 1.7810 -0.0184 -0.0031 0.0261] xyz=329.48,96.64,146.95 track=0.1014
adv t=2.296 leg=F idx=46 cmd=[0.3465 -0.0675 1.8027 -0.0370 -0.0031 0.0261] meas=[0.2915 0.0353 1.7825 -0.0184 -0.0031 0.0261] xyz=328.10,98.43,148.06 track=0.1028
adv t=2.359 leg=F idx=47 cmd=[0.3541 -0.0737 1.8094 -0.0376 -0.0031 0.0261] meas=[0.3022 0.0261 1.7932 -0.0184 -0.0031 0.0261] xyz=324.82,101.26,147.94 track=0.0998
adv t=2.406 leg=F idx=48 cmd=[0.3617 -0.0800 1.8162 -0.0381 -0.0031 0.0261] meas=[0.3099 0.0215 1.7994 -0.0199 -0.0031 0.0261] xyz=322.95,103.40,147.89 track=0.1015
adv t=2.453 leg=F idx=49 cmd=[0.3692 -0.0865 1.8231 -0.0385 -0.0031 0.0261] meas=[0.3145 0.0184 1.8009 -0.0199 -0.0031 0.0261] xyz=321.91,104.70,148.46 track=0.1049
adv t=2.500 leg=F idx=50 cmd=[0.3768 -0.0930 1.8301 -0.0389 -0.0031 0.0261] meas=[0.3252 0.0077 1.8147 -0.0199 -0.0031 0.0261] xyz=318.10,107.26,147.88 track=0.1007
adv t=2.546 leg=F idx=51 cmd=[0.3843 -0.0997 1.8371 -0.0393 -0.0031 0.0261] meas=[0.3313 0.0015 1.8193 -0.0199 -0.0031 0.0261] xyz=316.20,108.78,148.54 track=0.1012
adv t=2.609 leg=F idx=52 cmd=[0.3918 -0.1065 1.8441 -0.0395 -0.0031 0.0261] meas=[0.3375 -0.0031 1.8239 -0.0199 -0.0031 0.0261] xyz=314.49,110.36,148.68 track=0.1034
adv t=2.656 leg=F idx=53 cmd=[0.3993 -0.1134 1.8512 -0.0397 -0.0031 0.0261] meas=[0.3467 -0.0138 1.8362 -0.0230 -0.0031 0.0261] xyz=311.09,112.39,149.01 track=0.0996
adv t=2.687 leg=F idx=54 cmd=[0.4068 -0.1204 1.8584 -0.0398 -0.0031 0.0261] meas=[0.3528 -0.0199 1.8423 -0.0261 -0.0031 0.0261] xyz=309.18,113.85,149.68 track=0.1005
adv t=2.765 leg=F idx=55 cmd=[0.4142 -0.1276 1.8656 -0.0399 -0.0031 0.0261] meas=[0.3574 -0.0230 1.8454 -0.0261 -0.0031 0.0261] xyz=307.97,115.01,149.75 track=0.1046
adv t=2.843 leg=F idx=56 cmd=[0.4216 -0.1349 1.8728 -0.0398 -0.0031 0.0261] meas=[0.3682 -0.0353 1.8561 -0.0261 -0.0031 0.0261] xyz=304.12,117.31,150.50 track=0.0996
adv t=2.875 leg=F idx=57 cmd=[0.4290 -0.1423 1.8800 -0.0396 -0.0031 0.0261] meas=[0.3789 -0.0460 1.8638 -0.0261 -0.0031 0.0261] xyz=300.72,119.73,151.66 track=0.0963
adv t=2.906 leg=F idx=58 cmd=[0.4364 -0.1498 1.8873 -0.0394 -0.0031 0.0261] meas=[0.3850 -0.0522 1.8653 -0.0261 -0.0031 0.0261] xyz=298.99,121.17,153.17 track=0.0976
adv t=2.953 leg=F idx=59 cmd=[0.4437 -0.1575 1.8946 -0.0390 -0.0031 0.0261] meas=[0.3881 -0.0568 1.8761 -0.0261 -0.0031 0.0261] xyz=297.12,121.47,151.38 track=0.1007
adv t=3.000 leg=F idx=60 cmd=[0.4510 -0.1652 1.9019 -0.0386 -0.0031 0.0261] meas=[0.3927 -0.0629 1.8807 -0.0261 -0.0031 0.0261] xyz=295.33,122.33,151.94 track=0.1023
adv t=3.062 leg=F idx=61 cmd=[0.4583 -0.1731 1.9092 -0.0380 -0.0031 0.0261] meas=[0.4034 -0.0736 1.8945 -0.0261 -0.0031 0.0261] xyz=291.40,124.38,151.16 track=0.0995
adv t=3.093 leg=F idx=62 cmd=[0.4656 -0.1812 1.9166 -0.0373 -0.0031 0.0261] meas=[0.4111 -0.0782 1.8991 -0.0261 -0.0031 0.0261] xyz=289.43,126.18,151.21 track=0.1029
adv t=3.156 leg=F idx=63 cmd=[0.4728 -0.1893 1.9239 -0.0365 -0.0031 0.0261] meas=[0.4157 -0.0844 1.9006 -0.0261 -0.0031 0.0261] xyz=287.87,127.08,152.68 track=0.1049
adv t=3.203 leg=F idx=64 cmd=[0.4800 -0.1976 1.9313 -0.0356 -0.0031 0.0261] meas=[0.4264 -0.0982 1.9144 -0.0261 -0.0031 0.0261] xyz=283.49,128.80,152.79 track=0.0994
adv t=3.250 leg=F idx=65 cmd=[0.4871 -0.2060 1.9386 -0.0345 -0.0031 0.0261] meas=[0.4326 -0.1058 1.9205 -0.0261 -0.0031 0.0261] xyz=281.16,129.82,153.31 track=0.1001
adv t=3.296 leg=F idx=66 cmd=[0.4942 -0.2145 1.9459 -0.0333 -0.0031 0.0261] meas=[0.4372 -0.1074 1.9205 -0.0261 -0.0031 0.0261] xyz=280.34,131.02,153.78 track=0.1071
adv t=3.359 leg=F idx=67 cmd=[0.5013 -0.2231 1.9532 -0.0320 -0.0031 0.0261] meas=[0.4495 -0.1227 1.9374 -0.0261 -0.0031 0.0261] xyz=275.30,132.80,153.35 track=0.1004
adv t=3.406 leg=F idx=68 cmd=[0.5084 -0.2319 1.9605 -0.0305 -0.0031 0.0261] meas=[0.4571 -0.1273 1.9436 -0.0261 -0.0031 0.0261] xyz=273.17,134.36,152.89 track=0.1046
adv t=3.437 leg=F idx=69 cmd=[0.5154 -0.2408 1.9677 -0.0288 -0.0031 0.0261] meas=[0.4617 -0.1335 1.9466 -0.0261 -0.0031 0.0261] xyz=271.47,135.08,153.82 track=0.1073
adv t=3.515 leg=F idx=70 cmd=[0.5224 -0.2498 1.9750 -0.0271 -0.0031 0.0261] meas=[0.4709 -0.1473 1.9604 -0.0261 -0.0031 0.0261] xyz=267.28,136.08,153.77 track=0.1025
adv t=3.546 leg=F idx=71 cmd=[0.5293 -0.2589 1.9821 -0.0251 -0.0031 0.0261] meas=[0.4755 -0.1549 1.9650 -0.0261 -0.0031 0.0261] xyz=265.25,136.59,154.66 track=0.1040
adv t=3.593 leg=F idx=72 cmd=[0.5362 -0.2682 1.9893 -0.0230 -0.0031 0.0261] meas=[0.4801 -0.1595 1.9666 -0.0261 -0.0031 0.0261] xyz=263.87,137.42,155.56 track=0.1087
adv t=3.656 leg=F idx=73 cmd=[0.5431 -0.2776 1.9964 -0.0207 -0.0031 0.0261] meas=[0.4909 -0.1749 1.9819 -0.0261 -0.0031 0.0261] xyz=259.16,138.52,155.41 track=0.1027
adv t=3.703 leg=F idx=74 cmd=[0.5499 -0.2871 2.0034 -0.0182 -0.0031 0.0261] meas=[0.4970 -0.1841 1.9850 -0.0261 -0.0031 0.0261] xyz=256.82,139.30,157.17 track=0.1030
adv t=3.765 leg=F idx=75 cmd=[0.5567 -0.2967 2.0104 -0.0155 -0.0031 0.0261] meas=[0.5047 -0.1979 1.9957 -0.0261 -0.0031 0.0261] xyz=253.08,139.80,157.89 track=0.0989
adv t=3.796 leg=F idx=76 cmd=[0.5634 -0.3065 2.0173 -0.0127 -0.0031 0.0261] meas=[0.5093 -0.2040 2.0018 -0.0261 -0.0031 0.0261] xyz=251.16,140.25,157.78 track=0.1025
adv t=3.843 leg=F idx=77 cmd=[0.5701 -0.3164 2.0242 -0.0097 -0.0031 0.0261] meas=[0.5123 -0.2071 2.0034 -0.0261 -0.0031 0.0261] xyz=250.20,140.72,158.20 track=0.1093
adv t=3.906 leg=F idx=78 cmd=[0.5767 -0.3264 2.0309 -0.0064 -0.0031 0.0261] meas=[0.5246 -0.2240 2.0157 -0.0215 -0.0031 0.0261] xyz=245.10,141.85,158.48 track=0.1024
adv t=3.953 leg=F idx=79 cmd=[0.5832 -0.3365 2.0376 -0.0030 -0.0031 0.0261] meas=[0.5292 -0.2316 2.0203 -0.0184 -0.0031 0.0261] xyz=242.96,142.10,158.73 track=0.1049
adv t=4.000 leg=F idx=80 cmd=[0.5898 -0.3468 2.0442 0.0007 -0.0031 0.0261] meas=[0.5338 -0.2378 2.0249 -0.0169 -0.0031 0.0261] xyz=241.09,142.50,158.79 track=0.1090
adv t=4.046 leg=F idx=81 cmd=[0.5962 -0.3572 2.0507 0.0046 -0.0031 0.0261] meas=[0.5446 -0.2531 2.0371 -0.0123 -0.0031 0.0261] xyz=236.46,143.21,158.53 track=0.1041
adv t=4.109 leg=F idx=82 cmd=[0.6026 -0.3677 2.0572 0.0087 -0.0031 0.0261] meas=[0.5507 -0.2623 2.0417 -0.0077 -0.0031 0.0261] xyz=233.84,143.59,158.89 track=0.1054
adv t=4.171 leg=F idx=83 cmd=[0.6090 -0.3783 2.0635 0.0130 -0.0031 0.0261] meas=[0.5599 -0.2761 2.0479 -0.0061 -0.0031 0.0261] xyz=230.18,144.28,160.52 track=0.1022
adv t=4.203 leg=F idx=84 cmd=[0.6152 -0.3891 2.0697 0.0175 -0.0031 0.0261] meas=[0.5645 -0.2838 2.0586 0.0000 -0.0031 0.0261] xyz=227.54,144.09,158.29 track=0.1053
adv t=4.250 leg=F idx=85 cmd=[0.6215 -0.4000 2.0757 0.0223 -0.0031 0.0261] meas=[0.5691 -0.2884 2.0601 0.0015 -0.0031 0.0261] xyz=226.10,144.64,158.80 track=0.1116
adv t=4.296 leg=F idx=86 cmd=[0.6276 -0.4110 2.0817 0.0274 -0.0031 0.0261] meas=[0.5737 -0.2976 2.0617 0.0046 -0.0031 0.0261] xyz=223.97,144.73,160.28 track=0.1134
adv t=4.359 leg=F idx=87 cmd=[0.6337 -0.4221 2.0875 0.0327 -0.0031 0.0261] meas=[0.5844 -0.3160 2.0739 0.0123 -0.0031 0.0261] xyz=218.88,144.80,160.11 track=0.1061
adv t=4.390 leg=F idx=88 cmd=[0.6397 -0.4333 2.0932 0.0382 -0.0031 0.0261] meas=[0.5890 -0.3267 2.0816 0.0184 -0.0031 0.0261] xyz=216.07,144.37,159.54 track=0.1066
adv t=4.453 leg=F idx=89 cmd=[0.6456 -0.4447 2.0988 0.0440 -0.0031 0.0261] meas=[0.5921 -0.3359 2.0831 0.0199 -0.0031 0.0261] xyz=214.25,144.11,161.20 track=0.1087
adv t=4.500 leg=F idx=90 cmd=[0.6515 -0.4561 2.1042 0.0501 -0.0031 0.0261] meas=[0.5983 -0.3513 2.0954 0.0245 -0.0031 0.0261] xyz=210.41,143.41,160.59 track=0.1049
adv t=4.562 leg=F idx=91 cmd=[0.6572 -0.4677 2.1095 0.0564 -0.0031 0.0261] meas=[0.6044 -0.3605 2.0985 0.0307 -0.0031 0.0261] xyz=207.89,143.57,160.96 track=0.1073
adv t=4.609 leg=F idx=92 cmd=[0.6629 -0.4794 2.1146 0.0630 -0.0031 0.0261] meas=[0.6121 -0.3774 2.1046 0.0399 -0.0031 0.0261] xyz=203.84,143.10,161.78 track=0.1021
adv t=4.640 leg=F idx=93 cmd=[0.6685 -0.4913 2.1195 0.0699 -0.0031 0.0261] meas=[0.6167 -0.3850 2.1108 0.0445 -0.0031 0.0261] xyz=201.65,142.94,161.03 track=0.1062
adv t=4.703 leg=F idx=94 cmd=[0.6740 -0.5032 2.1243 0.0770 -0.0031 0.0261] meas=[0.6213 -0.3912 2.1123 0.0460 -0.0031 0.0261] xyz=200.04,143.19,161.81 track=0.1120
adv t=4.750 leg=F idx=95 cmd=[0.6794 -0.5152 2.1289 0.0845 -0.0031 0.0261] meas=[0.6289 -0.4096 2.1230 0.0583 -0.0031 0.0261] xyz=195.47,142.20,160.96 track=0.1056
adv t=4.812 leg=F idx=96 cmd=[0.6847 -0.5273 2.1333 0.0922 -0.0031 0.0261] meas=[0.6335 -0.4203 2.1246 0.0644 -0.0031 0.0261] xyz=193.09,141.84,162.05 track=0.1070
adv t=4.843 leg=F idx=97 cmd=[0.6899 -0.5396 2.1375 0.1002 -0.0031 0.0261] meas=[0.6351 -0.4280 2.1246 0.0660 -0.0031 0.0261] xyz=191.81,141.35,163.63 track=0.1116
adv t=4.906 leg=F idx=98 cmd=[0.6950 -0.5519 2.1415 0.1085 -0.0031 0.0261] meas=[0.6381 -0.4387 2.1322 0.0721 -0.0031 0.0261] xyz=189.35,140.43,162.78 track=0.1132
adv t=4.953 leg=F idx=99 cmd=[0.7000 -0.5644 2.1454 0.1171 -0.0031 0.0261] meas=[0.6473 -0.4556 2.1384 0.0859 -0.0031 0.0261] xyz=185.03,139.88,162.55 track=0.1088
adv t=5.000 leg=F idx=100 cmd=[0.7049 -0.5769 2.1490 0.1260 -0.0031 0.0261] meas=[0.6519 -0.4648 2.1399 0.0859 -0.0031 0.0261] xyz=183.11,139.76,164.20 track=0.1121

===== REVERSE LEG (continuous, 100 .. 0) =====
ts=40797.281 cmd_ts=0.000 fb_ts=0.000 leg=R idx=0 cmd=[0.7049 -0.5769 2.1490 0.1260 -0.0031 0.0261] meas=[0.6734 -0.5170 2.1568 0.1227 -0.0031 0.0261] xyz=171.27,136.64,164.58 track=0.0599
ts=40797.281 cmd_ts=0.000 fb_ts=0.000 leg=R idx=1 cmd=[0.7000 -0.5644 2.1454 0.1171 -0.0031 0.0261] meas=[0.6734 -0.5170 2.1568 0.1227 -0.0031 0.0261] xyz=171.27,136.64,164.58 track=0.0474
ts=40797.328 cmd_ts=0.047 fb_ts=0.047 leg=R idx=2 cmd=[0.6950 -0.5519 2.1415 0.1085 -0.0031 0.0261] meas=[0.6734 -0.5170 2.1568 0.1227 -0.0031 0.0261] xyz=171.27,136.64,164.58 track=0.0350
ts=40797.390 cmd_ts=0.109 fb_ts=0.109 leg=R idx=3 cmd=[0.6899 -0.5396 2.1375 0.1002 -0.0031 0.0261] meas=[0.6734 -0.5170 2.1568 0.1227 -0.0031 0.0261] xyz=171.27,136.64,164.58 track=0.0226
ts=40797.421 cmd_ts=0.140 fb_ts=0.140 leg=R idx=4 cmd=[0.6847 -0.5273 2.1333 0.0922 -0.0031 0.0261] meas=[0.6734 -0.5170 2.1568 0.1227 -0.0031 0.0261] xyz=171.27,136.64,164.58 track=0.0305
ts=40797.484 cmd_ts=0.203 fb_ts=0.203 leg=R idx=5 cmd=[0.6794 -0.5152 2.1289 0.0845 -0.0031 0.0261] meas=[0.6734 -0.5170 2.1568 0.1227 -0.0031 0.0261] xyz=171.27,136.64,164.58 track=0.0383
ts=40797.531 cmd_ts=0.250 fb_ts=0.250 leg=R idx=6 cmd=[0.6740 -0.5032 2.1243 0.0770 -0.0031 0.0261] meas=[0.6734 -0.5170 2.1568 0.1227 -0.0031 0.0261] xyz=171.27,136.64,164.58 track=0.0457
ts=40797.593 cmd_ts=0.312 fb_ts=0.312 leg=R idx=7 cmd=[0.6685 -0.4913 2.1195 0.0699 -0.0031 0.0261] meas=[0.6734 -0.5170 2.1568 0.1227 -0.0031 0.0261] xyz=171.27,136.64,164.58 track=0.0529
ts=40797.625 cmd_ts=0.344 fb_ts=0.344 leg=R idx=8 cmd=[0.6629 -0.4794 2.1146 0.0630 -0.0031 0.0261] meas=[0.6734 -0.5170 2.1568 0.1227 -0.0031 0.0261] xyz=171.27,136.64,164.58 track=0.0597
ts=40797.687 cmd_ts=0.406 fb_ts=0.406 leg=R idx=9 cmd=[0.6572 -0.4677 2.1095 0.0564 -0.0031 0.0261] meas=[0.6734 -0.5170 2.1568 0.1227 -0.0031 0.0261] xyz=171.27,136.64,164.58 track=0.0663
ts=40797.734 cmd_ts=0.453 fb_ts=0.453 leg=R idx=10 cmd=[0.6515 -0.4561 2.1042 0.0501 -0.0031 0.0261] meas=[0.6734 -0.5170 2.1568 0.1227 -0.0031 0.0261] xyz=171.27,136.64,164.58 track=0.0727
ts=40797.781 cmd_ts=0.500 fb_ts=0.500 leg=R idx=11 cmd=[0.6456 -0.4447 2.0988 0.0440 -0.0031 0.0261] meas=[0.6734 -0.5170 2.1568 0.1227 -0.0031 0.0261] xyz=171.27,136.64,164.58 track=0.0787
ts=40797.828 cmd_ts=0.547 fb_ts=0.547 leg=R idx=12 cmd=[0.6397 -0.4333 2.0932 0.0382 -0.0031 0.0261] meas=[0.6734 -0.5170 2.1568 0.1227 -0.0031 0.0261] xyz=171.27,136.64,164.58 track=0.0845
ts=40797.875 cmd_ts=0.594 fb_ts=0.594 leg=R idx=13 cmd=[0.6337 -0.4221 2.0875 0.0327 -0.0031 0.0261] meas=[0.6734 -0.5170 2.1568 0.1227 -0.0031 0.0261] xyz=171.27,136.64,164.58 track=0.0949
ts=40797.937 cmd_ts=0.656 fb_ts=0.656 leg=R idx=14 cmd=[0.6276 -0.4110 2.0817 0.0274 -0.0031 0.0261] meas=[0.6734 -0.5170 2.1568 0.1227 -0.0031 0.0261] xyz=171.27,136.64,164.58 track=0.1060
ts=40797.984 cmd_ts=0.703 fb_ts=0.703 leg=R idx=15 cmd=[0.6215 -0.4000 2.0757 0.0223 -0.0031 0.0261] meas=[0.6734 -0.5170 2.1568 0.1227 -0.0031 0.0982] xyz=171.27,136.64,164.58 track=0.1170
ts=40798.031 cmd_ts=0.750 fb_ts=0.750 leg=R idx=16 cmd=[0.6152 -0.3891 2.0697 0.0175 -0.0031 0.0261] meas=[0.6734 -0.5170 2.1568 0.1058 -0.0031 0.2915] xyz=171.86,137.11,167.39 track=0.1279
ts=40798.078 cmd_ts=0.797 fb_ts=0.797 leg=R idx=17 cmd=[0.6090 -0.3783 2.0635 0.0130 -0.0031 0.0261] meas=[0.6734 -0.4878 2.1568 0.0874 -0.0031 0.3973] xyz=176.27,140.63,163.96 track=0.1095
ts=40798.140 cmd_ts=0.859 fb_ts=0.859 leg=R idx=18 cmd=[0.6026 -0.3677 2.0572 0.0087 -0.0031 0.0261] meas=[0.6734 -0.4709 2.1568 0.0782 -0.0031 0.4126] xyz=178.75,142.61,161.66 track=0.1032
ts=40798.171 cmd_ts=0.890 fb_ts=0.890 leg=R idx=19 cmd=[0.5962 -0.3572 2.0507 0.0046 -0.0031 0.0261] meas=[0.6734 -0.4433 2.1491 0.0614 -0.0031 0.3743] xyz=183.22,146.18,160.43 track=0.0984
ts=40798.234 cmd_ts=0.953 fb_ts=0.953 leg=R idx=20 cmd=[0.5898 -0.3468 2.0442 0.0007 -0.0031 0.0261] meas=[0.6703 -0.4218 2.1445 0.0491 -0.0031 0.2286] xyz=187.06,148.30,158.80 track=0.1003
ts=40798.281 cmd_ts=1.000 fb_ts=1.000 leg=R idx=21 cmd=[0.5832 -0.3365 2.0376 -0.0030 -0.0031 0.0261] meas=[0.6550 -0.3973 2.1307 0.0368 -0.0031 0.0859] xyz=193.64,148.74,159.16 track=0.0931
ts=40798.343 cmd_ts=1.062 fb_ts=1.062 leg=R idx=22 cmd=[0.5767 -0.3264 2.0309 -0.0064 -0.0031 0.0261] meas=[0.6473 -0.3820 2.1200 0.0291 -0.0031 0.0430] xyz=197.62,149.40,159.97 track=0.0890
ts=40798.375 cmd_ts=1.094 fb_ts=1.094 leg=R idx=23 cmd=[0.5701 -0.3164 2.0242 -0.0097 -0.0031 0.0261] meas=[0.6289 -0.3543 2.1046 0.0184 -0.0031 0.0383] xyz=205.21,149.28,159.55 track=0.0805
ts=40798.437 cmd_ts=1.156 fb_ts=1.156 leg=R idx=24 cmd=[0.5634 -0.3065 2.0173 -0.0127 -0.0031 0.0261] meas=[0.6182 -0.3298 2.0970 0.0138 -0.0031 0.0383] xyz=210.61,149.78,156.38 track=0.0796
ts=40798.484 cmd_ts=1.203 fb_ts=1.203 leg=R idx=25 cmd=[0.5567 -0.2967 2.0104 -0.0155 -0.0031 0.0261] meas=[0.6136 -0.3267 2.0908 0.0092 -0.0031 0.0383] xyz=212.26,149.49,158.23 track=0.0804
ts=40798.531 cmd_ts=1.250 fb_ts=1.250 leg=R idx=26 cmd=[0.5499 -0.2871 2.0034 -0.0182 -0.0031 0.0261] meas=[0.6090 -0.3175 2.0862 0.0092 -0.0031 0.0383] xyz=214.42,149.54,157.25 track=0.0828
ts=40798.578 cmd_ts=1.297 fb_ts=1.297 leg=R idx=27 cmd=[0.5431 -0.2776 1.9964 -0.0207 -0.0031 0.0261] meas=[0.5967 -0.2991 2.0693 0.0015 -0.0031 0.0383] xyz=220.02,149.47,158.84 track=0.0730
ts=40798.640 cmd_ts=1.359 fb_ts=1.359 leg=R idx=28 cmd=[0.5362 -0.2682 1.9893 -0.0230 -0.0031 0.0261] meas=[0.5906 -0.2915 2.0632 0.0000 -0.0031 0.0383] xyz=222.40,149.10,158.93 track=0.0739
ts=40798.687 cmd_ts=1.406 fb_ts=1.406 leg=R idx=29 cmd=[0.5293 -0.2589 1.9821 -0.0251 -0.0031 0.0261] meas=[0.5829 -0.2807 2.0632 -0.0031 -0.0031 0.0383] xyz=225.07,148.40,156.55 track=0.0811
ts=40798.734 cmd_ts=1.453 fb_ts=1.453 leg=R idx=30 cmd=[0.5224 -0.2498 1.9750 -0.0271 -0.0031 0.0261] meas=[0.5783 -0.2715 2.0571 -0.0031 -0.0031 0.0383] xyz=227.37,148.42,155.94 track=0.0821
ts=40798.781 cmd_ts=1.500 fb_ts=1.500 leg=R idx=31 cmd=[0.5154 -0.2408 1.9677 -0.0288 -0.0031 0.0261] meas=[0.5752 -0.2684 2.0509 -0.0046 -0.0031 0.0383] xyz=228.70,148.29,157.24 track=0.0832
ts=40798.828 cmd_ts=1.547 fb_ts=1.562 leg=R idx=32 cmd=[0.5084 -0.2319 1.9605 -0.0305 -0.0031 0.0261] meas=[0.5645 -0.2531 2.0341 -0.0092 -0.0031 0.0383] xyz=233.63,147.95,158.96 track=0.0736
ts=40798.875 cmd_ts=1.594 fb_ts=1.594 leg=R idx=33 cmd=[0.5013 -0.2231 1.9532 -0.0320 -0.0031 0.0261] meas=[0.5584 -0.2439 2.0279 -0.0107 -0.0031 0.0383] xyz=236.24,147.58,158.55 track=0.0747
ts=40798.937 cmd_ts=1.656 fb_ts=1.656 leg=R idx=34 cmd=[0.4942 -0.2145 1.9459 -0.0333 -0.0031 0.0261] meas=[0.5538 -0.2393 2.0249 -0.0107 -0.0031 0.0383] xyz=237.75,147.00,158.20 track=0.0789
ts=40798.984 cmd_ts=1.703 fb_ts=1.703 leg=R idx=35 cmd=[0.4871 -0.2060 1.9386 -0.0345 -0.0031 0.0261] meas=[0.5461 -0.2240 2.0172 -0.0107 -0.0031 0.0383] xyz=241.45,146.74,156.24 track=0.0786
ts=40799.031 cmd_ts=1.750 fb_ts=1.750 leg=R idx=36 cmd=[0.4800 -0.1976 1.9313 -0.0356 -0.0031 0.0261] meas=[0.5384 -0.2148 2.0080 -0.0138 -0.0031 0.0383] xyz=244.58,146.09,156.95 track=0.0767
ts=40799.078 cmd_ts=1.797 fb_ts=1.797 leg=R idx=37 cmd=[0.4728 -0.1893 1.9239 -0.0365 -0.0031 0.0261] meas=[0.5323 -0.2102 2.0018 -0.0169 -0.0031 0.0383] xyz=246.65,145.28,158.02 track=0.0779
ts=40799.140 cmd_ts=1.859 fb_ts=1.859 leg=R idx=38 cmd=[0.4656 -0.1812 1.9166 -0.0373 -0.0031 0.0261] meas=[0.5216 -0.1979 1.9926 -0.0169 -0.0031 0.0383] xyz=250.51,143.95,157.31 track=0.0761
ts=40799.187 cmd_ts=1.906 fb_ts=1.906 leg=R idx=39 cmd=[0.4583 -0.1731 1.9092 -0.0380 -0.0031 0.0261] meas=[0.5139 -0.1902 1.9850 -0.0184 -0.0031 0.0383] xyz=253.26,142.96,157.69 track=0.0757
ts=40799.218 cmd_ts=1.937 fb_ts=1.937 leg=R idx=40 cmd=[0.4510 -0.1652 1.9019 -0.0386 -0.0031 0.0261] meas=[0.5108 -0.1871 1.9819 -0.0199 -0.0031 0.0383] xyz=254.40,142.58,157.99 track=0.0800
ts=40799.296 cmd_ts=2.015 fb_ts=2.015 leg=R idx=41 cmd=[0.4437 -0.1575 1.8946 -0.0390 -0.0031 0.0261] meas=[0.4985 -0.1718 1.9666 -0.0199 -0.0031 0.0383] xyz=259.35,141.19,158.18 track=0.0720
ts=40799.328 cmd_ts=2.047 fb_ts=2.047 leg=R idx=42 cmd=[0.4364 -0.1498 1.8873 -0.0394 -0.0031 0.0261] meas=[0.4924 -0.1657 1.9604 -0.0199 -0.0031 0.0383] xyz=261.50,140.29,158.25 track=0.0731
ts=40799.375 cmd_ts=2.094 fb_ts=2.094 leg=R idx=43 cmd=[0.4290 -0.1423 1.8800 -0.0396 -0.0031 0.0261] meas=[0.4878 -0.1611 1.9589 -0.0199 -0.0031 0.0383] xyz=262.89,139.48,157.35 track=0.0789
ts=40799.437 cmd_ts=2.156 fb_ts=2.156 leg=R idx=44 cmd=[0.4216 -0.1349 1.8728 -0.0398 -0.0031 0.0261] meas=[0.4771 -0.1503 1.9497 -0.0199 -0.0031 0.0383] xyz=266.54,137.77,156.96 track=0.0769
ts=40799.484 cmd_ts=2.203 fb_ts=2.203 leg=R idx=45 cmd=[0.4142 -0.1276 1.8656 -0.0399 -0.0031 0.0261] meas=[0.4709 -0.1427 1.9420 -0.0215 -0.0031 0.0383] xyz=269.08,137.00,157.25 track=0.0765
ts=40799.531 cmd_ts=2.250 fb_ts=2.250 leg=R idx=46 cmd=[0.4068 -0.1204 1.8584 -0.0398 -0.0031 0.0261] meas=[0.4648 -0.1396 1.9374 -0.0261 -0.0031 0.0383] xyz=270.88,135.83,158.49 track=0.0790
ts=40799.578 cmd_ts=2.297 fb_ts=2.297 leg=R idx=47 cmd=[0.3993 -0.1134 1.8512 -0.0397 -0.0031 0.0261] meas=[0.4556 -0.1258 1.9251 -0.0261 -0.0031 0.0383] xyz=274.96,134.72,158.04 track=0.0739
ts=40799.640 cmd_ts=2.359 fb_ts=2.359 leg=R idx=48 cmd=[0.3918 -0.1065 1.8441 -0.0395 -0.0031 0.0261] meas=[0.4479 -0.1212 1.9190 -0.0261 -0.0031 0.0383] xyz=277.09,133.14,158.51 track=0.0749
ts=40799.671 cmd_ts=2.390 fb_ts=2.406 leg=R idx=49 cmd=[0.3843 -0.0997 1.8371 -0.0393 -0.0031 0.0261] meas=[0.4403 -0.1120 1.9159 -0.0261 -0.0031 0.0383] xyz=279.64,131.74,156.61 track=0.0789
ts=40799.734 cmd_ts=2.453 fb_ts=2.453 leg=R idx=50 cmd=[0.3768 -0.0930 1.8301 -0.0389 -0.0031 0.0261] meas=[0.4341 -0.1074 1.9129 -0.0261 -0.0031 0.0383] xyz=281.32,130.43,156.12 track=0.0828
ts=40799.781 cmd_ts=2.500 fb_ts=2.500 leg=R idx=51 cmd=[0.3692 -0.0865 1.8231 -0.0385 -0.0031 0.0261] meas=[0.4310 -0.1028 1.9083 -0.0261 -0.0031 0.0383] xyz=282.72,130.02,156.10 track=0.0852
ts=40799.828 cmd_ts=2.547 fb_ts=2.562 leg=R idx=52 cmd=[0.3617 -0.0800 1.8162 -0.0381 -0.0031 0.0261] meas=[0.4188 -0.0890 1.8929 -0.0261 -0.0031 0.0383] xyz=287.42,127.93,156.47 track=0.0767
ts=40799.875 cmd_ts=2.594 fb_ts=2.594 leg=R idx=53 cmd=[0.3541 -0.0737 1.8094 -0.0376 -0.0031 0.0261] meas=[0.4111 -0.0859 1.8853 -0.0261 -0.0031 0.0383] xyz=289.41,126.17,157.85 track=0.0759
ts=40799.937 cmd_ts=2.656 fb_ts=2.656 leg=R idx=54 cmd=[0.3465 -0.0675 1.8027 -0.0370 -0.0031 0.0261] meas=[0.4080 -0.0813 1.8822 -0.0261 -0.0031 0.0383] xyz=290.69,125.66,157.33 track=0.0795
ts=40799.984 cmd_ts=2.703 fb_ts=2.703 leg=R idx=55 cmd=[0.3389 -0.0615 1.7960 -0.0364 -0.0031 0.0261] meas=[0.3973 -0.0706 1.8715 -0.0261 -0.0031 0.0383] xyz=294.38,123.53,157.20 track=0.0755
ts=40800.031 cmd_ts=2.750 fb_ts=2.750 leg=R idx=56 cmd=[0.3312 -0.0555 1.7894 -0.0357 -0.0031 0.0261] meas=[0.3896 -0.0644 1.8638 -0.0261 -0.0031 0.0383] xyz=296.79,121.87,157.59 track=0.0744
ts=40800.078 cmd_ts=2.797 fb_ts=2.797 leg=R idx=57 cmd=[0.3236 -0.0497 1.7828 -0.0350 -0.0031 0.0261] meas=[0.3835 -0.0598 1.8592 -0.0261 -0.0031 0.0383] xyz=298.54,120.45,157.52 track=0.0763
ts=40800.140 cmd_ts=2.859 fb_ts=2.859 leg=R idx=58 cmd=[0.3159 -0.0441 1.7764 -0.0342 -0.0031 0.0261] meas=[0.3712 -0.0506 1.8469 -0.0261 -0.0031 0.0383] xyz=302.27,117.67,158.30 track=0.0705
ts=40800.171 cmd_ts=2.890 fb_ts=2.906 leg=R idx=59 cmd=[0.3082 -0.0385 1.7701 -0.0335 -0.0031 0.0261] meas=[0.3651 -0.0460 1.8408 -0.0261 -0.0031 0.0383] xyz=304.13,116.24,158.69 track=0.0707
ts=40800.218 cmd_ts=2.937 fb_ts=2.937 leg=R idx=60 cmd=[0.3005 -0.0330 1.7638 -0.0326 -0.0031 0.0261] meas=[0.3605 -0.0414 1.8377 -0.0261 -0.0031 0.0383] xyz=305.57,115.19,158.13 track=0.0739
ts=40800.281 cmd_ts=3.000 fb_ts=3.000 leg=R idx=61 cmd=[0.2928 -0.0277 1.7576 -0.0318 -0.0031 0.0261] meas=[0.3482 -0.0307 1.8270 -0.0261 -0.0031 0.0383] xyz=309.36,112.30,157.90 track=0.0693
ts=40800.343 cmd_ts=3.062 fb_ts=3.062 leg=R idx=62 cmd=[0.2850 -0.0225 1.7516 -0.0309 -0.0031 0.0261] meas=[0.3436 -0.0245 1.8224 -0.0261 -0.0031 0.0383] xyz=311.13,111.32,157.28 track=0.0708
ts=40800.375 cmd_ts=3.094 fb_ts=3.109 leg=R idx=63 cmd=[0.2773 -0.0175 1.7456 -0.0300 -0.0031 0.0261] meas=[0.3329 -0.0199 1.8147 -0.0261 -0.0031 0.0383] xyz=313.57,108.41,158.11 track=0.0691
ts=40800.437 cmd_ts=3.156 fb_ts=3.156 leg=R idx=64 cmd=[0.2695 -0.0125 1.7397 -0.0291 -0.0031 0.0261] meas=[0.3283 -0.0153 1.8116 -0.0261 -0.0031 0.0383] xyz=314.98,107.28,157.52 track=0.0719
ts=40800.484 cmd_ts=3.203 fb_ts=3.203 leg=R idx=65 cmd=[0.2618 -0.0077 1.7340 -0.0282 -0.0031 0.0261] meas=[0.3252 -0.0138 1.8086 -0.0261 -0.0031 0.0383] xyz=315.77,106.47,157.95 track=0.0746
ts=40800.531 cmd_ts=3.250 fb_ts=3.250 leg=R idx=66 cmd=[0.2540 -0.0030 1.7283 -0.0272 -0.0031 0.0261] meas=[0.3175 -0.0092 1.8055 -0.0261 -0.0031 0.0383] xyz=317.50,104.35,157.35 track=0.0772
ts=40800.578 cmd_ts=3.297 fb_ts=3.297 leg=R idx=67 cmd=[0.2462 0.0016 1.7228 -0.0263 -0.0031 0.0261] meas=[0.3053 0.0015 1.7932 -0.0261 -0.0031 0.0383] xyz=321.30,101.24,157.51 track=0.0704
ts=40800.625 cmd_ts=3.344 fb_ts=3.344 leg=R idx=68 cmd=[0.2384 0.0060 1.7174 -0.0253 -0.0031 0.0261] meas=[0.2976 0.0061 1.7871 -0.0261 -0.0031 0.0383] xyz=323.22,99.13,157.84 track=0.0697
ts=40800.687 cmd_ts=3.406 fb_ts=3.406 leg=R idx=69 cmd=[0.2305 0.0103 1.7121 -0.0243 -0.0031 0.0261] meas=[0.2869 0.0077 1.7825 -0.0261 -0.0031 0.0383] xyz=324.85,95.83,158.73 track=0.0703
ts=40800.734 cmd_ts=3.453 fb_ts=3.453 leg=R idx=70 cmd=[0.2227 0.0145 1.7070 -0.0234 -0.0031 0.0261] meas=[0.2807 0.0077 1.7779 -0.0261 -0.0031 0.0383] xyz=325.77,93.93,160.14 track=0.0709
ts=40800.781 cmd_ts=3.500 fb_ts=3.500 leg=R idx=71 cmd=[0.2149 0.0186 1.7020 -0.0224 -0.0031 0.0261] meas=[0.2746 0.0077 1.7763 -0.0261 -0.0031 0.0383] xyz=326.45,91.96,160.62 track=0.0744
ts=40800.828 cmd_ts=3.547 fb_ts=3.547 leg=R idx=72 cmd=[0.2070 0.0225 1.6971 -0.0214 -0.0031 0.0261] meas=[0.2623 0.0215 1.7656 -0.0261 -0.0031 0.0383] xyz=330.48,88.73,159.21 track=0.0686
ts=40800.890 cmd_ts=3.609 fb_ts=3.609 leg=R idx=73 cmd=[0.1992 0.0263 1.6923 -0.0205 -0.0031 0.0261] meas=[0.2562 0.0245 1.7610 -0.0261 -0.0031 0.0383] xyz=331.83,86.92,159.57 track=0.0687
ts=40800.937 cmd_ts=3.656 fb_ts=3.672 leg=R idx=74 cmd=[0.1913 0.0300 1.6877 -0.0195 -0.0031 0.0261] meas=[0.2470 0.0322 1.7595 -0.0261 -0.0031 0.0383] xyz=333.91,84.19,157.41 track=0.0718
ts=40800.984 cmd_ts=3.703 fb_ts=3.703 leg=R idx=75 cmd=[0.1834 0.0335 1.6832 -0.0186 -0.0031 0.0261] meas=[0.2408 0.0353 1.7549 -0.0261 -0.0031 0.0383] xyz=335.24,82.34,157.76 track=0.0717
ts=40801.031 cmd_ts=3.750 fb_ts=3.750 leg=R idx=76 cmd=[0.1755 0.0370 1.6788 -0.0177 -0.0031 0.0261] meas=[0.2362 0.0383 1.7487 -0.0261 -0.0031 0.0383] xyz=336.55,81.02,158.59 track=0.0699
ts=40801.078 cmd_ts=3.797 fb_ts=3.797 leg=R idx=77 cmd=[0.1676 0.0403 1.6747 -0.0168 -0.0031 0.0261] meas=[0.2301 0.0399 1.7441 -0.0261 -0.0031 0.0383] xyz=337.62,79.09,159.47 track=0.0695
ts=40801.140 cmd_ts=3.859 fb_ts=3.859 leg=R idx=78 cmd=[0.1597 0.0434 1.6706 -0.0159 -0.0031 0.0261] meas=[0.2178 0.0414 1.7365 -0.0261 -0.0031 0.0383] xyz=339.37,75.12,161.30 track=0.0659
ts=40801.171 cmd_ts=3.890 fb_ts=3.890 leg=R idx=79 cmd=[0.1518 0.0465 1.6667 -0.0151 -0.0031 0.0261] meas=[0.2102 0.0460 1.7319 -0.0261 -0.0031 0.0383] xyz=341.00,72.74,161.11 track=0.0652
ts=40801.234 cmd_ts=3.953 fb_ts=3.953 leg=R idx=80 cmd=[0.1439 0.0494 1.6630 -0.0142 -0.0031 0.0261] meas=[0.2040 0.0491 1.7303 -0.0261 -0.0031 0.0383] xyz=342.03,70.77,160.51 track=0.0674
ts=40801.281 cmd_ts=4.000 fb_ts=4.000 leg=R idx=81 cmd=[0.1360 0.0521 1.6594 -0.0134 -0.0031 0.0261] meas=[0.1917 0.0537 1.7273 -0.0199 -0.0031 0.0383] xyz=343.55,66.69,158.83 track=0.0679
ts=40801.343 cmd_ts=4.062 fb_ts=4.062 leg=R idx=82 cmd=[0.1281 0.0548 1.6559 -0.0126 -0.0031 0.0261] meas=[0.1856 0.0598 1.7227 -0.0199 -0.0031 0.0383] xyz=345.25,64.83,158.09 track=0.0667
ts=40801.375 cmd_ts=4.094 fb_ts=4.109 leg=R idx=83 cmd=[0.1201 0.0573 1.6527 -0.0119 -0.0031 0.0261] meas=[0.1733 0.0598 1.7150 -0.0169 -0.0031 0.0383] xyz=346.45,60.66,159.94 track=0.0623
ts=40801.437 cmd_ts=4.156 fb_ts=4.156 leg=R idx=84 cmd=[0.1122 0.0597 1.6495 -0.0111 -0.0031 0.0261] meas=[0.1672 0.0644 1.7104 -0.0169 -0.0031 0.0383] xyz=347.88,58.72,159.73 track=0.0608
ts=40801.484 cmd_ts=4.203 fb_ts=4.203 leg=R idx=85 cmd=[0.1042 0.0619 1.6466 -0.0104 -0.0031 0.0261] meas=[0.1626 0.0675 1.7058 -0.0169 -0.0031 0.0383] xyz=348.97,57.25,160.06 track=0.0592
ts=40801.531 cmd_ts=4.250 fb_ts=4.250 leg=R idx=86 cmd=[0.0963 0.0641 1.6438 -0.0098 -0.0031 0.0261] meas=[0.1565 0.0690 1.7058 -0.0169 -0.0031 0.0383] xyz=349.56,55.14,159.52 track=0.0620
ts=40801.578 cmd_ts=4.297 fb_ts=4.297 leg=R idx=87 cmd=[0.0883 0.0661 1.6412 -0.0091 -0.0031 0.0261] meas=[0.1442 0.0706 1.7043 -0.0169 -0.0031 0.0383] xyz=350.56,50.90,159.45 track=0.0631
ts=40801.625 cmd_ts=4.344 fb_ts=4.344 leg=R idx=88 cmd=[0.0804 0.0679 1.6387 -0.0085 -0.0031 0.0261] meas=[0.1350 0.0752 1.6981 -0.0169 -0.0031 0.0383] xyz=352.20,47.83,159.70 track=0.0594
ts=40801.687 cmd_ts=4.406 fb_ts=4.406 leg=R idx=89 cmd=[0.0724 0.0696 1.6365 -0.0080 -0.0031 0.0261] meas=[0.1243 0.0782 1.6950 -0.0169 -0.0031 0.0383] xyz=353.40,44.14,159.56 track=0.0586
ts=40801.734 cmd_ts=4.453 fb_ts=4.453 leg=R idx=90 cmd=[0.0645 0.0712 1.6344 -0.0075 -0.0031 0.0261] meas=[0.1197 0.0782 1.6950 -0.0169 -0.0031 0.0383] xyz=353.60,42.51,159.56 track=0.0607
ts=40801.781 cmd_ts=4.500 fb_ts=4.500 leg=R idx=91 cmd=[0.0565 0.0727 1.6324 -0.0070 -0.0031 0.0261] meas=[0.1166 0.0782 1.6950 -0.0169 -0.0031 0.0383] xyz=353.73,41.43,159.56 track=0.0626
ts=40801.828 cmd_ts=4.547 fb_ts=4.547 leg=R idx=92 cmd=[0.0485 0.0740 1.6307 -0.0065 -0.0031 0.0261] meas=[0.1043 0.0782 1.6935 -0.0169 -0.0031 0.0383] xyz=354.33,37.09,160.03 track=0.0628
ts=40801.890 cmd_ts=4.609 fb_ts=4.609 leg=R idx=93 cmd=[0.0405 0.0752 1.6291 -0.0062 -0.0031 0.0261] meas=[0.0966 0.0828 1.6904 -0.0169 -0.0031 0.0383] xyz=355.56,34.47,159.33 track=0.0614
ts=40801.937 cmd_ts=4.656 fb_ts=4.672 leg=R idx=94 cmd=[0.0326 0.0762 1.6277 -0.0058 -0.0031 0.0261] meas=[0.0859 0.0874 1.6843 -0.0138 -0.0031 0.0383] xyz=356.95,30.74,159.06 track=0.0566
ts=40801.968 cmd_ts=4.687 fb_ts=4.703 leg=R idx=95 cmd=[0.0246 0.0772 1.6264 -0.0055 -0.0031 0.0261] meas=[0.0798 0.0874 1.6812 -0.0138 -0.0031 0.0383] xyz=357.36,28.57,160.01 track=0.0552
ts=40802.031 cmd_ts=4.750 fb_ts=4.750 leg=R idx=96 cmd=[0.0166 0.0780 1.6254 -0.0052 -0.0031 0.0261] meas=[0.0752 0.0874 1.6782 -0.0138 -0.0031 0.0383] xyz=357.71,26.94,160.95 track=0.0586
ts=40802.078 cmd_ts=4.797 fb_ts=4.797 leg=R idx=97 cmd=[0.0086 0.0786 1.6245 -0.0050 -0.0031 0.0261] meas=[0.0675 0.0874 1.6782 -0.0107 -0.0031 0.0383] xyz=357.77,24.18,160.44 track=0.0589
ts=40802.140 cmd_ts=4.859 fb_ts=4.859 leg=R idx=98 cmd=[0.0006 0.0791 1.6238 -0.0048 -0.0031 0.0261] meas=[0.0552 0.0920 1.6766 -0.0077 -0.0031 0.0383] xyz=358.75,19.83,158.75 track=0.0546
ts=40802.171 cmd_ts=4.890 fb_ts=4.890 leg=R idx=99 cmd=[-0.0074 0.0795 1.6233 -0.0047 -0.0031 0.0261] meas=[0.0476 0.0936 1.6766 -0.0077 -0.0031 0.0383] xyz=359.13,17.09,158.20 track=0.0549
ts=40802.234 cmd_ts=4.953 fb_ts=4.953 leg=R idx=100 cmd=[-0.0153 0.0798 1.6230 -0.0046 -0.0031 0.0261] meas=[0.0430 0.0936 1.6751 -0.0077 -0.0031 0.0383] xyz=359.32,15.44,158.67 track=0.0583
