# constZ-continuous tag=reg8 port=COM21 ik=C:\Users\Mukund\Documents\Ro-Arm\roarm_sdk\waveshare_ik.py home_xyz=[361.08 -3.88 178.19] z0=178.19 R=150 sweep=110 waypoints=101 envelope=3.0deg sweep_max=10.0s move_tol=0.5deg progress_tol=0.1deg resume_tol=3.00deg
# attempt 1: M=[-0.0107 0.0828 1.6230 -0.0046 -0.0031 0.0261] i_target=6 max_disp=2.741 deg per_joint=[2.74 0.18 0.25 0.06 0.00] deg
t=0.016 att=1 phase=pump idx=0 cmd=[-0.0107 0.0828 1.6230 -0.0046 -0.0031 0.0261] meas=[-0.0107 0.0828 1.6230 -0.0046 -0.0031 0.0261] moved=0.000 dist_tgt=2.741
t=0.016 att=1 phase=pump idx=1 cmd=[-0.0094 0.0828 1.6230 -0.0046 -0.0031 0.0261] meas=[-0.0107 0.0828 1.6230 -0.0046 -0.0031 0.0261] moved=0.000 dist_tgt=2.741
t=0.094 att=1 phase=pump idx=2 cmd=[-0.0080 0.0828 1.6231 -0.0046 -0.0031 0.0261] meas=[-0.0107 0.0828 1.6230 -0.0046 -0.0031 0.0261] moved=0.000 dist_tgt=2.741
t=0.094 att=1 phase=pump idx=3 cmd=[-0.0066 0.0827 1.6231 -0.0046 -0.0031 0.0261] meas=[-0.0107 0.0828 1.6230 -0.0046 -0.0031 0.0261] moved=0.000 dist_tgt=2.741
t=0.156 att=1 phase=pump idx=4 cmd=[-0.0053 0.0827 1.6231 -0.0047 -0.0031 0.0261] meas=[-0.0107 0.0828 1.6230 -0.0046 -0.0031 0.0261] moved=0.000 dist_tgt=2.741
t=0.203 att=1 phase=pump idx=5 cmd=[-0.0039 0.0827 1.6232 -0.0047 -0.0031 0.0261] meas=[-0.0107 0.0828 1.6230 -0.0046 -0.0031 0.0261] moved=0.000 dist_tgt=2.741
t=0.250 att=1 phase=pump idx=6 cmd=[-0.0025 0.0826 1.6232 -0.0047 -0.0031 0.0261] meas=[-0.0107 0.0828 1.6230 -0.0046 -0.0031 0.0261] moved=0.000 dist_tgt=2.741
t=0.297 att=1 phase=pump idx=7 cmd=[-0.0012 0.0826 1.6233 -0.0047 -0.0031 0.0261] meas=[-0.0107 0.0828 1.6230 -0.0046 -0.0031 0.0261] moved=0.000 dist_tgt=2.741
t=0.359 att=1 phase=pump idx=8 cmd=[0.0002 0.0825 1.6234 -0.0047 -0.0031 0.0261] meas=[-0.0107 0.0828 1.6230 -0.0046 -0.0031 0.0261] moved=0.000 dist_tgt=2.741
t=0.391 att=1 phase=pump idx=9 cmd=[0.0016 0.0825 1.6235 -0.0047 -0.0031 0.0261] meas=[-0.0107 0.0828 1.6230 -0.0046 -0.0031 0.0261] moved=0.000 dist_tgt=2.741
t=0.453 att=1 phase=pump idx=10 cmd=[0.0029 0.0824 1.6235 -0.0048 -0.0031 0.0261] meas=[-0.0107 0.0828 1.6230 -0.0046 -0.0031 0.0261] moved=0.000 dist_tgt=2.741
t=0.500 att=1 phase=pump idx=11 cmd=[0.0043 0.0823 1.6236 -0.0048 -0.0031 0.0261] meas=[-0.0107 0.0828 1.6230 -0.0046 -0.0031 0.0261] moved=0.000 dist_tgt=2.741
t=0.562 att=1 phase=pump idx=12 cmd=[0.0057 0.0823 1.6237 -0.0048 -0.0031 0.0261] meas=[-0.0107 0.0828 1.6230 -0.0046 -0.0031 0.0261] moved=0.000 dist_tgt=2.741
t=0.594 att=1 phase=pump idx=13 cmd=[0.0070 0.0822 1.6238 -0.0048 -0.0031 0.0261] meas=[-0.0107 0.0828 1.6230 -0.0046 -0.0031 0.0261] moved=0.000 dist_tgt=2.741
t=0.656 att=1 phase=pump idx=14 cmd=[0.0084 0.0821 1.6239 -0.0049 -0.0031 0.0261] meas=[-0.0107 0.0828 1.6230 -0.0046 -0.0031 0.0261] moved=0.000 dist_tgt=2.741
t=0.703 att=1 phase=pump idx=15 cmd=[0.0098 0.0820 1.6240 -0.0049 -0.0031 0.0261] meas=[-0.0107 0.0828 1.6230 -0.0046 -0.0031 0.0261] moved=0.000 dist_tgt=2.741
t=0.750 att=1 phase=pump idx=16 cmd=[0.0111 0.0820 1.6241 -0.0049 -0.0031 0.0261] meas=[-0.0107 0.0828 1.6230 -0.0046 -0.0031 0.0261] moved=0.000 dist_tgt=2.741
t=0.797 att=1 phase=pump idx=17 cmd=[0.0125 0.0819 1.6242 -0.0049 -0.0031 0.0261] meas=[-0.0107 0.0828 1.6230 -0.0046 -0.0031 0.0261] moved=0.000 dist_tgt=2.741
t=0.844 att=1 phase=pump idx=18 cmd=[0.0139 0.0818 1.6244 -0.0050 -0.0031 0.0261] meas=[-0.0107 0.0828 1.6230 -0.0046 -0.0031 0.0261] moved=0.000 dist_tgt=2.741
t=0.906 att=1 phase=pump idx=19 cmd=[0.0152 0.0817 1.6245 -0.0050 -0.0031 0.0261] meas=[-0.0107 0.0828 1.6230 -0.0046 -0.0031 0.0261] moved=0.000 dist_tgt=2.741
t=0.953 att=1 phase=pump idx=20 cmd=[0.0166 0.0816 1.6246 -0.0050 -0.0031 0.0261] meas=[-0.0107 0.0828 1.6230 -0.0046 -0.0031 0.0276] moved=0.000 dist_tgt=2.741
t=1.000 att=1 phase=pump idx=21 cmd=[0.0180 0.0815 1.6248 -0.0051 -0.0031 0.0261] meas=[-0.0107 0.0951 1.6322 -0.0046 -0.0031 0.0276] moved=0.703 dist_tgt=2.741
t=1.047 att=1 phase=pump idx=22 cmd=[0.0193 0.0814 1.6249 -0.0051 -0.0031 0.0261] meas=[-0.0092 0.1074 1.6337 -0.0046 -0.0031 0.0276] moved=1.406 dist_tgt=2.653
t=1.109 att=1 phase=pump idx=23 cmd=[0.0207 0.0813 1.6251 -0.0051 -0.0031 0.0261] meas=[-0.0092 0.1058 1.6322 -0.0046 -0.0031 0.0276] moved=1.318 dist_tgt=2.653
t=1.156 att=1 phase=pump idx=24 cmd=[0.0221 0.0812 1.6252 -0.0052 -0.0031 0.0261] meas=[-0.0092 0.1058 1.6337 -0.0046 -0.0031 0.0276] moved=1.318 dist_tgt=2.653
t=1.187 att=1 phase=pump idx=25 cmd=[0.0234 0.0810 1.6254 -0.0052 -0.0031 0.0261] meas=[-0.0092 0.1058 1.6337 -0.0046 -0.0031 0.0276] moved=1.318 dist_tgt=2.653
t=1.250 att=1 phase=pump idx=26 cmd=[0.0248 0.0809 1.6255 -0.0053 -0.0031 0.0261] meas=[-0.0092 0.1058 1.6337 -0.0046 -0.0031 0.0276] moved=1.318 dist_tgt=2.653
t=1.312 att=1 phase=pump idx=27 cmd=[0.0262 0.0808 1.6257 -0.0053 -0.0031 0.0261] meas=[-0.0092 0.1058 1.6337 -0.0046 -0.0031 0.0276] moved=1.318 dist_tgt=2.653
t=1.344 att=1 phase=pump idx=28 cmd=[0.0275 0.0807 1.6259 -0.0054 -0.0031 0.0261] meas=[-0.0092 0.1058 1.6337 -0.0046 -0.0031 0.0276] moved=1.318 dist_tgt=2.653
t=1.406 att=1 phase=pump idx=29 cmd=[0.0289 0.0805 1.6261 -0.0054 -0.0031 0.0261] meas=[-0.0092 0.1058 1.6337 -0.0046 -0.0031 0.0276] moved=1.318 dist_tgt=2.653
t=1.453 att=1 phase=pump idx=30 cmd=[0.0303 0.0804 1.6263 -0.0055 -0.0031 0.0261] meas=[-0.0092 0.1058 1.6337 -0.0046 -0.0031 0.0276] moved=1.318 dist_tgt=2.653
t=1.500 att=1 phase=pump idx=31 cmd=[0.0316 0.0802 1.6264 -0.0055 -0.0031 0.0261] meas=[-0.0061 0.1058 1.6337 -0.0046 -0.0031 0.0276] moved=1.318 dist_tgt=2.477
t=1.547 att=1 phase=pump idx=32 cmd=[0.0330 0.0801 1.6266 -0.0056 -0.0031 0.0261] meas=[0.0031 0.1058 1.6337 -0.0046 -0.0031 0.0276] moved=1.318 dist_tgt=1.950
# attempt 1 COMMITTED phase=pump t=1.547 t102_continuous=True
===== CONTINUOUS FORWARD: direct transition to wp=0 compat_err=1.318deg (NO align hold, NO T102 gap) =====
adv t=0.000 leg=F idx=0 cmd=[-0.0107 0.0828 1.6230 -0.0046 -0.0031 0.0261] meas=[0.0077 0.1058 1.6337 -0.0046 -0.0031 0.0276] xyz=364.40,2.80,166.50 track=0.0230
adv t=0.047 leg=F idx=1 cmd=[-0.0028 0.0826 1.6232 -0.0047 -0.0031 0.0261] meas=[0.0092 0.1058 1.6337 -0.0046 -0.0031 0.0276] xyz=364.40,3.35,166.50 track=0.0232
adv t=0.094 leg=F idx=2 cmd=[0.0052 0.0823 1.6237 -0.0048 -0.0031 0.0261] meas=[0.0092 0.1058 1.6337 -0.0046 -0.0031 0.0276] xyz=364.40,3.35,166.50 track=0.0235
adv t=0.157 leg=F idx=3 cmd=[0.0132 0.0818 1.6243 -0.0050 -0.0031 0.0261] meas=[0.0123 0.1058 1.6337 -0.0046 -0.0031 0.0276] xyz=364.39,4.47,166.50 track=0.0240
adv t=0.203 leg=F idx=4 cmd=[0.0212 0.0812 1.6251 -0.0052 -0.0031 0.0261] meas=[0.0123 0.1058 1.6337 -0.0046 -0.0031 0.0276] xyz=364.39,4.47,166.50 track=0.0246
adv t=0.250 leg=F idx=5 cmd=[0.0291 0.0805 1.6261 -0.0054 -0.0031 0.0261] meas=[0.0123 0.1058 1.6337 -0.0046 -0.0031 0.0276] xyz=364.39,4.47,166.50 track=0.0253
adv t=0.313 leg=F idx=6 cmd=[0.0371 0.0796 1.6272 -0.0057 -0.0031 0.0261] meas=[0.0123 0.1058 1.6337 -0.0046 -0.0031 0.0276] xyz=364.39,4.47,166.50 track=0.0262
adv t=0.344 leg=F idx=7 cmd=[0.0451 0.0786 1.6286 -0.0060 -0.0031 0.0261] meas=[0.0123 0.1058 1.6337 -0.0046 -0.0031 0.0276] xyz=364.39,4.47,166.50 track=0.0328
adv t=0.407 leg=F idx=8 cmd=[0.0530 0.0775 1.6301 -0.0064 -0.0031 0.0261] meas=[0.0123 0.1058 1.6337 -0.0046 -0.0031 0.0276] xyz=364.39,4.47,166.50 track=0.0408
adv t=0.453 leg=F idx=9 cmd=[0.0610 0.0762 1.6318 -0.0069 -0.0031 0.0261] meas=[0.0123 0.1058 1.6337 -0.0046 -0.0031 0.0276] xyz=364.39,4.47,166.50 track=0.0487
adv t=0.500 leg=F idx=10 cmd=[0.0689 0.0748 1.6337 -0.0073 -0.0031 0.0261] meas=[0.0169 0.1058 1.6337 -0.0046 -0.0031 0.0276] xyz=364.36,6.15,166.50 track=0.0521
adv t=0.547 leg=F idx=11 cmd=[0.0769 0.0733 1.6357 -0.0078 -0.0031 0.0261] meas=[0.0291 0.1058 1.6337 -0.0046 -0.0031 0.0276] xyz=364.26,10.62,166.50 track=0.0478
adv t=0.610 leg=F idx=12 cmd=[0.0849 0.0716 1.6379 -0.0084 -0.0031 0.0261] meas=[0.0353 0.1058 1.6368 -0.0046 -0.0031 0.0276] xyz=363.99,12.85,165.55 track=0.0496
adv t=0.657 leg=F idx=13 cmd=[0.0928 0.0698 1.6403 -0.0090 -0.0031 0.0261] meas=[0.0460 0.1058 1.6398 -0.0046 -0.0031 0.0276] xyz=363.62,16.75,164.60 track=0.0468
adv t=0.703 leg=F idx=14 cmd=[0.1007 0.0679 1.6429 -0.0096 -0.0031 0.0261] meas=[0.0506 0.1058 1.6398 -0.0046 -0.0031 0.0276] xyz=363.54,18.42,164.60 track=0.0501
adv t=0.750 leg=F idx=15 cmd=[0.1087 0.0658 1.6456 -0.0103 -0.0031 0.0261] meas=[0.0537 0.1058 1.6398 -0.0046 -0.0031 0.0276] xyz=363.48,19.53,164.60 track=0.0550
adv t=0.813 leg=F idx=16 cmd=[0.1166 0.0636 1.6485 -0.0110 -0.0031 0.0261] meas=[0.0629 0.1058 1.6460 -0.0046 -0.0031 0.0276] xyz=362.87,22.85,162.71 track=0.0537
adv t=0.844 leg=F idx=17 cmd=[0.1245 0.0613 1.6516 -0.0117 -0.0031 0.0261] meas=[0.0706 0.1058 1.6460 -0.0046 -0.0031 0.0276] xyz=362.68,25.63,162.71 track=0.0540
adv t=0.907 leg=F idx=18 cmd=[0.1325 0.0588 1.6548 -0.0124 -0.0031 0.0261] meas=[0.0767 0.1058 1.6460 -0.0046 -0.0031 0.0276] xyz=362.52,27.86,162.71 track=0.0558
adv t=0.953 leg=F idx=19 cmd=[0.1404 0.0562 1.6582 -0.0132 -0.0031 0.0261] meas=[0.0890 0.1058 1.6536 -0.0046 -0.0031 0.0276] xyz=361.61,32.26,160.34 track=0.0514
adv t=1.000 leg=F idx=20 cmd=[0.1483 0.0535 1.6617 -0.0140 -0.0031 0.0261] meas=[0.0951 0.1058 1.6582 -0.0046 -0.0031 0.0276] xyz=361.07,34.44,158.93 track=0.0532
adv t=1.063 leg=F idx=21 cmd=[0.1562 0.0507 1.6654 -0.0149 -0.0031 0.0261] meas=[0.1012 0.1058 1.6613 -0.0046 -0.0031 0.0276] xyz=360.62,36.64,157.98 track=0.0552
adv t=1.141 leg=F idx=22 cmd=[0.1641 0.0477 1.6693 -0.0158 -0.0031 0.0261] meas=[0.1212 0.1058 1.6674 -0.0046 -0.0031 0.0276] xyz=359.36,43.76,156.10 track=0.0582
adv t=1.188 leg=F idx=23 cmd=[0.1720 0.0446 1.6733 -0.0167 -0.0031 0.0261] meas=[0.1258 0.1058 1.6690 -0.0046 -0.0031 0.0276] xyz=359.04,45.40,155.62 track=0.0613
adv t=1.219 leg=F idx=24 cmd=[0.1799 0.0413 1.6774 -0.0176 -0.0031 0.0261] meas=[0.1319 0.1058 1.6720 -0.0046 -0.0031 0.0276] xyz=358.52,47.57,154.68 track=0.0645
adv t=1.250 leg=F idx=25 cmd=[0.1878 0.0379 1.6817 -0.0185 -0.0031 0.0261] meas=[0.1365 0.1058 1.6736 -0.0046 -0.0031 0.0276] xyz=358.18,49.21,154.21 track=0.0679
adv t=1.297 leg=F idx=26 cmd=[0.1956 0.0344 1.6862 -0.0194 -0.0031 0.0261] meas=[0.1396 0.1058 1.6736 -0.0046 -0.0031 0.0276] xyz=358.03,50.31,154.21 track=0.0714
adv t=1.360 leg=F idx=27 cmd=[0.2035 0.0308 1.6908 -0.0204 -0.0031 0.0261] meas=[0.1457 0.1043 1.6766 -0.0046 -0.0031 0.0276] xyz=357.24,52.43,153.83 track=0.0735
adv t=1.407 leg=F idx=28 cmd=[0.2113 0.0271 1.6955 -0.0214 -0.0031 0.0261] meas=[0.1580 0.1043 1.6874 -0.0046 -0.0031 0.0276] xyz=355.72,56.68,150.54 track=0.0773
adv t=1.453 leg=F idx=29 cmd=[0.2192 0.0232 1.7004 -0.0223 -0.0031 0.0261] meas=[0.1657 0.1043 1.6920 -0.0046 -0.0031 0.0276] xyz=354.90,59.34,149.13 track=0.0811
adv t=1.500 leg=F idx=30 cmd=[0.2270 0.0192 1.7054 -0.0233 -0.0031 0.0261] meas=[0.1718 0.1043 1.6920 -0.0061 -0.0031 0.0276] xyz=354.61,61.53,149.38 track=0.0852
adv t=1.547 leg=F idx=31 cmd=[0.2348 0.0150 1.7105 -0.0243 -0.0031 0.0261] meas=[0.1825 0.1012 1.7012 -0.0077 -0.0031 0.0276] xyz=352.79,65.13,147.93 track=0.0862
adv t=1.610 leg=F idx=32 cmd=[0.2426 0.0108 1.7157 -0.0253 -0.0031 0.0261] meas=[0.1902 0.1012 1.7043 -0.0077 -0.0031 0.0276] xyz=352.03,67.78,147.00 track=0.0905
adv t=1.657 leg=F idx=33 cmd=[0.2505 0.0064 1.7211 -0.0263 -0.0031 0.0261] meas=[0.2010 0.1012 1.7104 -0.0092 -0.0031 0.0276] xyz=350.84,71.47,145.38 track=0.0949
adv t=1.703 leg=F idx=34 cmd=[0.2582 0.0018 1.7266 -0.0273 -0.0031 0.0261] meas=[0.2056 0.1012 1.7181 -0.0092 -0.0031 0.0276] xyz=349.84,72.94,143.05 track=0.0994
adv t=1.750 leg=F idx=35 cmd=[0.2660 -0.0028 1.7322 -0.0282 -0.0031 0.0261] meas=[0.2086 0.0966 1.7181 -0.0092 -0.0031 0.0276] xyz=348.97,73.88,144.69 track=0.0994
adv t=1.813 leg=F idx=36 cmd=[0.2738 -0.0076 1.7380 -0.0292 -0.0031 0.0261] meas=[0.2209 0.0920 1.7257 -0.0092 -0.0031 0.0276] xyz=346.73,77.86,144.00 track=0.0996
adv t=1.844 leg=F idx=37 cmd=[0.2815 -0.0125 1.7438 -0.0301 -0.0031 0.0261] meas=[0.2270 0.0844 1.7303 -0.0092 -0.0031 0.0276] xyz=344.76,79.64,145.32 track=0.0968
adv t=1.907 leg=F idx=38 cmd=[0.2893 -0.0175 1.7498 -0.0311 -0.0031 0.0261] meas=[0.2332 0.0844 1.7334 -0.0092 -0.0031 0.0276] xyz=344.00,81.70,144.39 track=0.1019
adv t=1.953 leg=F idx=39 cmd=[0.2970 -0.0226 1.7558 -0.0320 -0.0031 0.0261] meas=[0.2439 0.0736 1.7441 -0.0123 -0.0031 0.0276] xyz=340.83,84.82,145.41 track=0.0963
adv t=2.000 leg=F idx=40 cmd=[0.3047 -0.0279 1.7620 -0.0329 -0.0031 0.0261] meas=[0.2500 0.0721 1.7487 -0.0153 -0.0031 0.0276] xyz=339.85,86.79,145.05 track=0.1000
adv t=2.063 leg=F idx=41 cmd=[0.3124 -0.0333 1.7682 -0.0337 -0.0031 0.0261] meas=[0.2562 0.0690 1.7503 -0.0153 -0.0031 0.0276] xyz=338.75,88.73,145.66 track=0.1023
adv t=2.110 leg=F idx=42 cmd=[0.3201 -0.0388 1.7746 -0.0346 -0.0031 0.0261] meas=[0.2684 0.0614 1.7625 -0.0169 -0.0031 0.0276] xyz=335.58,92.31,144.86 track=0.1002
adv t=2.141 leg=F idx=43 cmd=[0.3278 -0.0444 1.7810 -0.0354 -0.0031 0.0261] meas=[0.2746 0.0568 1.7687 -0.0169 -0.0031 0.0276] xyz=333.84,94.04,144.60 track=0.1012
adv t=2.203 leg=F idx=44 cmd=[0.3354 -0.0502 1.7875 -0.0361 -0.0031 0.0261] meas=[0.2807 0.0537 1.7687 -0.0169 -0.0031 0.0276] xyz=332.83,95.97,145.66 track=0.1039
adv t=2.250 leg=F idx=45 cmd=[0.3430 -0.0561 1.7941 -0.0368 -0.0031 0.0261] meas=[0.2915 0.0445 1.7794 -0.0184 -0.0031 0.0276] xyz=329.65,98.90,145.83 track=0.1006
adv t=2.313 leg=F idx=46 cmd=[0.3507 -0.0621 1.8008 -0.0375 -0.0031 0.0261] meas=[0.2991 0.0399 1.7840 -0.0184 -0.0031 0.0276] xyz=327.85,101.10,146.02 track=0.1020
adv t=2.344 leg=F idx=47 cmd=[0.3583 -0.0682 1.8076 -0.0381 -0.0031 0.0261] meas=[0.3053 0.0337 1.7871 -0.0199 -0.0031 0.0276] xyz=326.18,102.78,147.44 track=0.1020
adv t=2.407 leg=F idx=48 cmd=[0.3658 -0.0745 1.8144 -0.0387 -0.0031 0.0261] meas=[0.3145 0.0245 1.7994 -0.0215 -0.0031 0.0276] xyz=322.98,105.05,147.10 track=0.0990
adv t=2.438 leg=F idx=49 cmd=[0.3734 -0.0809 1.8213 -0.0392 -0.0031 0.0261] meas=[0.3175 0.0245 1.8009 -0.0215 -0.0031 0.0276] xyz=322.52,106.00,146.63 track=0.1054
adv t=2.516 leg=F idx=50 cmd=[0.3809 -0.0874 1.8282 -0.0397 -0.0031 0.0261] meas=[0.3237 0.0199 1.8055 -0.0215 -0.0031 0.0276] xyz=320.84,107.63,146.79 track=0.1073
adv t=2.594 leg=F idx=51 cmd=[0.3885 -0.0940 1.8353 -0.0401 -0.0031 0.0261] meas=[0.3344 0.0077 1.8193 -0.0215 -0.0031 0.0276] xyz=316.79,110.07,146.74 track=0.1017
adv t=2.625 leg=F idx=52 cmd=[0.3960 -0.1007 1.8423 -0.0404 -0.0031 0.0261] meas=[0.3467 -0.0046 1.8270 -0.0215 -0.0031 0.0276] xyz=313.07,113.10,148.51 track=0.0961
adv t=2.657 leg=F idx=53 cmd=[0.4034 -0.1076 1.8494 -0.0407 -0.0031 0.0261] meas=[0.3497 -0.0107 1.8316 -0.0215 -0.0031 0.0276] xyz=311.48,113.61,149.14 track=0.0969
adv t=2.703 leg=F idx=54 cmd=[0.4109 -0.1146 1.8566 -0.0408 -0.0031 0.0261] meas=[0.3543 -0.0138 1.8392 -0.0215 -0.0031 0.0276] xyz=309.89,114.65,147.83 track=0.1008
adv t=2.750 leg=F idx=55 cmd=[0.4183 -0.1217 1.8638 -0.0409 -0.0031 0.0261] meas=[0.3574 -0.0184 1.8423 -0.0215 -0.0031 0.0276] xyz=308.64,115.27,148.42 track=0.1033
adv t=2.813 leg=F idx=56 cmd=[0.4257 -0.1290 1.8711 -0.0409 -0.0031 0.0261] meas=[0.3712 -0.0291 1.8561 -0.0261 -0.0031 0.0276] xyz=304.62,118.58,148.50 track=0.0998
adv t=2.844 leg=F idx=57 cmd=[0.4331 -0.1363 1.8783 -0.0408 -0.0031 0.0261] meas=[0.3774 -0.0337 1.8623 -0.0261 -0.0031 0.0276] xyz=302.74,119.99,148.14 track=0.1026
adv t=2.907 leg=F idx=58 cmd=[0.4405 -0.1438 1.8857 -0.0407 -0.0031 0.0261] meas=[0.3835 -0.0414 1.8638 -0.0261 -0.0031 0.0276] xyz=300.81,121.37,150.16 track=0.1024
adv t=2.953 leg=F idx=59 cmd=[0.4478 -0.1514 1.8930 -0.0404 -0.0031 0.0261] meas=[0.3942 -0.0522 1.8776 -0.0261 -0.0031 0.0276] xyz=296.88,123.51,149.43 track=0.0992
adv t=3.000 leg=F idx=60 cmd=[0.4551 -0.1591 1.9003 -0.0400 -0.0031 0.0261] meas=[0.3988 -0.0583 1.8807 -0.0261 -0.0031 0.0276] xyz=295.21,124.41,150.47 track=0.1008
adv t=3.063 leg=F idx=61 cmd=[0.4624 -0.1670 1.9077 -0.0395 -0.0031 0.0261] meas=[0.4050 -0.0614 1.8822 -0.0261 -0.0031 0.0276] xyz=293.90,125.98,150.99 track=0.1056
adv t=3.110 leg=F idx=62 cmd=[0.4696 -0.1750 1.9151 -0.0389 -0.0031 0.0261] meas=[0.4157 -0.0736 1.8991 -0.0261 -0.0031 0.0276] xyz=289.48,127.79,149.76 track=0.1013
adv t=3.141 leg=F idx=63 cmd=[0.4769 -0.1831 1.9225 -0.0382 -0.0031 0.0261] meas=[0.4218 -0.0798 1.9037 -0.0261 -0.0031 0.0276] xyz=287.48,129.02,150.30 track=0.1033
adv t=3.203 leg=F idx=64 cmd=[0.4840 -0.1913 1.9298 -0.0374 -0.0031 0.0261] meas=[0.4280 -0.0859 1.9083 -0.0261 -0.0031 0.0276] xyz=285.47,130.23,150.83 track=0.1054
adv t=3.250 leg=F idx=65 cmd=[0.4912 -0.1996 1.9372 -0.0364 -0.0031 0.0261] meas=[0.4372 -0.0997 1.9205 -0.0261 -0.0031 0.0276] xyz=281.40,131.51,151.40 track=0.0999
adv t=3.297 leg=F idx=66 cmd=[0.4983 -0.2081 1.9446 -0.0353 -0.0031 0.0261] meas=[0.4449 -0.1058 1.9267 -0.0261 -0.0031 0.0276] xyz=279.06,133.04,151.44 track=0.1023
adv t=3.360 leg=F idx=67 cmd=[0.5054 -0.2167 1.9519 -0.0340 -0.0031 0.0261] meas=[0.4510 -0.1089 1.9297 -0.0261 -0.0031 0.0276] xyz=277.58,134.43,151.45 track=0.1078
adv t=3.407 leg=F idx=68 cmd=[0.5125 -0.2254 1.9593 -0.0327 -0.0031 0.0261] meas=[0.4602 -0.1227 1.9420 -0.0261 -0.0031 0.0276] xyz=273.50,135.57,151.95 track=0.1027
adv t=3.438 leg=F idx=69 cmd=[0.5195 -0.2343 1.9666 -0.0311 -0.0031 0.0261] meas=[0.4633 -0.1258 1.9451 -0.0261 -0.0031 0.0276] xyz=272.43,136.08,151.95 track=0.1085
adv t=3.500 leg=F idx=70 cmd=[0.5264 -0.2432 1.9739 -0.0294 -0.0031 0.0261] meas=[0.4679 -0.1335 1.9528 -0.0261 -0.0031 0.0276] xyz=270.16,136.51,151.95 track=0.1098
adv t=3.563 leg=F idx=71 cmd=[0.5334 -0.2523 1.9811 -0.0276 -0.0031 0.0261] meas=[0.4801 -0.1473 1.9635 -0.0261 -0.0031 0.0276] xyz=265.78,138.41,152.83 track=0.1051
adv t=3.594 leg=F idx=72 cmd=[0.5403 -0.2615 1.9883 -0.0256 -0.0031 0.0261] meas=[0.4878 -0.1580 1.9727 -0.0261 -0.0031 0.0276] xyz=262.56,139.31,153.23 track=0.1035
adv t=3.657 leg=F idx=73 cmd=[0.5471 -0.2709 1.9955 -0.0234 -0.0031 0.0261] meas=[0.4909 -0.1641 1.9742 -0.0261 -0.0031 0.0276] xyz=261.19,139.61,154.58 track=0.1068
adv t=3.703 leg=F idx=74 cmd=[0.5539 -0.2804 2.0026 -0.0210 -0.0031 0.0261] meas=[0.5001 -0.1764 1.9865 -0.0261 -0.0031 0.0276] xyz=257.32,140.60,154.45 track=0.1040
adv t=3.750 leg=F idx=75 cmd=[0.5607 -0.2900 2.0096 -0.0185 -0.0031 0.0261] meas=[0.5062 -0.1871 1.9942 -0.0261 -0.0031 0.0276] xyz=254.44,141.06,155.25 track=0.1028
adv t=3.797 leg=F idx=76 cmd=[0.5674 -0.2997 2.0166 -0.0158 -0.0031 0.0261] meas=[0.5108 -0.1933 1.9957 -0.0261 -0.0031 0.0276] xyz=252.85,141.70,156.56 track=0.1064
adv t=3.844 leg=F idx=77 cmd=[0.5741 -0.3095 2.0236 -0.0128 -0.0031 0.0261] meas=[0.5216 -0.2071 2.0095 -0.0261 -0.0031 0.0276] xyz=248.46,142.77,156.32 track=0.1024
adv t=3.907 leg=F idx=78 cmd=[0.5807 -0.3195 2.0304 -0.0097 -0.0031 0.0261] meas=[0.5292 -0.2148 2.0126 -0.0245 -0.0031 0.0276] xyz=246.04,143.90,157.32 track=0.1047
adv t=3.953 leg=F idx=79 cmd=[0.5873 -0.3296 2.0372 -0.0064 -0.0031 0.0261] meas=[0.5369 -0.2286 2.0203 -0.0230 -0.0031 0.0276] xyz=242.47,144.32,158.63 track=0.1010
adv t=4.000 leg=F idx=80 cmd=[0.5938 -0.3398 2.0439 -0.0029 -0.0031 0.0261] meas=[0.5415 -0.2362 2.0310 -0.0215 -0.0031 0.0276] xyz=239.97,144.33,157.24 track=0.1036
adv t=4.047 leg=F idx=81 cmd=[0.6003 -0.3502 2.0505 0.0009 -0.0031 0.0261] meas=[0.5461 -0.2408 2.0310 -0.0169 -0.0031 0.0276] xyz=238.50,144.95,157.76 track=0.1093
adv t=4.110 leg=F idx=82 cmd=[0.6067 -0.3606 2.0570 0.0048 -0.0031 0.0261] meas=[0.5568 -0.2562 2.0448 -0.0123 -0.0031 0.0276] xyz=233.76,145.52,157.03 track=0.1045
adv t=4.157 leg=F idx=83 cmd=[0.6130 -0.3712 2.0634 0.0090 -0.0031 0.0261] meas=[0.5614 -0.2654 2.0463 -0.0077 -0.0031 0.0276] xyz=231.56,145.64,158.32 track=0.1058
adv t=4.188 leg=F idx=84 cmd=[0.6193 -0.3819 2.0697 0.0134 -0.0031 0.0261] meas=[0.5645 -0.2715 2.0494 -0.0077 -0.0031 0.0276] xyz=230.09,145.70,159.06 track=0.1104
adv t=4.250 leg=F idx=85 cmd=[0.6255 -0.3928 2.0759 0.0181 -0.0031 0.0261] meas=[0.5691 -0.2807 2.0540 -0.0061 -0.0031 0.0276] xyz=227.83,145.74,159.89 track=0.1121
adv t=4.313 leg=F idx=86 cmd=[0.6317 -0.4037 2.0819 0.0230 -0.0031 0.0261] meas=[0.5814 -0.2961 2.0678 0.0031 -0.0031 0.0276] xyz=222.73,146.37,158.24 track=0.1077
adv t=4.360 leg=F idx=87 cmd=[0.6378 -0.4148 2.0879 0.0282 -0.0031 0.0261] meas=[0.5906 -0.3114 2.0739 0.0061 -0.0031 0.0276] xyz=218.84,146.71,159.91 track=0.1034
adv t=4.407 leg=F idx=88 cmd=[0.6438 -0.4260 2.0937 0.0336 -0.0031 0.0261] meas=[0.5937 -0.3206 2.0801 0.0123 -0.0031 0.0276] xyz=216.55,146.14,159.43 track=0.1054
adv t=4.453 leg=F idx=89 cmd=[0.6497 -0.4374 2.0993 0.0392 -0.0031 0.0261] meas=[0.5967 -0.3267 2.0816 0.0138 -0.0031 0.0276] xyz=215.14,146.15,160.30 track=0.1106
adv t=4.500 leg=F idx=90 cmd=[0.6556 -0.4488 2.1049 0.0451 -0.0031 0.0261] meas=[0.5998 -0.3344 2.0862 0.0169 -0.0031 0.0276] xyz=213.27,145.84,160.36 track=0.1144
adv t=4.547 leg=F idx=91 cmd=[0.6613 -0.4604 2.1102 0.0513 -0.0031 0.0261] meas=[0.6105 -0.3543 2.1000 0.0261 -0.0031 0.0276] xyz=207.90,145.46,159.70 track=0.1060
adv t=4.594 leg=F idx=92 cmd=[0.6670 -0.4720 2.1155 0.0578 -0.0031 0.0261] meas=[0.6167 -0.3651 2.1062 0.0337 -0.0031 0.0276] xyz=204.94,145.28,159.25 track=0.1070
adv t=4.657 leg=F idx=93 cmd=[0.6726 -0.4838 2.1205 0.0645 -0.0031 0.0261] meas=[0.6243 -0.3804 2.1108 0.0399 -0.0031 0.0276] xyz=201.32,145.05,160.65 track=0.1034
adv t=4.703 leg=F idx=94 cmd=[0.6781 -0.4957 2.1254 0.0715 -0.0031 0.0261] meas=[0.6289 -0.3896 2.1184 0.0460 -0.0031 0.0276] xyz=198.79,144.61,159.54 track=0.1061
adv t=4.750 leg=F idx=95 cmd=[0.6836 -0.5077 2.1301 0.0788 -0.0031 0.0261] meas=[0.6305 -0.3958 2.1184 0.0460 -0.0031 0.0276] xyz=197.77,144.34,161.05 track=0.1120
adv t=4.813 leg=F idx=96 cmd=[0.6889 -0.5199 2.1347 0.0864 -0.0031 0.0261] meas=[0.6381 -0.4142 2.1292 0.0583 -0.0031 0.0276] xyz=193.22,143.30,160.17 track=0.1057
adv t=4.844 leg=F idx=97 cmd=[0.6941 -0.5321 2.1390 0.0942 -0.0031 0.0261] meas=[0.6427 -0.4234 2.1322 0.0644 -0.0031 0.0276] xyz=190.97,143.00,160.42 track=0.1087
adv t=4.907 leg=F idx=98 cmd=[0.6992 -0.5444 2.1432 0.1024 -0.0031 0.0261] meas=[0.6443 -0.4326 2.1338 0.0690 -0.0031 0.0276] xyz=189.31,142.21,161.37 track=0.1118
adv t=4.953 leg=F idx=99 cmd=[0.7042 -0.5568 2.1471 0.1109 -0.0031 0.0261] meas=[0.6535 -0.4510 2.1445 0.0798 -0.0031 0.0276] xyz=184.67,141.41,160.60 track=0.1058
adv t=5.000 leg=F idx=100 cmd=[0.7091 -0.5693 2.1509 0.1196 -0.0031 0.0261] meas=[0.6581 -0.4617 2.1460 0.0859 -0.0031 0.0276] xyz=182.34,140.96,161.59 track=0.1076

===== REVERSE LEG (continuous, 100 .. 0) =====
ts=42121.828 cmd_ts=0.000 fb_ts=0.000 leg=R idx=0 cmd=[0.7091 -0.5693 2.1509 0.1196 -0.0031 0.0261] meas=[0.6765 -0.5123 2.1568 0.1135 -0.0031 0.0276] xyz=171.77,137.91,165.10 track=0.0570
ts=42121.828 cmd_ts=0.000 fb_ts=0.047 leg=R idx=1 cmd=[0.7042 -0.5568 2.1471 0.1109 -0.0031 0.0261] meas=[0.6765 -0.5123 2.1568 0.1135 -0.0031 0.0276] xyz=171.77,137.91,165.10 track=0.0445
ts=42121.890 cmd_ts=0.062 fb_ts=0.062 leg=R idx=2 cmd=[0.6992 -0.5444 2.1432 0.1024 -0.0031 0.0261] meas=[0.6765 -0.5123 2.1568 0.1135 -0.0031 0.0276] xyz=171.77,137.91,165.10 track=0.0320
ts=42121.921 cmd_ts=0.093 fb_ts=0.093 leg=R idx=3 cmd=[0.6941 -0.5321 2.1390 0.0942 -0.0031 0.0261] meas=[0.6765 -0.5123 2.1568 0.1135 -0.0031 0.0276] xyz=171.77,137.91,165.10 track=0.0197
ts=42121.984 cmd_ts=0.156 fb_ts=0.156 leg=R idx=4 cmd=[0.6889 -0.5199 2.1347 0.0864 -0.0031 0.0261] meas=[0.6765 -0.5123 2.1568 0.1135 -0.0031 0.0276] xyz=171.77,137.91,165.10 track=0.0271
ts=42122.031 cmd_ts=0.203 fb_ts=0.203 leg=R idx=5 cmd=[0.6836 -0.5077 2.1301 0.0788 -0.0031 0.0261] meas=[0.6765 -0.5123 2.1568 0.1135 -0.0031 0.0276] xyz=171.77,137.91,165.10 track=0.0347
ts=42122.078 cmd_ts=0.250 fb_ts=0.250 leg=R idx=6 cmd=[0.6781 -0.4957 2.1254 0.0715 -0.0031 0.0261] meas=[0.6765 -0.5123 2.1568 0.1135 -0.0031 0.0276] xyz=171.77,137.91,165.10 track=0.0420
ts=42122.125 cmd_ts=0.297 fb_ts=0.297 leg=R idx=7 cmd=[0.6726 -0.4838 2.1205 0.0645 -0.0031 0.0261] meas=[0.6765 -0.5123 2.1568 0.1135 -0.0031 0.0276] xyz=171.77,137.91,165.10 track=0.0490
ts=42122.187 cmd_ts=0.359 fb_ts=0.359 leg=R idx=8 cmd=[0.6670 -0.4720 2.1155 0.0578 -0.0031 0.0261] meas=[0.6765 -0.5123 2.1568 0.1135 -0.0031 0.0276] xyz=171.77,137.91,165.10 track=0.0558
ts=42122.218 cmd_ts=0.390 fb_ts=0.390 leg=R idx=9 cmd=[0.6613 -0.4604 2.1102 0.0513 -0.0031 0.0261] meas=[0.6765 -0.5123 2.1568 0.1135 -0.0031 0.0276] xyz=171.77,137.91,165.10 track=0.0622
ts=42122.281 cmd_ts=0.453 fb_ts=0.453 leg=R idx=10 cmd=[0.6556 -0.4488 2.1049 0.0451 -0.0031 0.0261] meas=[0.6765 -0.5123 2.1568 0.1135 -0.0031 0.0276] xyz=171.77,137.91,165.10 track=0.0684
ts=42122.328 cmd_ts=0.500 fb_ts=0.500 leg=R idx=11 cmd=[0.6497 -0.4374 2.0993 0.0392 -0.0031 0.0261] meas=[0.6765 -0.5123 2.1568 0.1135 -0.0031 0.0276] xyz=171.77,137.91,165.10 track=0.0750
ts=42122.375 cmd_ts=0.547 fb_ts=0.562 leg=R idx=12 cmd=[0.6438 -0.4260 2.0937 0.0336 -0.0031 0.0261] meas=[0.6765 -0.5123 2.1568 0.1135 -0.0031 0.0276] xyz=171.77,137.91,165.10 track=0.0863
ts=42122.421 cmd_ts=0.593 fb_ts=0.593 leg=R idx=13 cmd=[0.6378 -0.4148 2.0879 0.0282 -0.0031 0.0261] meas=[0.6765 -0.5123 2.1568 0.1135 -0.0031 0.0276] xyz=171.77,137.91,165.10 track=0.0975
ts=42122.484 cmd_ts=0.656 fb_ts=0.656 leg=R idx=14 cmd=[0.6317 -0.4037 2.0819 0.0230 -0.0031 0.0261] meas=[0.6765 -0.5123 2.1568 0.1135 -0.0031 0.0276] xyz=171.77,137.91,165.10 track=0.1086
ts=42122.531 cmd_ts=0.703 fb_ts=0.703 leg=R idx=15 cmd=[0.6255 -0.3928 2.0759 0.0181 -0.0031 0.0261] meas=[0.6765 -0.5123 2.1568 0.1074 -0.0031 0.0276] xyz=171.98,138.08,166.12 track=0.1196
ts=42122.578 cmd_ts=0.750 fb_ts=0.750 leg=R idx=16 cmd=[0.6193 -0.3819 2.0697 0.0134 -0.0031 0.0261] meas=[0.6765 -0.4985 2.1568 0.0920 -0.0031 0.0276] xyz=174.30,139.94,165.61 track=0.1166
ts=42122.625 cmd_ts=0.797 fb_ts=0.797 leg=R idx=17 cmd=[0.6130 -0.3712 2.0634 0.0090 -0.0031 0.0261] meas=[0.6765 -0.4755 2.1568 0.0782 -0.0031 0.0276] xyz=177.72,142.69,162.71 track=0.1043
ts=42122.671 cmd_ts=0.843 fb_ts=0.843 leg=R idx=18 cmd=[0.6067 -0.3606 2.0570 0.0048 -0.0031 0.0261] meas=[0.6765 -0.4571 2.1568 0.0675 -0.0031 0.0276] xyz=180.43,144.86,160.26 track=0.0998
ts=42122.734 cmd_ts=0.906 fb_ts=0.906 leg=R idx=19 cmd=[0.6003 -0.3502 2.0505 0.0009 -0.0031 0.0261] meas=[0.6750 -0.4326 2.1537 0.0552 -0.0031 0.0276] xyz=184.32,147.52,157.50 track=0.1032
ts=42122.781 cmd_ts=0.953 fb_ts=0.953 leg=R idx=20 cmd=[0.5938 -0.3398 2.0439 -0.0029 -0.0031 0.0261] meas=[0.6673 -0.4080 2.1399 0.0414 -0.0031 0.0276] xyz=189.77,149.51,158.18 track=0.0960
ts=42122.828 cmd_ts=1.000 fb_ts=1.000 leg=R idx=21 cmd=[0.5873 -0.3296 2.0372 -0.0064 -0.0031 0.0261] meas=[0.6596 -0.3896 2.1307 0.0322 -0.0031 0.0276] xyz=194.09,150.51,158.05 track=0.0935
ts=42122.875 cmd_ts=1.047 fb_ts=1.047 leg=R idx=22 cmd=[0.5807 -0.3195 2.0304 -0.0097 -0.0031 0.0261] meas=[0.6473 -0.3651 2.1169 0.0276 -0.0031 0.0276] xyz=199.99,151.20,156.96 track=0.0865
ts=42122.937 cmd_ts=1.109 fb_ts=1.109 leg=R idx=23 cmd=[0.5741 -0.3095 2.0236 -0.0128 -0.0031 0.0261] meas=[0.6305 -0.3451 2.1077 0.0153 -0.0031 0.0276] xyz=206.09,150.41,156.77 track=0.0841
ts=42122.968 cmd_ts=1.140 fb_ts=1.140 leg=R idx=24 cmd=[0.5674 -0.2997 2.0166 -0.0158 -0.0031 0.0261] meas=[0.6213 -0.3267 2.0939 0.0092 -0.0031 0.0276] xyz=210.91,150.98,157.29 track=0.0773
ts=42123.031 cmd_ts=1.203 fb_ts=1.203 leg=R idx=25 cmd=[0.5607 -0.2900 2.0096 -0.0185 -0.0031 0.0261] meas=[0.6182 -0.3191 2.0893 0.0077 -0.0031 0.0276] xyz=212.71,151.27,156.96 track=0.0796
ts=42123.078 cmd_ts=1.250 fb_ts=1.250 leg=R idx=26 cmd=[0.5539 -0.2804 2.0026 -0.0210 -0.0031 0.0261] meas=[0.6121 -0.3022 2.0785 0.0015 -0.0031 0.0276] xyz=216.73,152.14,156.83 track=0.0760
ts=42123.140 cmd_ts=1.312 fb_ts=1.312 leg=R idx=27 cmd=[0.5471 -0.2709 1.9955 -0.0234 -0.0031 0.0261] meas=[0.6044 -0.2945 2.0709 0.0015 -0.0031 0.0276] xyz=219.37,151.50,157.14 track=0.0754
ts=42123.171 cmd_ts=1.343 fb_ts=1.343 leg=R idx=28 cmd=[0.5403 -0.2615 1.9883 -0.0256 -0.0031 0.0261] meas=[0.5998 -0.2899 2.0693 0.0015 -0.0031 0.0276] xyz=220.76,150.96,156.39 track=0.0810
ts=42123.234 cmd_ts=1.406 fb_ts=1.406 leg=R idx=29 cmd=[0.5334 -0.2523 1.9811 -0.0276 -0.0031 0.0261] meas=[0.5890 -0.2761 2.0617 -0.0046 -0.0031 0.0276] xyz=224.92,150.29,156.03 track=0.0806
ts=42123.281 cmd_ts=1.453 fb_ts=1.453 leg=R idx=30 cmd=[0.5264 -0.2432 1.9739 -0.0294 -0.0031 0.0261] meas=[0.5860 -0.2715 2.0555 -0.0077 -0.0031 0.0276] xyz=226.51,150.35,157.17 track=0.0817
ts=42123.328 cmd_ts=1.500 fb_ts=1.500 leg=R idx=31 cmd=[0.5195 -0.2343 1.9666 -0.0311 -0.0031 0.0261] meas=[0.5814 -0.2654 2.0509 -0.0077 -0.0031 0.0276] xyz=228.31,150.03,156.91 track=0.0844
ts=42123.375 cmd_ts=1.547 fb_ts=1.547 leg=R idx=32 cmd=[0.5125 -0.2254 1.9593 -0.0327 -0.0031 0.0261] meas=[0.5706 -0.2470 2.0341 -0.0107 -0.0031 0.0276] xyz=233.60,149.94,157.52 track=0.0748
ts=42123.437 cmd_ts=1.609 fb_ts=1.609 leg=R idx=33 cmd=[0.5054 -0.2167 1.9519 -0.0340 -0.0031 0.0261] meas=[0.5630 -0.2378 2.0279 -0.0107 -0.0031 0.0276] xyz=236.38,149.18,156.83 track=0.0760
ts=42123.468 cmd_ts=1.640 fb_ts=1.656 leg=R idx=34 cmd=[0.4983 -0.2081 1.9446 -0.0353 -0.0031 0.0261] meas=[0.5538 -0.2301 2.0264 -0.0123 -0.0031 0.0276] xyz=238.93,147.73,155.41 track=0.0818
ts=42123.531 cmd_ts=1.703 fb_ts=1.703 leg=R idx=35 cmd=[0.4912 -0.1996 1.9372 -0.0364 -0.0031 0.0261] meas=[0.5492 -0.2209 2.0187 -0.0123 -0.0031 0.0276] xyz=241.37,147.71,155.16 track=0.0815
ts=42123.578 cmd_ts=1.750 fb_ts=1.750 leg=R idx=36 cmd=[0.4840 -0.1913 1.9298 -0.0374 -0.0031 0.0261] meas=[0.5461 -0.2163 2.0126 -0.0138 -0.0031 0.0276] xyz=242.93,147.64,155.98 track=0.0827
ts=42123.640 cmd_ts=1.812 fb_ts=1.812 leg=R idx=37 cmd=[0.4769 -0.1831 1.9225 -0.0382 -0.0031 0.0261] meas=[0.5354 -0.1994 1.9972 -0.0184 -0.0031 0.0276] xyz=248.04,147.12,156.60 track=0.0748
ts=42123.671 cmd_ts=1.843 fb_ts=1.843 leg=R idx=38 cmd=[0.4696 -0.1750 1.9151 -0.0389 -0.0031 0.0261] meas=[0.5277 -0.1948 1.9896 -0.0199 -0.0031 0.0276] xyz=250.38,145.93,157.87 track=0.0745
ts=42123.734 cmd_ts=1.906 fb_ts=1.906 leg=R idx=39 cmd=[0.4624 -0.1670 1.9077 -0.0395 -0.0031 0.0261] meas=[0.5216 -0.1887 1.9865 -0.0199 -0.0031 0.0276] xyz=252.33,144.99,157.03 track=0.0788
ts=42123.781 cmd_ts=1.953 fb_ts=1.953 leg=R idx=40 cmd=[0.4551 -0.1591 1.9003 -0.0400 -0.0031 0.0261] meas=[0.5123 -0.1749 1.9758 -0.0215 -0.0031 0.0276] xyz=256.37,144.19,156.53 track=0.0754
ts=42123.828 cmd_ts=2.000 fb_ts=2.000 leg=R idx=41 cmd=[0.4478 -0.1514 1.8930 -0.0404 -0.0031 0.0261] meas=[0.5047 -0.1672 1.9681 -0.0215 -0.0031 0.0276] xyz=259.07,143.11,156.61 track=0.0751
ts=42123.890 cmd_ts=2.062 fb_ts=2.062 leg=R idx=42 cmd=[0.4405 -0.1438 1.8857 -0.0407 -0.0031 0.0261] meas=[0.5001 -0.1641 1.9635 -0.0261 -0.0031 0.0276] xyz=260.67,142.43,157.87 track=0.0778
ts=42123.921 cmd_ts=2.093 fb_ts=2.109 leg=R idx=43 cmd=[0.4331 -0.1363 1.8783 -0.0408 -0.0031 0.0261] meas=[0.4893 -0.1534 1.9574 -0.0261 -0.0031 0.0276] xyz=264.11,140.65,156.54 track=0.0790
ts=42123.968 cmd_ts=2.140 fb_ts=2.140 leg=R idx=44 cmd=[0.4257 -0.1290 1.8711 -0.0409 -0.0031 0.0261] meas=[0.4817 -0.1442 1.9482 -0.0261 -0.0031 0.0276] xyz=267.13,139.64,156.59 track=0.0771
ts=42124.031 cmd_ts=2.203 fb_ts=2.203 leg=R idx=45 cmd=[0.4183 -0.1217 1.8638 -0.0409 -0.0031 0.0261] meas=[0.4771 -0.1411 1.9451 -0.0261 -0.0031 0.0276] xyz=268.42,138.74,156.61 track=0.0813
ts=42124.078 cmd_ts=2.250 fb_ts=2.250 leg=R idx=46 cmd=[0.4109 -0.1146 1.8566 -0.0408 -0.0031 0.0261] meas=[0.4679 -0.1289 1.9359 -0.0261 -0.0031 0.0276] xyz=272.08,137.47,155.69 track=0.0793
ts=42124.140 cmd_ts=2.312 fb_ts=2.312 leg=R idx=47 cmd=[0.4034 -0.1076 1.8494 -0.0407 -0.0031 0.0261] meas=[0.4617 -0.1227 1.9267 -0.0261 -0.0031 0.0276] xyz=274.45,136.57,156.63 track=0.0772
ts=42124.171 cmd_ts=2.343 fb_ts=2.359 leg=R idx=48 cmd=[0.3960 -0.1007 1.8423 -0.0404 -0.0031 0.0261] meas=[0.4525 -0.1135 1.9221 -0.0261 -0.0031 0.0276] xyz=277.33,134.83,155.21 track=0.0798
ts=42124.234 cmd_ts=2.406 fb_ts=2.406 leg=R idx=49 cmd=[0.3885 -0.0940 1.8353 -0.0401 -0.0031 0.0261] meas=[0.4464 -0.1074 1.9159 -0.0261 -0.0031 0.0276] xyz=279.47,133.76,155.18 track=0.0807
ts=42124.281 cmd_ts=2.453 fb_ts=2.453 leg=R idx=50 cmd=[0.3809 -0.0874 1.8282 -0.0397 -0.0031 0.0261] meas=[0.4418 -0.1028 1.9113 -0.0261 -0.0031 0.0276] xyz=281.08,132.94,155.16 track=0.0831
ts=42124.328 cmd_ts=2.500 fb_ts=2.500 leg=R idx=51 cmd=[0.3734 -0.0809 1.8213 -0.0392 -0.0031 0.0261] meas=[0.4357 -0.0997 1.9067 -0.0261 -0.0031 0.0276] xyz=282.67,131.58,155.61 track=0.0855
ts=42124.375 cmd_ts=2.547 fb_ts=2.547 leg=R idx=52 cmd=[0.3658 -0.0745 1.8144 -0.0387 -0.0031 0.0261] meas=[0.4234 -0.0859 1.8899 -0.0261 -0.0031 0.0276] xyz=287.50,129.55,156.44 track=0.0755
ts=42124.437 cmd_ts=2.609 fb_ts=2.609 leg=R idx=53 cmd=[0.3583 -0.0682 1.8076 -0.0381 -0.0031 0.0261] meas=[0.4142 -0.0798 1.8822 -0.0261 -0.0031 0.0276] xyz=290.13,127.54,156.85 track=0.0746
ts=42124.468 cmd_ts=2.640 fb_ts=2.656 leg=R idx=54 cmd=[0.3507 -0.0621 1.8008 -0.0375 -0.0031 0.0261] meas=[0.4065 -0.0721 1.8791 -0.0261 -0.0031 0.0276] xyz=292.43,125.89,155.35 track=0.0783
ts=42124.531 cmd_ts=2.703 fb_ts=2.703 leg=R idx=55 cmd=[0.3430 -0.0561 1.7941 -0.0368 -0.0031 0.0261] meas=[0.4004 -0.0660 1.8730 -0.0261 -0.0031 0.0276] xyz=294.55,124.66,155.26 track=0.0789
ts=42124.578 cmd_ts=2.750 fb_ts=2.750 leg=R idx=56 cmd=[0.3354 -0.0502 1.7875 -0.0361 -0.0031 0.0261] meas=[0.3958 -0.0629 1.8684 -0.0261 -0.0031 0.0276] xyz=295.91,123.63,155.69 track=0.0809
ts=42124.625 cmd_ts=2.797 fb_ts=2.812 leg=R idx=57 cmd=[0.3278 -0.0444 1.7810 -0.0354 -0.0031 0.0261] meas=[0.3850 -0.0506 1.8515 -0.0261 -0.0031 0.0276] xyz=300.28,121.69,156.89 track=0.0705
ts=42124.671 cmd_ts=2.843 fb_ts=2.843 leg=R idx=58 cmd=[0.3201 -0.0388 1.7746 -0.0346 -0.0031 0.0261] meas=[0.3774 -0.0460 1.8469 -0.0261 -0.0031 0.0276] xyz=302.22,119.79,156.81 track=0.0724
ts=42124.734 cmd_ts=2.906 fb_ts=2.906 leg=R idx=59 cmd=[0.3124 -0.0333 1.7682 -0.0337 -0.0031 0.0261] meas=[0.3728 -0.0430 1.8454 -0.0261 -0.0031 0.0276] xyz=303.33,118.61,156.28 track=0.0772
ts=42124.781 cmd_ts=2.953 fb_ts=2.953 leg=R idx=60 cmd=[0.3047 -0.0279 1.7620 -0.0329 -0.0031 0.0261] meas=[0.3620 -0.0322 1.8346 -0.0261 -0.0031 0.0276] xyz=306.97,116.25,156.05 track=0.0727
ts=42124.828 cmd_ts=3.000 fb_ts=3.000 leg=R idx=61 cmd=[0.2970 -0.0226 1.7558 -0.0320 -0.0031 0.0261] meas=[0.3559 -0.0261 1.8270 -0.0261 -0.0031 0.0276] xyz=309.16,114.92,156.38 track=0.0712
ts=42124.875 cmd_ts=3.047 fb_ts=3.047 leg=R idx=62 cmd=[0.2893 -0.0175 1.7498 -0.0311 -0.0031 0.0261] meas=[0.3482 -0.0230 1.8224 -0.0261 -0.0031 0.0276] xyz=310.84,112.84,156.78 track=0.0726
ts=42124.937 cmd_ts=3.109 fb_ts=3.109 leg=R idx=63 cmd=[0.2815 -0.0125 1.7438 -0.0301 -0.0031 0.0261] meas=[0.3359 -0.0138 1.8116 -0.0261 -0.0031 0.0276] xyz=314.38,109.77,157.01 track=0.0678
ts=42124.984 cmd_ts=3.156 fb_ts=3.156 leg=R idx=64 cmd=[0.2738 -0.0076 1.7380 -0.0292 -0.0031 0.0261] meas=[0.3298 -0.0107 1.8086 -0.0261 -0.0031 0.0276] xyz=315.73,108.08,156.93 track=0.0706
ts=42125.015 cmd_ts=3.187 fb_ts=3.187 leg=R idx=65 cmd=[0.2660 -0.0028 1.7322 -0.0282 -0.0031 0.0261] meas=[0.3252 -0.0077 1.8086 -0.0261 -0.0031 0.0276] xyz=316.68,106.78,155.90 track=0.0763
ts=42125.093 cmd_ts=3.265 fb_ts=3.265 leg=R idx=66 cmd=[0.2582 0.0018 1.7266 -0.0273 -0.0031 0.0261] meas=[0.3145 0.0015 1.8009 -0.0261 -0.0031 0.0276] xyz=319.77,104.01,155.16 track=0.0743
ts=42125.125 cmd_ts=3.297 fb_ts=3.297 leg=R idx=67 cmd=[0.2505 0.0064 1.7211 -0.0263 -0.0031 0.0261] meas=[0.3083 0.0061 1.7948 -0.0261 -0.0031 0.0276] xyz=321.56,102.41,155.49 track=0.0736
ts=42125.171 cmd_ts=3.343 fb_ts=3.343 leg=R idx=68 cmd=[0.2426 0.0108 1.7157 -0.0253 -0.0031 0.0261] meas=[0.3022 0.0077 1.7902 -0.0261 -0.0031 0.0276] xyz=322.76,100.62,156.38 track=0.0744
ts=42125.234 cmd_ts=3.406 fb_ts=3.406 leg=R idx=69 cmd=[0.2348 0.0150 1.7105 -0.0243 -0.0031 0.0261] meas=[0.2930 0.0077 1.7794 -0.0261 -0.0031 0.0276] xyz=324.48,97.89,159.67 track=0.0689
ts=42125.281 cmd_ts=3.453 fb_ts=3.453 leg=R idx=70 cmd=[0.2270 0.0192 1.7054 -0.0233 -0.0031 0.0261] meas=[0.2853 0.0153 1.7748 -0.0261 -0.0031 0.0276] xyz=326.73,95.84,158.48 track=0.0695
ts=42125.328 cmd_ts=3.500 fb_ts=3.515 leg=R idx=71 cmd=[0.2192 0.0232 1.7004 -0.0223 -0.0031 0.0261] meas=[0.2730 0.0230 1.7687 -0.0261 -0.0031 0.0276] xyz=329.52,92.28,157.75 track=0.0683
ts=42125.375 cmd_ts=3.547 fb_ts=3.547 leg=R idx=72 cmd=[0.2113 0.0271 1.6955 -0.0214 -0.0031 0.0261] meas=[0.2669 0.0261 1.7671 -0.0261 -0.0031 0.0276] xyz=330.66,90.41,157.16 track=0.0717
ts=42125.421 cmd_ts=3.593 fb_ts=3.609 leg=R idx=73 cmd=[0.2035 0.0308 1.6908 -0.0204 -0.0031 0.0261] meas=[0.2638 0.0291 1.7671 -0.0261 -0.0031 0.0276] xyz=331.40,89.52,156.11 track=0.0764
ts=42125.468 cmd_ts=3.640 fb_ts=3.656 leg=R idx=74 cmd=[0.1956 0.0344 1.6862 -0.0194 -0.0031 0.0261] meas=[0.2531 0.0322 1.7595 -0.0261 -0.0031 0.0276] xyz=333.39,86.23,157.41 track=0.0733
ts=42125.531 cmd_ts=3.703 fb_ts=3.703 leg=R idx=75 cmd=[0.1878 0.0379 1.6817 -0.0185 -0.0031 0.0261] meas=[0.2470 0.0368 1.7533 -0.0261 -0.0031 0.0276] xyz=335.08,84.48,157.70 track=0.0716
ts=42125.578 cmd_ts=3.750 fb_ts=3.750 leg=R idx=76 cmd=[0.1799 0.0413 1.6774 -0.0176 -0.0031 0.0261] meas=[0.2408 0.0399 1.7472 -0.0261 -0.0031 0.0276] xyz=336.53,82.65,158.53 track=0.0698
ts=42125.625 cmd_ts=3.797 fb_ts=3.812 leg=R idx=77 cmd=[0.1720 0.0446 1.6733 -0.0167 -0.0031 0.0261] meas=[0.2286 0.0445 1.7380 -0.0261 -0.0031 0.0276] xyz=338.91,78.84,159.76 track=0.0647
ts=42125.671 cmd_ts=3.843 fb_ts=3.843 leg=R idx=78 cmd=[0.1641 0.0477 1.6693 -0.0158 -0.0031 0.0261] meas=[0.2224 0.0491 1.7334 -0.0261 -0.0031 0.0276] xyz=340.44,77.00,159.57 track=0.0641
ts=42125.734 cmd_ts=3.906 fb_ts=3.906 leg=R idx=79 cmd=[0.1562 0.0507 1.6654 -0.0149 -0.0031 0.0261] meas=[0.2178 0.0522 1.7319 -0.0261 -0.0031 0.0276] xyz=341.39,75.56,158.97 track=0.0664
ts=42125.781 cmd_ts=3.953 fb_ts=3.953 leg=R idx=80 cmd=[0.1483 0.0535 1.6617 -0.0140 -0.0031 0.0261] meas=[0.2056 0.0583 1.7288 -0.0230 -0.0031 0.0276] xyz=343.33,71.58,157.25 track=0.0671
ts=42125.828 cmd_ts=4.000 fb_ts=4.000 leg=R idx=81 cmd=[0.1404 0.0562 1.6582 -0.0132 -0.0031 0.0261] meas=[0.1979 0.0598 1.7242 -0.0230 -0.0031 0.0276] xyz=344.45,69.07,158.13 track=0.0660
ts=42125.875 cmd_ts=4.047 fb_ts=4.047 leg=R idx=82 cmd=[0.1325 0.0588 1.6548 -0.0124 -0.0031 0.0261] meas=[0.1933 0.0598 1.7242 -0.0230 -0.0031 0.0276] xyz=344.77,67.48,158.13 track=0.0694
ts=42125.937 cmd_ts=4.109 fb_ts=4.109 leg=R idx=83 cmd=[0.1245 0.0613 1.6516 -0.0117 -0.0031 0.0261] meas=[0.1810 0.0614 1.7165 -0.0199 -0.0031 0.0276] xyz=346.24,63.37,159.44 track=0.0650
ts=42125.968 cmd_ts=4.140 fb_ts=4.140 leg=R idx=84 cmd=[0.1166 0.0636 1.6485 -0.0110 -0.0031 0.0261] meas=[0.1749 0.0675 1.7089 -0.0184 -0.0031 0.0276] xyz=348.09,61.50,159.37 track=0.0603
ts=42126.031 cmd_ts=4.203 fb_ts=4.203 leg=R idx=85 cmd=[0.1087 0.0658 1.6456 -0.0103 -0.0031 0.0261] meas=[0.1687 0.0721 1.7058 -0.0169 -0.0031 0.0276] xyz=349.34,59.51,158.43 track=0.0602
ts=42126.078 cmd_ts=4.250 fb_ts=4.250 leg=R idx=86 cmd=[0.1007 0.0679 1.6429 -0.0096 -0.0031 0.0261] meas=[0.1565 0.0767 1.7058 -0.0169 -0.0031 0.0276] xyz=350.76,55.33,156.80 track=0.0629
ts=42126.140 cmd_ts=4.312 fb_ts=4.312 leg=R idx=87 cmd=[0.0928 0.0698 1.6403 -0.0090 -0.0031 0.0261] meas=[0.1488 0.0782 1.7043 -0.0169 -0.0031 0.0276] xyz=351.53,52.70,156.73 track=0.0639
ts=42126.171 cmd_ts=4.343 fb_ts=4.359 leg=R idx=88 cmd=[0.0849 0.0716 1.6379 -0.0084 -0.0031 0.0261] meas=[0.1396 0.0798 1.7012 -0.0169 -0.0031 0.0276] xyz=352.47,49.52,157.12 track=0.0632
ts=42126.234 cmd_ts=4.406 fb_ts=4.406 leg=R idx=89 cmd=[0.0769 0.0733 1.6357 -0.0078 -0.0031 0.0261] meas=[0.1335 0.0828 1.6950 -0.0169 -0.0031 0.0276] xyz=353.71,47.49,157.92 track=0.0593
ts=42126.281 cmd_ts=4.453 fb_ts=4.453 leg=R idx=90 cmd=[0.0689 0.0748 1.6337 -0.0073 -0.0031 0.0261] meas=[0.1289 0.0859 1.6935 -0.0169 -0.0031 0.0276] xyz=354.52,45.94,157.29 track=0.0599
ts=42126.328 cmd_ts=4.500 fb_ts=4.500 leg=R idx=91 cmd=[0.0610 0.0762 1.6318 -0.0069 -0.0031 0.0261] meas=[0.1227 0.0874 1.6904 -0.0169 -0.0031 0.0276] xyz=355.26,43.82,157.69 track=0.0617
ts=42126.375 cmd_ts=4.547 fb_ts=4.547 leg=R idx=92 cmd=[0.0530 0.0775 1.6301 -0.0064 -0.0031 0.0261] meas=[0.1104 0.0874 1.6874 -0.0169 -0.0031 0.0276] xyz=356.00,39.48,158.63 track=0.0574
ts=42126.421 cmd_ts=4.593 fb_ts=4.593 leg=R idx=93 cmd=[0.0451 0.0786 1.6286 -0.0060 -0.0031 0.0261] meas=[0.1028 0.0874 1.6874 -0.0169 -0.0031 0.0276] xyz=356.29,36.75,158.63 track=0.0588
ts=42126.484 cmd_ts=4.656 fb_ts=4.656 leg=R idx=94 cmd=[0.0371 0.0796 1.6272 -0.0057 -0.0031 0.0261] meas=[0.0890 0.0874 1.6874 -0.0138 -0.0031 0.0276] xyz=356.63,31.81,158.12 track=0.0601
ts=42126.531 cmd_ts=4.703 fb_ts=4.703 leg=R idx=95 cmd=[0.0291 0.0805 1.6261 -0.0054 -0.0031 0.0261] meas=[0.0844 0.0874 1.6874 -0.0123 -0.0031 0.0276] xyz=356.70,30.17,157.87 track=0.0613
ts=42126.578 cmd_ts=4.750 fb_ts=4.750 leg=R idx=96 cmd=[0.0212 0.0812 1.6251 -0.0052 -0.0031 0.0261] meas=[0.0798 0.0874 1.6874 -0.0107 -0.0031 0.0276] xyz=356.76,28.52,157.61 track=0.0623
ts=42126.625 cmd_ts=4.797 fb_ts=4.797 leg=R idx=97 cmd=[0.0132 0.0818 1.6243 -0.0050 -0.0031 0.0261] meas=[0.0675 0.0890 1.6828 -0.0107 -0.0031 0.0276] xyz=357.68,24.18,158.48 track=0.0585
ts=42126.687 cmd_ts=4.859 fb_ts=4.859 leg=R idx=98 cmd=[0.0052 0.0823 1.6237 -0.0048 -0.0031 0.0261] meas=[0.0598 0.0936 1.6766 -0.0092 -0.0031 0.0276] xyz=358.96,21.50,158.46 track=0.0546
ts=42126.734 cmd_ts=4.906 fb_ts=4.922 leg=R idx=99 cmd=[-0.0028 0.0826 1.6232 -0.0047 -0.0031 0.0261] meas=[0.0476 0.0951 1.6720 -0.0077 -0.0031 0.0276] xyz=359.72,17.12,159.07 track=0.0503
ts=42126.765 cmd_ts=4.937 fb_ts=4.953 leg=R idx=100 cmd=[-0.0107 0.0828 1.6230 -0.0046 -0.0031 0.0261] meas=[0.0430 0.0951 1.6720 -0.0077 -0.0031 0.0276] xyz=359.79,15.46,159.07 track=0.0537
