# 2026-08-25T15:32:23.507774+00:00  port=COM21  sdk=C:\Users\Mukund\AppData\Local\Programs\Python\Python312\Lib\site-packages\roarm_sdk  ik=C:\Users\Mukund\Documents\Ro-Arm\roarm_sdk\waveshare_ik.py  serial={"port": "COM21", "baudrate": 115200, "timeout": 0.1, "rtscts": false, "dsrdtr": false, "xonxoff": false, "rts": false, "dtr": true, "is_open": true}  start_xyz=[243.81 167.27 80.98]
ts=19617.343 cmd_ts=0.000 fb_ts=0.000 leg=F idx=0 cmd=[0.6013 -0.0399 2.1322 -0.0859 -0.0031 0.0261] meas=[0.6013 -0.0399 2.1322 -0.0859 -0.0031 0.0261] xyz=243.81,167.27,80.98 track=0.0000
ts=19617.343 cmd_ts=0.000 fb_ts=0.000 leg=F idx=1 cmd=[0.5984 -0.0422 2.1350 -0.0863 -0.0031 0.0261] meas=[0.6013 -0.0399 2.1322 -0.0859 -0.0031 0.0261] xyz=243.81,167.27,80.98 track=0.0029
ts=19617.390 cmd_ts=0.047 fb_ts=0.047 leg=F idx=2 cmd=[0.5954 -0.0445 2.1376 -0.0867 -0.0031 0.0261] meas=[0.6013 -0.0399 2.1322 -0.0859 -0.0031 0.0261] xyz=243.81,167.27,80.98 track=0.0059
ts=19617.453 cmd_ts=0.110 fb_ts=0.110 leg=F idx=3 cmd=[0.5924 -0.0468 2.1402 -0.0870 -0.0031 0.0261] meas=[0.6013 -0.0399 2.1322 -0.0859 -0.0031 0.0261] xyz=243.81,167.27,80.98 track=0.0089
ts=19617.484 cmd_ts=0.141 fb_ts=0.141 leg=F idx=4 cmd=[0.5893 -0.0489 2.1427 -0.0873 -0.0031 0.0261] meas=[0.6013 -0.0399 2.1322 -0.0859 -0.0031 0.0261] xyz=243.81,167.27,80.98 track=0.0120
ts=19617.546 cmd_ts=0.203 fb_ts=0.203 leg=F idx=5 cmd=[0.5863 -0.0511 2.1451 -0.0876 -0.0031 0.0261] meas=[0.6013 -0.0399 2.1322 -0.0859 -0.0031 0.0261] xyz=243.81,167.27,80.98 track=0.0151
ts=19617.593 cmd_ts=0.250 fb_ts=0.250 leg=F idx=6 cmd=[0.5831 -0.0531 2.1475 -0.0879 -0.0031 0.0261] meas=[0.6013 -0.0399 2.1322 -0.0859 -0.0031 0.0261] xyz=243.81,167.27,80.98 track=0.0182
ts=19617.656 cmd_ts=0.313 fb_ts=0.313 leg=F idx=7 cmd=[0.5800 -0.0552 2.1498 -0.0882 -0.0031 0.0261] meas=[0.6013 -0.0399 2.1322 -0.0859 -0.0031 0.0261] xyz=243.81,167.27,80.98 track=0.0213
ts=19617.687 cmd_ts=0.344 fb_ts=0.344 leg=F idx=8 cmd=[0.5768 -0.0571 2.1520 -0.0885 -0.0031 0.0261] meas=[0.6029 -0.0383 2.1445 -0.0844 -0.0031 0.0261] xyz=241.94,166.53,76.94 track=0.0261
ts=19617.750 cmd_ts=0.407 fb_ts=0.407 leg=F idx=9 cmd=[0.5736 -0.0590 2.1541 -0.0887 -0.0031 0.0261] meas=[0.6029 -0.0276 2.1506 -0.0844 -0.0031 0.0261] xyz=241.77,166.42,72.12 track=0.0314
ts=19617.781 cmd_ts=0.438 fb_ts=0.438 leg=F idx=10 cmd=[0.5703 -0.0608 2.1562 -0.0889 -0.0031 0.0261] meas=[0.6029 -0.0276 2.1537 -0.0844 -0.0031 0.0261] xyz=241.35,166.13,71.29 track=0.0332
ts=19617.859 cmd_ts=0.516 fb_ts=0.516 leg=F idx=11 cmd=[0.5671 -0.0626 2.1582 -0.0891 -0.0031 0.0261] meas=[0.6029 -0.0276 2.1568 -0.0844 -0.0031 0.0261] xyz=240.93,165.84,70.47 track=0.0358
ts=19617.890 cmd_ts=0.547 fb_ts=0.547 leg=F idx=12 cmd=[0.5638 -0.0643 2.1601 -0.0894 -0.0031 0.0261] meas=[0.6029 -0.0276 2.1552 -0.0844 -0.0031 0.0261] xyz=241.14,165.99,70.88 track=0.0391
ts=19617.953 cmd_ts=0.610 fb_ts=0.610 leg=F idx=13 cmd=[0.5604 -0.0660 2.1619 -0.0895 -0.0031 0.0261] meas=[0.6013 -0.0276 2.1583 -0.0844 -0.0031 0.0261] xyz=240.97,165.33,70.05 track=0.0409
ts=19617.984 cmd_ts=0.641 fb_ts=0.657 leg=F idx=14 cmd=[0.5571 -0.0675 2.1637 -0.0897 -0.0031 0.0261] meas=[0.6013 -0.0276 2.1614 -0.0844 -0.0031 0.0261] xyz=240.55,165.03,69.23 track=0.0443
ts=19618.046 cmd_ts=0.703 fb_ts=0.703 leg=F idx=15 cmd=[0.5537 -0.0691 2.1654 -0.0899 -0.0031 0.0261] meas=[0.6013 -0.0276 2.1660 -0.0844 -0.0031 0.0261] xyz=239.91,164.59,68.00 track=0.0477
ts=19618.093 cmd_ts=0.750 fb_ts=0.750 leg=F idx=16 cmd=[0.5503 -0.0705 2.1670 -0.0900 -0.0031 0.0261] meas=[0.6013 -0.0276 2.1675 -0.0844 -0.0031 0.0261] xyz=239.69,164.45,67.59 track=0.0511
ts=19618.140 cmd_ts=0.797 fb_ts=0.813 leg=F idx=17 cmd=[0.5468 -0.0719 2.1685 -0.0902 -0.0031 0.0261] meas=[0.5952 -0.0276 2.1690 -0.0844 -0.0031 0.0261] xyz=240.48,162.83,67.18 track=0.0484
ts=19618.187 cmd_ts=0.844 fb_ts=0.844 leg=F idx=18 cmd=[0.5434 -0.0732 2.1700 -0.0903 -0.0031 0.0261] meas=[0.5921 -0.0276 2.1706 -0.0844 -0.0031 0.0261] xyz=240.76,161.94,66.77 track=0.0488
ts=19618.250 cmd_ts=0.907 fb_ts=0.907 leg=F idx=19 cmd=[0.5399 -0.0745 2.1714 -0.0905 -0.0031 0.0261] meas=[0.5875 -0.0276 2.1737 -0.0844 -0.0031 0.0261] xyz=241.07,160.54,65.95 track=0.0476
ts=19618.296 cmd_ts=0.953 fb_ts=0.953 leg=F idx=20 cmd=[0.5364 -0.0757 2.1727 -0.0906 -0.0031 0.0261] meas=[0.5829 -0.0276 2.1737 -0.0844 -0.0031 0.0261] xyz=241.80,159.43,65.95 track=0.0481
ts=19618.343 cmd_ts=1.000 fb_ts=1.000 leg=F idx=21 cmd=[0.5328 -0.0768 2.1739 -0.0907 -0.0031 0.0261] meas=[0.5798 -0.0276 2.1737 -0.0844 -0.0031 0.0261] xyz=242.29,158.69,65.95 track=0.0492
ts=19618.390 cmd_ts=1.047 fb_ts=1.047 leg=F idx=22 cmd=[0.5293 -0.0779 2.1751 -0.0908 -0.0031 0.0261] meas=[0.5768 -0.0276 2.1737 -0.0844 -0.0031 0.0261] xyz=242.78,157.94,65.95 track=0.0502
ts=19618.453 cmd_ts=1.110 fb_ts=1.110 leg=F idx=23 cmd=[0.5257 -0.0788 2.1762 -0.0909 -0.0031 0.0261] meas=[0.5706 -0.0276 2.1783 -0.0844 -0.0031 0.0261] xyz=243.07,156.02,64.73 track=0.0512
ts=19618.500 cmd_ts=1.157 fb_ts=1.157 leg=F idx=24 cmd=[0.5222 -0.0798 2.1772 -0.0909 -0.0031 0.0261] meas=[0.5676 -0.0276 2.1783 -0.0844 -0.0031 0.0261] xyz=243.55,155.28,64.73 track=0.0522
ts=19618.531 cmd_ts=1.188 fb_ts=1.188 leg=F idx=25 cmd=[0.5186 -0.0806 2.1781 -0.0910 -0.0031 0.0261] meas=[0.5645 -0.0276 2.1783 -0.0844 -0.0031 0.0261] xyz=244.03,154.53,64.73 track=0.0530
ts=19618.593 cmd_ts=1.250 fb_ts=1.250 leg=F idx=26 cmd=[0.5150 -0.0814 2.1789 -0.0911 -0.0031 0.0261] meas=[0.5599 -0.0276 2.1783 -0.0844 -0.0031 0.0261] xyz=244.74,153.40,64.73 track=0.0538
ts=19618.656 cmd_ts=1.313 fb_ts=1.313 leg=F idx=27 cmd=[0.5113 -0.0821 2.1797 -0.0911 -0.0031 0.0261] meas=[0.5568 -0.0276 2.1829 -0.0844 -0.0031 0.0261] xyz=244.53,152.23,63.51 track=0.0545
ts=19618.687 cmd_ts=1.344 fb_ts=1.360 leg=F idx=28 cmd=[0.5077 -0.0827 2.1804 -0.0912 -0.0031 0.0261] meas=[0.5522 -0.0276 2.1829 -0.0844 -0.0031 0.0261] xyz=245.23,151.10,63.51 track=0.0551
ts=19618.750 cmd_ts=1.407 fb_ts=1.407 leg=F idx=29 cmd=[0.5041 -0.0833 2.1810 -0.0912 -0.0031 0.0261] meas=[0.5507 -0.0276 2.1829 -0.0844 -0.0031 0.0261] xyz=245.46,150.73,63.51 track=0.0557
ts=19618.796 cmd_ts=1.453 fb_ts=1.453 leg=F idx=30 cmd=[0.5004 -0.0838 2.1815 -0.0913 -0.0031 0.0261] meas=[0.5492 -0.0276 2.1829 -0.0844 -0.0031 0.0261] xyz=245.69,150.35,63.51 track=0.0562
ts=19618.843 cmd_ts=1.500 fb_ts=1.500 leg=F idx=31 cmd=[0.4968 -0.0842 2.1820 -0.0913 -0.0031 0.0261] meas=[0.5461 -0.0276 2.1829 -0.0844 -0.0031 0.0261] xyz=246.15,149.60,63.51 track=0.0566
ts=19618.890 cmd_ts=1.547 fb_ts=1.547 leg=F idx=32 cmd=[0.4931 -0.0846 2.1824 -0.0913 -0.0031 0.0261] meas=[0.5384 -0.0276 2.1859 -0.0844 -0.0031 0.0261] xyz=246.83,147.43,62.70 track=0.0570
ts=19618.953 cmd_ts=1.610 fb_ts=1.610 leg=F idx=33 cmd=[0.4894 -0.0849 2.1827 -0.0914 -0.0031 0.0261] meas=[0.5338 -0.0276 2.1859 -0.0844 -0.0031 0.0261] xyz=247.50,146.29,62.70 track=0.0572
ts=19618.984 cmd_ts=1.641 fb_ts=1.657 leg=F idx=34 cmd=[0.4857 -0.0851 2.1829 -0.0914 -0.0031 0.0261] meas=[0.5277 -0.0276 2.1859 -0.0844 -0.0031 0.0261] xyz=248.40,144.77,62.70 track=0.0575
ts=19619.046 cmd_ts=1.703 fb_ts=1.703 leg=F idx=35 cmd=[0.4821 -0.0852 2.1831 -0.0914 -0.0031 0.0261] meas=[0.5246 -0.0276 2.1859 -0.0844 -0.0031 0.0261] xyz=248.84,144.01,62.70 track=0.0576
ts=19619.093 cmd_ts=1.750 fb_ts=1.750 leg=F idx=36 cmd=[0.4784 -0.0853 2.1831 -0.0914 -0.0031 0.0261] meas=[0.5231 -0.0276 2.1859 -0.0844 -0.0031 0.0261] xyz=249.06,143.63,62.70 track=0.0577
ts=19619.140 cmd_ts=1.797 fb_ts=1.813 leg=F idx=37 cmd=[0.4747 -0.0853 2.1831 -0.0914 -0.0031 0.0261] meas=[0.5200 -0.0276 2.1859 -0.0844 -0.0031 0.0261] xyz=249.50,142.86,62.70 track=0.0577
ts=19619.187 cmd_ts=1.844 fb_ts=1.844 leg=F idx=38 cmd=[0.4710 -0.0852 2.1830 -0.0914 -0.0031 0.0261] meas=[0.5185 -0.0276 2.1859 -0.0844 -0.0031 0.0261] xyz=249.72,142.48,62.70 track=0.0576
ts=19619.250 cmd_ts=1.907 fb_ts=1.907 leg=F idx=39 cmd=[0.4673 -0.0850 2.1829 -0.0914 -0.0031 0.0261] meas=[0.5154 -0.0276 2.1859 -0.0844 -0.0031 0.0261] xyz=250.16,141.71,62.70 track=0.0574
ts=19619.281 cmd_ts=1.938 fb_ts=1.953 leg=F idx=40 cmd=[0.4637 -0.0848 2.1826 -0.0914 -0.0031 0.0261] meas=[0.5093 -0.0276 2.1859 -0.0844 -0.0031 0.0261] xyz=251.02,140.17,62.70 track=0.0572
ts=19619.343 cmd_ts=2.000 fb_ts=2.000 leg=F idx=41 cmd=[0.4600 -0.0845 2.1823 -0.0913 -0.0031 0.0261] meas=[0.5047 -0.0276 2.1859 -0.0844 -0.0031 0.0261] xyz=251.66,139.02,62.70 track=0.0569
ts=19619.390 cmd_ts=2.047 fb_ts=2.047 leg=F idx=42 cmd=[0.4563 -0.0842 2.1819 -0.0913 -0.0031 0.0261] meas=[0.5031 -0.0276 2.1859 -0.0844 -0.0031 0.0261] xyz=251.88,138.63,62.70 track=0.0566
ts=19619.453 cmd_ts=2.110 fb_ts=2.110 leg=F idx=43 cmd=[0.4527 -0.0837 2.1815 -0.0913 -0.0031 0.0261] meas=[0.4970 -0.0276 2.1859 -0.0844 -0.0031 0.0261] xyz=252.72,137.08,62.70 track=0.0561
ts=19619.484 cmd_ts=2.141 fb_ts=2.141 leg=F idx=44 cmd=[0.4490 -0.0832 2.1809 -0.0912 -0.0031 0.0261] meas=[0.4924 -0.0276 2.1859 -0.0844 -0.0031 0.0261] xyz=253.35,135.92,62.70 track=0.0556
ts=19619.546 cmd_ts=2.203 fb_ts=2.203 leg=F idx=45 cmd=[0.4454 -0.0826 2.1803 -0.0912 -0.0031 0.0261] meas=[0.4893 -0.0276 2.1859 -0.0844 -0.0031 0.0261] xyz=253.77,135.14,62.70 track=0.0550
ts=19619.593 cmd_ts=2.250 fb_ts=2.250 leg=F idx=46 cmd=[0.4418 -0.0820 2.1796 -0.0911 -0.0031 0.0261] meas=[0.4847 -0.0276 2.1859 -0.0844 -0.0031 0.0261] xyz=254.38,133.97,62.70 track=0.0544
ts=19619.656 cmd_ts=2.313 fb_ts=2.313 leg=F idx=47 cmd=[0.4381 -0.0813 2.1788 -0.0911 -0.0031 0.0261] meas=[0.4817 -0.0276 2.1859 -0.0844 -0.0031 0.0261] xyz=254.79,133.19,62.70 track=0.0537
ts=19619.687 cmd_ts=2.344 fb_ts=2.360 leg=F idx=48 cmd=[0.4345 -0.0805 2.1779 -0.0910 -0.0031 0.0261] meas=[0.4771 -0.0276 2.1859 -0.0844 -0.0031 0.0261] xyz=255.40,132.02,62.70 track=0.0529
ts=19619.750 cmd_ts=2.407 fb_ts=2.407 leg=F idx=49 cmd=[0.4309 -0.0796 2.1770 -0.0909 -0.0031 0.0261] meas=[0.4755 -0.0276 2.1859 -0.0844 -0.0031 0.0261] xyz=255.61,131.62,62.70 track=0.0520
ts=19619.781 cmd_ts=2.438 fb_ts=2.438 leg=F idx=50 cmd=[0.4274 -0.0787 2.1760 -0.0908 -0.0031 0.0261] meas=[0.4740 -0.0276 2.1859 -0.0844 -0.0031 0.0261] xyz=255.81,131.23,62.70 track=0.0511
ts=19619.843 cmd_ts=2.500 fb_ts=2.500 leg=F idx=51 cmd=[0.4238 -0.0777 2.1749 -0.0908 -0.0031 0.0261] meas=[0.4709 -0.0276 2.1859 -0.0844 -0.0031 0.0261] xyz=256.21,130.45,62.70 track=0.0501
ts=19619.906 cmd_ts=2.563 fb_ts=2.563 leg=F idx=52 cmd=[0.4203 -0.0766 2.1737 -0.0907 -0.0031 0.0261] meas=[0.4633 -0.0276 2.1859 -0.0844 -0.0031 0.0261] xyz=257.20,128.48,62.70 track=0.0490
ts=19619.937 cmd_ts=2.594 fb_ts=2.594 leg=F idx=53 cmd=[0.4168 -0.0755 2.1725 -0.0906 -0.0031 0.0261] meas=[0.4587 -0.0276 2.1859 -0.0844 -0.0031 0.0261] xyz=257.79,127.29,62.70 track=0.0479
ts=19620.000 cmd_ts=2.657 fb_ts=2.657 leg=F idx=54 cmd=[0.4133 -0.0743 2.1712 -0.0904 -0.0031 0.0261] meas=[0.4556 -0.0276 2.1859 -0.0844 -0.0031 0.0261] xyz=258.18,126.50,62.70 track=0.0467
ts=19620.046 cmd_ts=2.703 fb_ts=2.703 leg=F idx=55 cmd=[0.4098 -0.0730 2.1698 -0.0903 -0.0031 0.0261] meas=[0.4525 -0.0276 2.1859 -0.0844 -0.0031 0.0261] xyz=258.57,125.71,62.70 track=0.0454
ts=19620.093 cmd_ts=2.750 fb_ts=2.750 leg=F idx=56 cmd=[0.4063 -0.0717 2.1683 -0.0902 -0.0031 0.0261] meas=[0.4510 -0.0276 2.1859 -0.0844 -0.0031 0.0261] xyz=258.76,125.31,62.70 track=0.0447
ts=19620.140 cmd_ts=2.797 fb_ts=2.797 leg=F idx=57 cmd=[0.4029 -0.0703 2.1668 -0.0900 -0.0031 0.0261] meas=[0.4479 -0.0276 2.1859 -0.0844 -0.0031 0.0261] xyz=259.14,124.52,62.70 track=0.0450
ts=19620.187 cmd_ts=2.844 fb_ts=2.844 leg=F idx=58 cmd=[0.3995 -0.0688 2.1652 -0.0899 -0.0031 0.0261] meas=[0.4433 -0.0276 2.1859 -0.0844 -0.0031 0.0261] xyz=259.71,123.32,62.70 track=0.0439
ts=19620.250 cmd_ts=2.907 fb_ts=2.907 leg=F idx=59 cmd=[0.3961 -0.0673 2.1635 -0.0897 -0.0031 0.0261] meas=[0.4387 -0.0276 2.1859 -0.0844 -0.0031 0.0261] xyz=260.28,122.13,62.70 track=0.0426
ts=19620.296 cmd_ts=2.953 fb_ts=2.953 leg=F idx=60 cmd=[0.3927 -0.0657 2.1617 -0.0895 -0.0031 0.0261] meas=[0.4341 -0.0276 2.1859 -0.0844 -0.0031 0.0261] xyz=260.84,120.93,62.70 track=0.0414
ts=19620.343 cmd_ts=3.000 fb_ts=3.000 leg=F idx=61 cmd=[0.3894 -0.0641 2.1598 -0.0893 -0.0031 0.0261] meas=[0.4310 -0.0276 2.1859 -0.0844 -0.0031 0.0261] xyz=261.21,120.13,62.70 track=0.0417
ts=19620.390 cmd_ts=3.047 fb_ts=3.047 leg=F idx=62 cmd=[0.3861 -0.0623 2.1579 -0.0891 -0.0031 0.0261] meas=[0.4280 -0.0276 2.1859 -0.0844 -0.0031 0.0261] xyz=261.57,119.33,62.70 track=0.0419
ts=19620.453 cmd_ts=3.110 fb_ts=3.110 leg=F idx=63 cmd=[0.3828 -0.0606 2.1559 -0.0889 -0.0031 0.0261] meas=[0.4218 -0.0276 2.1859 -0.0844 -0.0031 0.0261] xyz=262.30,117.72,62.70 track=0.0390
ts=19620.484 cmd_ts=3.141 fb_ts=3.141 leg=F idx=64 cmd=[0.3796 -0.0587 2.1538 -0.0887 -0.0031 0.0261] meas=[0.4203 -0.0276 2.1859 -0.0844 -0.0031 0.0261] xyz=262.48,117.32,62.70 track=0.0407
ts=19620.546 cmd_ts=3.203 fb_ts=3.203 leg=F idx=65 cmd=[0.3764 -0.0568 2.1517 -0.0884 -0.0031 0.0261] meas=[0.4172 -0.0276 2.1859 -0.0844 -0.0031 0.0261] xyz=262.84,116.51,62.70 track=0.0409
ts=19620.593 cmd_ts=3.250 fb_ts=3.250 leg=F idx=66 cmd=[0.3732 -0.0549 2.1495 -0.0882 -0.0031 0.0261] meas=[0.4142 -0.0276 2.1859 -0.0844 -0.0031 0.0261] xyz=263.20,115.70,62.70 track=0.0410
ts=19620.640 cmd_ts=3.297 fb_ts=3.297 leg=F idx=67 cmd=[0.3700 -0.0528 2.1472 -0.0879 -0.0031 0.0261] meas=[0.4111 -0.0276 2.1859 -0.0844 -0.0031 0.0261] xyz=263.55,114.89,62.70 track=0.0411
ts=19620.703 cmd_ts=3.360 fb_ts=3.360 leg=F idx=68 cmd=[0.3669 -0.0508 2.1448 -0.0876 -0.0031 0.0261] meas=[0.4080 -0.0276 2.1859 -0.0844 -0.0031 0.0261] xyz=263.90,114.09,62.70 track=0.0411
ts=19620.750 cmd_ts=3.407 fb_ts=3.407 leg=F idx=69 cmd=[0.3638 -0.0486 2.1423 -0.0873 -0.0031 0.0261] meas=[0.4050 -0.0276 2.1859 -0.0844 -0.0031 0.0261] xyz=264.25,113.28,62.70 track=0.0436
ts=19620.781 cmd_ts=3.438 fb_ts=3.438 leg=F idx=70 cmd=[0.3608 -0.0464 2.1398 -0.0869 -0.0031 0.0261] meas=[0.4034 -0.0276 2.1859 -0.0844 -0.0031 0.0261] xyz=264.42,112.87,62.70 track=0.0461
ts=19620.859 cmd_ts=3.516 fb_ts=3.516 leg=F idx=71 cmd=[0.3578 -0.0442 2.1372 -0.0866 -0.0031 0.0261] meas=[0.4019 -0.0276 2.1844 -0.0844 -0.0031 0.0261] xyz=264.84,112.57,63.10 track=0.0472
ts=19620.890 cmd_ts=3.547 fb_ts=3.594 leg=F idx=72 cmd=[0.3548 -0.0419 2.1346 -0.0862 -0.0031 0.0261] meas=[0.3988 -0.0276 2.1844 -0.0844 -0.0031 0.0261] xyz=265.19,111.76,63.10 track=0.0498
ts=19620.937 cmd_ts=3.594 fb_ts=3.625 leg=F idx=73 cmd=[0.3519 -0.0395 2.1318 -0.0859 -0.0031 0.0261] meas=[0.3912 -0.0276 2.1813 -0.0844 -0.0031 0.0261] xyz=266.53,109.92,63.92 track=0.0495
ts=19620.984 cmd_ts=3.641 fb_ts=3.657 leg=F idx=74 cmd=[0.3490 -0.0371 2.1290 -0.0855 -0.0031 0.0261] meas=[0.3881 -0.0276 2.1813 -0.0844 -0.0031 0.0261] xyz=266.87,109.10,63.92 track=0.0523
ts=19621.046 cmd_ts=3.703 fb_ts=3.703 leg=F idx=75 cmd=[0.3461 -0.0347 2.1261 -0.0850 -0.0031 0.0261] meas=[0.3850 -0.0276 2.1813 -0.0844 -0.0031 0.0261] xyz=267.20,108.28,63.92 track=0.0552
ts=19621.093 cmd_ts=3.750 fb_ts=3.750 leg=F idx=76 cmd=[0.3433 -0.0322 2.1232 -0.0846 -0.0031 0.0261] meas=[0.3850 -0.0245 2.1813 -0.0844 -0.0031 0.0261] xyz=267.38,108.36,63.03 track=0.0581
ts=19621.140 cmd_ts=3.797 fb_ts=3.813 leg=F idx=77 cmd=[0.3405 -0.0296 2.1202 -0.0841 -0.0031 0.0261] meas=[0.3835 -0.0215 2.1752 -0.0844 -0.0031 0.0261] xyz=268.72,108.42,63.77 track=0.0550
ts=19621.187 cmd_ts=3.844 fb_ts=3.844 leg=F idx=78 cmd=[0.3378 -0.0270 2.1171 -0.0836 -0.0031 0.0261] meas=[0.3820 -0.0184 2.1706 -0.0844 -0.0031 0.0261] xyz=269.81,108.38,64.10 track=0.0535
ts=19621.250 cmd_ts=3.907 fb_ts=3.907 leg=F idx=79 cmd=[0.3351 -0.0243 2.1139 -0.0831 -0.0031 0.0261] meas=[0.3789 -0.0184 2.1660 -0.0844 -0.0031 0.0261] xyz=270.88,107.84,65.32 track=0.0521
ts=19621.281 cmd_ts=3.938 fb_ts=3.953 leg=F idx=80 cmd=[0.3324 -0.0216 2.1107 -0.0826 -0.0031 0.0261] meas=[0.3743 -0.0153 2.1614 -0.0844 -0.0031 0.0261] xyz=272.29,106.96,65.65 track=0.0507
ts=19621.343 cmd_ts=4.000 fb_ts=4.000 leg=F idx=81 cmd=[0.3298 -0.0189 2.1074 -0.0821 -0.0031 0.0261] meas=[0.3728 -0.0153 2.1583 -0.0844 -0.0031 0.0261] xyz=272.94,106.73,66.46 track=0.0509
ts=19621.390 cmd_ts=4.047 fb_ts=4.047 leg=F idx=82 cmd=[0.3273 -0.0161 2.1040 -0.0815 -0.0031 0.0261] meas=[0.3697 -0.0138 2.1537 -0.0844 -0.0031 0.0261] xyz=274.10,106.21,67.24 track=0.0497
ts=19621.453 cmd_ts=4.110 fb_ts=4.110 leg=F idx=83 cmd=[0.3247 -0.0132 2.1006 -0.0809 -0.0031 0.0261] meas=[0.3666 -0.0092 2.1491 -0.0844 -0.0031 0.0261] xyz=275.44,105.76,67.12 track=0.0485
ts=19621.484 cmd_ts=4.141 fb_ts=4.141 leg=F idx=84 cmd=[0.3223 -0.0104 2.0971 -0.0803 -0.0031 0.0261] meas=[0.3666 -0.0046 2.1460 -0.0844 -0.0031 0.0261] xyz=276.22,106.06,66.58 track=0.0490
ts=19621.546 cmd_ts=4.203 fb_ts=4.203 leg=F idx=85 cmd=[0.3198 -0.0074 2.0935 -0.0796 -0.0031 0.0261] meas=[0.3651 -0.0046 2.1460 -0.0844 -0.0031 0.0261] xyz=276.38,105.64,66.58 track=0.0526
ts=19621.593 cmd_ts=4.250 fb_ts=4.250 leg=F idx=86 cmd=[0.3174 -0.0045 2.0898 -0.0789 -0.0031 0.0261] meas=[0.3605 -0.0015 2.1430 -0.0844 -0.0031 0.0261] xyz=277.54,104.62,66.49 track=0.0531
ts=19621.640 cmd_ts=4.297 fb_ts=4.297 leg=F idx=87 cmd=[0.3151 -0.0014 2.0861 -0.0782 -0.0031 0.0261] meas=[0.3559 0.0031 2.1384 -0.0844 -0.0031 0.0261] xyz=279.04,103.72,66.35 track=0.0522
ts=19621.703 cmd_ts=4.360 fb_ts=4.360 leg=F idx=88 cmd=[0.3128 0.0016 2.0823 -0.0775 -0.0031 0.0261] meas=[0.3528 0.0031 2.1338 -0.0844 -0.0031 0.0261] xyz=280.09,103.14,67.58 track=0.0514
ts=19621.750 cmd_ts=4.407 fb_ts=4.407 leg=F idx=89 cmd=[0.3105 0.0047 2.0785 -0.0767 -0.0031 0.0261] meas=[0.3513 0.0031 2.1322 -0.0828 -0.0031 0.0261] xyz=280.36,102.75,67.76 track=0.0537
ts=19621.781 cmd_ts=4.438 fb_ts=4.438 leg=F idx=90 cmd=[0.3083 0.0078 2.0746 -0.0760 -0.0031 0.0261] meas=[0.3482 0.0031 2.1292 -0.0813 -0.0031 0.0261] xyz=281.03,102.02,68.36 track=0.0546
ts=19621.843 cmd_ts=4.500 fb_ts=4.500 leg=F idx=91 cmd=[0.3061 0.0110 2.0706 -0.0752 -0.0031 0.0261] meas=[0.3482 0.0077 2.1261 -0.0813 -0.0031 0.0261] xyz=281.81,102.30,67.81 track=0.0555
ts=19621.906 cmd_ts=4.563 fb_ts=4.563 leg=F idx=92 cmd=[0.3040 0.0142 2.0666 -0.0743 -0.0031 0.0261] meas=[0.3467 0.0169 2.1169 -0.0813 -0.0031 0.0261] xyz=284.01,102.61,67.51 track=0.0503
ts=19621.937 cmd_ts=4.594 fb_ts=4.610 leg=F idx=93 cmd=[0.3019 0.0174 2.0625 -0.0735 -0.0031 0.0261] meas=[0.3421 0.0215 2.1108 -0.0813 -0.0031 0.0261] xyz=285.75,101.75,67.76 track=0.0483
ts=19622.000 cmd_ts=4.657 fb_ts=4.657 leg=F idx=94 cmd=[0.2999 0.0207 2.0583 -0.0726 -0.0031 0.0261] meas=[0.3390 0.0215 2.1092 -0.0813 -0.0031 0.0261] xyz=286.30,100.96,68.17 track=0.0509
ts=19622.046 cmd_ts=4.703 fb_ts=4.703 leg=F idx=95 cmd=[0.2979 0.0240 2.0541 -0.0716 -0.0031 0.0261] meas=[0.3390 0.0215 2.1092 -0.0813 -0.0031 0.0261] xyz=286.30,100.96,68.17 track=0.0551
ts=19622.093 cmd_ts=4.750 fb_ts=4.750 leg=F idx=96 cmd=[0.2959 0.0273 2.0498 -0.0707 -0.0031 0.0261] meas=[0.3375 0.0215 2.1092 -0.0813 -0.0031 0.0261] xyz=286.46,100.52,68.17 track=0.0594
ts=19622.140 cmd_ts=4.797 fb_ts=4.797 leg=F idx=97 cmd=[0.2940 0.0307 2.0455 -0.0697 -0.0031 0.0261] meas=[0.3344 0.0276 2.1062 -0.0782 -0.0031 0.0261] xyz=287.38,99.85,66.68 track=0.0607
ts=19622.203 cmd_ts=4.860 fb_ts=4.860 leg=F idx=98 cmd=[0.2922 0.0341 2.0411 -0.0687 -0.0031 0.0261] meas=[0.3298 0.0337 2.0985 -0.0782 -0.0031 0.0261] xyz=289.45,99.08,66.86 track=0.0574
ts=19622.234 cmd_ts=4.891 fb_ts=4.907 leg=F idx=99 cmd=[0.2904 0.0375 2.0366 -0.0677 -0.0031 0.0261] meas=[0.3283 0.0399 2.0908 -0.0736 -0.0031 0.0261] xyz=290.81,99.05,66.37 track=0.0542
ts=19622.296 cmd_ts=4.953 fb_ts=4.953 leg=F idx=100 cmd=[0.2886 0.0410 2.0321 -0.0666 -0.0031 0.0261] meas=[0.3267 0.0399 2.0877 -0.0721 -0.0031 0.0261] xyz=291.32,98.72,66.97 track=0.0557
ts=19624.406 cmd_ts=0.000 fb_ts=0.000 leg=R idx=0 cmd=[0.2886 0.0410 2.0321 -0.0666 -0.0031 0.0261] meas=[0.3145 0.0568 2.0724 -0.0721 -0.0031 0.0261] xyz=296.04,96.29,65.86 track=0.0404
ts=19624.406 cmd_ts=0.000 fb_ts=0.000 leg=R idx=1 cmd=[0.2904 0.0375 2.0366 -0.0677 -0.0031 0.0261] meas=[0.3145 0.0568 2.0724 -0.0721 -0.0031 0.0261] xyz=296.04,96.29,65.86 track=0.0358
ts=19624.453 cmd_ts=0.047 fb_ts=0.047 leg=R idx=2 cmd=[0.2922 0.0341 2.0411 -0.0687 -0.0031 0.0261] meas=[0.3145 0.0568 2.0724 -0.0721 -0.0031 0.0261] xyz=296.04,96.29,65.86 track=0.0314
ts=19624.515 cmd_ts=0.109 fb_ts=0.109 leg=R idx=3 cmd=[0.2940 0.0307 2.0455 -0.0697 -0.0031 0.0261] meas=[0.3145 0.0568 2.0724 -0.0721 -0.0031 0.0261] xyz=296.04,96.29,65.86 track=0.0269
ts=19624.546 cmd_ts=0.140 fb_ts=0.156 leg=R idx=4 cmd=[0.2959 0.0273 2.0498 -0.0707 -0.0031 0.0261] meas=[0.3145 0.0568 2.0724 -0.0721 -0.0031 0.0261] xyz=296.04,96.29,65.86 track=0.0294
ts=19624.593 cmd_ts=0.187 fb_ts=0.187 leg=R idx=5 cmd=[0.2979 0.0240 2.0541 -0.0716 -0.0031 0.0261] meas=[0.3145 0.0568 2.0724 -0.0721 -0.0031 0.0261] xyz=296.04,96.29,65.86 track=0.0328
ts=19624.656 cmd_ts=0.250 fb_ts=0.250 leg=R idx=6 cmd=[0.2999 0.0207 2.0583 -0.0726 -0.0031 0.0261] meas=[0.3145 0.0568 2.0724 -0.0721 -0.0031 0.0261] xyz=296.04,96.29,65.86 track=0.0361
ts=19624.718 cmd_ts=0.312 fb_ts=0.312 leg=R idx=7 cmd=[0.3019 0.0174 2.0625 -0.0735 -0.0031 0.0261] meas=[0.3145 0.0568 2.0724 -0.0721 -0.0031 0.0261] xyz=296.04,96.29,65.86 track=0.0393
ts=19624.750 cmd_ts=0.344 fb_ts=0.344 leg=R idx=8 cmd=[0.3040 0.0142 2.0666 -0.0743 -0.0031 0.0261] meas=[0.3145 0.0568 2.0724 -0.0721 -0.0031 0.0261] xyz=296.04,96.29,65.86 track=0.0426
ts=19624.812 cmd_ts=0.406 fb_ts=0.406 leg=R idx=9 cmd=[0.3061 0.0110 2.0706 -0.0752 -0.0031 0.0261] meas=[0.3145 0.0568 2.0724 -0.0721 -0.0031 0.0261] xyz=296.04,96.29,65.86 track=0.0458
ts=19624.859 cmd_ts=0.453 fb_ts=0.453 leg=R idx=10 cmd=[0.3083 0.0078 2.0746 -0.0760 -0.0031 0.0261] meas=[0.3145 0.0568 2.0724 -0.0721 -0.0031 0.0261] xyz=296.04,96.29,65.86 track=0.0489
ts=19624.906 cmd_ts=0.500 fb_ts=0.500 leg=R idx=11 cmd=[0.3105 0.0047 2.0785 -0.0767 -0.0031 0.0261] meas=[0.3145 0.0568 2.0724 -0.0721 -0.0031 0.0261] xyz=296.04,96.29,65.86 track=0.0521
ts=19624.953 cmd_ts=0.547 fb_ts=0.547 leg=R idx=12 cmd=[0.3128 0.0016 2.0823 -0.0775 -0.0031 0.0261] meas=[0.3145 0.0568 2.0724 -0.0721 -0.0031 0.0261] xyz=296.04,96.29,65.86 track=0.0552
ts=19625.015 cmd_ts=0.609 fb_ts=0.609 leg=R idx=13 cmd=[0.3151 -0.0014 2.0861 -0.0782 -0.0031 0.0261] meas=[0.3145 0.0568 2.0724 -0.0721 -0.0031 0.0261] xyz=296.04,96.29,65.86 track=0.0582
ts=19625.046 cmd_ts=0.640 fb_ts=0.640 leg=R idx=14 cmd=[0.3174 -0.0045 2.0898 -0.0789 -0.0031 0.0261] meas=[0.3145 0.0568 2.0724 -0.0721 -0.0031 0.0261] xyz=296.04,96.29,65.86 track=0.0612
ts=19625.109 cmd_ts=0.703 fb_ts=0.703 leg=R idx=15 cmd=[0.3198 -0.0074 2.0935 -0.0796 -0.0031 0.0261] meas=[0.3145 0.0568 2.0724 -0.0721 -0.0031 0.0261] xyz=296.04,96.29,65.86 track=0.0642
ts=19625.156 cmd_ts=0.750 fb_ts=0.750 leg=R idx=16 cmd=[0.3223 -0.0104 2.0971 -0.0803 -0.0031 0.0261] meas=[0.3145 0.0568 2.0724 -0.0721 -0.0031 0.0261] xyz=296.04,96.29,65.86 track=0.0671
ts=19625.203 cmd_ts=0.797 fb_ts=0.797 leg=R idx=17 cmd=[0.3247 -0.0132 2.1006 -0.0809 -0.0031 0.0261] meas=[0.3145 0.0568 2.0724 -0.0721 -0.0031 0.0261] xyz=296.04,96.29,65.86 track=0.0700
ts=19625.265 cmd_ts=0.859 fb_ts=0.859 leg=R idx=18 cmd=[0.3273 -0.0161 2.1040 -0.0815 -0.0031 0.0261] meas=[0.3145 0.0568 2.0724 -0.0721 -0.0031 0.0261] xyz=296.04,96.29,65.86 track=0.0728
ts=19625.312 cmd_ts=0.906 fb_ts=0.906 leg=R idx=19 cmd=[0.3298 -0.0189 2.1074 -0.0821 -0.0031 0.0261] meas=[0.3145 0.0568 2.0801 -0.0721 -0.0031 0.0261] xyz=294.80,95.89,63.81 track=0.0756
ts=19625.343 cmd_ts=0.937 fb_ts=0.937 leg=R idx=20 cmd=[0.3324 -0.0216 2.1107 -0.0826 -0.0031 0.0261] meas=[0.3145 0.0568 2.0862 -0.0721 -0.0031 0.0261] xyz=293.80,95.56,62.17 track=0.0784
ts=19625.421 cmd_ts=1.015 fb_ts=1.015 leg=R idx=21 cmd=[0.3351 -0.0243 2.1139 -0.0831 -0.0031 0.0261] meas=[0.3145 0.0552 2.0939 -0.0721 -0.0031 0.0261] xyz=292.44,95.12,60.61 track=0.0796
ts=19625.453 cmd_ts=1.047 fb_ts=1.047 leg=R idx=22 cmd=[0.3378 -0.0270 2.1171 -0.0836 -0.0031 0.0261] meas=[0.3145 0.0537 2.1031 -0.0721 -0.0031 0.0261] xyz=290.82,94.59,58.66 track=0.0807
ts=19625.500 cmd_ts=1.094 fb_ts=1.094 leg=R idx=23 cmd=[0.3405 -0.0296 2.1202 -0.0841 -0.0031 0.0261] meas=[0.3145 0.0522 2.1108 -0.0721 -0.0031 0.0261] xyz=289.45,94.14,57.11 track=0.0818
ts=19625.562 cmd_ts=1.156 fb_ts=1.156 leg=R idx=24 cmd=[0.3433 -0.0322 2.1232 -0.0846 -0.0031 0.0261] meas=[0.3145 0.0522 2.1123 -0.0721 -0.0031 0.0261] xyz=289.19,94.06,56.71 track=0.0843
ts=19625.609 cmd_ts=1.203 fb_ts=1.203 leg=R idx=25 cmd=[0.3461 -0.0347 2.1261 -0.0850 -0.0031 0.0261] meas=[0.3145 0.0460 2.1200 -0.0721 -0.0031 0.0261] xyz=287.55,93.53,56.56 track=0.0807
ts=19625.656 cmd_ts=1.250 fb_ts=1.250 leg=R idx=26 cmd=[0.3490 -0.0371 2.1290 -0.0855 -0.0031 0.0261] meas=[0.3145 0.0460 2.1200 -0.0721 -0.0031 0.0261] xyz=287.55,93.53,56.56 track=0.0831
ts=19625.703 cmd_ts=1.297 fb_ts=1.297 leg=R idx=27 cmd=[0.3519 -0.0395 2.1318 -0.0859 -0.0031 0.0261] meas=[0.3160 0.0445 2.1261 -0.0721 -0.0031 0.0261] xyz=286.28,93.60,55.42 track=0.0840
ts=19625.765 cmd_ts=1.359 fb_ts=1.359 leg=R idx=28 cmd=[0.3548 -0.0419 2.1346 -0.0862 -0.0031 0.0261] meas=[0.3160 0.0430 2.1292 -0.0721 -0.0031 0.0261] xyz=285.68,93.40,55.08 track=0.0848
ts=19625.796 cmd_ts=1.390 fb_ts=1.406 leg=R idx=29 cmd=[0.3578 -0.0442 2.1372 -0.0866 -0.0031 0.0261] meas=[0.3160 0.0383 2.1353 -0.0721 -0.0031 0.0261] xyz=284.39,92.98,54.87 track=0.0825
ts=19625.859 cmd_ts=1.453 fb_ts=1.453 leg=R idx=30 cmd=[0.3608 -0.0464 2.1398 -0.0869 -0.0031 0.0261] meas=[0.3191 0.0353 2.1368 -0.0721 -0.0031 0.0261] xyz=283.68,93.71,55.38 track=0.0817
ts=19625.906 cmd_ts=1.500 fb_ts=1.500 leg=R idx=31 cmd=[0.3638 -0.0486 2.1423 -0.0873 -0.0031 0.0261] meas=[0.3221 0.0337 2.1368 -0.0721 -0.0031 0.0261] xyz=283.31,94.56,55.84 track=0.0824
ts=19625.953 cmd_ts=1.547 fb_ts=1.562 leg=R idx=32 cmd=[0.3669 -0.0508 2.1448 -0.0876 -0.0031 0.0261] meas=[0.3298 0.0291 2.1414 -0.0721 -0.0031 0.0261] xyz=281.55,96.38,56.02 track=0.0799
ts=19626.000 cmd_ts=1.594 fb_ts=1.594 leg=R idx=33 cmd=[0.3700 -0.0528 2.1472 -0.0879 -0.0031 0.0261] meas=[0.3344 0.0291 2.1445 -0.0721 -0.0031 0.0261] xyz=280.58,97.49,55.22 track=0.0820
ts=19626.062 cmd_ts=1.656 fb_ts=1.656 leg=R idx=34 cmd=[0.3732 -0.0549 2.1495 -0.0882 -0.0031 0.0261] meas=[0.3375 0.0276 2.1476 -0.0721 -0.0031 0.0261] xyz=279.67,98.14,54.87 track=0.0825
ts=19626.109 cmd_ts=1.703 fb_ts=1.703 leg=R idx=35 cmd=[0.3764 -0.0568 2.1517 -0.0884 -0.0031 0.0261] meas=[0.3405 0.0276 2.1491 -0.0721 -0.0031 0.0261] xyz=279.11,98.90,54.48 track=0.0844
ts=19626.156 cmd_ts=1.750 fb_ts=1.750 leg=R idx=36 cmd=[0.3796 -0.0587 2.1538 -0.0887 -0.0031 0.0261] meas=[0.3436 0.0276 2.1506 -0.0721 -0.0031 0.0261] xyz=278.54,99.66,54.08 track=0.0863
ts=19626.203 cmd_ts=1.797 fb_ts=1.797 leg=R idx=37 cmd=[0.3828 -0.0606 2.1559 -0.0889 -0.0031 0.0261] meas=[0.3451 0.0276 2.1522 -0.0721 -0.0031 0.0261] xyz=278.13,100.00,53.68 track=0.0882
ts=19626.265 cmd_ts=1.859 fb_ts=1.859 leg=R idx=38 cmd=[0.3861 -0.0623 2.1579 -0.0891 -0.0031 0.0261] meas=[0.3467 0.0215 2.1568 -0.0721 -0.0031 0.0261] xyz=276.87,100.03,54.30 track=0.0838
ts=19626.296 cmd_ts=1.890 fb_ts=1.906 leg=R idx=39 cmd=[0.3894 -0.0641 2.1598 -0.0893 -0.0031 0.0261] meas=[0.3467 0.0169 2.1583 -0.0721 -0.0031 0.0261] xyz=276.37,99.85,55.25 track=0.0809
ts=19626.343 cmd_ts=1.937 fb_ts=1.937 leg=R idx=40 cmd=[0.3927 -0.0657 2.1617 -0.0895 -0.0031 0.0261] meas=[0.3513 0.0138 2.1583 -0.0736 -0.0031 0.0261] xyz=275.89,101.11,56.37 track=0.0795
ts=19626.406 cmd_ts=2.000 fb_ts=2.000 leg=R idx=41 cmd=[0.3961 -0.0673 2.1635 -0.0897 -0.0031 0.0261] meas=[0.3620 0.0107 2.1629 -0.0752 -0.0031 0.0261] xyz=274.00,103.76,56.29 track=0.0781
ts=19626.468 cmd_ts=2.062 fb_ts=2.062 leg=R idx=42 cmd=[0.3995 -0.0688 2.1652 -0.0899 -0.0031 0.0261] meas=[0.3651 0.0107 2.1660 -0.0752 -0.0031 0.0261] xyz=273.16,104.41,55.49 track=0.0796
ts=19626.500 cmd_ts=2.094 fb_ts=2.109 leg=R idx=43 cmd=[0.4029 -0.0703 2.1668 -0.0900 -0.0031 0.0261] meas=[0.3651 0.0092 2.1660 -0.0752 -0.0031 0.0261] xyz=273.08,104.38,55.94 track=0.0795
ts=19626.562 cmd_ts=2.156 fb_ts=2.156 leg=R idx=44 cmd=[0.4063 -0.0717 2.1683 -0.0902 -0.0031 0.0261] meas=[0.3666 0.0092 2.1675 -0.0752 -0.0031 0.0261] xyz=272.66,104.70,55.54 track=0.0809
ts=19626.609 cmd_ts=2.203 fb_ts=2.203 leg=R idx=45 cmd=[0.4098 -0.0730 2.1698 -0.0903 -0.0031 0.0261] meas=[0.3697 0.0092 2.1675 -0.0752 -0.0031 0.0261] xyz=272.34,105.53,55.54 track=0.0822
ts=19626.656 cmd_ts=2.250 fb_ts=2.250 leg=R idx=46 cmd=[0.4133 -0.0743 2.1712 -0.0904 -0.0031 0.0261] meas=[0.3743 0.0092 2.1706 -0.0752 -0.0031 0.0261] xyz=271.33,106.58,54.74 track=0.0835
ts=19626.703 cmd_ts=2.297 fb_ts=2.297 leg=R idx=47 cmd=[0.4168 -0.0755 2.1725 -0.0906 -0.0031 0.0261] meas=[0.3804 0.0015 2.1737 -0.0752 -0.0031 0.0261] xyz=269.76,107.88,56.18 track=0.0770
ts=19626.750 cmd_ts=2.344 fb_ts=2.344 leg=R idx=48 cmd=[0.4203 -0.0766 2.1737 -0.0907 -0.0031 0.0261] meas=[0.3820 -0.0015 2.1737 -0.0752 -0.0031 0.0261] xyz=269.43,108.23,57.07 track=0.0751
ts=19626.812 cmd_ts=2.406 fb_ts=2.406 leg=R idx=49 cmd=[0.4238 -0.0777 2.1749 -0.0908 -0.0031 0.0261] meas=[0.3820 -0.0031 2.1737 -0.0752 -0.0031 0.0261] xyz=269.35,108.20,57.52 track=0.0746
ts=19626.859 cmd_ts=2.453 fb_ts=2.453 leg=R idx=50 cmd=[0.4274 -0.0787 2.1760 -0.0908 -0.0031 0.0261] meas=[0.3850 -0.0031 2.1767 -0.0752 -0.0031 0.0261] xyz=268.51,108.81,56.72 track=0.0756
ts=19626.906 cmd_ts=2.500 fb_ts=2.500 leg=R idx=51 cmd=[0.4309 -0.0796 2.1770 -0.0909 -0.0031 0.0261] meas=[0.3881 -0.0031 2.1767 -0.0752 -0.0031 0.0261] xyz=268.17,109.64,56.72 track=0.0766
ts=19626.953 cmd_ts=2.547 fb_ts=2.547 leg=R idx=52 cmd=[0.4345 -0.0805 2.1779 -0.0910 -0.0031 0.0261] meas=[0.3958 -0.0046 2.1798 -0.0752 -0.0031 0.0261] xyz=266.73,111.44,56.36 track=0.0759
ts=19627.015 cmd_ts=2.609 fb_ts=2.609 leg=R idx=53 cmd=[0.4381 -0.0813 2.1788 -0.0911 -0.0031 0.0261] meas=[0.3973 -0.0046 2.1798 -0.0752 -0.0031 0.0261] xyz=266.56,111.85,56.36 track=0.0767
ts=19627.062 cmd_ts=2.656 fb_ts=2.672 leg=R idx=54 cmd=[0.4418 -0.0820 2.1796 -0.0911 -0.0031 0.0261] meas=[0.4004 -0.0046 2.1798 -0.0752 -0.0031 0.0261] xyz=266.22,112.67,56.36 track=0.0774
ts=19627.109 cmd_ts=2.703 fb_ts=2.703 leg=R idx=55 cmd=[0.4454 -0.0826 2.1803 -0.0912 -0.0031 0.0261] meas=[0.4034 -0.0061 2.1829 -0.0752 -0.0031 0.0261] xyz=265.28,113.23,56.01 track=0.0765
ts=19627.156 cmd_ts=2.750 fb_ts=2.750 leg=R idx=56 cmd=[0.4490 -0.0832 2.1809 -0.0912 -0.0031 0.0261] meas=[0.4065 -0.0061 2.1844 -0.0752 -0.0031 0.0261] xyz=264.68,113.94,55.61 track=0.0771
ts=19627.203 cmd_ts=2.797 fb_ts=2.797 leg=R idx=57 cmd=[0.4527 -0.0837 2.1815 -0.0913 -0.0031 0.0261] meas=[0.4096 -0.0061 2.1844 -0.0752 -0.0031 0.0261] xyz=264.33,114.75,55.61 track=0.0776
ts=19627.265 cmd_ts=2.859 fb_ts=2.859 leg=R idx=58 cmd=[0.4563 -0.0842 2.1819 -0.0913 -0.0031 0.0261] meas=[0.4157 -0.0061 2.1844 -0.0752 -0.0031 0.0261] xyz=263.62,116.37,55.61 track=0.0780
ts=19627.296 cmd_ts=2.890 fb_ts=2.890 leg=R idx=59 cmd=[0.4600 -0.0845 2.1823 -0.0913 -0.0031 0.0261] meas=[0.4188 -0.0061 2.1844 -0.0752 -0.0031 0.0261] xyz=263.26,117.18,55.61 track=0.0784
ts=19627.359 cmd_ts=2.953 fb_ts=2.953 leg=R idx=60 cmd=[0.4637 -0.0848 2.1826 -0.0914 -0.0031 0.0261] meas=[0.4188 -0.0061 2.1844 -0.0752 -0.0031 0.0261] xyz=263.26,117.18,55.61 track=0.0787
ts=19627.406 cmd_ts=3.000 fb_ts=3.000 leg=R idx=61 cmd=[0.4673 -0.0850 2.1829 -0.0914 -0.0031 0.0261] meas=[0.4234 -0.0061 2.1844 -0.0752 -0.0031 0.0261] xyz=262.72,118.39,55.61 track=0.0789
ts=19627.468 cmd_ts=3.062 fb_ts=3.062 leg=R idx=62 cmd=[0.4710 -0.0852 2.1830 -0.0914 -0.0031 0.0261] meas=[0.4280 -0.0061 2.1859 -0.0752 -0.0031 0.0261] xyz=261.91,119.48,55.21 track=0.0791
ts=19627.500 cmd_ts=3.094 fb_ts=3.109 leg=R idx=63 cmd=[0.4747 -0.0853 2.1831 -0.0914 -0.0031 0.0261] meas=[0.4341 -0.0061 2.1859 -0.0752 -0.0031 0.0261] xyz=261.18,121.08,55.21 track=0.0791
ts=19627.562 cmd_ts=3.156 fb_ts=3.156 leg=R idx=64 cmd=[0.4784 -0.0853 2.1831 -0.0914 -0.0031 0.0261] meas=[0.4372 -0.0061 2.1859 -0.0752 -0.0031 0.0261] xyz=260.80,121.89,55.21 track=0.0791
ts=19627.593 cmd_ts=3.187 fb_ts=3.203 leg=R idx=65 cmd=[0.4821 -0.0852 2.1831 -0.0914 -0.0031 0.0261] meas=[0.4403 -0.0061 2.1859 -0.0752 -0.0031 0.0261] xyz=260.43,122.69,55.21 track=0.0791
ts=19627.656 cmd_ts=3.250 fb_ts=3.250 leg=R idx=66 cmd=[0.4857 -0.0851 2.1829 -0.0914 -0.0031 0.0261] meas=[0.4433 -0.0092 2.1859 -0.0752 -0.0031 0.0261] xyz=259.90,123.41,56.09 track=0.0759
ts=19627.703 cmd_ts=3.297 fb_ts=3.297 leg=R idx=67 cmd=[0.4894 -0.0849 2.1827 -0.0914 -0.0031 0.0261] meas=[0.4495 -0.0123 2.1859 -0.0752 -0.0031 0.0261] xyz=258.98,124.93,56.97 track=0.0726
ts=19627.750 cmd_ts=3.344 fb_ts=3.344 leg=R idx=68 cmd=[0.4931 -0.0846 2.1824 -0.0913 -0.0031 0.0261] meas=[0.4525 -0.0123 2.1859 -0.0752 -0.0031 0.0261] xyz=258.59,125.72,56.97 track=0.0723
ts=19627.812 cmd_ts=3.406 fb_ts=3.406 leg=R idx=69 cmd=[0.4968 -0.0842 2.1820 -0.0913 -0.0031 0.0261] meas=[0.4556 -0.0123 2.1859 -0.0752 -0.0031 0.0261] xyz=258.21,126.51,56.97 track=0.0720
ts=19627.859 cmd_ts=3.453 fb_ts=3.453 leg=R idx=70 cmd=[0.5004 -0.0838 2.1815 -0.0913 -0.0031 0.0261] meas=[0.4571 -0.0123 2.1859 -0.0752 -0.0031 0.0261] xyz=258.01,126.91,56.97 track=0.0715
ts=19627.906 cmd_ts=3.500 fb_ts=3.500 leg=R idx=71 cmd=[0.5041 -0.0833 2.1810 -0.0912 -0.0031 0.0261] meas=[0.4602 -0.0123 2.1859 -0.0752 -0.0031 0.0261] xyz=257.62,127.70,56.97 track=0.0710
ts=19627.953 cmd_ts=3.547 fb_ts=3.547 leg=R idx=72 cmd=[0.5077 -0.0827 2.1804 -0.0912 -0.0031 0.0261] meas=[0.4663 -0.0123 2.1859 -0.0752 -0.0031 0.0261] xyz=256.83,129.28,56.97 track=0.0705
ts=19628.015 cmd_ts=3.609 fb_ts=3.609 leg=R idx=73 cmd=[0.5113 -0.0821 2.1797 -0.0911 -0.0031 0.0261] meas=[0.4694 -0.0123 2.1859 -0.0752 -0.0031 0.0261] xyz=256.44,130.07,56.97 track=0.0698
ts=19628.046 cmd_ts=3.640 fb_ts=3.672 leg=R idx=74 cmd=[0.5150 -0.0814 2.1789 -0.0911 -0.0031 0.0261] meas=[0.4755 -0.0123 2.1859 -0.0752 -0.0031 0.0261] xyz=255.63,131.64,56.97 track=0.0691
ts=19628.093 cmd_ts=3.687 fb_ts=3.703 leg=R idx=75 cmd=[0.5186 -0.0806 2.1781 -0.0910 -0.0031 0.0261] meas=[0.4786 -0.0123 2.1859 -0.0752 -0.0031 0.0261] xyz=255.23,132.42,56.97 track=0.0683
ts=19628.156 cmd_ts=3.750 fb_ts=3.750 leg=R idx=76 cmd=[0.5222 -0.0798 2.1772 -0.0909 -0.0031 0.0261] meas=[0.4801 -0.0123 2.1859 -0.0752 -0.0031 0.0261] xyz=255.02,132.81,56.97 track=0.0675
ts=19628.203 cmd_ts=3.797 fb_ts=3.797 leg=R idx=77 cmd=[0.5257 -0.0788 2.1762 -0.0909 -0.0031 0.0261] meas=[0.4832 -0.0123 2.1859 -0.0752 -0.0031 0.0261] xyz=254.62,133.59,56.97 track=0.0666
ts=19628.265 cmd_ts=3.859 fb_ts=3.859 leg=R idx=78 cmd=[0.5293 -0.0779 2.1751 -0.0908 -0.0031 0.0261] meas=[0.4878 -0.0123 2.1859 -0.0752 -0.0031 0.0261] xyz=254.00,134.76,56.97 track=0.0656
ts=19628.296 cmd_ts=3.890 fb_ts=3.890 leg=R idx=79 cmd=[0.5328 -0.0768 2.1739 -0.0907 -0.0031 0.0261] meas=[0.4909 -0.0123 2.1859 -0.0752 -0.0031 0.0261] xyz=253.58,135.54,56.97 track=0.0645
ts=19628.359 cmd_ts=3.953 fb_ts=3.953 leg=R idx=80 cmd=[0.5364 -0.0757 2.1727 -0.0906 -0.0031 0.0261] meas=[0.4924 -0.0123 2.1859 -0.0752 -0.0031 0.0261] xyz=253.38,135.93,56.97 track=0.0634
ts=19628.406 cmd_ts=4.000 fb_ts=4.000 leg=R idx=81 cmd=[0.5399 -0.0745 2.1714 -0.0905 -0.0031 0.0261] meas=[0.4970 -0.0123 2.1859 -0.0752 -0.0031 0.0261] xyz=252.75,137.10,56.97 track=0.0622
ts=19628.468 cmd_ts=4.062 fb_ts=4.062 leg=R idx=82 cmd=[0.5434 -0.0732 2.1700 -0.0903 -0.0031 0.0261] meas=[0.5001 -0.0123 2.1859 -0.0752 -0.0031 0.0261] xyz=252.33,137.87,56.97 track=0.0610
ts=19628.500 cmd_ts=4.094 fb_ts=4.109 leg=R idx=83 cmd=[0.5468 -0.0719 2.1685 -0.0902 -0.0031 0.0261] meas=[0.5047 -0.0123 2.1859 -0.0752 -0.0031 0.0261] xyz=251.69,139.03,56.97 track=0.0596
ts=19628.546 cmd_ts=4.140 fb_ts=4.140 leg=R idx=84 cmd=[0.5503 -0.0705 2.1670 -0.0900 -0.0031 0.0261] meas=[0.5093 -0.0123 2.1859 -0.0752 -0.0031 0.0261] xyz=251.05,140.19,56.97 track=0.0582
ts=19628.609 cmd_ts=4.203 fb_ts=4.203 leg=R idx=85 cmd=[0.5537 -0.0691 2.1654 -0.0899 -0.0031 0.0261] meas=[0.5108 -0.0123 2.1859 -0.0752 -0.0031 0.0261] xyz=250.83,140.57,56.97 track=0.0568
ts=19628.656 cmd_ts=4.250 fb_ts=4.250 leg=R idx=86 cmd=[0.5571 -0.0675 2.1637 -0.0897 -0.0031 0.0261] meas=[0.5154 -0.0123 2.1859 -0.0752 -0.0031 0.0261] xyz=250.18,141.73,56.97 track=0.0553
ts=19628.718 cmd_ts=4.312 fb_ts=4.312 leg=R idx=87 cmd=[0.5604 -0.0660 2.1619 -0.0895 -0.0031 0.0261] meas=[0.5185 -0.0123 2.1859 -0.0752 -0.0031 0.0261] xyz=249.75,142.49,56.97 track=0.0537
ts=19628.750 cmd_ts=4.344 fb_ts=4.359 leg=R idx=88 cmd=[0.5638 -0.0643 2.1601 -0.0894 -0.0031 0.0261] meas=[0.5231 -0.0123 2.1859 -0.0752 -0.0031 0.0261] xyz=249.09,143.64,56.97 track=0.0520
ts=19628.812 cmd_ts=4.406 fb_ts=4.406 leg=R idx=89 cmd=[0.5671 -0.0626 2.1582 -0.0891 -0.0031 0.0261] meas=[0.5262 -0.0123 2.1859 -0.0752 -0.0031 0.0261] xyz=248.64,144.40,56.97 track=0.0503
ts=19628.859 cmd_ts=4.453 fb_ts=4.453 leg=R idx=90 cmd=[0.5703 -0.0608 2.1562 -0.0889 -0.0031 0.0261] meas=[0.5262 -0.0123 2.1859 -0.0752 -0.0031 0.0261] xyz=248.64,144.40,56.97 track=0.0486
ts=19628.906 cmd_ts=4.500 fb_ts=4.500 leg=R idx=91 cmd=[0.5736 -0.0590 2.1541 -0.0887 -0.0031 0.0261] meas=[0.5277 -0.0123 2.1859 -0.0752 -0.0031 0.0261] xyz=248.42,144.79,56.97 track=0.0467
ts=19628.953 cmd_ts=4.547 fb_ts=4.547 leg=R idx=92 cmd=[0.5768 -0.0571 2.1520 -0.0885 -0.0031 0.0261] meas=[0.5323 -0.0123 2.1859 -0.0752 -0.0031 0.0261] xyz=247.75,145.93,56.97 track=0.0448
ts=19629.015 cmd_ts=4.609 fb_ts=4.609 leg=R idx=93 cmd=[0.5800 -0.0552 2.1498 -0.0882 -0.0031 0.0261] meas=[0.5369 -0.0123 2.1859 -0.0752 -0.0031 0.0261] xyz=247.08,147.07,56.97 track=0.0431
ts=19629.046 cmd_ts=4.640 fb_ts=4.656 leg=R idx=94 cmd=[0.5831 -0.0531 2.1475 -0.0879 -0.0031 0.0261] meas=[0.5446 -0.0123 2.1859 -0.0752 -0.0031 0.0261] xyz=245.94,148.96,56.97 track=0.0409
ts=19629.109 cmd_ts=4.703 fb_ts=4.703 leg=R idx=95 cmd=[0.5863 -0.0511 2.1451 -0.0876 -0.0031 0.0261] meas=[0.5461 -0.0123 2.1859 -0.0752 -0.0031 0.0261] xyz=245.72,149.33,56.97 track=0.0408
ts=19629.156 cmd_ts=4.750 fb_ts=4.750 leg=R idx=96 cmd=[0.5893 -0.0489 2.1427 -0.0873 -0.0031 0.0261] meas=[0.5461 -0.0123 2.1859 -0.0752 -0.0031 0.0261] xyz=245.72,149.33,56.97 track=0.0432
ts=19629.218 cmd_ts=4.812 fb_ts=4.812 leg=R idx=97 cmd=[0.5924 -0.0468 2.1402 -0.0870 -0.0031 0.0261] meas=[0.5507 -0.0123 2.1859 -0.0752 -0.0031 0.0261] xyz=245.03,150.46,56.97 track=0.0457
ts=19629.250 cmd_ts=4.844 fb_ts=4.844 leg=R idx=98 cmd=[0.5954 -0.0445 2.1376 -0.0867 -0.0031 0.0261] meas=[0.5553 -0.0123 2.1844 -0.0752 -0.0031 0.0261] xyz=244.57,151.73,57.37 track=0.0468
ts=19629.312 cmd_ts=4.906 fb_ts=4.906 leg=R idx=99 cmd=[0.5984 -0.0422 2.1350 -0.0863 -0.0031 0.0261] meas=[0.5568 -0.0107 2.1844 -0.0752 -0.0031 0.0261] xyz=244.41,152.16,56.93 track=0.0494
ts=19629.359 cmd_ts=4.953 fb_ts=4.953 leg=R idx=100 cmd=[0.6013 -0.0399 2.1322 -0.0859 -0.0031 0.0261] meas=[0.5599 -0.0107 2.1813 -0.0752 -0.0031 0.0261] xyz=244.41,153.20,57.73 track=0.0491
